******************************************************************************
            TI ARM Clang Linker Unix v4.0.1                    
******************************************************************************
>> Linked Sun Apr 20 16:35:33 2025

OUTPUT FILE NAME:   <ECE319K_Lab9H.out>
ENTRY POINT SYMBOL: "_c_int00_noargs"  address: 00001d7d


MEMORY CONFIGURATION

         name            origin    length      used     unused   attr    fill
----------------------  --------  ---------  --------  --------  ----  --------
  FLASH                 00000000   00020000  00002620  0001d9e0  R  X
  SRAM                  20200000   00008000  000007ec  00007814  RW X
  BCR_CONFIG            41c00000   00000080  00000000  00000080  R   
  BSL_CONFIG            41c00100   00000080  00000000  00000080  R   


SEGMENT ALLOCATION MAP

run origin  load origin   length   init length attrs members
----------  ----------- ---------- ----------- ----- -------
00000000    00000000    00002620   00002620    r-x
  00000000    00000000    000000c0   000000c0    r-- .intvecs
  000000c0    000000c0    00001f10   00001f10    r-x .text
  00001fd0    00001fd0    000005b0   000005b0    r-- .rodata
  00002580    00002580    00000008   00000008    r-- .init_array
  00002588    00002588    00000098   00000098    r-- .cinit
20200000    20200000    000005ef   00000000    rw-
  20200000    20200000    00000215   00000000    rw- .data
  20200218    20200218    00000200   00000000    rw- .sysmem
  20200418    20200418    000001d7   00000000    rw- .bss
20207e00    20207e00    00000200   00000000    rw-
  20207e00    20207e00    00000200   00000000    rw- .stack


SECTION ALLOCATION MAP

 output                                  attributes/
section   page    origin      length       input sections
--------  ----  ----------  ----------   ----------------
.intvecs   0    00000000    000000c0     
                  00000000    000000c0     startup_mspm0g3507_ticlang.o (.intvecs)

.binit     0    00000000    00000000     

.text      0    000000c0    00001f10     
                  000000c0    000001b4     Clock.o (.text._Z15Clock_Init80MHzi)
                  00000274    000001a0     ST7735.o (.text._Z16ST7735_DrawCharSsscssh)
                  00000414    00000154     libc.a : fopen.c.obj (.text._openfile)
                  00000568    00000118     ST7735.o (.text._Z15ST7735_FillRectsssst)
                  00000680    00000114     libc.a : memory.c.obj (.text.aligned_alloc)
                  00000794    000000fc     Game_ADC.o (.text._Z11MyADC1_Initjj)
                  00000890    000000f8     SPI.o (.text._Z8SPI_Initv)
                  00000988    000000ec     libsysbm.a : add_device.c.obj (.text.add_device)
                  00000a74    000000e8     libc.a : memory.c.obj (.text.free)
                  00000b5c    000000e0            : setvbuf.c.obj (.text.setvbuf)
                  00000c3c    000000d0     ST7735.o (.text._Z14ST7735_OutCharc)
                  00000d0c    000000b8     JoyStick.o (.text._Z13Joystick_Initv)
                  00000dc4    000000a2     ST7735.o (.text._ZL11commandListPKh)
                  00000e66    00000002     Sound.o (.text.SysTick_Handler)
                  00000e68    000000a0     libsysbm.a : open.c.obj (.text.open)
                  00000f08    0000009c     ST7735.o (.text._Z17ST7735_InitPrintfv)
                  00000fa4    00000098     ST7735.o (.text._Z12ST7735_InitR10initRFlags)
                  0000103c    00000088     ST7735.o (.text._ZL13setAddrWindowhhhh)
                  000010c4    0000000c     Clock.o (.text._Z10Clock_Freqv)
                  000010d0    00000088     libc.a : strcmp-armv6m.S.obj (.text:strcmp)
                  00001158    00000084     ST7735.o (.text._Z17ST7735_DrawStringttPcs)
                  000011dc    0000007c     LaunchPad.o (.text._Z14LaunchPad_Initv)
                  00001258    0000007c     libc.a : fclose.c.obj (.text.__TI_closefile)
                  000012d4    0000007c            : copy_decompress_lzss.c.obj (.text:decompress:lzss)
                  00001350    00000070     ST7735.o (.text._Z16ST7735_DrawPixelsst)
                  000013c0    0000006c     libsysbm.a : hostlseek.c.obj (.text.HOSTlseek)
                  0000142c    0000006c                : hostrename.c.obj (.text.HOSTrename)
                  00001498    0000006c     libc.a : getdevice.c.obj (.text.getdevice)
                  00001504    00000064            : memory.c.obj (.text.split)
                  00001568    00000060     libsysbm.a : hostopen.c.obj (.text.HOSTopen)
                  000015c8    00000058                : hostread.c.obj (.text.HOSTread)
                  00001620    00000058                : hostwrite.c.obj (.text.HOSTwrite)
                  00001678    00000054     libc.a : autoinit.c.obj (.text:__TI_auto_init_nobinit)
                  000016cc    00000052            : fflush.c.obj (.text.__TI_doflush)
                  0000171e    00000002     libclang_rt.builtins.a : aeabi_div0.c.obj (.text.__aeabi_idiv0)
                  00001720    00000050     libsysbm.a : close.c.obj (.text.close)
                  00001770    00000048                : hostclose.c.obj (.text.HOSTclose)
                  000017b8    00000048                : hostunlink.c.obj (.text.HOSTunlink)
                  00001800    00000048     SPI.o (.text._Z14SPI_OutCommandc)
                  00001848    00000048     Game_ADC.o (.text._Z9MyADC1_Inh)
                  00001890    00000040     TExaS.o (.text.TIMG7_IRQHandler)
                  000018d0    00000040     SPI.o (.text._Z9SPI_Resetv)
                  00001910    00000040     Player.o (.text._ZN6PlayerC2Ehhbh)
                  00001950    00000040     libclang_rt.builtins.a : aeabi_uidivmod.S.obj (.text.__aeabi_uidivmod)
                  00001990    00000040     libc.a : fopen.c.obj (.text._search_fp)
                  000019d0    00000038     SPI.o (.text._Z11SPI_OutDatac)
                  00001a08    00000038     LaunchPad.o (.text._Z15ActivatePortA_Bv)
                  00001a40    00000036     Lab9HMain.o (.text.main)
                  00001a76    00000034     ST7735.o (.text._Z12ST7735_writeiPKcj)
                  00001aaa    00000002     libc.a : _lock.c.obj (.text._nop)
                  00001aac    00000034     Clock.o (.text._Z14Clock_Delay1msj)
                  00001ae0    00000034     ST7735.o (.text._Z16ST7735_SetCursorjj)
                  00001b14    00000034     libc.a : fopen.c.obj (.text.__TI_cleanup)
                  00001b48    00000034     libsysbm.a : trgmsg.c.obj (.text.__TI_readmsg)
                  00001b7c    00000034                : trgmsg.c.obj (.text.__TI_writemsg)
                  00001bb0    00000034     libc.a : exit.c.obj (.text.exit)
                  00001be4    00000034            : getdevice.c.obj (.text.finddevice)
                  00001c18    00000034            : fopen.c.obj (.text.freopen)
                  00001c4c    00000030     ST7735.o (.text._ZL10commonInitPKh)
                  00001c7c    00000030     libc.a : fopen.c.obj (.text.fopen)
                  00001cac    0000002c     ST7735.o (.text._Z17ST7735_FillScreent)
                  00001cd8    0000002c     libsysbm.a : unlink.c.obj (.text.unlink)
                  00001d04    00000028     Lab9HMain.o (.text.TIMG12_IRQHandler)
                  00001d2c    00000028     libc.a : memory.c.obj (.text.free_list_insert)
                  00001d54    00000028     libsysbm.a : write.c.obj (.text.write)
                  00001d7c    00000028     libc.a : boot_cortex_m.c.obj (.text:_c_int00_noargs)
                  00001da4    0000001e     ST7735.o (.text._ZL9pushColort)
                  00001dc2    00000002     --HOLE-- [fill = 0]
                  00001dc4    0000001c     startup_mspm0g3507_ticlang.o (.text.Default_Handler)
                  00001de0    0000001c     startup_mspm0g3507_ticlang.o (.text.HardFault_Handler)
                  00001dfc    0000001c     Lab9HMain.o (.text.__cxx_global_var_init.1)
                  00001e18    0000001c     Lab9HMain.o (.text.__cxx_global_var_init.2)
                  00001e34    0000001c     libc.a : memory.c.obj (.text.free_list_remove)
                  00001e50    0000001a     SlidePot.o (.text._ZN8SlidePotC2Ejj)
                  00001e6a    00000002     --HOLE-- [fill = 0]
                  00001e6c    00000018     Lab9HMain.o (.text.__cxx_global_var_init)
                  00001e84    00000016     ST7735.o (.text._Z11ST7735_openPKcji)
                  00001e9a    00000016     ST7735.o (.text._Z11ST7735_readiPcj)
                  00001eb0    00000016     libc.a : copy_zero_init.c.obj (.text:decompress:ZI:__TI_zero_init_nomemset)
                  00001ec6    00000012            : memcpy16.S.obj (.text:TI_memcpy_small)
                  00001ed8    00000012            : copy_decompress_none.c.obj (.text:decompress:none)
                  00001eea    00000010     Lab9HMain.o (.text._GLOBAL__sub_I_Lab9HMain.cpp)
                  00001efa    00000010     Clock.o (.text._Z11Clock_Delayj)
                  00001f0a    0000000e     libc.a : memory.c.obj (.text.OUTLINED_FUNCTION_0)
                  00001f18    0000000e     ST7735.o (.text._Z12ST7735_lseekili)
                  00001f26    0000000e     libsysbm.a : hostrename.c.obj (.text.strcpy)
                  00001f34    0000000e                : hostrename.c.obj (.text.strlen)
                  00001f42    0000000e     libc.a : memset16.S.obj (.text:TI_memset_small)
                  00001f50    0000000c     ST7735.o (.text._Z13ST7735_renamePKcS0_)
                  00001f5c    0000000c     JoyStick.o (.text._Z15Joystick1_ReadXv)
                  00001f68    0000000c     JoyStick.o (.text._Z15Joystick1_ReadYv)
                  00001f74    0000000c     libclang_rt.builtins.a : aeabi_memset.S.obj (.text.__aeabi_memclr)
                  00001f80    0000000c     libc.a : memory.c.obj (.text.malloc)
                  00001f8c    0000000a     ST7735.o (.text._Z12ST7735_closei)
                  00001f96    0000000a     ST7735.o (.text._Z13ST7735_unlinkPKc)
                  00001fa0    0000000a     Lab9HMain.o (.text._Z8PLL_Initv)
                  00001faa    00000002     --HOLE-- [fill = 0]
                  00001fac    00000008     libclang_rt.builtins.a : aeabi_memcpy.S.obj (.text.__aeabi_memcpy)
                  00001fb4    00000008     libsysbm.a : remove.c.obj (.text.remove)
                  00001fbc    00000004     startup_mspm0g3507_ticlang.o (.text.Reset_Handler)
                  00001fc0    00000004     libc.a : pre_init.c.obj (.text._system_pre_init)
                  00001fc4    00000004            : exit.c.obj (.text:abort)
                  00001fc8    00000008     --HOLE-- [fill = 0]

.cinit     0    00002588    00000098     
                  00002588    0000006e     (.cinit..data.load) [load image, compression = lzss]
                  000025f6    00000002     --HOLE-- [fill = 0]
                  000025f8    0000000c     (__TI_handler_table)
                  00002604    00000008     (.cinit..bss.load) [load image, compression = zero_init]
                  0000260c    00000010     (__TI_cinit_table)
                  0000261c    00000004     --HOLE-- [fill = 0]

.rodata    0    00001fd0    000005b0     
                  00001fd0    000004fb     ST7735.o (.rodata._ZL4Font)
                  000024cb    0000003b     ST7735.o (.rodata._ZL5Rcmd1)
                  00002506    0000002b     ST7735.o (.rodata._ZL5Rcmd3)
                  00002531    00000016     ST7735.o (.rodata.str1.10454047957466484921)
                  00002547    0000000d     ST7735.o (.rodata._ZL10Rcmd2green)
                  00002554    0000000d     ST7735.o (.rodata._ZL8Rcmd2red)
                  00002561    00000008     ST7735.o (.rodata.str1.47795681660940027721)
                  00002569    00000007     ST7735.o (.rodata.str1.144587199919105078391)
                  00002570    00000007     ST7735.o (.rodata.str1.65889865058515175131)
                  00002577    00000002     ST7735.o (.rodata.str1.12956530834739612181)
                  00002579    00000007     --HOLE-- [fill = 0]

.init_array 
*          0    00002580    00000008     
                  00002580    00000004     Lab9HMain.o (.init_array)
                  00002584    00000004     --HOLE-- [fill = 0]

.data      0    20200000    00000215     UNINITIALIZED
                  20200000    000000f0     libc.a : defs.c.obj (.data._ftable)
                  202000f0    00000078     libsysbm.a : host_device.c.obj (.data._device)
                  20200168    00000050                : host_device.c.obj (.data._stream)
                  202001b8    00000014     Lab9HMain.o (.data.Sensor)
                  202001cc    0000000c     Lab9HMain.o (.data.player1)
                  202001d8    0000000c     Lab9HMain.o (.data.player2)
                  202001e4    00000008     libc.a : exit.c.obj (.data..L_MergedGlobals)
                  202001ec    00000004     Clock.o (.data.BusFreq)
                  202001f0    00000004     ST7735.o (.data.StX)
                  202001f4    00000004     ST7735.o (.data.StY)
                  202001f8    00000004     libc.a : defs.c.obj (.data.__TI_ft_end)
                  202001fc    00000004            : _lock.c.obj (.data._lock)
                  20200200    00000004            : _lock.c.obj (.data._unlock)
                  20200204    00000002     ST7735.o (.data.StTextColor)
                  20200206    00000002     ST7735.o (.data._ZL6_width)
                  20200208    00000002     ST7735.o (.data._ZL7_height)
                  2020020a    00000002     --HOLE--
                  2020020c    00000001     libsysbm.a : add_device.c.obj (.data.add_device.device_init)
                  2020020d    00000003     --HOLE--
                  20200210    00000001     libc.a : memory.c.obj (.data.memory_is_initialized)
                  20200211    00000003     --HOLE--
                  20200214    00000001     libsysbm.a : open.c.obj (.data.open.stream_init)

.sysmem    0    20200218    00000200     UNINITIALIZED
                  20200218    00000010     libc.a : memory.c.obj (.sysmem)
                  20200228    000001f0     --HOLE--

.bss       0    20200418    000001d7     UNINITIALIZED
                  20200418    00000120     libsysbm.a : trgmsg.c.obj (.bss:_CIOBUF_)
                  20200538    000000a0     libc.a : defs.c.obj (.bss.__TI_tmpnams)
                  202005d8    00000008     libsysbm.a : hostopen.c.obj (.bss.parmbuf)
                  202005e0    00000004     TExaS.o (.bss.TExaSLogic)
                  202005e4    00000004     TExaS.o (.bss.TExaSadc)
                  202005e8    00000004     libc.a : memory.c.obj (.bss.sys_free)
                  202005ec    00000001     ST7735.o (.bss._ZL8ColStart)
                  202005ed    00000001     ST7735.o (.bss._ZL8RowStart)
                  202005ee    00000001     ST7735.o (.bss._ZL8TabColor)

.stack     0    20207e00    00000200     UNINITIALIZED
                  20207e00    00000004     libc.a : boot_cortex_m.c.obj (.stack)
                  20207e04    000001fc     --HOLE--

__llvm_prf_cnts 
*          0    20200000    00000000     UNINITIALIZED

__llvm_prf_bits 
*          0    20200000    00000000     UNINITIALIZED

MODULE SUMMARY

       Module                         code   ro data   rw data
       ------                         ----   -------   -------
    ./
       ST7735.o                       2070   1449      17     
       Clock.o                        516    0         4      
       SPI.o                          440    0         0      
       Game_ADC.o                     324    0         0      
       Lab9HMain.o                    200    4         44     
       JoyStick.o                     208    0         0      
       LaunchPad.o                    180    0         0      
       TExaS.o                        64     0         8      
       Player.o                       64     0         0      
       SlidePot.o                     26     0         0      
       Sound.o                        2      0         0      
    +--+------------------------------+------+---------+---------+
       Total:                         4094   1453      73     
                                                              
    ./ticlang/
       startup_mspm0g3507_ticlang.o   60     192       0      
    +--+------------------------------+------+---------+---------+
       Total:                         60     192       0      
                                                              
    /Applications/ti/ccs2000/ccs/tools/compiler/ti-cgt-armllvm_4.0.1.LTS/lib/armv6m-ti-none-eabi/c/libc.a
       memory.c.obj                   702    0         5      
       fopen.c.obj                    556    0         0      
       defs.c.obj                     0      0         404    
       setvbuf.c.obj                  224    0         0      
       getdevice.c.obj                160    0         0      
       strcmp-armv6m.S.obj            136    0         0      
       copy_decompress_lzss.c.obj     124    0         0      
       fclose.c.obj                   124    0         0      
       autoinit.c.obj                 84     0         0      
       fflush.c.obj                   82     0         0      
       exit.c.obj                     56     0         8      
       boot_cortex_m.c.obj            40     0         0      
       copy_zero_init.c.obj           22     0         0      
       copy_decompress_none.c.obj     18     0         0      
       memcpy16.S.obj                 18     0         0      
       memset16.S.obj                 14     0         0      
       _lock.c.obj                    2      0         8      
       pre_init.c.obj                 4      0         0      
    +--+------------------------------+------+---------+---------+
       Total:                         2366   0         425    
                                                              
    /Applications/ti/ccs2000/ccs/tools/compiler/ti-cgt-armllvm_4.0.1.LTS/lib/armv6m-ti-none-eabi/c/libsysbm.a
       trgmsg.c.obj                   104    0         288    
       add_device.c.obj               236    0         1      
       host_device.c.obj              0      0         200    
       open.c.obj                     160    0         1      
       hostrename.c.obj               136    0         0      
       hostlseek.c.obj                108    0         0      
       hostopen.c.obj                 96     0         8      
       hostread.c.obj                 88     0         0      
       hostwrite.c.obj                88     0         0      
       close.c.obj                    80     0         0      
       hostclose.c.obj                72     0         0      
       hostunlink.c.obj               72     0         0      
       unlink.c.obj                   44     0         0      
       write.c.obj                    40     0         0      
       remove.c.obj                   8      0         0      
    +--+------------------------------+------+---------+---------+
       Total:                         1332   0         498    
                                                              
    /Applications/ti/ccs2000/ccs/tools/compiler/ti-cgt-armllvm_4.0.1.LTS/lib/armv6m-ti-none-eabi/libclang_rt.builtins.a
       aeabi_uidivmod.S.obj           64     0         0      
       aeabi_memset.S.obj             12     0         0      
       aeabi_memcpy.S.obj             8      0         0      
       aeabi_div0.c.obj               2      0         0      
    +--+------------------------------+------+---------+---------+
       Total:                         86     0         0      
                                                              
       Heap:                          0      0         512    
       Stack:                         0      0         512    
       Linker Generated:              0      146       0      
    +--+------------------------------+------+---------+---------+
       Grand Total:                   7938   1791      2020   


LINKER GENERATED COPY TABLES

__TI_cinit_table @ 0000260c records: 2, size/record: 8, table size: 16
	.data: load addr=00002588, load size=0000006e bytes, run addr=20200000, run size=00000215 bytes, compression=lzss
	.bss: load addr=00002604, load size=00000008 bytes, run addr=20200418, run size=000001d7 bytes, compression=zero_init


LINKER GENERATED HANDLER TABLE

__TI_handler_table @ 000025f8 records: 3, size/record: 4, table size: 12
	index: 0, handler: __TI_decompress_lzss
	index: 1, handler: __TI_decompress_none
	index: 2, handler: __TI_zero_init


GLOBAL SYMBOLS: SORTED ALPHABETICALLY BY Name 

address   name                        
-------   ----                        
00001dc5  ADC0_IRQHandler             
00001dc5  ADC1_IRQHandler             
00001dc5  AES_IRQHandler              
202001ec  BusFreq                     
00001fc4  C$$EXIT                     
00001ba9  C$$IO$$                     
00001dc5  CANFD0_IRQHandler           
00001dc5  DAC0_IRQHandler             
00001dc5  DMA_IRQHandler              
00001dc5  Default_Handler             
00001dc5  GROUP0_IRQHandler           
00001dc5  GROUP1_IRQHandler           
00001771  HOSTclose                   
000013c1  HOSTlseek                   
00001569  HOSTopen                    
000015c9  HOSTread                    
0000142d  HOSTrename                  
000017b9  HOSTunlink                  
00001621  HOSTwrite                   
00001de1  HardFault_Handler           
00001dc5  I2C0_IRQHandler             
00001dc5  I2C1_IRQHandler             
00001dc5  NMI_Handler                 
00001dc5  PendSV_Handler              
00001dc5  RTC_IRQHandler              
00001fbd  Reset_Handler               
00002580  SHT$$INIT_ARRAY$$Base       
00002584  SHT$$INIT_ARRAY$$Limit      
00001dc5  SPI0_IRQHandler             
00001dc5  SPI1_IRQHandler             
00001dc5  SVC_Handler                 
202001b8  Sensor                      
20200204  StTextColor                 
202001f0  StX                         
202001f4  StY                         
00000e67  SysTick_Handler             
202005e0  TExaSLogic                  
202005e4  TExaSadc                    
00001dc5  TIMA0_IRQHandler            
00001dc5  TIMA1_IRQHandler            
00001dc5  TIMG0_IRQHandler            
00001d05  TIMG12_IRQHandler           
00001dc5  TIMG6_IRQHandler            
00001891  TIMG7_IRQHandler            
00001dc5  TIMG8_IRQHandler            
00001ec7  TI_memcpy_small             
00001f43  TI_memset_small             
00001dc5  UART0_IRQHandler            
00001dc5  UART1_IRQHandler            
00001dc5  UART2_IRQHandler            
00001dc5  UART3_IRQHandler            
20200418  _CIOBUF_                    
000010c5  _Z10Clock_Freqv             
00001efb  _Z11Clock_Delayj            
00000795  _Z11MyADC1_Initjj           
000019d1  _Z11SPI_OutDatac            
00001e85  _Z11ST7735_openPKcji        
00001e9b  _Z11ST7735_readiPcj         
00000fa5  _Z12ST7735_InitR10initRFlags
00001f8d  _Z12ST7735_closei           
00001f19  _Z12ST7735_lseekili         
00001a77  _Z12ST7735_writeiPKcj       
00000d0d  _Z13Joystick_Initv          
00001f51  _Z13ST7735_renamePKcS0_     
00001f97  _Z13ST7735_unlinkPKc        
00001aad  _Z14Clock_Delay1msj         
000011dd  _Z14LaunchPad_Initv         
00001801  _Z14SPI_OutCommandc         
00000c3d  _Z14ST7735_OutCharc         
00001a09  _Z15ActivatePortA_Bv        
000000c1  _Z15Clock_Init80MHzi        
00001f5d  _Z15Joystick1_ReadXv        
00001f69  _Z15Joystick1_ReadYv        
00000569  _Z15ST7735_FillRectsssst    
00000275  _Z16ST7735_DrawCharSsscssh  
00001351  _Z16ST7735_DrawPixelsst     
00001ae1  _Z16ST7735_SetCursorjj      
00001159  _Z17ST7735_DrawStringttPcs  
00001cad  _Z17ST7735_FillScreent      
00000f09  _Z17ST7735_InitPrintfv      
00001fa1  _Z8PLL_Initv                
00000891  _Z8SPI_Initv                
00001849  _Z9MyADC1_Inh               
000018d1  _Z9SPI_Resetv               
00001911  _ZN6PlayerC1Ehhbh           
00001911  _ZN6PlayerC2Ehhbh           
00001e51  _ZN8SlidePotC1Ejj           
00001e51  _ZN8SlidePotC2Ejj           
20200418  __CIOBUF_                   
20208000  __STACK_END                 
00000200  __STACK_SIZE                
00000200  __SYSMEM_SIZE               
00000000  __TI_ATRegion0_region_sz    
00000000  __TI_ATRegion0_src_addr     
00000000  __TI_ATRegion0_trg_addr     
00000000  __TI_ATRegion1_region_sz    
00000000  __TI_ATRegion1_src_addr     
00000000  __TI_ATRegion1_trg_addr     
00000000  __TI_ATRegion2_region_sz    
00000000  __TI_ATRegion2_src_addr     
00000000  __TI_ATRegion2_trg_addr     
0000260c  __TI_CINIT_Base             
0000261c  __TI_CINIT_Limit            
0000261c  __TI_CINIT_Warm             
000025f8  __TI_Handler_Table_Base     
00002604  __TI_Handler_Table_Limit    
00001679  __TI_auto_init_nobinit      
00001b15  __TI_cleanup                
202001e4  __TI_cleanup_ptr            
00001259  __TI_closefile              
000012d5  __TI_decompress_lzss        
00001ed9  __TI_decompress_none        
000016cd  __TI_doflush                
202001e8  __TI_dtors_ptr              
202001f8  __TI_ft_end                 
ffffffff  __TI_pprof_out_hndl         
ffffffff  __TI_prof_data_size         
ffffffff  __TI_prof_data_start        
00001b49  __TI_readmsg                
00000000  __TI_static_base__          
20200538  __TI_tmpnams                
00001b7d  __TI_writemsg               
00001eb1  __TI_zero_init_nomemset     
0000171f  __aeabi_idiv0               
00001f75  __aeabi_memclr              
00001f75  __aeabi_memclr4             
00001f75  __aeabi_memclr8             
00001fad  __aeabi_memcpy              
00001fad  __aeabi_memcpy4             
00001fad  __aeabi_memcpy8             
00001951  __aeabi_uidiv               
00001951  __aeabi_uidivmod            
ffffffff  __binit__                   
UNDEFED   __mpu_init                  
20207e00  __stack                     
20200000  __start___llvm_prf_bits     
20200000  __start___llvm_prf_cnts     
20200000  __stop___llvm_prf_bits      
20200000  __stop___llvm_prf_cnts      
00001d7d  _c_int00_noargs             
202000f0  _device                     
20200000  _ftable                     
202001fc  _lock                       
00001aab  _nop                        
20200168  _stream                     
20200218  _sys_memory                 
UNDEFED   _system_post_cinit          
00001fc1  _system_pre_init            
20200200  _unlock                     
00001fc5  abort                       
00000989  add_device                  
00000681  aligned_alloc               
ffffffff  binit                       
00001721  close                       
00001bb1  exit                        
00001be5  finddevice                  
00001c7d  fopen                       
00000a75  free                        
00001c19  freopen                     
00001499  getdevice                   
00000000  interruptVectors            
00001a41  main                        
00001f81  malloc                      
00000681  memalign                    
00000e69  open                        
202005d8  parmbuf                     
202001cc  player1                     
202001d8  player2                     
00001fb5  remove                      
00000b5d  setvbuf                     
000010d1  strcmp                      
00001cd9  unlink                      
00001d55  write                       


GLOBAL SYMBOLS: SORTED BY Symbol Address 

address   name                        
-------   ----                        
00000000  __TI_ATRegion0_region_sz    
00000000  __TI_ATRegion0_src_addr     
00000000  __TI_ATRegion0_trg_addr     
00000000  __TI_ATRegion1_region_sz    
00000000  __TI_ATRegion1_src_addr     
00000000  __TI_ATRegion1_trg_addr     
00000000  __TI_ATRegion2_region_sz    
00000000  __TI_ATRegion2_src_addr     
00000000  __TI_ATRegion2_trg_addr     
00000000  __TI_static_base__          
00000000  interruptVectors            
000000c1  _Z15Clock_Init80MHzi        
00000200  __STACK_SIZE                
00000200  __SYSMEM_SIZE               
00000275  _Z16ST7735_DrawCharSsscssh  
00000569  _Z15ST7735_FillRectsssst    
00000681  aligned_alloc               
00000681  memalign                    
00000795  _Z11MyADC1_Initjj           
00000891  _Z8SPI_Initv                
00000989  add_device                  
00000a75  free                        
00000b5d  setvbuf                     
00000c3d  _Z14ST7735_OutCharc         
00000d0d  _Z13Joystick_Initv          
00000e67  SysTick_Handler             
00000e69  open                        
00000f09  _Z17ST7735_InitPrintfv      
00000fa5  _Z12ST7735_InitR10initRFlags
000010c5  _Z10Clock_Freqv             
000010d1  strcmp                      
00001159  _Z17ST7735_DrawStringttPcs  
000011dd  _Z14LaunchPad_Initv         
00001259  __TI_closefile              
000012d5  __TI_decompress_lzss        
00001351  _Z16ST7735_DrawPixelsst     
000013c1  HOSTlseek                   
0000142d  HOSTrename                  
00001499  getdevice                   
00001569  HOSTopen                    
000015c9  HOSTread                    
00001621  HOSTwrite                   
00001679  __TI_auto_init_nobinit      
000016cd  __TI_doflush                
0000171f  __aeabi_idiv0               
00001721  close                       
00001771  HOSTclose                   
000017b9  HOSTunlink                  
00001801  _Z14SPI_OutCommandc         
00001849  _Z9MyADC1_Inh               
00001891  TIMG7_IRQHandler            
000018d1  _Z9SPI_Resetv               
00001911  _ZN6PlayerC1Ehhbh           
00001911  _ZN6PlayerC2Ehhbh           
00001951  __aeabi_uidiv               
00001951  __aeabi_uidivmod            
000019d1  _Z11SPI_OutDatac            
00001a09  _Z15ActivatePortA_Bv        
00001a41  main                        
00001a77  _Z12ST7735_writeiPKcj       
00001aab  _nop                        
00001aad  _Z14Clock_Delay1msj         
00001ae1  _Z16ST7735_SetCursorjj      
00001b15  __TI_cleanup                
00001b49  __TI_readmsg                
00001b7d  __TI_writemsg               
00001ba9  C$$IO$$                     
00001bb1  exit                        
00001be5  finddevice                  
00001c19  freopen                     
00001c7d  fopen                       
00001cad  _Z17ST7735_FillScreent      
00001cd9  unlink                      
00001d05  TIMG12_IRQHandler           
00001d55  write                       
00001d7d  _c_int00_noargs             
00001dc5  ADC0_IRQHandler             
00001dc5  ADC1_IRQHandler             
00001dc5  AES_IRQHandler              
00001dc5  CANFD0_IRQHandler           
00001dc5  DAC0_IRQHandler             
00001dc5  DMA_IRQHandler              
00001dc5  Default_Handler             
00001dc5  GROUP0_IRQHandler           
00001dc5  GROUP1_IRQHandler           
00001dc5  I2C0_IRQHandler             
00001dc5  I2C1_IRQHandler             
00001dc5  NMI_Handler                 
00001dc5  PendSV_Handler              
00001dc5  RTC_IRQHandler              
00001dc5  SPI0_IRQHandler             
00001dc5  SPI1_IRQHandler             
00001dc5  SVC_Handler                 
00001dc5  TIMA0_IRQHandler            
00001dc5  TIMA1_IRQHandler            
00001dc5  TIMG0_IRQHandler            
00001dc5  TIMG6_IRQHandler            
00001dc5  TIMG8_IRQHandler            
00001dc5  UART0_IRQHandler            
00001dc5  UART1_IRQHandler            
00001dc5  UART2_IRQHandler            
00001dc5  UART3_IRQHandler            
00001de1  HardFault_Handler           
00001e51  _ZN8SlidePotC1Ejj           
00001e51  _ZN8SlidePotC2Ejj           
00001e85  _Z11ST7735_openPKcji        
00001e9b  _Z11ST7735_readiPcj         
00001eb1  __TI_zero_init_nomemset     
00001ec7  TI_memcpy_small             
00001ed9  __TI_decompress_none        
00001efb  _Z11Clock_Delayj            
00001f19  _Z12ST7735_lseekili         
00001f43  TI_memset_small             
00001f51  _Z13ST7735_renamePKcS0_     
00001f5d  _Z15Joystick1_ReadXv        
00001f69  _Z15Joystick1_ReadYv        
00001f75  __aeabi_memclr              
00001f75  __aeabi_memclr4             
00001f75  __aeabi_memclr8             
00001f81  malloc                      
00001f8d  _Z12ST7735_closei           
00001f97  _Z13ST7735_unlinkPKc        
00001fa1  _Z8PLL_Initv                
00001fad  __aeabi_memcpy              
00001fad  __aeabi_memcpy4             
00001fad  __aeabi_memcpy8             
00001fb5  remove                      
00001fbd  Reset_Handler               
00001fc1  _system_pre_init            
00001fc4  C$$EXIT                     
00001fc5  abort                       
00002580  SHT$$INIT_ARRAY$$Base       
00002584  SHT$$INIT_ARRAY$$Limit      
000025f8  __TI_Handler_Table_Base     
00002604  __TI_Handler_Table_Limit    
0000260c  __TI_CINIT_Base             
0000261c  __TI_CINIT_Limit            
0000261c  __TI_CINIT_Warm             
20200000  __start___llvm_prf_bits     
20200000  __start___llvm_prf_cnts     
20200000  __stop___llvm_prf_bits      
20200000  __stop___llvm_prf_cnts      
20200000  _ftable                     
202000f0  _device                     
20200168  _stream                     
202001b8  Sensor                      
202001cc  player1                     
202001d8  player2                     
202001e4  __TI_cleanup_ptr            
202001e8  __TI_dtors_ptr              
202001ec  BusFreq                     
202001f0  StX                         
202001f4  StY                         
202001f8  __TI_ft_end                 
202001fc  _lock                       
20200200  _unlock                     
20200204  StTextColor                 
20200218  _sys_memory                 
20200418  _CIOBUF_                    
20200418  __CIOBUF_                   
20200538  __TI_tmpnams                
202005d8  parmbuf                     
202005e0  TExaSLogic                  
202005e4  TExaSadc                    
20207e00  __stack                     
20208000  __STACK_END                 
ffffffff  __TI_pprof_out_hndl         
ffffffff  __TI_prof_data_size         
ffffffff  __TI_prof_data_start        
ffffffff  __binit__                   
ffffffff  binit                       
UNDEFED   __mpu_init                  
UNDEFED   _system_post_cinit          

[173 symbols]
