******************************************************************************
            TI ARM Clang Linker Unix v4.0.1                    
******************************************************************************
>> Linked Sat Apr 19 20:29:10 2025

OUTPUT FILE NAME:   <ECE319K_Lab9H.out>
ENTRY POINT SYMBOL: "_c_int00_noargs"  address: 00002339


MEMORY CONFIGURATION

         name            origin    length      used     unused   attr    fill
----------------------  --------  ---------  --------  --------  ----  --------
  FLASH                 00000000   00020000  000034a8  0001cb58  R  X
  SRAM                  20200000   00008000  0000093c  000076c4  RW X
  BCR_CONFIG            41c00000   00000080  00000000  00000080  R   
  BSL_CONFIG            41c00100   00000080  00000000  00000080  R   


SEGMENT ALLOCATION MAP

run origin  load origin   length   init length attrs members
----------  ----------- ---------- ----------- ----- -------
00000000    00000000    000034a8   000034a8    r-x
  00000000    00000000    000000c0   000000c0    r-- .intvecs
  000000c0    000000c0    00002550   00002550    r-x .text
  00002610    00002610    00000db8   00000db8    r-- .rodata
  000033c8    000033c8    00000008   00000008    r-- .init_array
  000033d0    000033d0    000000d8   000000d8    r-- .cinit
20200000    20200000    0000073f   00000000    rw-
  20200000    20200000    00000355   00000000    rw- .data
  20200358    20200358    00000200   00000000    rw- .sysmem
  20200558    20200558    000001e7   00000000    rw- .bss
20207e00    20207e00    00000200   00000000    rw-
  20207e00    20207e00    00000200   00000000    rw- .stack


SECTION ALLOCATION MAP

 output                                  attributes/
section   page    origin      length       input sections
--------  ----  ----------  ----------   ----------------
.intvecs   0    00000000    000000c0     
                  00000000    000000c0     startup_mspm0g3507_ticlang.o (.intvecs)

.binit     0    00000000    00000000     

.text      0    000000c0    00002550     
                  000000c0    00000210     ST7735.o (.text._Z17ST7735_DrawBitmapssPKtss)
                  000002d0    000001b4     Clock.o (.text._Z15Clock_Init80MHzi)
                  00000484    000001a0     ST7735.o (.text._Z16ST7735_DrawCharSsscssh)
                  00000624    00000154     libc.a : fopen.c.obj (.text._openfile)
                  00000778    00000124     Map.o (.text._Z7DrawMapv)
                  0000089c    00000118     ST7735.o (.text._Z15ST7735_FillRectsssst)
                  000009b4    00000114     libc.a : memory.c.obj (.text.aligned_alloc)
                  00000ac8    000000f8     SPI.o (.text._Z8SPI_Initv)
                  00000bc0    000000ec     libsysbm.a : add_device.c.obj (.text.add_device)
                  00000cac    000000e8     libc.a : memory.c.obj (.text.free)
                  00000d94    000000e4     Lab9HMain.o (.text.main)
                  00000e78    000000e0     libc.a : setvbuf.c.obj (.text.setvbuf)
                  00000f58    000000d0     ST7735.o (.text._Z14ST7735_OutCharc)
                  00001028    000000d0     Player.o (.text._ZNK6Player5eraseEv)
                  000010f8    000000b8     Map.o (.text._Z11DrawPowerUp11PowerupTypeb)
                  000011b0    000000a2     ST7735.o (.text._ZL11commandListPKh)
                  00001252    00000002     Sound.o (.text.SysTick_Handler)
                  00001254    000000a0     libsysbm.a : open.c.obj (.text.open)
                  000012f4    0000009c     ST7735.o (.text._Z17ST7735_InitPrintfv)
                  00001390    00000098     ST7735.o (.text._Z12ST7735_InitR10initRFlags)
                  00001428    00000098     Map.o (.text._Z14DrawScoreBoardv)
                  000014c0    00000088     ST7735.o (.text._ZL13setAddrWindowhhhh)
                  00001548    00000008     libclang_rt.builtins.a : aeabi_memcpy.S.obj (.text.__aeabi_memcpy)
                  00001550    00000088     libc.a : strcmp-armv6m.S.obj (.text:strcmp)
                  000015d8    00000084     ST7735.o (.text._Z14ST7735_OutUDecj)
                  0000165c    00000084     ST7735.o (.text._Z17ST7735_DrawStringttPcs)
                  000016e0    0000007c     LaunchPad.o (.text._Z14LaunchPad_Initv)
                  0000175c    0000007c     libc.a : fclose.c.obj (.text.__TI_closefile)
                  000017d8    0000007c            : copy_decompress_lzss.c.obj (.text:decompress:lzss)
                  00001854    00000074     Player.o (.text._ZN6Player4moveEaa)
                  000018c8    00000070     ST7735.o (.text._Z16ST7735_DrawPixelsst)
                  00001938    0000006c     libsysbm.a : hostlseek.c.obj (.text.HOSTlseek)
                  000019a4    0000006c                : hostrename.c.obj (.text.HOSTrename)
                  00001a10    0000006c     libc.a : getdevice.c.obj (.text.getdevice)
                  00001a7c    00000064            : memory.c.obj (.text.split)
                  00001ae0    00000060     libsysbm.a : hostopen.c.obj (.text.HOSTopen)
                  00001b40    00000058                : hostread.c.obj (.text.HOSTread)
                  00001b98    00000058                : hostwrite.c.obj (.text.HOSTwrite)
                  00001bf0    00000058     Player.o (.text._ZNK6Player4drawEv)
                  00001c48    00000054     ST7735.o (.text._Z11fillmessagej)
                  00001c9c    00000054     libc.a : autoinit.c.obj (.text:__TI_auto_init_nobinit)
                  00001cf0    00000052            : fflush.c.obj (.text.__TI_doflush)
                  00001d42    00000002     libclang_rt.builtins.a : aeabi_div0.c.obj (.text.__aeabi_idiv0)
                  00001d44    00000050     libsysbm.a : close.c.obj (.text.close)
                  00001d94    00000048                : hostclose.c.obj (.text.HOSTclose)
                  00001ddc    00000048                : hostunlink.c.obj (.text.HOSTunlink)
                  00001e24    00000048     SPI.o (.text._Z14SPI_OutCommandc)
                  00001e6c    00000040     TExaS.o (.text.TIMG7_IRQHandler)
                  00001eac    00000040     SPI.o (.text._Z9SPI_Resetv)
                  00001eec    00000040     libclang_rt.builtins.a : aeabi_uidivmod.S.obj (.text.__aeabi_uidivmod)
                  00001f2c    00000040     libc.a : fopen.c.obj (.text._search_fp)
                  00001f6c    00000038     SPI.o (.text._Z11SPI_OutDatac)
                  00001fa4    00000038     LaunchPad.o (.text._Z15ActivatePortA_Bv)
                  00001fdc    00000034     ST7735.o (.text._Z12ST7735_writeiPKcj)
                  00002010    00000034     Clock.o (.text._Z14Clock_Delay1msj)
                  00002044    00000034     ST7735.o (.text._Z16ST7735_SetCursorjj)
                  00002078    00000034     libc.a : fopen.c.obj (.text.__TI_cleanup)
                  000020ac    00000034     libsysbm.a : trgmsg.c.obj (.text.__TI_readmsg)
                  000020e0    00000034                : trgmsg.c.obj (.text.__TI_writemsg)
                  00002114    00000034     libc.a : exit.c.obj (.text.exit)
                  00002148    00000034            : getdevice.c.obj (.text.finddevice)
                  0000217c    00000034            : fopen.c.obj (.text.freopen)
                  000021b0    00000030     ST7735.o (.text._ZL10commonInitPKh)
                  000021e0    00000030     libc.a : fopen.c.obj (.text.fopen)
                  00002210    0000002e     Player.o (.text._ZN6PlayerC2Ehhb)
                  0000223e    00000002     libc.a : _lock.c.obj (.text._nop)
                  00002240    0000002c     ST7735.o (.text._Z17ST7735_FillScreent)
                  0000226c    0000002c     libsysbm.a : unlink.c.obj (.text.unlink)
                  00002298    00000028     Lab9HMain.o (.text.TIMG12_IRQHandler)
                  000022c0    00000028     Switch.o (.text._Z11Switch_Initv)
                  000022e8    00000028     libc.a : memory.c.obj (.text.free_list_insert)
                  00002310    00000028     libsysbm.a : write.c.obj (.text.write)
                  00002338    00000028     libc.a : boot_cortex_m.c.obj (.text:_c_int00_noargs)
                  00002360    00000026     ST7735.o (.text._Z16ST7735_OutStringPc)
                  00002386    0000001e     ST7735.o (.text._ZL9pushColort)
                  000023a4    0000001c     startup_mspm0g3507_ticlang.o (.text.Default_Handler)
                  000023c0    0000001c     startup_mspm0g3507_ticlang.o (.text.HardFault_Handler)
                  000023dc    0000001c     Switch.o (.text._Z22Switch_MenuDownPressedv)
                  000023f8    0000001c     Switch.o (.text._Z9Switch_Inv)
                  00002414    0000001c     libc.a : memory.c.obj (.text.free_list_remove)
                  00002430    0000001a     SlidePot.o (.text._ZN8SlidePotC2Ejj)
                  0000244a    00000018     Switch.o (.text._Z11Switch_P1B1v)
                  00002462    00000018     Switch.o (.text._Z24Switch_MenuSelectPressedv)
                  0000247a    00000002     --HOLE-- [fill = 0]
                  0000247c    00000018     Lab9HMain.o (.text.__cxx_global_var_init)
                  00002494    00000016     ST7735.o (.text._Z11ST7735_openPKcji)
                  000024aa    00000016     ST7735.o (.text._Z11ST7735_readiPcj)
                  000024c0    00000016     libc.a : copy_zero_init.c.obj (.text:decompress:ZI:__TI_zero_init_nomemset)
                  000024d6    00000014     Switch.o (.text._Z11Switch_P1B2v)
                  000024ea    00000002     --HOLE-- [fill = 0]
                  000024ec    00000014     Lab9HMain.o (.text.__cxx_global_var_init.1)
                  00002500    00000014     Lab9HMain.o (.text.__cxx_global_var_init.2)
                  00002514    00000012     libc.a : memcpy16.S.obj (.text:TI_memcpy_small)
                  00002526    00000012            : copy_decompress_none.c.obj (.text:decompress:none)
                  00002538    00000010     Lab9HMain.o (.text._GLOBAL__sub_I_Lab9HMain.cpp)
                  00002548    00000010     Clock.o (.text._Z11Clock_Delayj)
                  00002558    0000000e     libc.a : memory.c.obj (.text.OUTLINED_FUNCTION_0)
                  00002566    0000000e     ST7735.o (.text._Z12ST7735_lseekili)
                  00002574    0000000e     libsysbm.a : hostrename.c.obj (.text.strcpy)
                  00002582    0000000e                : hostrename.c.obj (.text.strlen)
                  00002590    0000000e     libc.a : memset16.S.obj (.text:TI_memset_small)
                  0000259e    00000002     --HOLE-- [fill = 0]
                  000025a0    0000000c     Clock.o (.text._Z10Clock_Freqv)
                  000025ac    0000000c     ST7735.o (.text._Z13ST7735_renamePKcS0_)
                  000025b8    0000000c     libclang_rt.builtins.a : aeabi_memset.S.obj (.text.__aeabi_memclr)
                  000025c4    0000000c     libc.a : memory.c.obj (.text.malloc)
                  000025d0    0000000a     ST7735.o (.text._Z12ST7735_closei)
                  000025da    0000000a     ST7735.o (.text._Z13ST7735_unlinkPKc)
                  000025e4    0000000a     Lab9HMain.o (.text._Z8PLL_Initv)
                  000025ee    00000008     libsysbm.a : remove.c.obj (.text.remove)
                  000025f6    00000004     startup_mspm0g3507_ticlang.o (.text.Reset_Handler)
                  000025fa    00000004     libc.a : pre_init.c.obj (.text._system_pre_init)
                  000025fe    00000004            : exit.c.obj (.text:abort)
                  00002602    0000000e     --HOLE-- [fill = 0]

.cinit     0    000033d0    000000d8     
                  000033d0    000000b4     (.cinit..data.load) [load image, compression = lzss]
                  00003484    0000000c     (__TI_handler_table)
                  00003490    00000008     (.cinit..bss.load) [load image, compression = zero_init]
                  00003498    00000010     (__TI_cinit_table)

.rodata    0    00002610    00000db8     
                  00002610    000004fb     ST7735.o (.rodata._ZL4Font)
                  00002b0b    00000001     --HOLE-- [fill = 0]
                  00002b0c    00000080     Map.o (.rodata._ZL10CoinSprite)
                  00002b8c    00000080     Player.o (.rodata._ZL10CoinSprite)
                  00002c0c    00000080     Map.o (.rodata._ZL10MineSprite)
                  00002c8c    00000080     Map.o (.rodata._ZL10WallSprite)
                  00002d0c    00000080     Player.o (.rodata._ZL10WallSprite)
                  00002d8c    00000080     Map.o (.rodata._ZL11GhostSprite)
                  00002e0c    00000080     Map.o (.rodata._ZL11SpeedSprite)
                  00002e8c    00000080     Player.o (.rodata._ZL11SpeedSprite)
                  00002f0c    00000080     Map.o (.rodata._ZL12BorderSprite)
                  00002f8c    00000080     Player.o (.rodata._ZL12BorderSprite)
                  0000300c    00000080     Map.o (.rodata._ZL12ChaserSprite)
                  0000308c    00000080     Player.o (.rodata._ZL12ChaserSprite)
                  0000310c    00000080     Map.o (.rodata._ZL12RunnerSprite)
                  0000318c    00000080     Player.o (.rodata._ZL12RunnerSprite)
                  0000320c    00000080     Map.o (.rodata._ZL5Black)
                  0000328c    00000080     Player.o (.rodata._ZL5Black)
                  0000330c    0000003b     ST7735.o (.rodata._ZL5Rcmd1)
                  00003347    0000002b     ST7735.o (.rodata._ZL5Rcmd3)
                  00003372    00000016     ST7735.o (.rodata.str1.10454047957466484921)
                  00003388    0000000d     ST7735.o (.rodata._ZL10Rcmd2green)
                  00003395    0000000d     ST7735.o (.rodata._ZL8Rcmd2red)
                  000033a2    00000008     ST7735.o (.rodata.str1.47795681660940027721)
                  000033aa    00000007     ST7735.o (.rodata.str1.144587199919105078391)
                  000033b1    00000007     ST7735.o (.rodata.str1.65889865058515175131)
                  000033b8    00000004     Map.o (.rodata.str1.29466752115243444881)
                  000033bc    00000004     Map.o (.rodata.str1.37039636534899337951)
                  000033c0    00000002     ST7735.o (.rodata.str1.12956530834739612181)
                  000033c2    00000002     Map.o (.rodata.str1.79115834064565914151)
                  000033c4    00000004     --HOLE-- [fill = 0]

.init_array 
*          0    000033c8    00000008     
                  000033c8    00000004     Lab9HMain.o (.init_array)
                  000033cc    00000004     --HOLE-- [fill = 0]

.data      0    20200000    00000355     UNINITIALIZED
                  20200000    00000140     Map.o (.data.map)
                  20200140    000000f0     libc.a : defs.c.obj (.data._ftable)
                  20200230    00000078     libsysbm.a : host_device.c.obj (.data._device)
                  202002a8    00000050                : host_device.c.obj (.data._stream)
                  202002f8    00000014     Lab9HMain.o (.data.Sensor)
                  2020030c    0000000c     Lab9HMain.o (.data.player1)
                  20200318    0000000c     Lab9HMain.o (.data.player2)
                  20200324    00000008     libc.a : exit.c.obj (.data..L_MergedGlobals)
                  2020032c    00000004     Clock.o (.data.BusFreq)
                  20200330    00000004     ST7735.o (.data.StX)
                  20200334    00000004     ST7735.o (.data.StY)
                  20200338    00000004     libc.a : defs.c.obj (.data.__TI_ft_end)
                  2020033c    00000004            : _lock.c.obj (.data._lock)
                  20200340    00000004            : _lock.c.obj (.data._unlock)
                  20200344    00000002     ST7735.o (.data.StTextColor)
                  20200346    00000002     ST7735.o (.data._ZL6_width)
                  20200348    00000002     ST7735.o (.data._ZL7_height)
                  2020034a    00000002     --HOLE--
                  2020034c    00000001     libsysbm.a : add_device.c.obj (.data.add_device.device_init)
                  2020034d    00000003     --HOLE--
                  20200350    00000001     libc.a : memory.c.obj (.data.memory_is_initialized)
                  20200351    00000003     --HOLE--
                  20200354    00000001     libsysbm.a : open.c.obj (.data.open.stream_init)

.sysmem    0    20200358    00000200     UNINITIALIZED
                  20200358    00000010     libc.a : memory.c.obj (.sysmem)
                  20200368    000001f0     --HOLE--

.bss       0    20200558    000001e7     UNINITIALIZED
                  20200558    00000120     libsysbm.a : trgmsg.c.obj (.bss:_CIOBUF_)
                  20200678    000000a0     libc.a : defs.c.obj (.bss.__TI_tmpnams)
                  20200718    0000000c     ST7735.o (.bss.Message)
                  20200724    00000008     libsysbm.a : hostopen.c.obj (.bss.parmbuf)
                  2020072c    00000004     ST7735.o (.bss.Messageindex)
                  20200730    00000004     TExaS.o (.bss.TExaSLogic)
                  20200734    00000004     TExaS.o (.bss.TExaSadc)
                  20200738    00000004     libc.a : memory.c.obj (.bss.sys_free)
                  2020073c    00000001     ST7735.o (.bss._ZL8ColStart)
                  2020073d    00000001     ST7735.o (.bss._ZL8RowStart)
                  2020073e    00000001     ST7735.o (.bss._ZL8TabColor)

.stack     0    20207e00    00000200     UNINITIALIZED
                  20207e00    00000004     libc.a : boot_cortex_m.c.obj (.stack)
                  20207e04    000001fc     --HOLE--

__llvm_prf_cnts 
*          0    20200000    00000000     UNINITIALIZED

__llvm_prf_bits 
*          0    20200000    00000000     UNINITIALIZED

MODULE SUMMARY

       Module                         code   ro data   rw data
       ------                         ----   -------   -------
    ./
       ST7735.o                       2852   1449      33     
       Map.o                          628    1162      320    
       Player.o                       458    896       0      
       Clock.o                        516    0         4      
       SPI.o                          440    0         0      
       Lab9HMain.o                    358    4         44     
       LaunchPad.o                    180    0         0      
       Switch.o                       164    0         0      
       TExaS.o                        64     0         8      
       SlidePot.o                     26     0         0      
       Sound.o                        2      0         0      
    +--+------------------------------+------+---------+---------+
       Total:                         5688   3511      409    
                                                              
    ./ticlang/
       startup_mspm0g3507_ticlang.o   60     192       0      
    +--+------------------------------+------+---------+---------+
       Total:                         60     192       0      
                                                              
    /Applications/ti/ccs2000/ccs/tools/compiler/ti-cgt-armllvm_4.0.1.LTS/lib/armv6m-ti-none-eabi/c/libc.a
       memory.c.obj                   702    0         5      
       fopen.c.obj                    556    0         0      
       defs.c.obj                     0      0         404    
       setvbuf.c.obj                  224    0         0      
       getdevice.c.obj                160    0         0      
       strcmp-armv6m.S.obj            136    0         0      
       copy_decompress_lzss.c.obj     124    0         0      
       fclose.c.obj                   124    0         0      
       autoinit.c.obj                 84     0         0      
       fflush.c.obj                   82     0         0      
       exit.c.obj                     56     0         8      
       boot_cortex_m.c.obj            40     0         0      
       copy_zero_init.c.obj           22     0         0      
       copy_decompress_none.c.obj     18     0         0      
       memcpy16.S.obj                 18     0         0      
       memset16.S.obj                 14     0         0      
       _lock.c.obj                    2      0         8      
       pre_init.c.obj                 4      0         0      
    +--+------------------------------+------+---------+---------+
       Total:                         2366   0         425    
                                                              
    /Applications/ti/ccs2000/ccs/tools/compiler/ti-cgt-armllvm_4.0.1.LTS/lib/armv6m-ti-none-eabi/c/libsysbm.a
       trgmsg.c.obj                   104    0         288    
       add_device.c.obj               236    0         1      
       host_device.c.obj              0      0         200    
       open.c.obj                     160    0         1      
       hostrename.c.obj               136    0         0      
       hostlseek.c.obj                108    0         0      
       hostopen.c.obj                 96     0         8      
       hostread.c.obj                 88     0         0      
       hostwrite.c.obj                88     0         0      
       close.c.obj                    80     0         0      
       hostclose.c.obj                72     0         0      
       hostunlink.c.obj               72     0         0      
       unlink.c.obj                   44     0         0      
       write.c.obj                    40     0         0      
       remove.c.obj                   8      0         0      
    +--+------------------------------+------+---------+---------+
       Total:                         1332   0         498    
                                                              
    /Applications/ti/ccs2000/ccs/tools/compiler/ti-cgt-armllvm_4.0.1.LTS/lib/armv6m-ti-none-eabi/libclang_rt.builtins.a
       aeabi_uidivmod.S.obj           64     0         0      
       aeabi_memset.S.obj             12     0         0      
       aeabi_memcpy.S.obj             8      0         0      
       aeabi_div0.c.obj               2      0         0      
    +--+------------------------------+------+---------+---------+
       Total:                         86     0         0      
                                                              
       Heap:                          0      0         512    
       Stack:                         0      0         512    
       Linker Generated:              0      216       0      
    +--+------------------------------+------+---------+---------+
       Grand Total:                   9532   3919      2356   


LINKER GENERATED COPY TABLES

__TI_cinit_table @ 00003498 records: 2, size/record: 8, table size: 16
	.data: load addr=000033d0, load size=000000b4 bytes, run addr=20200000, run size=00000355 bytes, compression=lzss
	.bss: load addr=00003490, load size=00000008 bytes, run addr=20200558, run size=000001e7 bytes, compression=zero_init


LINKER GENERATED HANDLER TABLE

__TI_handler_table @ 00003484 records: 3, size/record: 4, table size: 12
	index: 0, handler: __TI_decompress_lzss
	index: 1, handler: __TI_decompress_none
	index: 2, handler: __TI_zero_init


GLOBAL SYMBOLS: SORTED ALPHABETICALLY BY Name 

address   name                         
-------   ----                         
000023a5  ADC0_IRQHandler              
000023a5  ADC1_IRQHandler              
000023a5  AES_IRQHandler               
2020032c  BusFreq                      
000025fe  C$$EXIT                      
0000210d  C$$IO$$                      
000023a5  CANFD0_IRQHandler            
000023a5  DAC0_IRQHandler              
000023a5  DMA_IRQHandler               
000023a5  Default_Handler              
000023a5  GROUP0_IRQHandler            
000023a5  GROUP1_IRQHandler            
00001d95  HOSTclose                    
00001939  HOSTlseek                    
00001ae1  HOSTopen                     
00001b41  HOSTread                     
000019a5  HOSTrename                   
00001ddd  HOSTunlink                   
00001b99  HOSTwrite                    
000023c1  HardFault_Handler            
000023a5  I2C0_IRQHandler              
000023a5  I2C1_IRQHandler              
20200718  Message                      
2020072c  Messageindex                 
000023a5  NMI_Handler                  
000023a5  PendSV_Handler               
000023a5  RTC_IRQHandler               
000025f7  Reset_Handler                
000033c8  SHT$$INIT_ARRAY$$Base        
000033cc  SHT$$INIT_ARRAY$$Limit       
000023a5  SPI0_IRQHandler              
000023a5  SPI1_IRQHandler              
000023a5  SVC_Handler                  
202002f8  Sensor                       
20200344  StTextColor                  
20200330  StX                          
20200334  StY                          
00001253  SysTick_Handler              
20200730  TExaSLogic                   
20200734  TExaSadc                     
000023a5  TIMA0_IRQHandler             
000023a5  TIMA1_IRQHandler             
000023a5  TIMG0_IRQHandler             
00002299  TIMG12_IRQHandler            
000023a5  TIMG6_IRQHandler             
00001e6d  TIMG7_IRQHandler             
000023a5  TIMG8_IRQHandler             
00002515  TI_memcpy_small              
00002591  TI_memset_small              
000023a5  UART0_IRQHandler             
000023a5  UART1_IRQHandler             
000023a5  UART2_IRQHandler             
000023a5  UART3_IRQHandler             
20200558  _CIOBUF_                     
000025a1  _Z10Clock_Freqv              
00002549  _Z11Clock_Delayj             
000010f9  _Z11DrawPowerUp11PowerupTypeb
00001f6d  _Z11SPI_OutDatac             
00002495  _Z11ST7735_openPKcji         
000024ab  _Z11ST7735_readiPcj          
000022c1  _Z11Switch_Initv             
0000244b  _Z11Switch_P1B1v             
000024d7  _Z11Switch_P1B2v             
00001c49  _Z11fillmessagej             
00001391  _Z12ST7735_InitR10initRFlags 
000025d1  _Z12ST7735_closei            
00002567  _Z12ST7735_lseekili          
00001fdd  _Z12ST7735_writeiPKcj        
000025ad  _Z13ST7735_renamePKcS0_      
000025db  _Z13ST7735_unlinkPKc         
00002011  _Z14Clock_Delay1msj          
00001429  _Z14DrawScoreBoardv          
000016e1  _Z14LaunchPad_Initv          
00001e25  _Z14SPI_OutCommandc          
00000f59  _Z14ST7735_OutCharc          
000015d9  _Z14ST7735_OutUDecj          
00001fa5  _Z15ActivatePortA_Bv         
000002d1  _Z15Clock_Init80MHzi         
0000089d  _Z15ST7735_FillRectsssst     
00000485  _Z16ST7735_DrawCharSsscssh   
000018c9  _Z16ST7735_DrawPixelsst      
00002361  _Z16ST7735_OutStringPc       
00002045  _Z16ST7735_SetCursorjj       
000000c1  _Z17ST7735_DrawBitmapssPKtss 
0000165d  _Z17ST7735_DrawStringttPcs   
00002241  _Z17ST7735_FillScreent       
000012f5  _Z17ST7735_InitPrintfv       
000023dd  _Z22Switch_MenuDownPressedv  
00002463  _Z24Switch_MenuSelectPressedv
00000779  _Z7DrawMapv                  
000025e5  _Z8PLL_Initv                 
00000ac9  _Z8SPI_Initv                 
00001ead  _Z9SPI_Resetv                
000023f9  _Z9Switch_Inv                
00001855  _ZN6Player4moveEaa           
00002211  _ZN6PlayerC1Ehhb             
00002211  _ZN6PlayerC2Ehhb             
00002431  _ZN8SlidePotC1Ejj            
00002431  _ZN8SlidePotC2Ejj            
00001bf1  _ZNK6Player4drawEv           
00001029  _ZNK6Player5eraseEv          
20200558  __CIOBUF_                    
20208000  __STACK_END                  
00000200  __STACK_SIZE                 
00000200  __SYSMEM_SIZE                
00000000  __TI_ATRegion0_region_sz     
00000000  __TI_ATRegion0_src_addr      
00000000  __TI_ATRegion0_trg_addr      
00000000  __TI_ATRegion1_region_sz     
00000000  __TI_ATRegion1_src_addr      
00000000  __TI_ATRegion1_trg_addr      
00000000  __TI_ATRegion2_region_sz     
00000000  __TI_ATRegion2_src_addr      
00000000  __TI_ATRegion2_trg_addr      
00003498  __TI_CINIT_Base              
000034a8  __TI_CINIT_Limit             
000034a8  __TI_CINIT_Warm              
00003484  __TI_Handler_Table_Base      
00003490  __TI_Handler_Table_Limit     
00001c9d  __TI_auto_init_nobinit       
00002079  __TI_cleanup                 
20200324  __TI_cleanup_ptr             
0000175d  __TI_closefile               
000017d9  __TI_decompress_lzss         
00002527  __TI_decompress_none         
00001cf1  __TI_doflush                 
20200328  __TI_dtors_ptr               
20200338  __TI_ft_end                  
ffffffff  __TI_pprof_out_hndl          
ffffffff  __TI_prof_data_size          
ffffffff  __TI_prof_data_start         
000020ad  __TI_readmsg                 
00000000  __TI_static_base__           
20200678  __TI_tmpnams                 
000020e1  __TI_writemsg                
000024c1  __TI_zero_init_nomemset      
00001d43  __aeabi_idiv0                
000025b9  __aeabi_memclr               
000025b9  __aeabi_memclr4              
000025b9  __aeabi_memclr8              
00001549  __aeabi_memcpy               
00001549  __aeabi_memcpy4              
00001549  __aeabi_memcpy8              
00001eed  __aeabi_uidiv                
00001eed  __aeabi_uidivmod             
ffffffff  __binit__                    
UNDEFED   __mpu_init                   
20207e00  __stack                      
20200000  __start___llvm_prf_bits      
20200000  __start___llvm_prf_cnts      
20200000  __stop___llvm_prf_bits       
20200000  __stop___llvm_prf_cnts       
00002339  _c_int00_noargs              
20200230  _device                      
20200140  _ftable                      
2020033c  _lock                        
0000223f  _nop                         
202002a8  _stream                      
20200358  _sys_memory                  
UNDEFED   _system_post_cinit           
000025fb  _system_pre_init             
20200340  _unlock                      
000025ff  abort                        
00000bc1  add_device                   
000009b5  aligned_alloc                
ffffffff  binit                        
00001d45  close                        
00002115  exit                         
00002149  finddevice                   
000021e1  fopen                        
00000cad  free                         
0000217d  freopen                      
00001a11  getdevice                    
00000000  interruptVectors             
00000d95  main                         
000025c5  malloc                       
20200000  map                          
000009b5  memalign                     
00001255  open                         
20200724  parmbuf                      
2020030c  player1                      
20200318  player2                      
000025ef  remove                       
00000e79  setvbuf                      
00001551  strcmp                       
0000226d  unlink                       
00002311  write                        


GLOBAL SYMBOLS: SORTED BY Symbol Address 

address   name                         
-------   ----                         
00000000  __TI_ATRegion0_region_sz     
00000000  __TI_ATRegion0_src_addr      
00000000  __TI_ATRegion0_trg_addr      
00000000  __TI_ATRegion1_region_sz     
00000000  __TI_ATRegion1_src_addr      
00000000  __TI_ATRegion1_trg_addr      
00000000  __TI_ATRegion2_region_sz     
00000000  __TI_ATRegion2_src_addr      
00000000  __TI_ATRegion2_trg_addr      
00000000  __TI_static_base__           
00000000  interruptVectors             
000000c1  _Z17ST7735_DrawBitmapssPKtss 
00000200  __STACK_SIZE                 
00000200  __SYSMEM_SIZE                
000002d1  _Z15Clock_Init80MHzi         
00000485  _Z16ST7735_DrawCharSsscssh   
00000779  _Z7DrawMapv                  
0000089d  _Z15ST7735_FillRectsssst     
000009b5  aligned_alloc                
000009b5  memalign                     
00000ac9  _Z8SPI_Initv                 
00000bc1  add_device                   
00000cad  free                         
00000d95  main                         
00000e79  setvbuf                      
00000f59  _Z14ST7735_OutCharc          
00001029  _ZNK6Player5eraseEv          
000010f9  _Z11DrawPowerUp11PowerupTypeb
00001253  SysTick_Handler              
00001255  open                         
000012f5  _Z17ST7735_InitPrintfv       
00001391  _Z12ST7735_InitR10initRFlags 
00001429  _Z14DrawScoreBoardv          
00001549  __aeabi_memcpy               
00001549  __aeabi_memcpy4              
00001549  __aeabi_memcpy8              
00001551  strcmp                       
000015d9  _Z14ST7735_OutUDecj          
0000165d  _Z17ST7735_DrawStringttPcs   
000016e1  _Z14LaunchPad_Initv          
0000175d  __TI_closefile               
000017d9  __TI_decompress_lzss         
00001855  _ZN6Player4moveEaa           
000018c9  _Z16ST7735_DrawPixelsst      
00001939  HOSTlseek                    
000019a5  HOSTrename                   
00001a11  getdevice                    
00001ae1  HOSTopen                     
00001b41  HOSTread                     
00001b99  HOSTwrite                    
00001bf1  _ZNK6Player4drawEv           
00001c49  _Z11fillmessagej             
00001c9d  __TI_auto_init_nobinit       
00001cf1  __TI_doflush                 
00001d43  __aeabi_idiv0                
00001d45  close                        
00001d95  HOSTclose                    
00001ddd  HOSTunlink                   
00001e25  _Z14SPI_OutCommandc          
00001e6d  TIMG7_IRQHandler             
00001ead  _Z9SPI_Resetv                
00001eed  __aeabi_uidiv                
00001eed  __aeabi_uidivmod             
00001f6d  _Z11SPI_OutDatac             
00001fa5  _Z15ActivatePortA_Bv         
00001fdd  _Z12ST7735_writeiPKcj        
00002011  _Z14Clock_Delay1msj          
00002045  _Z16ST7735_SetCursorjj       
00002079  __TI_cleanup                 
000020ad  __TI_readmsg                 
000020e1  __TI_writemsg                
0000210d  C$$IO$$                      
00002115  exit                         
00002149  finddevice                   
0000217d  freopen                      
000021e1  fopen                        
00002211  _ZN6PlayerC1Ehhb             
00002211  _ZN6PlayerC2Ehhb             
0000223f  _nop                         
00002241  _Z17ST7735_FillScreent       
0000226d  unlink                       
00002299  TIMG12_IRQHandler            
000022c1  _Z11Switch_Initv             
00002311  write                        
00002339  _c_int00_noargs              
00002361  _Z16ST7735_OutStringPc       
000023a5  ADC0_IRQHandler              
000023a5  ADC1_IRQHandler              
000023a5  AES_IRQHandler               
000023a5  CANFD0_IRQHandler            
000023a5  DAC0_IRQHandler              
000023a5  DMA_IRQHandler               
000023a5  Default_Handler              
000023a5  GROUP0_IRQHandler            
000023a5  GROUP1_IRQHandler            
000023a5  I2C0_IRQHandler              
000023a5  I2C1_IRQHandler              
000023a5  NMI_Handler                  
000023a5  PendSV_Handler               
000023a5  RTC_IRQHandler               
000023a5  SPI0_IRQHandler              
000023a5  SPI1_IRQHandler              
000023a5  SVC_Handler                  
000023a5  TIMA0_IRQHandler             
000023a5  TIMA1_IRQHandler             
000023a5  TIMG0_IRQHandler             
000023a5  TIMG6_IRQHandler             
000023a5  TIMG8_IRQHandler             
000023a5  UART0_IRQHandler             
000023a5  UART1_IRQHandler             
000023a5  UART2_IRQHandler             
000023a5  UART3_IRQHandler             
000023c1  HardFault_Handler            
000023dd  _Z22Switch_MenuDownPressedv  
000023f9  _Z9Switch_Inv                
00002431  _ZN8SlidePotC1Ejj            
00002431  _ZN8SlidePotC2Ejj            
0000244b  _Z11Switch_P1B1v             
00002463  _Z24Switch_MenuSelectPressedv
00002495  _Z11ST7735_openPKcji         
000024ab  _Z11ST7735_readiPcj          
000024c1  __TI_zero_init_nomemset      
000024d7  _Z11Switch_P1B2v             
00002515  TI_memcpy_small              
00002527  __TI_decompress_none         
00002549  _Z11Clock_Delayj             
00002567  _Z12ST7735_lseekili          
00002591  TI_memset_small              
000025a1  _Z10Clock_Freqv              
000025ad  _Z13ST7735_renamePKcS0_      
000025b9  __aeabi_memclr               
000025b9  __aeabi_memclr4              
000025b9  __aeabi_memclr8              
000025c5  malloc                       
000025d1  _Z12ST7735_closei            
000025db  _Z13ST7735_unlinkPKc         
000025e5  _Z8PLL_Initv                 
000025ef  remove                       
000025f7  Reset_Handler                
000025fb  _system_pre_init             
000025fe  C$$EXIT                      
000025ff  abort                        
000033c8  SHT$$INIT_ARRAY$$Base        
000033cc  SHT$$INIT_ARRAY$$Limit       
00003484  __TI_Handler_Table_Base      
00003490  __TI_Handler_Table_Limit     
00003498  __TI_CINIT_Base              
000034a8  __TI_CINIT_Limit             
000034a8  __TI_CINIT_Warm              
20200000  __start___llvm_prf_bits      
20200000  __start___llvm_prf_cnts      
20200000  __stop___llvm_prf_bits       
20200000  __stop___llvm_prf_cnts       
20200000  map                          
20200140  _ftable                      
20200230  _device                      
202002a8  _stream                      
202002f8  Sensor                       
2020030c  player1                      
20200318  player2                      
20200324  __TI_cleanup_ptr             
20200328  __TI_dtors_ptr               
2020032c  BusFreq                      
20200330  StX                          
20200334  StY                          
20200338  __TI_ft_end                  
2020033c  _lock                        
20200340  _unlock                      
20200344  StTextColor                  
20200358  _sys_memory                  
20200558  _CIOBUF_                     
20200558  __CIOBUF_                    
20200678  __TI_tmpnams                 
20200718  Message                      
20200724  parmbuf                      
2020072c  Messageindex                 
20200730  TExaSLogic                   
20200734  TExaSadc                     
20207e00  __stack                      
20208000  __STACK_END                  
ffffffff  __TI_pprof_out_hndl          
ffffffff  __TI_prof_data_size          
ffffffff  __TI_prof_data_start         
ffffffff  __binit__                    
ffffffff  binit                        
UNDEFED   __mpu_init                   
UNDEFED   _system_post_cinit           

[187 symbols]
