******************************************************************************
            TI ARM Clang Linker Unix v4.0.1                    
******************************************************************************
>> Linked Tue Apr 22 16:33:10 2025

OUTPUT FILE NAME:   <ECE319K_Lab9H.out>
ENTRY POINT SYMBOL: "_c_int00_noargs"  address: 0000fecd


MEMORY CONFIGURATION

         name            origin    length      used     unused   attr    fill
----------------------  --------  ---------  --------  --------  ----  --------
  FLASH                 00000000   00020000  000104b8  0000fb48  R  X
  SRAM                  20200000   00008000  00000b20  000074e0  RW X
  BCR_CONFIG            41c00000   00000080  00000000  00000080  R   
  BSL_CONFIG            41c00100   00000080  00000000  00000080  R   


SEGMENT ALLOCATION MAP

run origin  load origin   length   init length attrs members
----------  ----------- ---------- ----------- ----- -------
00000000    00000000    000104b8   000104b8    r-x
  00000000    00000000    000000c0   000000c0    r-- .intvecs
  000000c0    000000c0    0000c8b0   0000c8b0    r-- .rodata
  0000c970    0000c970    000039f0   000039f0    r-x .text
  00010360    00010360    00000008   00000008    r-- .init_array
  00010368    00010368    00000150   00000150    r-- .cinit
20200000    20200000    00000923   00000000    rw-
  20200000    20200000    0000052d   00000000    rw- .data
  20200530    20200530    00000200   00000000    rw- .sysmem
  20200730    20200730    000001f3   00000000    rw- .bss
20207e00    20207e00    00000200   00000000    rw-
  20207e00    20207e00    00000200   00000000    rw- .stack


SECTION ALLOCATION MAP

 output                                  attributes/
section   page    origin      length       input sections
--------  ----  ----------  ----------   ----------------
.intvecs   0    00000000    000000c0     
                  00000000    000000c0     startup_mspm0g3507_ticlang.o (.intvecs)

.binit     0    00000000    00000000     

.text      0    0000c970    000039f0     
                  0000c970    0000029c     Lab9HMain.o (.text.main)
                  0000cc0c    00000210     ST7735.o (.text._Z17ST7735_DrawBitmapssPKtss)
                  0000ce1c    000001c0     Map.o (.text._Z8EndRoundv)
                  0000cfdc    000001b4     Clock.o (.text._Z15Clock_Init80MHzi)
                  0000d190    000001a0     ST7735.o (.text._Z16ST7735_DrawCharSsscssh)
                  0000d330    00000194     Player.o (.text._ZN6Player4moveEaa)
                  0000d4c4    00000154     libc.a : fopen.c.obj (.text._openfile)
                  0000d618    00000144     Lab9HMain.o (.text._Z8mainmenuv)
                  0000d75c    00000138     Map.o (.text._Z7DrawMapv)
                  0000d894    00000118     ST7735.o (.text._Z15ST7735_FillRectsssst)
                  0000d9ac    00000118     Player.o (.text._ZN6Player11collectItemEv)
                  0000dac4    00000114     libc.a : memory.c.obj (.text.aligned_alloc)
                  0000dbd8    0000010c     Player.o (.text._ZNK6Player5eraseEv)
                  0000dce4    000000fc     Game_ADC.o (.text._Z11MyADC1_Initjj)
                  0000dde0    000000f8     SPI.o (.text._Z8SPI_Initv)
                  0000ded8    000000ec     libsysbm.a : add_device.c.obj (.text.add_device)
                  0000dfc4    000000e8     libc.a : memory.c.obj (.text.free)
                  0000e0ac    000000e0            : setvbuf.c.obj (.text.setvbuf)
                  0000e18c    000000dc     Map.o (.text._Z8DrawMenuv)
                  0000e268    000000d0     ST7735.o (.text._Z14ST7735_OutCharc)
                  0000e338    000000cc     Map.o (.text._Z7EndGameh)
                  0000e404    000000b8     Map.o (.text._Z11DrawPowerUp11PowerupTypeb)
                  0000e4bc    000000b8     JoyStick.o (.text._Z13Joystick_Initv)
                  0000e574    000000a8     Map.o (.text._Z13placePowerupsPA16_h)
                  0000e61c    000000a2     ST7735.o (.text._ZL11commandListPKh)
                  0000e6be    00000002     libclang_rt.builtins.a : aeabi_div0.c.obj (.text.__aeabi_idiv0)
                  0000e6c0    000000a0     libsysbm.a : open.c.obj (.text.open)
                  0000e760    0000009c     ST7735.o (.text._Z17ST7735_InitPrintfv)
                  0000e7fc    00000098     ST7735.o (.text._Z12ST7735_InitR10initRFlags)
                  0000e894    00000094     Timer.o (.text._Z15TimerG12_IntArmjj)
                  0000e928    0000008c     Map.o (.text._Z14DrawScoreBoardv)
                  0000e9b4    0000008c     Player.o (.text._ZN6Player10usePowerupEv)
                  0000ea40    00000088     ST7735.o (.text._ZL13setAddrWindowhhhh)
                  0000eac8    00000008     libclang_rt.builtins.a : aeabi_memcpy.S.obj (.text.__aeabi_memcpy)
                  0000ead0    00000088     libc.a : strcmp-armv6m.S.obj (.text:strcmp)
                  0000eb58    00000084     ST7735.o (.text._Z14ST7735_OutUDecj)
                  0000ebdc    00000084     ST7735.o (.text._Z17ST7735_DrawStringttPcs)
                  0000ec60    0000007e     Player.o (.text._ZN6Player12tickPowerupsEv)
                  0000ecde    00000002     libc.a : _lock.c.obj (.text._nop)
                  0000ece0    0000007c     LaunchPad.o (.text._Z14LaunchPad_Initv)
                  0000ed5c    0000007c     libc.a : fclose.c.obj (.text.__TI_closefile)
                  0000edd8    0000007c            : copy_decompress_lzss.c.obj (.text:decompress:lzss)
                  0000ee54    00000074     Map.o (.text._Z9DrawRulesv)
                  0000eec8    00000070     ST7735.o (.text._Z16ST7735_DrawPixelsst)
                  0000ef38    00000070     Map.o (.text._Z16placeRandomCoinsPA16_hi)
                  0000efa8    0000006c     libsysbm.a : hostlseek.c.obj (.text.HOSTlseek)
                  0000f014    0000006c                : hostrename.c.obj (.text.HOSTrename)
                  0000f080    0000006c     Lab9HMain.o (.text.TIMG12_IRQHandler)
                  0000f0ec    0000006c     Sound.o (.text._Z10Sound_Initv)
                  0000f158    0000006c     JoyStick.o (.text._Z28GetDiscreteJoystickDirectionjj)
                  0000f1c4    0000006c     libc.a : getdevice.c.obj (.text.getdevice)
                  0000f230    00000064            : memory.c.obj (.text.split)
                  0000f294    00000060     libsysbm.a : hostopen.c.obj (.text.HOSTopen)
                  0000f2f4    00000060     Timer.o (.text._Z13TimerG12_Initv)
                  0000f354    00000058     libsysbm.a : hostread.c.obj (.text.HOSTread)
                  0000f3ac    00000058                : hosttime.c.obj (.text.HOSTtime64)
                  0000f404    00000058                : hostwrite.c.obj (.text.HOSTwrite)
                  0000f45c    00000058     Player.o (.text._ZNK6Player4drawEv)
                  0000f4b4    00000056     libclang_rt.builtins.a : aeabi_idivmod.S.obj (.text.__aeabi_idivmod)
                  0000f50a    00000002     --HOLE-- [fill = 0]
                  0000f50c    00000054     ST7735.o (.text._Z11fillmessagej)
                  0000f560    00000054     Map.o (.text._Z12NavigateMenui)
                  0000f5b4    00000054     libc.a : autoinit.c.obj (.text:__TI_auto_init_nobinit)
                  0000f608    00000052            : fflush.c.obj (.text.__TI_doflush)
                  0000f65a    00000002     --HOLE-- [fill = 0]
                  0000f65c    00000050     Map.o (.text._Z8ResetMapv)
                  0000f6ac    00000050     libsysbm.a : close.c.obj (.text.close)
                  0000f6fc    0000004c     Map.o (.text._Z14SelectMenuItemv)
                  0000f748    00000048     libsysbm.a : hostclose.c.obj (.text.HOSTclose)
                  0000f790    00000048                : hostunlink.c.obj (.text.HOSTunlink)
                  0000f7d8    00000048     Sound.o (.text._Z11Sound_StartPKhj)
                  0000f820    00000048     SPI.o (.text._Z14SPI_OutCommandc)
                  0000f868    00000048     Game_ADC.o (.text._Z9MyADC1_Inh)
                  0000f8b0    00000046     Player.o (.text._ZN6Player5resetEv)
                  0000f8f6    00000046     Player.o (.text._ZN6PlayerC2Ehhbh)
                  0000f93c    00000044     Sound.o (.text._Z14SysTick_IntArmjj)
                  0000f980    00000040     TExaS.o (.text.TIMG7_IRQHandler)
                  0000f9c0    00000040     SPI.o (.text._Z9SPI_Resetv)
                  0000fa00    00000040     libclang_rt.builtins.a : aeabi_uidivmod.S.obj (.text.__aeabi_uidivmod)
                  0000fa40    00000040     libc.a : fopen.c.obj (.text._search_fp)
                  0000fa80    0000003c     Map.o (.text._Z10UpdateCoinii)
                  0000fabc    00000038     Sound.o (.text.SysTick_Handler)
                  0000faf4    00000038     SPI.o (.text._Z11SPI_OutDatac)
                  0000fb2c    00000038     LaunchPad.o (.text._Z15ActivatePortA_Bv)
                  0000fb64    00000038     libc.a : rand.c.obj (.text.rand)
                  0000fb9c    00000034     ST7735.o (.text._Z12ST7735_writeiPKcj)
                  0000fbd0    00000034     Clock.o (.text._Z14Clock_Delay1msj)
                  0000fc04    00000034     ST7735.o (.text._Z16ST7735_SetCursorjj)
                  0000fc38    00000034     libc.a : fopen.c.obj (.text.__TI_cleanup)
                  0000fc6c    00000034     libsysbm.a : trgmsg.c.obj (.text.__TI_readmsg)
                  0000fca0    00000034                : trgmsg.c.obj (.text.__TI_writemsg)
                  0000fcd4    00000034     libc.a : exit.c.obj (.text.exit)
                  0000fd08    00000034            : getdevice.c.obj (.text.finddevice)
                  0000fd3c    00000034            : fopen.c.obj (.text.freopen)
                  0000fd70    00000030     ST7735.o (.text._ZL10commonInitPKh)
                  0000fda0    00000030     libc.a : fopen.c.obj (.text.fopen)
                  0000fdd0    0000002c     Map.o (.text._Z13NextRulesPagev)
                  0000fdfc    0000002c     ST7735.o (.text._Z17ST7735_FillScreent)
                  0000fe28    0000002c     libsysbm.a : unlink.c.obj (.text.unlink)
                  0000fe54    00000028     Switch.o (.text._Z11Switch_Initv)
                  0000fe7c    00000028     libc.a : memory.c.obj (.text.free_list_insert)
                  0000fea4    00000028     libsysbm.a : write.c.obj (.text.write)
                  0000fecc    00000028     libc.a : boot_cortex_m.c.obj (.text:_c_int00_noargs)
                  0000fef4    00000026     ST7735.o (.text._Z16ST7735_OutStringPc)
                  0000ff1a    00000024     Player.o (.text._ZN6Player10setPowerupE11PowerupType)
                  0000ff3e    00000002     --HOLE-- [fill = 0]
                  0000ff40    00000024     libc.a : rand.c.obj (.text.srand)
                  0000ff64    0000001e     ST7735.o (.text._ZL9pushColort)
                  0000ff82    0000001e     Player.o (.text._ZNK6Player8isFrozenEv)
                  0000ffa0    0000001c     startup_mspm0g3507_ticlang.o (.text.Default_Handler)
                  0000ffbc    0000001c     startup_mspm0g3507_ticlang.o (.text.HardFault_Handler)
                  0000ffd8    0000001c     Switch.o (.text._Z11Switch_P2B1v)
                  0000fff4    0000001c     DAC5.o (.text._Z8DAC5_Outj)
                  00010010    0000001c     Switch.o (.text._Z9Switch_Inv)
                  0001002c    0000001c     Lab9HMain.o (.text.__cxx_global_var_init.1)
                  00010048    0000001c     Lab9HMain.o (.text.__cxx_global_var_init.2)
                  00010064    0000001c     libc.a : memory.c.obj (.text.free_list_remove)
                  00010080    0000001a     Player.o (.text._ZN6Player11setPositionEhh)
                  0001009a    0000001a     SlidePot.o (.text._ZN8SlidePotC2Ejj)
                  000100b4    00000018     Switch.o (.text._Z11Switch_P1B2v)
                  000100cc    00000018     Switch.o (.text._Z11Switch_P2B2v)
                  000100e4    00000018     Lab9HMain.o (.text.__cxx_global_var_init)
                  000100fc    00000016     ST7735.o (.text._Z11ST7735_openPKcji)
                  00010112    00000016     ST7735.o (.text._Z11ST7735_readiPcj)
                  00010128    00000016     Player.o (.text._ZN6Player8addScoreEh)
                  0001013e    00000016     libc.a : copy_zero_init.c.obj (.text:decompress:ZI:__TI_zero_init_nomemset)
                  00010154    00000014     Switch.o (.text._Z11Switch_P1B1v)
                  00010168    00000014     Sound.o (.text._Z13Sound_Collectv)
                  0001017c    00000014     Sound.o (.text._Z15Sound_Explosionv)
                  00010190    00000014     ST7735.o (.text._Z19ST7735_SetTextColort)
                  000101a4    00000012     Player.o (.text._ZN6Player6freezeEh)
                  000101b6    00000012     libc.a : memcpy16.S.obj (.text:TI_memcpy_small)
                  000101c8    00000012            : copy_decompress_none.c.obj (.text:decompress:none)
                  000101da    00000010     Lab9HMain.o (.text._GLOBAL__sub_I_Lab9HMain.cpp)
                  000101ea    00000010     Clock.o (.text._Z11Clock_Delayj)
                  000101fa    00000010     Map.o (.text._ZL4timePx)
                  0001020a    00000010     Player.o (.text._ZNK6Player8isChaserEv)
                  0001021a    00000010     libsysbm.a : time64.c.obj (.text.__time64)
                  0001022a    0000000e     libc.a : memory.c.obj (.text.OUTLINED_FUNCTION_0)
                  00010238    0000000e     ST7735.o (.text._Z12ST7735_lseekili)
                  00010246    0000000e     libsysbm.a : hostrename.c.obj (.text.strcpy)
                  00010254    0000000e                : hostrename.c.obj (.text.strlen)
                  00010262    0000000e     libc.a : memset16.S.obj (.text:TI_memset_small)
                  00010270    0000000c     Clock.o (.text._Z10Clock_Freqv)
                  0001027c    0000000c     Sound.o (.text._Z10Sound_Stopv)
                  00010288    0000000c     ST7735.o (.text._Z13ST7735_renamePKcS0_)
                  00010294    0000000c     JoyStick.o (.text._Z15Joystick1_ReadXv)
                  000102a0    0000000c     JoyStick.o (.text._Z15Joystick1_ReadYv)
                  000102ac    0000000c     JoyStick.o (.text._Z15Joystick2_ReadXv)
                  000102b8    0000000c     JoyStick.o (.text._Z15Joystick2_ReadYv)
                  000102c4    0000000c     Player.o (.text._ZNK6Player10getPowerupEv)
                  000102d0    0000000c     Player.o (.text._ZNK6Player4getXEv)
                  000102dc    0000000c     Player.o (.text._ZNK6Player4getYEv)
                  000102e8    0000000c     Player.o (.text._ZNK6Player5getIDEv)
                  000102f4    0000000c     Player.o (.text._ZNK6Player8getCoinsEv)
                  00010300    0000000c     Player.o (.text._ZNK6Player8getScoreEv)
                  0001030c    0000000c     libclang_rt.builtins.a : aeabi_memset.S.obj (.text.__aeabi_memclr)
                  00010318    0000000c     libc.a : memory.c.obj (.text.malloc)
                  00010324    0000000a     ST7735.o (.text._Z12ST7735_closei)
                  0001032e    0000000a     ST7735.o (.text._Z13ST7735_unlinkPKc)
                  00010338    0000000a     Lab9HMain.o (.text._Z8PLL_Initv)
                  00010342    00000008     libsysbm.a : remove.c.obj (.text.remove)
                  0001034a    00000004     startup_mspm0g3507_ticlang.o (.text.Reset_Handler)
                  0001034e    00000004     libc.a : pre_init.c.obj (.text._system_pre_init)
                  00010352    00000004            : exit.c.obj (.text:abort)
                  00010356    0000000a     --HOLE-- [fill = 0]

.cinit     0    00010368    00000150     
                  00010368    00000127     (.cinit..data.load) [load image, compression = lzss]
                  0001048f    00000001     --HOLE-- [fill = 0]
                  00010490    0000000c     (__TI_handler_table)
                  0001049c    00000008     (.cinit..bss.load) [load image, compression = zero_init]
                  000104a4    00000010     (__TI_cinit_table)
                  000104b4    00000004     --HOLE-- [fill = 0]

.rodata    0    000000c0    0000c8b0     
                  000000c0    0000a000     Map.o (.rodata._ZL10mainScreen)
                  0000a0c0    00000ff0     Sound.o (.rodata._ZL5shoot)
                  0000b0b0    000007d0     Sound.o (.rodata._ZL9explosion)
                  0000b880    000004fb     ST7735.o (.rodata._ZL4Font)
                  0000bd7b    00000001     Map.o (.rodata.str1.104596856956816455781)
                  0000bd7c    00000080     Map.o (.rodata._ZL10CoinSprite)
                  0000bdfc    00000080     Player.o (.rodata._ZL10CoinSprite)
                  0000be7c    00000080     Map.o (.rodata._ZL10MineSprite)
                  0000befc    00000080     Player.o (.rodata._ZL10MineSprite)
                  0000bf7c    00000080     Map.o (.rodata._ZL10WallSprite)
                  0000bffc    00000080     Player.o (.rodata._ZL10WallSprite)
                  0000c07c    00000080     Map.o (.rodata._ZL11GhostSprite)
                  0000c0fc    00000080     Player.o (.rodata._ZL11GhostSprite)
                  0000c17c    00000080     Map.o (.rodata._ZL11SpeedSprite)
                  0000c1fc    00000080     Player.o (.rodata._ZL11SpeedSprite)
                  0000c27c    00000080     Map.o (.rodata._ZL12BorderSprite)
                  0000c2fc    00000080     Player.o (.rodata._ZL12BorderSprite)
                  0000c37c    00000080     Map.o (.rodata._ZL5Black)
                  0000c3fc    00000080     Player.o (.rodata._ZL5Black)
                  0000c47c    00000080     Map.o (.rodata._ZL8P1Sprite)
                  0000c4fc    00000080     Player.o (.rodata._ZL8P1Sprite)
                  0000c57c    00000080     Map.o (.rodata._ZL8P2Sprite)
                  0000c5fc    00000080     Player.o (.rodata._ZL8P2Sprite)
                  0000c67c    0000003b     ST7735.o (.rodata._ZL5Rcmd1)
                  0000c6b7    0000002b     ST7735.o (.rodata._ZL5Rcmd3)
                  0000c6e2    00000002     ST7735.o (.rodata.str1.12956530834739612181)
                  0000c6e4    00000018     Map.o (.rodata..L__const._Z13placePowerupsPA16_h.powerups)
                  0000c6fc    00000016     ST7735.o (.rodata.str1.10454047957466484921)
                  0000c712    00000015     Map.o (.rodata.str1.11892335321669509361)
                  0000c727    00000015     Map.o (.rodata.str1.73765608726033296121)
                  0000c73c    00000014     Map.o (.rodata.str1.105329869645890702911)
                  0000c750    00000014     Map.o (.rodata.str1.142248726879783284881)
                  0000c764    00000014     Map.o (.rodata.str1.67017573524192918981)
                  0000c778    00000013     Map.o (.rodata.str1.163232643015627163171)
                  0000c78b    00000013     Map.o (.rodata.str1.56202311474261802091)
                  0000c79e    00000013     Map.o (.rodata.str1.79115834064565914151)
                  0000c7b1    00000012     Map.o (.rodata.str1.107916156524046124021)
                  0000c7c3    00000012     Map.o (.rodata.str1.145483379714485341501)
                  0000c7d5    00000012     Map.o (.rodata.str1.160268990308799969531)
                  0000c7e7    00000012     Map.o (.rodata.str1.89521551402850255481)
                  0000c7f9    00000011     Map.o (.rodata.str1.73275120121451037061)
                  0000c80a    00000011     Map.o (.rodata.str1.89352664702768437881)
                  0000c81b    00000011     Map.o (.rodata.str1.94772824188764248821)
                  0000c82c    00000010     Map.o (.rodata.str1.122246070243964392101)
                  0000c83c    00000010     Map.o (.rodata.str1.141450585037438433001)
                  0000c84c    0000000f     Map.o (.rodata.str1.102952497523622115461)
                  0000c85b    0000000f     Map.o (.rodata.str1.122145636423382675341)
                  0000c86a    0000000f     Map.o (.rodata.str1.84046251035583987611)
                  0000c879    0000000e     Map.o (.rodata.str1.50855458835255299231)
                  0000c887    0000000d     ST7735.o (.rodata._ZL10Rcmd2green)
                  0000c894    0000000d     ST7735.o (.rodata._ZL8Rcmd2red)
                  0000c8a1    0000000d     Map.o (.rodata.str1.112519537372094380871)
                  0000c8ae    0000000d     Map.o (.rodata.str1.148345599293076453791)
                  0000c8bb    0000000b     Map.o (.rodata.str1.182096384341691390621)
                  0000c8c6    0000000b     Map.o (.rodata.str1.25527839812914399251)
                  0000c8d1    0000000a     Map.o (.rodata.str1.116554702338864380131)
                  0000c8db    0000000a     Map.o (.rodata.str1.174713602682270873741)
                  0000c8e5    0000000a     Map.o (.rodata.str1.69355853717354042871)
                  0000c8ef    00000009     Map.o (.rodata.str1.175428026395986957171)
                  0000c8f8    00000009     Map.o (.rodata.str1.62162332382089114691)
                  0000c901    00000009     Map.o (.rodata.str1.88020652275042292911)
                  0000c90a    00000008     Map.o (.rodata.str1.148507566663670628311)
                  0000c912    00000008     Map.o (.rodata.str1.179609936499601495561)
                  0000c91a    00000008     Map.o (.rodata.str1.29074602043393431931)
                  0000c922    00000008     ST7735.o (.rodata.str1.47795681660940027721)
                  0000c92a    00000008     Map.o (.rodata.str1.70551619931739254801)
                  0000c932    00000008     Map.o (.rodata.str1.93950474351652273581)
                  0000c93a    00000007     Map.o (.rodata.str1.112394934285709906361)
                  0000c941    00000007     ST7735.o (.rodata.str1.144587199919105078391)
                  0000c948    00000007     Map.o (.rodata.str1.146512124620236989091)
                  0000c94f    00000007     Map.o (.rodata.str1.152947731988548161181)
                  0000c956    00000007     ST7735.o (.rodata.str1.65889865058515175131)
                  0000c95d    00000004     Map.o (.rodata.str1.29466752115243444881)
                  0000c961    00000004     Map.o (.rodata.str1.37039636534899337951)
                  0000c965    00000003     Map.o (.rodata.str1.147687814722853052851)
                  0000c968    00000003     Map.o (.rodata.str1.45046861352749159411)
                  0000c96b    00000005     --HOLE-- [fill = 0]

.init_array 
*          0    00010360    00000008     
                  00010360    00000004     Lab9HMain.o (.init_array)
                  00010364    00000004     --HOLE-- [fill = 0]

.data      0    20200000    0000052d     UNINITIALIZED
                  20200000    00000140     Map.o (.data.basemap)
                  20200140    00000140     Map.o (.data.map)
                  20200280    000000f0     libc.a : defs.c.obj (.data._ftable)
                  20200370    00000078     libsysbm.a : host_device.c.obj (.data._device)
                  202003e8    00000078     Map.o (.data.rulesText)
                  20200460    00000050     libsysbm.a : host_device.c.obj (.data._stream)
                  202004b0    00000018     Lab9HMain.o (.data.player1)
                  202004c8    00000018     Lab9HMain.o (.data.player2)
                  202004e0    00000014     Lab9HMain.o (.data.Sensor)
                  202004f4    00000008     libc.a : exit.c.obj (.data..L_MergedGlobals)
                  202004fc    00000004     Clock.o (.data.BusFreq)
                  20200500    00000004     ST7735.o (.data.StX)
                  20200504    00000004     ST7735.o (.data.StY)
                  20200508    00000004     libc.a : defs.c.obj (.data.__TI_ft_end)
                  2020050c    00000004            : _lock.c.obj (.data._lock)
                  20200510    00000004            : _lock.c.obj (.data._unlock)
                  20200514    00000004     Map.o (.data.gameTicks)
                  20200518    00000004     libc.a : rand.c.obj (.data.next)
                  2020051c    00000002     ST7735.o (.data.StTextColor)
                  2020051e    00000002     ST7735.o (.data._ZL6_width)
                  20200520    00000002     ST7735.o (.data._ZL7_height)
                  20200522    00000001     Map.o (.data.currentRulesPage)
                  20200523    00000001     Map.o (.data.currentSelection)
                  20200524    00000001     libsysbm.a : add_device.c.obj (.data.add_device.device_init)
                  20200525    00000001     Map.o (.data.language)
                  20200526    00000001     Map.o (.data.returnToMenu)
                  20200527    00000001     Map.o (.data.roundOver)
                  20200528    00000001     libc.a : memory.c.obj (.data.memory_is_initialized)
                  20200529    00000003     --HOLE--
                  2020052c    00000001     libsysbm.a : open.c.obj (.data.open.stream_init)

.sysmem    0    20200530    00000200     UNINITIALIZED
                  20200530    00000010     libc.a : memory.c.obj (.sysmem)
                  20200540    000001f0     --HOLE--

.bss       0    20200730    000001f3     UNINITIALIZED
                  20200730    00000120     libsysbm.a : trgmsg.c.obj (.bss:_CIOBUF_)
                  20200850    000000a0     libc.a : defs.c.obj (.bss.__TI_tmpnams)
                  202008f0    0000000c     ST7735.o (.bss.Message)
                  202008fc    00000008     libsysbm.a : hostopen.c.obj (.bss.parmbuf)
                  20200904    00000004     ST7735.o (.bss.Messageindex)
                  20200908    00000004     TExaS.o (.bss.TExaSLogic)
                  2020090c    00000004     TExaS.o (.bss.TExaSadc)
                  20200910    00000004     Sound.o (.bss._ZL10SoundIndex)
                  20200914    00000004     Sound.o (.bss._ZL11SoundLength)
                  20200918    00000004     Sound.o (.bss._ZL9SoundData)
                  2020091c    00000004     libc.a : memory.c.obj (.bss.sys_free)
                  20200920    00000001     ST7735.o (.bss._ZL8ColStart)
                  20200921    00000001     ST7735.o (.bss._ZL8RowStart)
                  20200922    00000001     ST7735.o (.bss._ZL8TabColor)

.stack     0    20207e00    00000200     UNINITIALIZED
                  20207e00    00000004     libc.a : boot_cortex_m.c.obj (.stack)
                  20207e04    000001fc     --HOLE--

__llvm_prf_cnts 
*          0    20200000    00000000     UNINITIALIZED

__llvm_prf_bits 
*          0    20200000    00000000     UNINITIALIZED

MODULE SUMMARY

       Module                         code    ro data   rw data
       ------                         ----    -------   -------
    ./
       Map.o                          2264    42690     769    
       Sound.o                        356     6080      12     
       ST7735.o                       2872    1449      33     
       Player.o                       1666    1152      0      
       Lab9HMain.o                    1206    4         68     
       Clock.o                        516     0         4      
       SPI.o                          440     0         0      
       JoyStick.o                     340     0         0      
       Game_ADC.o                     324     0         0      
       Timer.o                        244     0         0      
       LaunchPad.o                    180     0         0      
       Switch.o                       164     0         0      
       TExaS.o                        64      0         8      
       DAC5.o                         28      0         0      
       SlidePot.o                     26      0         0      
    +--+------------------------------+-------+---------+---------+
       Total:                         10690   51375     894    
                                                               
    ./ticlang/
       startup_mspm0g3507_ticlang.o   60      192       0      
    +--+------------------------------+-------+---------+---------+
       Total:                         60      192       0      
                                                               
    /Applications/ti/ccs2000/ccs/tools/compiler/ti-cgt-armllvm_4.0.1.LTS/lib/armv6m-ti-none-eabi/c/libc.a
       memory.c.obj                   702     0         5      
       fopen.c.obj                    556     0         0      
       defs.c.obj                     0       0         404    
       setvbuf.c.obj                  224     0         0      
       getdevice.c.obj                160     0         0      
       strcmp-armv6m.S.obj            136     0         0      
       copy_decompress_lzss.c.obj     124     0         0      
       fclose.c.obj                   124     0         0      
       rand.c.obj                     92      0         4      
       autoinit.c.obj                 84      0         0      
       fflush.c.obj                   82      0         0      
       exit.c.obj                     56      0         8      
       boot_cortex_m.c.obj            40      0         0      
       copy_zero_init.c.obj           22      0         0      
       copy_decompress_none.c.obj     18      0         0      
       memcpy16.S.obj                 18      0         0      
       memset16.S.obj                 14      0         0      
       _lock.c.obj                    2       0         8      
       pre_init.c.obj                 4       0         0      
    +--+------------------------------+-------+---------+---------+
       Total:                         2458    0         429    
                                                               
    /Applications/ti/ccs2000/ccs/tools/compiler/ti-cgt-armllvm_4.0.1.LTS/lib/armv6m-ti-none-eabi/c/libsysbm.a
       trgmsg.c.obj                   104     0         288    
       add_device.c.obj               236     0         1      
       host_device.c.obj              0       0         200    
       open.c.obj                     160     0         1      
       hostrename.c.obj               136     0         0      
       hostlseek.c.obj                108     0         0      
       hostopen.c.obj                 96      0         8      
       hostread.c.obj                 88      0         0      
       hosttime.c.obj                 88      0         0      
       hostwrite.c.obj                88      0         0      
       close.c.obj                    80      0         0      
       hostclose.c.obj                72      0         0      
       hostunlink.c.obj               72      0         0      
       unlink.c.obj                   44      0         0      
       write.c.obj                    40      0         0      
       time64.c.obj                   16      0         0      
       remove.c.obj                   8       0         0      
    +--+------------------------------+-------+---------+---------+
       Total:                         1436    0         498    
                                                               
    /Applications/ti/ccs2000/ccs/tools/compiler/ti-cgt-armllvm_4.0.1.LTS/lib/armv6m-ti-none-eabi/libclang_rt.builtins.a
       aeabi_idivmod.S.obj            86      0         0      
       aeabi_uidivmod.S.obj           64      0         0      
       aeabi_memset.S.obj             12      0         0      
       aeabi_memcpy.S.obj             8       0         0      
       aeabi_div0.c.obj               2       0         0      
    +--+------------------------------+-------+---------+---------+
       Total:                         172     0         0      
                                                               
       Heap:                          0       0         512    
       Stack:                         0       0         512    
       Linker Generated:              0       331       0      
    +--+------------------------------+-------+---------+---------+
       Grand Total:                   14816   51898     2845   


LINKER GENERATED COPY TABLES

__TI_cinit_table @ 000104a4 records: 2, size/record: 8, table size: 16
	.data: load addr=00010368, load size=00000127 bytes, run addr=20200000, run size=0000052d bytes, compression=lzss
	.bss: load addr=0001049c, load size=00000008 bytes, run addr=20200730, run size=000001f3 bytes, compression=zero_init


LINKER GENERATED HANDLER TABLE

__TI_handler_table @ 00010490 records: 3, size/record: 4, table size: 12
	index: 0, handler: __TI_decompress_lzss
	index: 1, handler: __TI_decompress_none
	index: 2, handler: __TI_zero_init


GLOBAL SYMBOLS: SORTED ALPHABETICALLY BY Name 

address   name                                
-------   ----                                
0000ffa1  ADC0_IRQHandler                     
0000ffa1  ADC1_IRQHandler                     
0000ffa1  AES_IRQHandler                      
202004fc  BusFreq                             
00010352  C$$EXIT                             
0000fccd  C$$IO$$                             
0000ffa1  CANFD0_IRQHandler                   
0000ffa1  DAC0_IRQHandler                     
0000ffa1  DMA_IRQHandler                      
0000ffa1  Default_Handler                     
0000ffa1  GROUP0_IRQHandler                   
0000ffa1  GROUP1_IRQHandler                   
0000f749  HOSTclose                           
0000efa9  HOSTlseek                           
0000f295  HOSTopen                            
0000f355  HOSTread                            
0000f015  HOSTrename                          
0000f3ad  HOSTtime64                          
0000f791  HOSTunlink                          
0000f405  HOSTwrite                           
0000ffbd  HardFault_Handler                   
0000ffa1  I2C0_IRQHandler                     
0000ffa1  I2C1_IRQHandler                     
202008f0  Message                             
20200904  Messageindex                        
0000ffa1  NMI_Handler                         
0000ffa1  PendSV_Handler                      
0000ffa1  RTC_IRQHandler                      
0001034b  Reset_Handler                       
00010360  SHT$$INIT_ARRAY$$Base               
00010364  SHT$$INIT_ARRAY$$Limit              
0000ffa1  SPI0_IRQHandler                     
0000ffa1  SPI1_IRQHandler                     
0000ffa1  SVC_Handler                         
202004e0  Sensor                              
2020051c  StTextColor                         
20200500  StX                                 
20200504  StY                                 
0000fabd  SysTick_Handler                     
20200908  TExaSLogic                          
2020090c  TExaSadc                            
0000ffa1  TIMA0_IRQHandler                    
0000ffa1  TIMA1_IRQHandler                    
0000ffa1  TIMG0_IRQHandler                    
0000f081  TIMG12_IRQHandler                   
0000ffa1  TIMG6_IRQHandler                    
0000f981  TIMG7_IRQHandler                    
0000ffa1  TIMG8_IRQHandler                    
000101b7  TI_memcpy_small                     
00010263  TI_memset_small                     
0000ffa1  UART0_IRQHandler                    
0000ffa1  UART1_IRQHandler                    
0000ffa1  UART2_IRQHandler                    
0000ffa1  UART3_IRQHandler                    
20200730  _CIOBUF_                            
00010271  _Z10Clock_Freqv                     
0000f0ed  _Z10Sound_Initv                     
0001027d  _Z10Sound_Stopv                     
0000fa81  _Z10UpdateCoinii                    
000101eb  _Z11Clock_Delayj                    
0000e405  _Z11DrawPowerUp11PowerupTypeb       
0000dce5  _Z11MyADC1_Initjj                   
0000faf5  _Z11SPI_OutDatac                    
000100fd  _Z11ST7735_openPKcji                
00010113  _Z11ST7735_readiPcj                 
0000f7d9  _Z11Sound_StartPKhj                 
0000fe55  _Z11Switch_Initv                    
00010155  _Z11Switch_P1B1v                    
000100b5  _Z11Switch_P1B2v                    
0000ffd9  _Z11Switch_P2B1v                    
000100cd  _Z11Switch_P2B2v                    
0000f50d  _Z11fillmessagej                    
0000f561  _Z12NavigateMenui                   
0000e7fd  _Z12ST7735_InitR10initRFlags        
00010325  _Z12ST7735_closei                   
00010239  _Z12ST7735_lseekili                 
0000fb9d  _Z12ST7735_writeiPKcj               
0000e4bd  _Z13Joystick_Initv                  
0000fdd1  _Z13NextRulesPagev                  
00010289  _Z13ST7735_renamePKcS0_             
0001032f  _Z13ST7735_unlinkPKc                
00010169  _Z13Sound_Collectv                  
0000f2f5  _Z13TimerG12_Initv                  
0000e575  _Z13placePowerupsPA16_h             
0000fbd1  _Z14Clock_Delay1msj                 
0000e929  _Z14DrawScoreBoardv                 
0000ece1  _Z14LaunchPad_Initv                 
0000f821  _Z14SPI_OutCommandc                 
0000e269  _Z14ST7735_OutCharc                 
0000eb59  _Z14ST7735_OutUDecj                 
0000f6fd  _Z14SelectMenuItemv                 
0000f93d  _Z14SysTick_IntArmjj                
0000fb2d  _Z15ActivatePortA_Bv                
0000cfdd  _Z15Clock_Init80MHzi                
00010295  _Z15Joystick1_ReadXv                
000102a1  _Z15Joystick1_ReadYv                
000102ad  _Z15Joystick2_ReadXv                
000102b9  _Z15Joystick2_ReadYv                
0000d895  _Z15ST7735_FillRectsssst            
0001017d  _Z15Sound_Explosionv                
0000e895  _Z15TimerG12_IntArmjj               
0000d191  _Z16ST7735_DrawCharSsscssh          
0000eec9  _Z16ST7735_DrawPixelsst             
0000fef5  _Z16ST7735_OutStringPc              
0000fc05  _Z16ST7735_SetCursorjj              
0000ef39  _Z16placeRandomCoinsPA16_hi         
0000cc0d  _Z17ST7735_DrawBitmapssPKtss        
0000ebdd  _Z17ST7735_DrawStringttPcs          
0000fdfd  _Z17ST7735_FillScreent              
0000e761  _Z17ST7735_InitPrintfv              
00010191  _Z19ST7735_SetTextColort            
0000f159  _Z28GetDiscreteJoystickDirectionjj  
0000d75d  _Z7DrawMapv                         
0000e339  _Z7EndGameh                         
0000fff5  _Z8DAC5_Outj                        
0000e18d  _Z8DrawMenuv                        
0000ce1d  _Z8EndRoundv                        
00010339  _Z8PLL_Initv                        
0000f65d  _Z8ResetMapv                        
0000dde1  _Z8SPI_Initv                        
0000d619  _Z8mainmenuv                        
0000ee55  _Z9DrawRulesv                       
0000f869  _Z9MyADC1_Inh                       
0000f9c1  _Z9SPI_Resetv                       
00010011  _Z9Switch_Inv                       
0000ff1b  _ZN6Player10setPowerupE11PowerupType
0000e9b5  _ZN6Player10usePowerupEv            
0000d9ad  _ZN6Player11collectItemEv           
00010081  _ZN6Player11setPositionEhh          
0000ec61  _ZN6Player12tickPowerupsEv          
0000d331  _ZN6Player4moveEaa                  
0000f8b1  _ZN6Player5resetEv                  
000101a5  _ZN6Player6freezeEh                 
00010129  _ZN6Player8addScoreEh               
0000f8f7  _ZN6PlayerC1Ehhbh                   
0000f8f7  _ZN6PlayerC2Ehhbh                   
0001009b  _ZN8SlidePotC1Ejj                   
0001009b  _ZN8SlidePotC2Ejj                   
000102c5  _ZNK6Player10getPowerupEv           
0000f45d  _ZNK6Player4drawEv                  
000102d1  _ZNK6Player4getXEv                  
000102dd  _ZNK6Player4getYEv                  
0000dbd9  _ZNK6Player5eraseEv                 
000102e9  _ZNK6Player5getIDEv                 
000102f5  _ZNK6Player8getCoinsEv              
00010301  _ZNK6Player8getScoreEv              
0001020b  _ZNK6Player8isChaserEv              
0000ff83  _ZNK6Player8isFrozenEv              
20200730  __CIOBUF_                           
20208000  __STACK_END                         
00000200  __STACK_SIZE                        
00000200  __SYSMEM_SIZE                       
00000000  __TI_ATRegion0_region_sz            
00000000  __TI_ATRegion0_src_addr             
00000000  __TI_ATRegion0_trg_addr             
00000000  __TI_ATRegion1_region_sz            
00000000  __TI_ATRegion1_src_addr             
00000000  __TI_ATRegion1_trg_addr             
00000000  __TI_ATRegion2_region_sz            
00000000  __TI_ATRegion2_src_addr             
00000000  __TI_ATRegion2_trg_addr             
000104a4  __TI_CINIT_Base                     
000104b4  __TI_CINIT_Limit                    
000104b4  __TI_CINIT_Warm                     
00010490  __TI_Handler_Table_Base             
0001049c  __TI_Handler_Table_Limit            
0000f5b5  __TI_auto_init_nobinit              
0000fc39  __TI_cleanup                        
202004f4  __TI_cleanup_ptr                    
0000ed5d  __TI_closefile                      
0000edd9  __TI_decompress_lzss                
000101c9  __TI_decompress_none                
0000f609  __TI_doflush                        
202004f8  __TI_dtors_ptr                      
20200508  __TI_ft_end                         
ffffffff  __TI_pprof_out_hndl                 
ffffffff  __TI_prof_data_size                 
ffffffff  __TI_prof_data_start                
0000fc6d  __TI_readmsg                        
00000000  __TI_static_base__                  
20200850  __TI_tmpnams                        
0000fca1  __TI_writemsg                       
0001013f  __TI_zero_init_nomemset             
0000f4b5  __aeabi_idiv                        
0000e6bf  __aeabi_idiv0                       
0000f4b5  __aeabi_idivmod                     
0001030d  __aeabi_memclr                      
0001030d  __aeabi_memclr4                     
0001030d  __aeabi_memclr8                     
0000eac9  __aeabi_memcpy                      
0000eac9  __aeabi_memcpy4                     
0000eac9  __aeabi_memcpy8                     
0000fa01  __aeabi_uidiv                       
0000fa01  __aeabi_uidivmod                    
ffffffff  __binit__                           
UNDEFED   __mpu_init                          
20207e00  __stack                             
20200000  __start___llvm_prf_bits             
20200000  __start___llvm_prf_cnts             
20200000  __stop___llvm_prf_bits              
20200000  __stop___llvm_prf_cnts              
0001021b  __time64                            
0000fecd  _c_int00_noargs                     
20200370  _device                             
20200280  _ftable                             
2020050c  _lock                               
0000ecdf  _nop                                
20200460  _stream                             
20200530  _sys_memory                         
UNDEFED   _system_post_cinit                  
0001034f  _system_pre_init                    
20200510  _unlock                             
00010353  abort                               
0000ded9  add_device                          
0000dac5  aligned_alloc                       
20200000  basemap                             
ffffffff  binit                               
0000f6ad  close                               
20200522  currentRulesPage                    
20200523  currentSelection                    
0000fcd5  exit                                
0000fd09  finddevice                          
0000fda1  fopen                               
0000dfc5  free                                
0000fd3d  freopen                             
20200514  gameTicks                           
0000f1c5  getdevice                           
00000000  interruptVectors                    
20200525  language                            
0000c971  main                                
00010319  malloc                              
20200140  map                                 
0000dac5  memalign                            
0000e6c1  open                                
202008fc  parmbuf                             
202004b0  player1                             
202004c8  player2                             
0000fb65  rand                                
00010343  remove                              
20200526  returnToMenu                        
20200527  roundOver                           
202003e8  rulesText                           
0000e0ad  setvbuf                             
0000ff41  srand                               
0000ead1  strcmp                              
0000fe29  unlink                              
0000fea5  write                               


GLOBAL SYMBOLS: SORTED BY Symbol Address 

address   name                                
-------   ----                                
00000000  __TI_ATRegion0_region_sz            
00000000  __TI_ATRegion0_src_addr             
00000000  __TI_ATRegion0_trg_addr             
00000000  __TI_ATRegion1_region_sz            
00000000  __TI_ATRegion1_src_addr             
00000000  __TI_ATRegion1_trg_addr             
00000000  __TI_ATRegion2_region_sz            
00000000  __TI_ATRegion2_src_addr             
00000000  __TI_ATRegion2_trg_addr             
00000000  __TI_static_base__                  
00000000  interruptVectors                    
00000200  __STACK_SIZE                        
00000200  __SYSMEM_SIZE                       
0000c971  main                                
0000cc0d  _Z17ST7735_DrawBitmapssPKtss        
0000ce1d  _Z8EndRoundv                        
0000cfdd  _Z15Clock_Init80MHzi                
0000d191  _Z16ST7735_DrawCharSsscssh          
0000d331  _ZN6Player4moveEaa                  
0000d619  _Z8mainmenuv                        
0000d75d  _Z7DrawMapv                         
0000d895  _Z15ST7735_FillRectsssst            
0000d9ad  _ZN6Player11collectItemEv           
0000dac5  aligned_alloc                       
0000dac5  memalign                            
0000dbd9  _ZNK6Player5eraseEv                 
0000dce5  _Z11MyADC1_Initjj                   
0000dde1  _Z8SPI_Initv                        
0000ded9  add_device                          
0000dfc5  free                                
0000e0ad  setvbuf                             
0000e18d  _Z8DrawMenuv                        
0000e269  _Z14ST7735_OutCharc                 
0000e339  _Z7EndGameh                         
0000e405  _Z11DrawPowerUp11PowerupTypeb       
0000e4bd  _Z13Joystick_Initv                  
0000e575  _Z13placePowerupsPA16_h             
0000e6bf  __aeabi_idiv0                       
0000e6c1  open                                
0000e761  _Z17ST7735_InitPrintfv              
0000e7fd  _Z12ST7735_InitR10initRFlags        
0000e895  _Z15TimerG12_IntArmjj               
0000e929  _Z14DrawScoreBoardv                 
0000e9b5  _ZN6Player10usePowerupEv            
0000eac9  __aeabi_memcpy                      
0000eac9  __aeabi_memcpy4                     
0000eac9  __aeabi_memcpy8                     
0000ead1  strcmp                              
0000eb59  _Z14ST7735_OutUDecj                 
0000ebdd  _Z17ST7735_DrawStringttPcs          
0000ec61  _ZN6Player12tickPowerupsEv          
0000ecdf  _nop                                
0000ece1  _Z14LaunchPad_Initv                 
0000ed5d  __TI_closefile                      
0000edd9  __TI_decompress_lzss                
0000ee55  _Z9DrawRulesv                       
0000eec9  _Z16ST7735_DrawPixelsst             
0000ef39  _Z16placeRandomCoinsPA16_hi         
0000efa9  HOSTlseek                           
0000f015  HOSTrename                          
0000f081  TIMG12_IRQHandler                   
0000f0ed  _Z10Sound_Initv                     
0000f159  _Z28GetDiscreteJoystickDirectionjj  
0000f1c5  getdevice                           
0000f295  HOSTopen                            
0000f2f5  _Z13TimerG12_Initv                  
0000f355  HOSTread                            
0000f3ad  HOSTtime64                          
0000f405  HOSTwrite                           
0000f45d  _ZNK6Player4drawEv                  
0000f4b5  __aeabi_idiv                        
0000f4b5  __aeabi_idivmod                     
0000f50d  _Z11fillmessagej                    
0000f561  _Z12NavigateMenui                   
0000f5b5  __TI_auto_init_nobinit              
0000f609  __TI_doflush                        
0000f65d  _Z8ResetMapv                        
0000f6ad  close                               
0000f6fd  _Z14SelectMenuItemv                 
0000f749  HOSTclose                           
0000f791  HOSTunlink                          
0000f7d9  _Z11Sound_StartPKhj                 
0000f821  _Z14SPI_OutCommandc                 
0000f869  _Z9MyADC1_Inh                       
0000f8b1  _ZN6Player5resetEv                  
0000f8f7  _ZN6PlayerC1Ehhbh                   
0000f8f7  _ZN6PlayerC2Ehhbh                   
0000f93d  _Z14SysTick_IntArmjj                
0000f981  TIMG7_IRQHandler                    
0000f9c1  _Z9SPI_Resetv                       
0000fa01  __aeabi_uidiv                       
0000fa01  __aeabi_uidivmod                    
0000fa81  _Z10UpdateCoinii                    
0000fabd  SysTick_Handler                     
0000faf5  _Z11SPI_OutDatac                    
0000fb2d  _Z15ActivatePortA_Bv                
0000fb65  rand                                
0000fb9d  _Z12ST7735_writeiPKcj               
0000fbd1  _Z14Clock_Delay1msj                 
0000fc05  _Z16ST7735_SetCursorjj              
0000fc39  __TI_cleanup                        
0000fc6d  __TI_readmsg                        
0000fca1  __TI_writemsg                       
0000fccd  C$$IO$$                             
0000fcd5  exit                                
0000fd09  finddevice                          
0000fd3d  freopen                             
0000fda1  fopen                               
0000fdd1  _Z13NextRulesPagev                  
0000fdfd  _Z17ST7735_FillScreent              
0000fe29  unlink                              
0000fe55  _Z11Switch_Initv                    
0000fea5  write                               
0000fecd  _c_int00_noargs                     
0000fef5  _Z16ST7735_OutStringPc              
0000ff1b  _ZN6Player10setPowerupE11PowerupType
0000ff41  srand                               
0000ff83  _ZNK6Player8isFrozenEv              
0000ffa1  ADC0_IRQHandler                     
0000ffa1  ADC1_IRQHandler                     
0000ffa1  AES_IRQHandler                      
0000ffa1  CANFD0_IRQHandler                   
0000ffa1  DAC0_IRQHandler                     
0000ffa1  DMA_IRQHandler                      
0000ffa1  Default_Handler                     
0000ffa1  GROUP0_IRQHandler                   
0000ffa1  GROUP1_IRQHandler                   
0000ffa1  I2C0_IRQHandler                     
0000ffa1  I2C1_IRQHandler                     
0000ffa1  NMI_Handler                         
0000ffa1  PendSV_Handler                      
0000ffa1  RTC_IRQHandler                      
0000ffa1  SPI0_IRQHandler                     
0000ffa1  SPI1_IRQHandler                     
0000ffa1  SVC_Handler                         
0000ffa1  TIMA0_IRQHandler                    
0000ffa1  TIMA1_IRQHandler                    
0000ffa1  TIMG0_IRQHandler                    
0000ffa1  TIMG6_IRQHandler                    
0000ffa1  TIMG8_IRQHandler                    
0000ffa1  UART0_IRQHandler                    
0000ffa1  UART1_IRQHandler                    
0000ffa1  UART2_IRQHandler                    
0000ffa1  UART3_IRQHandler                    
0000ffbd  HardFault_Handler                   
0000ffd9  _Z11Switch_P2B1v                    
0000fff5  _Z8DAC5_Outj                        
00010011  _Z9Switch_Inv                       
00010081  _ZN6Player11setPositionEhh          
0001009b  _ZN8SlidePotC1Ejj                   
0001009b  _ZN8SlidePotC2Ejj                   
000100b5  _Z11Switch_P1B2v                    
000100cd  _Z11Switch_P2B2v                    
000100fd  _Z11ST7735_openPKcji                
00010113  _Z11ST7735_readiPcj                 
00010129  _ZN6Player8addScoreEh               
0001013f  __TI_zero_init_nomemset             
00010155  _Z11Switch_P1B1v                    
00010169  _Z13Sound_Collectv                  
0001017d  _Z15Sound_Explosionv                
00010191  _Z19ST7735_SetTextColort            
000101a5  _ZN6Player6freezeEh                 
000101b7  TI_memcpy_small                     
000101c9  __TI_decompress_none                
000101eb  _Z11Clock_Delayj                    
0001020b  _ZNK6Player8isChaserEv              
0001021b  __time64                            
00010239  _Z12ST7735_lseekili                 
00010263  TI_memset_small                     
00010271  _Z10Clock_Freqv                     
0001027d  _Z10Sound_Stopv                     
00010289  _Z13ST7735_renamePKcS0_             
00010295  _Z15Joystick1_ReadXv                
000102a1  _Z15Joystick1_ReadYv                
000102ad  _Z15Joystick2_ReadXv                
000102b9  _Z15Joystick2_ReadYv                
000102c5  _ZNK6Player10getPowerupEv           
000102d1  _ZNK6Player4getXEv                  
000102dd  _ZNK6Player4getYEv                  
000102e9  _ZNK6Player5getIDEv                 
000102f5  _ZNK6Player8getCoinsEv              
00010301  _ZNK6Player8getScoreEv              
0001030d  __aeabi_memclr                      
0001030d  __aeabi_memclr4                     
0001030d  __aeabi_memclr8                     
00010319  malloc                              
00010325  _Z12ST7735_closei                   
0001032f  _Z13ST7735_unlinkPKc                
00010339  _Z8PLL_Initv                        
00010343  remove                              
0001034b  Reset_Handler                       
0001034f  _system_pre_init                    
00010352  C$$EXIT                             
00010353  abort                               
00010360  SHT$$INIT_ARRAY$$Base               
00010364  SHT$$INIT_ARRAY$$Limit              
00010490  __TI_Handler_Table_Base             
0001049c  __TI_Handler_Table_Limit            
000104a4  __TI_CINIT_Base                     
000104b4  __TI_CINIT_Limit                    
000104b4  __TI_CINIT_Warm                     
20200000  __start___llvm_prf_bits             
20200000  __start___llvm_prf_cnts             
20200000  __stop___llvm_prf_bits              
20200000  __stop___llvm_prf_cnts              
20200000  basemap                             
20200140  map                                 
20200280  _ftable                             
20200370  _device                             
202003e8  rulesText                           
20200460  _stream                             
202004b0  player1                             
202004c8  player2                             
202004e0  Sensor                              
202004f4  __TI_cleanup_ptr                    
202004f8  __TI_dtors_ptr                      
202004fc  BusFreq                             
20200500  StX                                 
20200504  StY                                 
20200508  __TI_ft_end                         
2020050c  _lock                               
20200510  _unlock                             
20200514  gameTicks                           
2020051c  StTextColor                         
20200522  currentRulesPage                    
20200523  currentSelection                    
20200525  language                            
20200526  returnToMenu                        
20200527  roundOver                           
20200530  _sys_memory                         
20200730  _CIOBUF_                            
20200730  __CIOBUF_                           
20200850  __TI_tmpnams                        
202008f0  Message                             
202008fc  parmbuf                             
20200904  Messageindex                        
20200908  TExaSLogic                          
2020090c  TExaSadc                            
20207e00  __stack                             
20208000  __STACK_END                         
ffffffff  __TI_pprof_out_hndl                 
ffffffff  __TI_prof_data_size                 
ffffffff  __TI_prof_data_start                
ffffffff  __binit__                           
ffffffff  binit                               
UNDEFED   __mpu_init                          
UNDEFED   _system_post_cinit                  

[247 symbols]
