******************************************************************************
            TI ARM Clang Linker Unix v4.0.1                    
******************************************************************************
>> Linked Fri Apr 18 00:37:29 2025

OUTPUT FILE NAME:   <ECE319K_Lab9H.out>
ENTRY POINT SYMBOL: "_c_int00_noargs"  address: 0000cb91


MEMORY CONFIGURATION

         name            origin    length      used     unused   attr    fill
----------------------  --------  ---------  --------  --------  ----  --------
  FLASH                 00000000   00020000  0000cf80  00013080  R  X
  SRAM                  20200000   00008000  000009a4  0000765c  RW X
  BCR_CONFIG            41c00000   00000080  00000000  00000080  R   
  BSL_CONFIG            41c00100   00000080  00000000  00000080  R   


SEGMENT ALLOCATION MAP

run origin  load origin   length   init length attrs members
----------  ----------- ---------- ----------- ----- -------
00000000    00000000    0000cf80   0000cf80    r-x
  00000000    00000000    000000c0   000000c0    r-- .intvecs
  000000c0    000000c0    0000aa30   0000aa30    r-- .rodata
  0000aaf0    0000aaf0    00002360   00002360    r-x .text
  0000ce50    0000ce50    00000008   00000008    r-- .init_array
  0000ce58    0000ce58    00000128   00000128    r-- .cinit
20200000    20200000    000007a7   00000000    rw-
  20200000    20200000    000003cd   00000000    rw- .data
  202003d0    202003d0    00000200   00000000    rw- .sysmem
  202005d0    202005d0    000001d7   00000000    rw- .bss
20207e00    20207e00    00000200   00000000    rw-
  20207e00    20207e00    00000200   00000000    rw- .stack


SECTION ALLOCATION MAP

 output                                  attributes/
section   page    origin      length       input sections
--------  ----  ----------  ----------   ----------------
.intvecs   0    00000000    000000c0     
                  00000000    000000c0     startup_mspm0g3507_ticlang.o (.intvecs)

.binit     0    00000000    00000000     

.text      0    0000aaf0    00002360     
                  0000aaf0    00000210     ST7735.o (.text._Z17ST7735_DrawBitmapssPKtss)
                  0000ad00    000001b4     Clock.o (.text._Z15Clock_Init80MHzi)
                  0000aeb4    000001a0     ST7735.o (.text._Z16ST7735_DrawCharSsscssh)
                  0000b054    00000154     libc.a : fopen.c.obj (.text._openfile)
                  0000b1a8    00000124     Map.o (.text._Z7DrawMapv)
                  0000b2cc    00000118     ST7735.o (.text._Z15ST7735_FillRectsssst)
                  0000b3e4    00000114     libc.a : memory.c.obj (.text.aligned_alloc)
                  0000b4f8    000000f8     SPI.o (.text._Z8SPI_Initv)
                  0000b5f0    000000ec     libsysbm.a : add_device.c.obj (.text.add_device)
                  0000b6dc    000000e8     libc.a : memory.c.obj (.text.free)
                  0000b7c4    000000e0            : setvbuf.c.obj (.text.setvbuf)
                  0000b8a4    000000dc     Map.o (.text._Z8DrawMenuv)
                  0000b980    000000d0     ST7735.o (.text._Z14ST7735_OutCharc)
                  0000ba50    000000bc     Lab9HMain.o (.text.main)
                  0000bb0c    000000a2     ST7735.o (.text._ZL11commandListPKh)
                  0000bbae    00000002     Sound.o (.text.SysTick_Handler)
                  0000bbb0    000000a0     libsysbm.a : open.c.obj (.text.open)
                  0000bc50    0000009c     ST7735.o (.text._Z17ST7735_InitPrintfv)
                  0000bcec    00000098     ST7735.o (.text._Z12ST7735_InitR10initRFlags)
                  0000bd84    00000088     ST7735.o (.text._ZL13setAddrWindowhhhh)
                  0000be0c    00000004     libc.a : pre_init.c.obj (.text._system_pre_init)
                  0000be10    00000088            : strcmp-armv6m.S.obj (.text:strcmp)
                  0000be98    00000084     ST7735.o (.text._Z17ST7735_DrawStringttPcs)
                  0000bf1c    0000007c     LaunchPad.o (.text._Z14LaunchPad_Initv)
                  0000bf98    0000007c     libc.a : fclose.c.obj (.text.__TI_closefile)
                  0000c014    0000007c            : copy_decompress_lzss.c.obj (.text:decompress:lzss)
                  0000c090    00000074     Map.o (.text._Z9DrawRulesv)
                  0000c104    00000070     ST7735.o (.text._Z16ST7735_DrawPixelsst)
                  0000c174    0000006c     libsysbm.a : hostlseek.c.obj (.text.HOSTlseek)
                  0000c1e0    0000006c                : hostrename.c.obj (.text.HOSTrename)
                  0000c24c    0000006c     libc.a : getdevice.c.obj (.text.getdevice)
                  0000c2b8    00000064            : memory.c.obj (.text.split)
                  0000c31c    00000060     libsysbm.a : hostopen.c.obj (.text.HOSTopen)
                  0000c37c    00000058                : hostread.c.obj (.text.HOSTread)
                  0000c3d4    00000058                : hostwrite.c.obj (.text.HOSTwrite)
                  0000c42c    00000054     libc.a : autoinit.c.obj (.text:__TI_auto_init_nobinit)
                  0000c480    00000052            : fflush.c.obj (.text.__TI_doflush)
                  0000c4d2    00000002     libclang_rt.builtins.a : aeabi_div0.c.obj (.text.__aeabi_idiv0)
                  0000c4d4    00000050     Map.o (.text._Z12NavigateMenui)
                  0000c524    00000050     libsysbm.a : close.c.obj (.text.close)
                  0000c574    0000004c     Map.o (.text._Z14SelectMenuItemv)
                  0000c5c0    00000048     libsysbm.a : hostclose.c.obj (.text.HOSTclose)
                  0000c608    00000048                : hostunlink.c.obj (.text.HOSTunlink)
                  0000c650    00000048     SPI.o (.text._Z14SPI_OutCommandc)
                  0000c698    00000040     TExaS.o (.text.TIMG7_IRQHandler)
                  0000c6d8    00000040     SPI.o (.text._Z9SPI_Resetv)
                  0000c718    00000040     libclang_rt.builtins.a : aeabi_uidivmod.S.obj (.text.__aeabi_uidivmod)
                  0000c758    00000040     libc.a : fopen.c.obj (.text._search_fp)
                  0000c798    00000038     SPI.o (.text._Z11SPI_OutDatac)
                  0000c7d0    00000038     LaunchPad.o (.text._Z15ActivatePortA_Bv)
                  0000c808    00000034     ST7735.o (.text._Z12ST7735_writeiPKcj)
                  0000c83c    00000034     Clock.o (.text._Z14Clock_Delay1msj)
                  0000c870    00000034     ST7735.o (.text._Z16ST7735_SetCursorjj)
                  0000c8a4    00000034     libc.a : fopen.c.obj (.text.__TI_cleanup)
                  0000c8d8    00000034     libsysbm.a : trgmsg.c.obj (.text.__TI_readmsg)
                  0000c90c    00000034                : trgmsg.c.obj (.text.__TI_writemsg)
                  0000c940    00000034     libc.a : exit.c.obj (.text.exit)
                  0000c974    00000034            : getdevice.c.obj (.text.finddevice)
                  0000c9a8    00000034            : fopen.c.obj (.text.freopen)
                  0000c9dc    00000030     ST7735.o (.text._ZL10commonInitPKh)
                  0000ca0c    00000030     libc.a : fopen.c.obj (.text.fopen)
                  0000ca3c    0000002e     Player.o (.text._ZN6PlayerC2Ehhb)
                  0000ca6a    00000002     libc.a : _lock.c.obj (.text._nop)
                  0000ca6c    0000002c     Map.o (.text._Z13NextRulesPagev)
                  0000ca98    0000002c     ST7735.o (.text._Z17ST7735_FillScreent)
                  0000cac4    0000002c     libsysbm.a : unlink.c.obj (.text.unlink)
                  0000caf0    00000028     Lab9HMain.o (.text.TIMG12_IRQHandler)
                  0000cb18    00000028     Switch.o (.text._Z11Switch_Initv)
                  0000cb40    00000028     libc.a : memory.c.obj (.text.free_list_insert)
                  0000cb68    00000028     libsysbm.a : write.c.obj (.text.write)
                  0000cb90    00000028     libc.a : boot_cortex_m.c.obj (.text:_c_int00_noargs)
                  0000cbb8    00000026     ST7735.o (.text._Z16ST7735_OutStringPc)
                  0000cbde    0000001e     ST7735.o (.text._ZL9pushColort)
                  0000cbfc    0000001c     startup_mspm0g3507_ticlang.o (.text.Default_Handler)
                  0000cc18    0000001c     startup_mspm0g3507_ticlang.o (.text.HardFault_Handler)
                  0000cc34    0000001c     Switch.o (.text._Z22Switch_MenuDownPressedv)
                  0000cc50    0000001c     Switch.o (.text._Z9Switch_Inv)
                  0000cc6c    0000001c     libc.a : memory.c.obj (.text.free_list_remove)
                  0000cc88    0000001a     SlidePot.o (.text._ZN8SlidePotC2Ejj)
                  0000cca2    00000018     Switch.o (.text._Z24Switch_MenuSelectPressedv)
                  0000ccba    00000002     --HOLE-- [fill = 0]
                  0000ccbc    00000018     Lab9HMain.o (.text.__cxx_global_var_init)
                  0000ccd4    00000016     ST7735.o (.text._Z11ST7735_openPKcji)
                  0000ccea    00000016     ST7735.o (.text._Z11ST7735_readiPcj)
                  0000cd00    00000016     libc.a : copy_zero_init.c.obj (.text:decompress:ZI:__TI_zero_init_nomemset)
                  0000cd16    00000002     --HOLE-- [fill = 0]
                  0000cd18    00000014     ST7735.o (.text._Z19ST7735_SetTextColort)
                  0000cd2c    00000014     Lab9HMain.o (.text.__cxx_global_var_init.1)
                  0000cd40    00000014     Lab9HMain.o (.text.__cxx_global_var_init.2)
                  0000cd54    00000012     libc.a : memcpy16.S.obj (.text:TI_memcpy_small)
                  0000cd66    00000012            : copy_decompress_none.c.obj (.text:decompress:none)
                  0000cd78    00000010     Lab9HMain.o (.text._GLOBAL__sub_I_Lab9HMain.cpp)
                  0000cd88    00000010     Clock.o (.text._Z11Clock_Delayj)
                  0000cd98    0000000e     libc.a : memory.c.obj (.text.OUTLINED_FUNCTION_0)
                  0000cda6    0000000e     ST7735.o (.text._Z12ST7735_lseekili)
                  0000cdb4    0000000e     libsysbm.a : hostrename.c.obj (.text.strcpy)
                  0000cdc2    0000000e                : hostrename.c.obj (.text.strlen)
                  0000cdd0    0000000e     libc.a : memset16.S.obj (.text:TI_memset_small)
                  0000cdde    00000002     --HOLE-- [fill = 0]
                  0000cde0    0000000c     Clock.o (.text._Z10Clock_Freqv)
                  0000cdec    0000000c     ST7735.o (.text._Z13ST7735_renamePKcS0_)
                  0000cdf8    0000000c     libclang_rt.builtins.a : aeabi_memset.S.obj (.text.__aeabi_memclr)
                  0000ce04    0000000c     libc.a : memory.c.obj (.text.malloc)
                  0000ce10    0000000a     ST7735.o (.text._Z12ST7735_closei)
                  0000ce1a    0000000a     ST7735.o (.text._Z13ST7735_unlinkPKc)
                  0000ce24    0000000a     Lab9HMain.o (.text._Z8PLL_Initv)
                  0000ce2e    00000002     --HOLE-- [fill = 0]
                  0000ce30    00000008     libclang_rt.builtins.a : aeabi_memcpy.S.obj (.text.__aeabi_memcpy)
                  0000ce38    00000008     libsysbm.a : remove.c.obj (.text.remove)
                  0000ce40    00000004     startup_mspm0g3507_ticlang.o (.text.Reset_Handler)
                  0000ce44    00000004     libc.a : exit.c.obj (.text:abort)
                  0000ce48    00000008     --HOLE-- [fill = 0]

.cinit     0    0000ce58    00000128     
                  0000ce58    00000104     (.cinit..data.load) [load image, compression = lzss]
                  0000cf5c    0000000c     (__TI_handler_table)
                  0000cf68    00000008     (.cinit..bss.load) [load image, compression = zero_init]
                  0000cf70    00000010     (__TI_cinit_table)

.rodata    0    000000c0    0000aa30     
                  000000c0    0000a000     Map.o (.rodata._ZL10mainScreen)
                  0000a0c0    000004fb     ST7735.o (.rodata._ZL4Font)
                  0000a5bb    00000001     Map.o (.rodata.str1.104596856956816455781)
                  0000a5bc    00000080     Map.o (.rodata._ZL10CoinSprite)
                  0000a63c    00000080     Map.o (.rodata._ZL10WallSprite)
                  0000a6bc    00000080     Map.o (.rodata._ZL11SpeedSprite)
                  0000a73c    00000080     Map.o (.rodata._ZL12BorderSprite)
                  0000a7bc    00000080     Map.o (.rodata._ZL12ChaserSprite)
                  0000a83c    00000080     Map.o (.rodata._ZL12RunnerSprite)
                  0000a8bc    0000003b     ST7735.o (.rodata._ZL5Rcmd1)
                  0000a8f7    0000002b     ST7735.o (.rodata._ZL5Rcmd3)
                  0000a922    00000016     ST7735.o (.rodata.str1.10454047957466484921)
                  0000a938    00000015     Map.o (.rodata.str1.11892335321669509361)
                  0000a94d    00000015     Map.o (.rodata.str1.174713602682270873741)
                  0000a962    00000015     Map.o (.rodata.str1.73765608726033296121)
                  0000a977    00000014     Map.o (.rodata.str1.105329869645890702911)
                  0000a98b    00000014     Map.o (.rodata.str1.142248726879783284881)
                  0000a99f    00000014     Map.o (.rodata.str1.67017573524192918981)
                  0000a9b3    00000013     Map.o (.rodata.str1.56202311474261802091)
                  0000a9c6    00000012     Map.o (.rodata.str1.107916156524046124021)
                  0000a9d8    00000012     Map.o (.rodata.str1.160268990308799969531)
                  0000a9ea    00000011     Map.o (.rodata.str1.89352664702768437881)
                  0000a9fb    00000011     Map.o (.rodata.str1.94772824188764248821)
                  0000aa0c    00000010     Map.o (.rodata.str1.122246070243964392101)
                  0000aa1c    00000010     Map.o (.rodata.str1.141450585037438433001)
                  0000aa2c    0000000f     Map.o (.rodata.str1.84046251035583987611)
                  0000aa3b    0000000e     Map.o (.rodata.str1.50855458835255299231)
                  0000aa49    0000000d     ST7735.o (.rodata._ZL10Rcmd2green)
                  0000aa56    0000000d     ST7735.o (.rodata._ZL8Rcmd2red)
                  0000aa63    0000000d     Map.o (.rodata.str1.112519537372094380871)
                  0000aa70    0000000d     Map.o (.rodata.str1.148345599293076453791)
                  0000aa7d    0000000a     Map.o (.rodata.str1.116554702338864380131)
                  0000aa87    0000000a     Map.o (.rodata.str1.69355853717354042871)
                  0000aa91    00000009     Map.o (.rodata.str1.88020652275042292911)
                  0000aa9a    00000008     Map.o (.rodata.str1.148507566663670628311)
                  0000aaa2    00000008     Map.o (.rodata.str1.179609936499601495561)
                  0000aaaa    00000008     Map.o (.rodata.str1.29074602043393431931)
                  0000aab2    00000008     ST7735.o (.rodata.str1.47795681660940027721)
                  0000aaba    00000008     Map.o (.rodata.str1.70551619931739254801)
                  0000aac2    00000008     Map.o (.rodata.str1.93950474351652273581)
                  0000aaca    00000007     Map.o (.rodata.str1.112394934285709906361)
                  0000aad1    00000007     ST7735.o (.rodata.str1.144587199919105078391)
                  0000aad8    00000007     Map.o (.rodata.str1.146512124620236989091)
                  0000aadf    00000007     Map.o (.rodata.str1.152947731988548161181)
                  0000aae6    00000007     ST7735.o (.rodata.str1.65889865058515175131)
                  0000aaed    00000002     ST7735.o (.rodata.str1.12956530834739612181)
                  0000aaef    00000001     --HOLE-- [fill = 0]

.init_array 
*          0    0000ce50    00000008     
                  0000ce50    00000004     Lab9HMain.o (.init_array)
                  0000ce54    00000004     --HOLE-- [fill = 0]

.data      0    20200000    000003cd     UNINITIALIZED
                  20200000    00000140     Map.o (.data.map)
                  20200140    000000f0     libc.a : defs.c.obj (.data._ftable)
                  20200230    00000078     libsysbm.a : host_device.c.obj (.data._device)
                  202002a8    00000078     Map.o (.data.rulesText)
                  20200320    00000050     libsysbm.a : host_device.c.obj (.data._stream)
                  20200370    00000014     Lab9HMain.o (.data.Sensor)
                  20200384    0000000c     Lab9HMain.o (.data.player1)
                  20200390    0000000c     Lab9HMain.o (.data.player2)
                  2020039c    00000008     libc.a : exit.c.obj (.data..L_MergedGlobals)
                  202003a4    00000004     Clock.o (.data.BusFreq)
                  202003a8    00000004     ST7735.o (.data.StX)
                  202003ac    00000004     ST7735.o (.data.StY)
                  202003b0    00000004     libc.a : defs.c.obj (.data.__TI_ft_end)
                  202003b4    00000004            : _lock.c.obj (.data._lock)
                  202003b8    00000004            : _lock.c.obj (.data._unlock)
                  202003bc    00000002     ST7735.o (.data.StTextColor)
                  202003be    00000002     ST7735.o (.data._ZL6_width)
                  202003c0    00000002     ST7735.o (.data._ZL7_height)
                  202003c2    00000001     Map.o (.data.currentRulesPage)
                  202003c3    00000001     Map.o (.data.currentSelection)
                  202003c4    00000001     libsysbm.a : add_device.c.obj (.data.add_device.device_init)
                  202003c5    00000001     Map.o (.data.language)
                  202003c6    00000002     --HOLE--
                  202003c8    00000001     libc.a : memory.c.obj (.data.memory_is_initialized)
                  202003c9    00000003     --HOLE--
                  202003cc    00000001     libsysbm.a : open.c.obj (.data.open.stream_init)

.sysmem    0    202003d0    00000200     UNINITIALIZED
                  202003d0    00000010     libc.a : memory.c.obj (.sysmem)
                  202003e0    000001f0     --HOLE--

.bss       0    202005d0    000001d7     UNINITIALIZED
                  202005d0    00000120     libsysbm.a : trgmsg.c.obj (.bss:_CIOBUF_)
                  202006f0    000000a0     libc.a : defs.c.obj (.bss.__TI_tmpnams)
                  20200790    00000008     libsysbm.a : hostopen.c.obj (.bss.parmbuf)
                  20200798    00000004     TExaS.o (.bss.TExaSLogic)
                  2020079c    00000004     TExaS.o (.bss.TExaSadc)
                  202007a0    00000004     libc.a : memory.c.obj (.bss.sys_free)
                  202007a4    00000001     ST7735.o (.bss._ZL8ColStart)
                  202007a5    00000001     ST7735.o (.bss._ZL8RowStart)
                  202007a6    00000001     ST7735.o (.bss._ZL8TabColor)

.stack     0    20207e00    00000200     UNINITIALIZED
                  20207e00    00000004     libc.a : boot_cortex_m.c.obj (.stack)
                  20207e04    000001fc     --HOLE--

__llvm_prf_cnts 
*          0    20200000    00000000     UNINITIALIZED

__llvm_prf_bits 
*          0    20200000    00000000     UNINITIALIZED

MODULE SUMMARY

       Module                         code   ro data   rw data
       ------                         ----   -------   -------
    ./
       Map.o                          828    42118     443    
       ST7735.o                       2656   1449      17     
       Clock.o                        516    0         4      
       SPI.o                          440    0         0      
       Lab9HMain.o                    318    4         44     
       LaunchPad.o                    180    0         0      
       Switch.o                       120    0         0      
       TExaS.o                        64     0         8      
       Player.o                       46     0         0      
       SlidePot.o                     26     0         0      
       Sound.o                        2      0         0      
    +--+------------------------------+------+---------+---------+
       Total:                         5196   43571     516    
                                                              
    ./ticlang/
       startup_mspm0g3507_ticlang.o   60     192       0      
    +--+------------------------------+------+---------+---------+
       Total:                         60     192       0      
                                                              
    /Applications/ti/ccs2000/ccs/tools/compiler/ti-cgt-armllvm_4.0.1.LTS/lib/armv6m-ti-none-eabi/c/libc.a
       memory.c.obj                   702    0         5      
       fopen.c.obj                    556    0         0      
       defs.c.obj                     0      0         404    
       setvbuf.c.obj                  224    0         0      
       getdevice.c.obj                160    0         0      
       strcmp-armv6m.S.obj            136    0         0      
       copy_decompress_lzss.c.obj     124    0         0      
       fclose.c.obj                   124    0         0      
       autoinit.c.obj                 84     0         0      
       fflush.c.obj                   82     0         0      
       exit.c.obj                     56     0         8      
       boot_cortex_m.c.obj            40     0         0      
       copy_zero_init.c.obj           22     0         0      
       copy_decompress_none.c.obj     18     0         0      
       memcpy16.S.obj                 18     0         0      
       memset16.S.obj                 14     0         0      
       _lock.c.obj                    2      0         8      
       pre_init.c.obj                 4      0         0      
    +--+------------------------------+------+---------+---------+
       Total:                         2366   0         425    
                                                              
    /Applications/ti/ccs2000/ccs/tools/compiler/ti-cgt-armllvm_4.0.1.LTS/lib/armv6m-ti-none-eabi/c/libsysbm.a
       trgmsg.c.obj                   104    0         288    
       add_device.c.obj               236    0         1      
       host_device.c.obj              0      0         200    
       open.c.obj                     160    0         1      
       hostrename.c.obj               136    0         0      
       hostlseek.c.obj                108    0         0      
       hostopen.c.obj                 96     0         8      
       hostread.c.obj                 88     0         0      
       hostwrite.c.obj                88     0         0      
       close.c.obj                    80     0         0      
       hostclose.c.obj                72     0         0      
       hostunlink.c.obj               72     0         0      
       unlink.c.obj                   44     0         0      
       write.c.obj                    40     0         0      
       remove.c.obj                   8      0         0      
    +--+------------------------------+------+---------+---------+
       Total:                         1332   0         498    
                                                              
    /Applications/ti/ccs2000/ccs/tools/compiler/ti-cgt-armllvm_4.0.1.LTS/lib/armv6m-ti-none-eabi/libclang_rt.builtins.a
       aeabi_uidivmod.S.obj           64     0         0      
       aeabi_memset.S.obj             12     0         0      
       aeabi_memcpy.S.obj             8      0         0      
       aeabi_div0.c.obj               2      0         0      
    +--+------------------------------+------+---------+---------+
       Total:                         86     0         0      
                                                              
       Heap:                          0      0         512    
       Stack:                         0      0         512    
       Linker Generated:              0      296       0      
    +--+------------------------------+------+---------+---------+
       Grand Total:                   9040   44059     2463   


LINKER GENERATED COPY TABLES

__TI_cinit_table @ 0000cf70 records: 2, size/record: 8, table size: 16
	.data: load addr=0000ce58, load size=00000104 bytes, run addr=20200000, run size=000003cd bytes, compression=lzss
	.bss: load addr=0000cf68, load size=00000008 bytes, run addr=202005d0, run size=000001d7 bytes, compression=zero_init


LINKER GENERATED HANDLER TABLE

__TI_handler_table @ 0000cf5c records: 3, size/record: 4, table size: 12
	index: 0, handler: __TI_decompress_lzss
	index: 1, handler: __TI_decompress_none
	index: 2, handler: __TI_zero_init


GLOBAL SYMBOLS: SORTED ALPHABETICALLY BY Name 

address   name                         
-------   ----                         
0000cbfd  ADC0_IRQHandler              
0000cbfd  ADC1_IRQHandler              
0000cbfd  AES_IRQHandler               
202003a4  BusFreq                      
0000ce44  C$$EXIT                      
0000c939  C$$IO$$                      
0000cbfd  CANFD0_IRQHandler            
0000cbfd  DAC0_IRQHandler              
0000cbfd  DMA_IRQHandler               
0000cbfd  Default_Handler              
0000cbfd  GROUP0_IRQHandler            
0000cbfd  GROUP1_IRQHandler            
0000c5c1  HOSTclose                    
0000c175  HOSTlseek                    
0000c31d  HOSTopen                     
0000c37d  HOSTread                     
0000c1e1  HOSTrename                   
0000c609  HOSTunlink                   
0000c3d5  HOSTwrite                    
0000cc19  HardFault_Handler            
0000cbfd  I2C0_IRQHandler              
0000cbfd  I2C1_IRQHandler              
0000cbfd  NMI_Handler                  
0000cbfd  PendSV_Handler               
0000cbfd  RTC_IRQHandler               
0000ce41  Reset_Handler                
0000ce50  SHT$$INIT_ARRAY$$Base        
0000ce54  SHT$$INIT_ARRAY$$Limit       
0000cbfd  SPI0_IRQHandler              
0000cbfd  SPI1_IRQHandler              
0000cbfd  SVC_Handler                  
20200370  Sensor                       
202003bc  StTextColor                  
202003a8  StX                          
202003ac  StY                          
0000bbaf  SysTick_Handler              
20200798  TExaSLogic                   
2020079c  TExaSadc                     
0000cbfd  TIMA0_IRQHandler             
0000cbfd  TIMA1_IRQHandler             
0000cbfd  TIMG0_IRQHandler             
0000caf1  TIMG12_IRQHandler            
0000cbfd  TIMG6_IRQHandler             
0000c699  TIMG7_IRQHandler             
0000cbfd  TIMG8_IRQHandler             
0000cd55  TI_memcpy_small              
0000cdd1  TI_memset_small              
0000cbfd  UART0_IRQHandler             
0000cbfd  UART1_IRQHandler             
0000cbfd  UART2_IRQHandler             
0000cbfd  UART3_IRQHandler             
202005d0  _CIOBUF_                     
0000cde1  _Z10Clock_Freqv              
0000cd89  _Z11Clock_Delayj             
0000c799  _Z11SPI_OutDatac             
0000ccd5  _Z11ST7735_openPKcji         
0000cceb  _Z11ST7735_readiPcj          
0000cb19  _Z11Switch_Initv             
0000c4d5  _Z12NavigateMenui            
0000bced  _Z12ST7735_InitR10initRFlags 
0000ce11  _Z12ST7735_closei            
0000cda7  _Z12ST7735_lseekili          
0000c809  _Z12ST7735_writeiPKcj        
0000ca6d  _Z13NextRulesPagev           
0000cded  _Z13ST7735_renamePKcS0_      
0000ce1b  _Z13ST7735_unlinkPKc         
0000c83d  _Z14Clock_Delay1msj          
0000bf1d  _Z14LaunchPad_Initv          
0000c651  _Z14SPI_OutCommandc          
0000b981  _Z14ST7735_OutCharc          
0000c575  _Z14SelectMenuItemv          
0000c7d1  _Z15ActivatePortA_Bv         
0000ad01  _Z15Clock_Init80MHzi         
0000b2cd  _Z15ST7735_FillRectsssst     
0000aeb5  _Z16ST7735_DrawCharSsscssh   
0000c105  _Z16ST7735_DrawPixelsst      
0000cbb9  _Z16ST7735_OutStringPc       
0000c871  _Z16ST7735_SetCursorjj       
0000aaf1  _Z17ST7735_DrawBitmapssPKtss 
0000be99  _Z17ST7735_DrawStringttPcs   
0000ca99  _Z17ST7735_FillScreent       
0000bc51  _Z17ST7735_InitPrintfv       
0000cd19  _Z19ST7735_SetTextColort     
0000cc35  _Z22Switch_MenuDownPressedv  
0000cca3  _Z24Switch_MenuSelectPressedv
0000b1a9  _Z7DrawMapv                  
0000b8a5  _Z8DrawMenuv                 
0000ce25  _Z8PLL_Initv                 
0000b4f9  _Z8SPI_Initv                 
0000c091  _Z9DrawRulesv                
0000c6d9  _Z9SPI_Resetv                
0000cc51  _Z9Switch_Inv                
0000ca3d  _ZN6PlayerC1Ehhb             
0000ca3d  _ZN6PlayerC2Ehhb             
0000cc89  _ZN8SlidePotC1Ejj            
0000cc89  _ZN8SlidePotC2Ejj            
202005d0  __CIOBUF_                    
20208000  __STACK_END                  
00000200  __STACK_SIZE                 
00000200  __SYSMEM_SIZE                
00000000  __TI_ATRegion0_region_sz     
00000000  __TI_ATRegion0_src_addr      
00000000  __TI_ATRegion0_trg_addr      
00000000  __TI_ATRegion1_region_sz     
00000000  __TI_ATRegion1_src_addr      
00000000  __TI_ATRegion1_trg_addr      
00000000  __TI_ATRegion2_region_sz     
00000000  __TI_ATRegion2_src_addr      
00000000  __TI_ATRegion2_trg_addr      
0000cf70  __TI_CINIT_Base              
0000cf80  __TI_CINIT_Limit             
0000cf80  __TI_CINIT_Warm              
0000cf5c  __TI_Handler_Table_Base      
0000cf68  __TI_Handler_Table_Limit     
0000c42d  __TI_auto_init_nobinit       
0000c8a5  __TI_cleanup                 
2020039c  __TI_cleanup_ptr             
0000bf99  __TI_closefile               
0000c015  __TI_decompress_lzss         
0000cd67  __TI_decompress_none         
0000c481  __TI_doflush                 
202003a0  __TI_dtors_ptr               
202003b0  __TI_ft_end                  
ffffffff  __TI_pprof_out_hndl          
ffffffff  __TI_prof_data_size          
ffffffff  __TI_prof_data_start         
0000c8d9  __TI_readmsg                 
00000000  __TI_static_base__           
202006f0  __TI_tmpnams                 
0000c90d  __TI_writemsg                
0000cd01  __TI_zero_init_nomemset      
0000c4d3  __aeabi_idiv0                
0000cdf9  __aeabi_memclr               
0000cdf9  __aeabi_memclr4              
0000cdf9  __aeabi_memclr8              
0000ce31  __aeabi_memcpy               
0000ce31  __aeabi_memcpy4              
0000ce31  __aeabi_memcpy8              
0000c719  __aeabi_uidiv                
0000c719  __aeabi_uidivmod             
ffffffff  __binit__                    
UNDEFED   __mpu_init                   
20207e00  __stack                      
20200000  __start___llvm_prf_bits      
20200000  __start___llvm_prf_cnts      
20200000  __stop___llvm_prf_bits       
20200000  __stop___llvm_prf_cnts       
0000cb91  _c_int00_noargs              
20200230  _device                      
20200140  _ftable                      
202003b4  _lock                        
0000ca6b  _nop                         
20200320  _stream                      
202003d0  _sys_memory                  
UNDEFED   _system_post_cinit           
0000be0d  _system_pre_init             
202003b8  _unlock                      
0000ce45  abort                        
0000b5f1  add_device                   
0000b3e5  aligned_alloc                
ffffffff  binit                        
0000c525  close                        
202003c2  currentRulesPage             
202003c3  currentSelection             
0000c941  exit                         
0000c975  finddevice                   
0000ca0d  fopen                        
0000b6dd  free                         
0000c9a9  freopen                      
0000c24d  getdevice                    
00000000  interruptVectors             
202003c5  language                     
0000ba51  main                         
0000ce05  malloc                       
20200000  map                          
0000b3e5  memalign                     
0000bbb1  open                         
20200790  parmbuf                      
20200384  player1                      
20200390  player2                      
0000ce39  remove                       
202002a8  rulesText                    
0000b7c5  setvbuf                      
0000be11  strcmp                       
0000cac5  unlink                       
0000cb69  write                        


GLOBAL SYMBOLS: SORTED BY Symbol Address 

address   name                         
-------   ----                         
00000000  __TI_ATRegion0_region_sz     
00000000  __TI_ATRegion0_src_addr      
00000000  __TI_ATRegion0_trg_addr      
00000000  __TI_ATRegion1_region_sz     
00000000  __TI_ATRegion1_src_addr      
00000000  __TI_ATRegion1_trg_addr      
00000000  __TI_ATRegion2_region_sz     
00000000  __TI_ATRegion2_src_addr      
00000000  __TI_ATRegion2_trg_addr      
00000000  __TI_static_base__           
00000000  interruptVectors             
00000200  __STACK_SIZE                 
00000200  __SYSMEM_SIZE                
0000aaf1  _Z17ST7735_DrawBitmapssPKtss 
0000ad01  _Z15Clock_Init80MHzi         
0000aeb5  _Z16ST7735_DrawCharSsscssh   
0000b1a9  _Z7DrawMapv                  
0000b2cd  _Z15ST7735_FillRectsssst     
0000b3e5  aligned_alloc                
0000b3e5  memalign                     
0000b4f9  _Z8SPI_Initv                 
0000b5f1  add_device                   
0000b6dd  free                         
0000b7c5  setvbuf                      
0000b8a5  _Z8DrawMenuv                 
0000b981  _Z14ST7735_OutCharc          
0000ba51  main                         
0000bbaf  SysTick_Handler              
0000bbb1  open                         
0000bc51  _Z17ST7735_InitPrintfv       
0000bced  _Z12ST7735_InitR10initRFlags 
0000be0d  _system_pre_init             
0000be11  strcmp                       
0000be99  _Z17ST7735_DrawStringttPcs   
0000bf1d  _Z14LaunchPad_Initv          
0000bf99  __TI_closefile               
0000c015  __TI_decompress_lzss         
0000c091  _Z9DrawRulesv                
0000c105  _Z16ST7735_DrawPixelsst      
0000c175  HOSTlseek                    
0000c1e1  HOSTrename                   
0000c24d  getdevice                    
0000c31d  HOSTopen                     
0000c37d  HOSTread                     
0000c3d5  HOSTwrite                    
0000c42d  __TI_auto_init_nobinit       
0000c481  __TI_doflush                 
0000c4d3  __aeabi_idiv0                
0000c4d5  _Z12NavigateMenui            
0000c525  close                        
0000c575  _Z14SelectMenuItemv          
0000c5c1  HOSTclose                    
0000c609  HOSTunlink                   
0000c651  _Z14SPI_OutCommandc          
0000c699  TIMG7_IRQHandler             
0000c6d9  _Z9SPI_Resetv                
0000c719  __aeabi_uidiv                
0000c719  __aeabi_uidivmod             
0000c799  _Z11SPI_OutDatac             
0000c7d1  _Z15ActivatePortA_Bv         
0000c809  _Z12ST7735_writeiPKcj        
0000c83d  _Z14Clock_Delay1msj          
0000c871  _Z16ST7735_SetCursorjj       
0000c8a5  __TI_cleanup                 
0000c8d9  __TI_readmsg                 
0000c90d  __TI_writemsg                
0000c939  C$$IO$$                      
0000c941  exit                         
0000c975  finddevice                   
0000c9a9  freopen                      
0000ca0d  fopen                        
0000ca3d  _ZN6PlayerC1Ehhb             
0000ca3d  _ZN6PlayerC2Ehhb             
0000ca6b  _nop                         
0000ca6d  _Z13NextRulesPagev           
0000ca99  _Z17ST7735_FillScreent       
0000cac5  unlink                       
0000caf1  TIMG12_IRQHandler            
0000cb19  _Z11Switch_Initv             
0000cb69  write                        
0000cb91  _c_int00_noargs              
0000cbb9  _Z16ST7735_OutStringPc       
0000cbfd  ADC0_IRQHandler              
0000cbfd  ADC1_IRQHandler              
0000cbfd  AES_IRQHandler               
0000cbfd  CANFD0_IRQHandler            
0000cbfd  DAC0_IRQHandler              
0000cbfd  DMA_IRQHandler               
0000cbfd  Default_Handler              
0000cbfd  GROUP0_IRQHandler            
0000cbfd  GROUP1_IRQHandler            
0000cbfd  I2C0_IRQHandler              
0000cbfd  I2C1_IRQHandler              
0000cbfd  NMI_Handler                  
0000cbfd  PendSV_Handler               
0000cbfd  RTC_IRQHandler               
0000cbfd  SPI0_IRQHandler              
0000cbfd  SPI1_IRQHandler              
0000cbfd  SVC_Handler                  
0000cbfd  TIMA0_IRQHandler             
0000cbfd  TIMA1_IRQHandler             
0000cbfd  TIMG0_IRQHandler             
0000cbfd  TIMG6_IRQHandler             
0000cbfd  TIMG8_IRQHandler             
0000cbfd  UART0_IRQHandler             
0000cbfd  UART1_IRQHandler             
0000cbfd  UART2_IRQHandler             
0000cbfd  UART3_IRQHandler             
0000cc19  HardFault_Handler            
0000cc35  _Z22Switch_MenuDownPressedv  
0000cc51  _Z9Switch_Inv                
0000cc89  _ZN8SlidePotC1Ejj            
0000cc89  _ZN8SlidePotC2Ejj            
0000cca3  _Z24Switch_MenuSelectPressedv
0000ccd5  _Z11ST7735_openPKcji         
0000cceb  _Z11ST7735_readiPcj          
0000cd01  __TI_zero_init_nomemset      
0000cd19  _Z19ST7735_SetTextColort     
0000cd55  TI_memcpy_small              
0000cd67  __TI_decompress_none         
0000cd89  _Z11Clock_Delayj             
0000cda7  _Z12ST7735_lseekili          
0000cdd1  TI_memset_small              
0000cde1  _Z10Clock_Freqv              
0000cded  _Z13ST7735_renamePKcS0_      
0000cdf9  __aeabi_memclr               
0000cdf9  __aeabi_memclr4              
0000cdf9  __aeabi_memclr8              
0000ce05  malloc                       
0000ce11  _Z12ST7735_closei            
0000ce1b  _Z13ST7735_unlinkPKc         
0000ce25  _Z8PLL_Initv                 
0000ce31  __aeabi_memcpy               
0000ce31  __aeabi_memcpy4              
0000ce31  __aeabi_memcpy8              
0000ce39  remove                       
0000ce41  Reset_Handler                
0000ce44  C$$EXIT                      
0000ce45  abort                        
0000ce50  SHT$$INIT_ARRAY$$Base        
0000ce54  SHT$$INIT_ARRAY$$Limit       
0000cf5c  __TI_Handler_Table_Base      
0000cf68  __TI_Handler_Table_Limit     
0000cf70  __TI_CINIT_Base              
0000cf80  __TI_CINIT_Limit             
0000cf80  __TI_CINIT_Warm              
20200000  __start___llvm_prf_bits      
20200000  __start___llvm_prf_cnts      
20200000  __stop___llvm_prf_bits       
20200000  __stop___llvm_prf_cnts       
20200000  map                          
20200140  _ftable                      
20200230  _device                      
202002a8  rulesText                    
20200320  _stream                      
20200370  Sensor                       
20200384  player1                      
20200390  player2                      
2020039c  __TI_cleanup_ptr             
202003a0  __TI_dtors_ptr               
202003a4  BusFreq                      
202003a8  StX                          
202003ac  StY                          
202003b0  __TI_ft_end                  
202003b4  _lock                        
202003b8  _unlock                      
202003bc  StTextColor                  
202003c2  currentRulesPage             
202003c3  currentSelection             
202003c5  language                     
202003d0  _sys_memory                  
202005d0  _CIOBUF_                     
202005d0  __CIOBUF_                    
202006f0  __TI_tmpnams                 
20200790  parmbuf                      
20200798  TExaSLogic                   
2020079c  TExaSadc                     
20207e00  __stack                      
20208000  __STACK_END                  
ffffffff  __TI_pprof_out_hndl          
ffffffff  __TI_prof_data_size          
ffffffff  __TI_prof_data_start         
ffffffff  __binit__                    
ffffffff  binit                        
UNDEFED   __mpu_init                   
UNDEFED   _system_post_cinit           

[186 symbols]
