******************************************************************************
            TI ARM Clang Linker Unix v4.0.1                    
******************************************************************************
>> Linked Sat Apr 19 21:07:15 2025

OUTPUT FILE NAME:   <ECE319K_Lab9H.out>
ENTRY POINT SYMBOL: "_c_int00_noargs"  address: 0000242d


MEMORY CONFIGURATION

         name            origin    length      used     unused   attr    fill
----------------------  --------  ---------  --------  --------  ----  --------
  FLASH                 00000000   00020000  00003550  0001cab0  R  X
  SRAM                  20200000   00008000  0000093c  000076c4  RW X
  BCR_CONFIG            41c00000   00000080  00000000  00000080  R   
  BSL_CONFIG            41c00100   00000080  00000000  00000080  R   


SEGMENT ALLOCATION MAP

run origin  load origin   length   init length attrs members
----------  ----------- ---------- ----------- ----- -------
00000000    00000000    00003550   00003550    r-x
  00000000    00000000    000000c0   000000c0    r-- .intvecs
  000000c0    000000c0    00002670   00002670    r-x .text
  00002730    00002730    00000d38   00000d38    r-- .rodata
  00003468    00003468    00000008   00000008    r-- .init_array
  00003470    00003470    000000e0   000000e0    r-- .cinit
20200000    20200000    0000073f   00000000    rw-
  20200000    20200000    00000355   00000000    rw- .data
  20200358    20200358    00000200   00000000    rw- .sysmem
  20200558    20200558    000001e7   00000000    rw- .bss
20207e00    20207e00    00000200   00000000    rw-
  20207e00    20207e00    00000200   00000000    rw- .stack


SECTION ALLOCATION MAP

 output                                  attributes/
section   page    origin      length       input sections
--------  ----  ----------  ----------   ----------------
.intvecs   0    00000000    000000c0     
                  00000000    000000c0     startup_mspm0g3507_ticlang.o (.intvecs)

.binit     0    00000000    00000000     

.text      0    000000c0    00002670     
                  000000c0    00000210     ST7735.o (.text._Z17ST7735_DrawBitmapssPKtss)
                  000002d0    000001b4     Clock.o (.text._Z15Clock_Init80MHzi)
                  00000484    000001a0     ST7735.o (.text._Z16ST7735_DrawCharSsscssh)
                  00000624    00000154     libc.a : fopen.c.obj (.text._openfile)
                  00000778    00000124     Map.o (.text._Z7DrawMapv)
                  0000089c    00000118     ST7735.o (.text._Z15ST7735_FillRectsssst)
                  000009b4    00000114     libc.a : memory.c.obj (.text.aligned_alloc)
                  00000ac8    0000010c     Player.o (.text._ZNK6Player5eraseEv)
                  00000bd4    000000fc     Lab9HMain.o (.text.main)
                  00000cd0    000000f8     SPI.o (.text._Z8SPI_Initv)
                  00000dc8    000000f8     Player.o (.text._ZN6Player11collectItemEv)
                  00000ec0    000000ec     libsysbm.a : add_device.c.obj (.text.add_device)
                  00000fac    000000e8     libc.a : memory.c.obj (.text.free)
                  00001094    000000e0            : setvbuf.c.obj (.text.setvbuf)
                  00001174    000000d0     ST7735.o (.text._Z14ST7735_OutCharc)
                  00001244    000000a2     ST7735.o (.text._ZL11commandListPKh)
                  000012e6    00000002     Sound.o (.text.SysTick_Handler)
                  000012e8    000000a0     libsysbm.a : open.c.obj (.text.open)
                  00001388    0000009c     ST7735.o (.text._Z17ST7735_InitPrintfv)
                  00001424    00000098     ST7735.o (.text._Z12ST7735_InitR10initRFlags)
                  000014bc    0000008c     Map.o (.text._Z14DrawScoreBoardv)
                  00001548    00000088     ST7735.o (.text._ZL13setAddrWindowhhhh)
                  000015d0    00000088     libc.a : strcmp-armv6m.S.obj (.text:strcmp)
                  00001658    00000084     ST7735.o (.text._Z14ST7735_OutUDecj)
                  000016dc    00000084     ST7735.o (.text._Z17ST7735_DrawStringttPcs)
                  00001760    0000007c     LaunchPad.o (.text._Z14LaunchPad_Initv)
                  000017dc    0000007c     libc.a : fclose.c.obj (.text.__TI_closefile)
                  00001858    0000007c            : copy_decompress_lzss.c.obj (.text:decompress:lzss)
                  000018d4    00000074     Player.o (.text._ZN6Player4moveEaa)
                  00001948    00000070     ST7735.o (.text._Z16ST7735_DrawPixelsst)
                  000019b8    0000006c     libsysbm.a : hostlseek.c.obj (.text.HOSTlseek)
                  00001a24    0000006c                : hostrename.c.obj (.text.HOSTrename)
                  00001a90    0000006c     libc.a : getdevice.c.obj (.text.getdevice)
                  00001afc    00000064            : memory.c.obj (.text.split)
                  00001b60    00000060     libsysbm.a : hostopen.c.obj (.text.HOSTopen)
                  00001bc0    00000058                : hostread.c.obj (.text.HOSTread)
                  00001c18    00000058                : hostwrite.c.obj (.text.HOSTwrite)
                  00001c70    00000058     Player.o (.text._ZNK6Player4drawEv)
                  00001cc8    00000054     ST7735.o (.text._Z11fillmessagej)
                  00001d1c    00000054     libc.a : autoinit.c.obj (.text:__TI_auto_init_nobinit)
                  00001d70    00000052            : fflush.c.obj (.text.__TI_doflush)
                  00001dc2    00000002     libclang_rt.builtins.a : aeabi_div0.c.obj (.text.__aeabi_idiv0)
                  00001dc4    00000050     libsysbm.a : close.c.obj (.text.close)
                  00001e14    00000048                : hostclose.c.obj (.text.HOSTclose)
                  00001e5c    00000048                : hostunlink.c.obj (.text.HOSTunlink)
                  00001ea4    00000048     SPI.o (.text._Z14SPI_OutCommandc)
                  00001eec    00000040     TExaS.o (.text.TIMG7_IRQHandler)
                  00001f2c    00000040     SPI.o (.text._Z9SPI_Resetv)
                  00001f6c    00000040     libclang_rt.builtins.a : aeabi_uidivmod.S.obj (.text.__aeabi_uidivmod)
                  00001fac    00000040     libc.a : fopen.c.obj (.text._search_fp)
                  00001fec    0000003c     Map.o (.text._Z10UpdateCoinii)
                  00002028    0000003c     Player.o (.text._ZN6PlayerC2Ehhbh)
                  00002064    00000038     SPI.o (.text._Z11SPI_OutDatac)
                  0000209c    00000038     LaunchPad.o (.text._Z15ActivatePortA_Bv)
                  000020d4    00000034     ST7735.o (.text._Z12ST7735_writeiPKcj)
                  00002108    00000034     Clock.o (.text._Z14Clock_Delay1msj)
                  0000213c    00000034     ST7735.o (.text._Z16ST7735_SetCursorjj)
                  00002170    00000034     libc.a : fopen.c.obj (.text.__TI_cleanup)
                  000021a4    00000034     libsysbm.a : trgmsg.c.obj (.text.__TI_readmsg)
                  000021d8    00000034                : trgmsg.c.obj (.text.__TI_writemsg)
                  0000220c    00000034     libc.a : exit.c.obj (.text.exit)
                  00002240    00000034            : getdevice.c.obj (.text.finddevice)
                  00002274    00000034            : fopen.c.obj (.text.freopen)
                  000022a8    00000030     ST7735.o (.text._ZL10commonInitPKh)
                  000022d8    00000030     libc.a : fopen.c.obj (.text.fopen)
                  00002308    0000002c     ST7735.o (.text._Z17ST7735_FillScreent)
                  00002334    0000002c     libsysbm.a : unlink.c.obj (.text.unlink)
                  00002360    0000002a     Switch.o (.text._Z10temppickupv)
                  0000238a    00000002     libc.a : _lock.c.obj (.text._nop)
                  0000238c    00000028     Lab9HMain.o (.text.TIMG12_IRQHandler)
                  000023b4    00000028     Switch.o (.text._Z11Switch_Initv)
                  000023dc    00000028     libc.a : memory.c.obj (.text.free_list_insert)
                  00002404    00000028     libsysbm.a : write.c.obj (.text.write)
                  0000242c    00000028     libc.a : boot_cortex_m.c.obj (.text:_c_int00_noargs)
                  00002454    00000026     ST7735.o (.text._Z16ST7735_OutStringPc)
                  0000247a    0000001e     ST7735.o (.text._ZL9pushColort)
                  00002498    0000001c     startup_mspm0g3507_ticlang.o (.text.Default_Handler)
                  000024b4    0000001c     startup_mspm0g3507_ticlang.o (.text.HardFault_Handler)
                  000024d0    0000001c     Switch.o (.text._Z22Switch_MenuDownPressedv)
                  000024ec    0000001c     Switch.o (.text._Z9Switch_Inv)
                  00002508    0000001c     Lab9HMain.o (.text.__cxx_global_var_init.1)
                  00002524    0000001c     Lab9HMain.o (.text.__cxx_global_var_init.2)
                  00002540    0000001c     libc.a : memory.c.obj (.text.free_list_remove)
                  0000255c    0000001a     SlidePot.o (.text._ZN8SlidePotC2Ejj)
                  00002576    00000018     Switch.o (.text._Z11Switch_P1B1v)
                  0000258e    00000018     Switch.o (.text._Z24Switch_MenuSelectPressedv)
                  000025a6    00000002     --HOLE-- [fill = 0]
                  000025a8    00000018     Lab9HMain.o (.text.__cxx_global_var_init)
                  000025c0    00000016     ST7735.o (.text._Z11ST7735_openPKcji)
                  000025d6    00000016     ST7735.o (.text._Z11ST7735_readiPcj)
                  000025ec    00000016     libc.a : copy_zero_init.c.obj (.text:decompress:ZI:__TI_zero_init_nomemset)
                  00002602    00000014     Switch.o (.text._Z11Switch_P1B2v)
                  00002616    00000012     libc.a : memcpy16.S.obj (.text:TI_memcpy_small)
                  00002628    00000012            : copy_decompress_none.c.obj (.text:decompress:none)
                  0000263a    00000010     Lab9HMain.o (.text._GLOBAL__sub_I_Lab9HMain.cpp)
                  0000264a    00000010     Clock.o (.text._Z11Clock_Delayj)
                  0000265a    00000010     Player.o (.text._ZN6Player10setPowerupE11PowerupType)
                  0000266a    0000000e     libc.a : memory.c.obj (.text.OUTLINED_FUNCTION_0)
                  00002678    0000000e     ST7735.o (.text._Z12ST7735_lseekili)
                  00002686    0000000e     libsysbm.a : hostrename.c.obj (.text.strcpy)
                  00002694    0000000e                : hostrename.c.obj (.text.strlen)
                  000026a2    0000000e     libc.a : memset16.S.obj (.text:TI_memset_small)
                  000026b0    0000000c     Clock.o (.text._Z10Clock_Freqv)
                  000026bc    0000000c     ST7735.o (.text._Z13ST7735_renamePKcS0_)
                  000026c8    0000000c     Player.o (.text._ZNK6Player10getPowerupEv)
                  000026d4    0000000c     libclang_rt.builtins.a : aeabi_memset.S.obj (.text.__aeabi_memclr)
                  000026e0    0000000c     libc.a : memory.c.obj (.text.malloc)
                  000026ec    0000000a     ST7735.o (.text._Z12ST7735_closei)
                  000026f6    0000000a     ST7735.o (.text._Z13ST7735_unlinkPKc)
                  00002700    0000000a     Lab9HMain.o (.text._Z8PLL_Initv)
                  0000270a    00000002     --HOLE-- [fill = 0]
                  0000270c    00000008     libclang_rt.builtins.a : aeabi_memcpy.S.obj (.text.__aeabi_memcpy)
                  00002714    00000008     libsysbm.a : remove.c.obj (.text.remove)
                  0000271c    00000004     startup_mspm0g3507_ticlang.o (.text.Reset_Handler)
                  00002720    00000004     libc.a : pre_init.c.obj (.text._system_pre_init)
                  00002724    00000004            : exit.c.obj (.text:abort)
                  00002728    00000008     --HOLE-- [fill = 0]

.cinit     0    00003470    000000e0     
                  00003470    000000b5     (.cinit..data.load) [load image, compression = lzss]
                  00003525    00000003     --HOLE-- [fill = 0]
                  00003528    0000000c     (__TI_handler_table)
                  00003534    00000008     (.cinit..bss.load) [load image, compression = zero_init]
                  0000353c    00000010     (__TI_cinit_table)
                  0000354c    00000004     --HOLE-- [fill = 0]

.rodata    0    00002730    00000d38     
                  00002730    000004fb     ST7735.o (.rodata._ZL4Font)
                  00002c2b    00000001     --HOLE-- [fill = 0]
                  00002c2c    00000080     Map.o (.rodata._ZL10CoinSprite)
                  00002cac    00000080     Player.o (.rodata._ZL10CoinSprite)
                  00002d2c    00000080     Map.o (.rodata._ZL10MineSprite)
                  00002dac    00000080     Player.o (.rodata._ZL10MineSprite)
                  00002e2c    00000080     Map.o (.rodata._ZL10WallSprite)
                  00002eac    00000080     Player.o (.rodata._ZL10WallSprite)
                  00002f2c    00000080     Map.o (.rodata._ZL11GhostSprite)
                  00002fac    00000080     Player.o (.rodata._ZL11GhostSprite)
                  0000302c    00000080     Map.o (.rodata._ZL11SpeedSprite)
                  000030ac    00000080     Player.o (.rodata._ZL11SpeedSprite)
                  0000312c    00000080     Map.o (.rodata._ZL12BorderSprite)
                  000031ac    00000080     Player.o (.rodata._ZL12BorderSprite)
                  0000322c    00000080     Player.o (.rodata._ZL12ChaserSprite)
                  000032ac    00000080     Player.o (.rodata._ZL12RunnerSprite)
                  0000332c    00000080     Player.o (.rodata._ZL5Black)
                  000033ac    0000003b     ST7735.o (.rodata._ZL5Rcmd1)
                  000033e7    0000002b     ST7735.o (.rodata._ZL5Rcmd3)
                  00003412    00000016     ST7735.o (.rodata.str1.10454047957466484921)
                  00003428    0000000d     ST7735.o (.rodata._ZL10Rcmd2green)
                  00003435    0000000d     ST7735.o (.rodata._ZL8Rcmd2red)
                  00003442    00000008     ST7735.o (.rodata.str1.47795681660940027721)
                  0000344a    00000007     ST7735.o (.rodata.str1.144587199919105078391)
                  00003451    00000007     ST7735.o (.rodata.str1.65889865058515175131)
                  00003458    00000004     Map.o (.rodata.str1.29466752115243444881)
                  0000345c    00000004     Map.o (.rodata.str1.37039636534899337951)
                  00003460    00000002     ST7735.o (.rodata.str1.12956530834739612181)
                  00003462    00000006     --HOLE-- [fill = 0]

.init_array 
*          0    00003468    00000008     
                  00003468    00000004     Lab9HMain.o (.init_array)
                  0000346c    00000004     --HOLE-- [fill = 0]

.data      0    20200000    00000355     UNINITIALIZED
                  20200000    00000140     Map.o (.data.map)
                  20200140    000000f0     libc.a : defs.c.obj (.data._ftable)
                  20200230    00000078     libsysbm.a : host_device.c.obj (.data._device)
                  202002a8    00000050                : host_device.c.obj (.data._stream)
                  202002f8    00000014     Lab9HMain.o (.data.Sensor)
                  2020030c    0000000c     Lab9HMain.o (.data.player1)
                  20200318    0000000c     Lab9HMain.o (.data.player2)
                  20200324    00000008     libc.a : exit.c.obj (.data..L_MergedGlobals)
                  2020032c    00000004     Clock.o (.data.BusFreq)
                  20200330    00000004     ST7735.o (.data.StX)
                  20200334    00000004     ST7735.o (.data.StY)
                  20200338    00000004     libc.a : defs.c.obj (.data.__TI_ft_end)
                  2020033c    00000004            : _lock.c.obj (.data._lock)
                  20200340    00000004            : _lock.c.obj (.data._unlock)
                  20200344    00000002     ST7735.o (.data.StTextColor)
                  20200346    00000002     ST7735.o (.data._ZL6_width)
                  20200348    00000002     ST7735.o (.data._ZL7_height)
                  2020034a    00000002     --HOLE--
                  2020034c    00000001     libsysbm.a : add_device.c.obj (.data.add_device.device_init)
                  2020034d    00000003     --HOLE--
                  20200350    00000001     libc.a : memory.c.obj (.data.memory_is_initialized)
                  20200351    00000003     --HOLE--
                  20200354    00000001     libsysbm.a : open.c.obj (.data.open.stream_init)

.sysmem    0    20200358    00000200     UNINITIALIZED
                  20200358    00000010     libc.a : memory.c.obj (.sysmem)
                  20200368    000001f0     --HOLE--

.bss       0    20200558    000001e7     UNINITIALIZED
                  20200558    00000120     libsysbm.a : trgmsg.c.obj (.bss:_CIOBUF_)
                  20200678    000000a0     libc.a : defs.c.obj (.bss.__TI_tmpnams)
                  20200718    0000000c     ST7735.o (.bss.Message)
                  20200724    00000008     libsysbm.a : hostopen.c.obj (.bss.parmbuf)
                  2020072c    00000004     ST7735.o (.bss.Messageindex)
                  20200730    00000004     TExaS.o (.bss.TExaSLogic)
                  20200734    00000004     TExaS.o (.bss.TExaSadc)
                  20200738    00000004     libc.a : memory.c.obj (.bss.sys_free)
                  2020073c    00000001     ST7735.o (.bss._ZL8ColStart)
                  2020073d    00000001     ST7735.o (.bss._ZL8RowStart)
                  2020073e    00000001     ST7735.o (.bss._ZL8TabColor)

.stack     0    20207e00    00000200     UNINITIALIZED
                  20207e00    00000004     libc.a : boot_cortex_m.c.obj (.stack)
                  20207e04    000001fc     --HOLE--

__llvm_prf_cnts 
*          0    20200000    00000000     UNINITIALIZED

__llvm_prf_bits 
*          0    20200000    00000000     UNINITIALIZED

MODULE SUMMARY

       Module                         code   ro data   rw data
       ------                         ----   -------   -------
    ./
       ST7735.o                       2852   1449      33     
       Player.o                       808    1152      0      
       Map.o                          492    776       320    
       Clock.o                        516    0         4      
       Lab9HMain.o                    398    4         44     
       SPI.o                          440    0         0      
       Switch.o                       206    0         0      
       LaunchPad.o                    180    0         0      
       TExaS.o                        64     0         8      
       SlidePot.o                     26     0         0      
       Sound.o                        2      0         0      
    +--+------------------------------+------+---------+---------+
       Total:                         5984   3381      409    
                                                              
    ./ticlang/
       startup_mspm0g3507_ticlang.o   60     192       0      
    +--+------------------------------+------+---------+---------+
       Total:                         60     192       0      
                                                              
    /Applications/ti/ccs2000/ccs/tools/compiler/ti-cgt-armllvm_4.0.1.LTS/lib/armv6m-ti-none-eabi/c/libc.a
       memory.c.obj                   702    0         5      
       fopen.c.obj                    556    0         0      
       defs.c.obj                     0      0         404    
       setvbuf.c.obj                  224    0         0      
       getdevice.c.obj                160    0         0      
       strcmp-armv6m.S.obj            136    0         0      
       copy_decompress_lzss.c.obj     124    0         0      
       fclose.c.obj                   124    0         0      
       autoinit.c.obj                 84     0         0      
       fflush.c.obj                   82     0         0      
       exit.c.obj                     56     0         8      
       boot_cortex_m.c.obj            40     0         0      
       copy_zero_init.c.obj           22     0         0      
       copy_decompress_none.c.obj     18     0         0      
       memcpy16.S.obj                 18     0         0      
       memset16.S.obj                 14     0         0      
       _lock.c.obj                    2      0         8      
       pre_init.c.obj                 4      0         0      
    +--+------------------------------+------+---------+---------+
       Total:                         2366   0         425    
                                                              
    /Applications/ti/ccs2000/ccs/tools/compiler/ti-cgt-armllvm_4.0.1.LTS/lib/armv6m-ti-none-eabi/c/libsysbm.a
       trgmsg.c.obj                   104    0         288    
       add_device.c.obj               236    0         1      
       host_device.c.obj              0      0         200    
       open.c.obj                     160    0         1      
       hostrename.c.obj               136    0         0      
       hostlseek.c.obj                108    0         0      
       hostopen.c.obj                 96     0         8      
       hostread.c.obj                 88     0         0      
       hostwrite.c.obj                88     0         0      
       close.c.obj                    80     0         0      
       hostclose.c.obj                72     0         0      
       hostunlink.c.obj               72     0         0      
       unlink.c.obj                   44     0         0      
       write.c.obj                    40     0         0      
       remove.c.obj                   8      0         0      
    +--+------------------------------+------+---------+---------+
       Total:                         1332   0         498    
                                                              
    /Applications/ti/ccs2000/ccs/tools/compiler/ti-cgt-armllvm_4.0.1.LTS/lib/armv6m-ti-none-eabi/libclang_rt.builtins.a
       aeabi_uidivmod.S.obj           64     0         0      
       aeabi_memset.S.obj             12     0         0      
       aeabi_memcpy.S.obj             8      0         0      
       aeabi_div0.c.obj               2      0         0      
    +--+------------------------------+------+---------+---------+
       Total:                         86     0         0      
                                                              
       Heap:                          0      0         512    
       Stack:                         0      0         512    
       Linker Generated:              0      217       0      
    +--+------------------------------+------+---------+---------+
       Grand Total:                   9828   3790      2356   


LINKER GENERATED COPY TABLES

__TI_cinit_table @ 0000353c records: 2, size/record: 8, table size: 16
	.data: load addr=00003470, load size=000000b5 bytes, run addr=20200000, run size=00000355 bytes, compression=lzss
	.bss: load addr=00003534, load size=00000008 bytes, run addr=20200558, run size=000001e7 bytes, compression=zero_init


LINKER GENERATED HANDLER TABLE

__TI_handler_table @ 00003528 records: 3, size/record: 4, table size: 12
	index: 0, handler: __TI_decompress_lzss
	index: 1, handler: __TI_decompress_none
	index: 2, handler: __TI_zero_init


GLOBAL SYMBOLS: SORTED ALPHABETICALLY BY Name 

address   name                                
-------   ----                                
00002499  ADC0_IRQHandler                     
00002499  ADC1_IRQHandler                     
00002499  AES_IRQHandler                      
2020032c  BusFreq                             
00002724  C$$EXIT                             
00002205  C$$IO$$                             
00002499  CANFD0_IRQHandler                   
00002499  DAC0_IRQHandler                     
00002499  DMA_IRQHandler                      
00002499  Default_Handler                     
00002499  GROUP0_IRQHandler                   
00002499  GROUP1_IRQHandler                   
00001e15  HOSTclose                           
000019b9  HOSTlseek                           
00001b61  HOSTopen                            
00001bc1  HOSTread                            
00001a25  HOSTrename                          
00001e5d  HOSTunlink                          
00001c19  HOSTwrite                           
000024b5  HardFault_Handler                   
00002499  I2C0_IRQHandler                     
00002499  I2C1_IRQHandler                     
20200718  Message                             
2020072c  Messageindex                        
00002499  NMI_Handler                         
00002499  PendSV_Handler                      
00002499  RTC_IRQHandler                      
0000271d  Reset_Handler                       
00003468  SHT$$INIT_ARRAY$$Base               
0000346c  SHT$$INIT_ARRAY$$Limit              
00002499  SPI0_IRQHandler                     
00002499  SPI1_IRQHandler                     
00002499  SVC_Handler                         
202002f8  Sensor                              
20200344  StTextColor                         
20200330  StX                                 
20200334  StY                                 
000012e7  SysTick_Handler                     
20200730  TExaSLogic                          
20200734  TExaSadc                            
00002499  TIMA0_IRQHandler                    
00002499  TIMA1_IRQHandler                    
00002499  TIMG0_IRQHandler                    
0000238d  TIMG12_IRQHandler                   
00002499  TIMG6_IRQHandler                    
00001eed  TIMG7_IRQHandler                    
00002499  TIMG8_IRQHandler                    
00002617  TI_memcpy_small                     
000026a3  TI_memset_small                     
00002499  UART0_IRQHandler                    
00002499  UART1_IRQHandler                    
00002499  UART2_IRQHandler                    
00002499  UART3_IRQHandler                    
20200558  _CIOBUF_                            
000026b1  _Z10Clock_Freqv                     
00001fed  _Z10UpdateCoinii                    
00002361  _Z10temppickupv                     
0000264b  _Z11Clock_Delayj                    
00002065  _Z11SPI_OutDatac                    
000025c1  _Z11ST7735_openPKcji                
000025d7  _Z11ST7735_readiPcj                 
000023b5  _Z11Switch_Initv                    
00002577  _Z11Switch_P1B1v                    
00002603  _Z11Switch_P1B2v                    
00001cc9  _Z11fillmessagej                    
00001425  _Z12ST7735_InitR10initRFlags        
000026ed  _Z12ST7735_closei                   
00002679  _Z12ST7735_lseekili                 
000020d5  _Z12ST7735_writeiPKcj               
000026bd  _Z13ST7735_renamePKcS0_             
000026f7  _Z13ST7735_unlinkPKc                
00002109  _Z14Clock_Delay1msj                 
000014bd  _Z14DrawScoreBoardv                 
00001761  _Z14LaunchPad_Initv                 
00001ea5  _Z14SPI_OutCommandc                 
00001175  _Z14ST7735_OutCharc                 
00001659  _Z14ST7735_OutUDecj                 
0000209d  _Z15ActivatePortA_Bv                
000002d1  _Z15Clock_Init80MHzi                
0000089d  _Z15ST7735_FillRectsssst            
00000485  _Z16ST7735_DrawCharSsscssh          
00001949  _Z16ST7735_DrawPixelsst             
00002455  _Z16ST7735_OutStringPc              
0000213d  _Z16ST7735_SetCursorjj              
000000c1  _Z17ST7735_DrawBitmapssPKtss        
000016dd  _Z17ST7735_DrawStringttPcs          
00002309  _Z17ST7735_FillScreent              
00001389  _Z17ST7735_InitPrintfv              
000024d1  _Z22Switch_MenuDownPressedv         
0000258f  _Z24Switch_MenuSelectPressedv       
00000779  _Z7DrawMapv                         
00002701  _Z8PLL_Initv                        
00000cd1  _Z8SPI_Initv                        
00001f2d  _Z9SPI_Resetv                       
000024ed  _Z9Switch_Inv                       
0000265b  _ZN6Player10setPowerupE11PowerupType
00000dc9  _ZN6Player11collectItemEv           
000018d5  _ZN6Player4moveEaa                  
00002029  _ZN6PlayerC1Ehhbh                   
00002029  _ZN6PlayerC2Ehhbh                   
0000255d  _ZN8SlidePotC1Ejj                   
0000255d  _ZN8SlidePotC2Ejj                   
000026c9  _ZNK6Player10getPowerupEv           
00001c71  _ZNK6Player4drawEv                  
00000ac9  _ZNK6Player5eraseEv                 
20200558  __CIOBUF_                           
20208000  __STACK_END                         
00000200  __STACK_SIZE                        
00000200  __SYSMEM_SIZE                       
00000000  __TI_ATRegion0_region_sz            
00000000  __TI_ATRegion0_src_addr             
00000000  __TI_ATRegion0_trg_addr             
00000000  __TI_ATRegion1_region_sz            
00000000  __TI_ATRegion1_src_addr             
00000000  __TI_ATRegion1_trg_addr             
00000000  __TI_ATRegion2_region_sz            
00000000  __TI_ATRegion2_src_addr             
00000000  __TI_ATRegion2_trg_addr             
0000353c  __TI_CINIT_Base                     
0000354c  __TI_CINIT_Limit                    
0000354c  __TI_CINIT_Warm                     
00003528  __TI_Handler_Table_Base             
00003534  __TI_Handler_Table_Limit            
00001d1d  __TI_auto_init_nobinit              
00002171  __TI_cleanup                        
20200324  __TI_cleanup_ptr                    
000017dd  __TI_closefile                      
00001859  __TI_decompress_lzss                
00002629  __TI_decompress_none                
00001d71  __TI_doflush                        
20200328  __TI_dtors_ptr                      
20200338  __TI_ft_end                         
ffffffff  __TI_pprof_out_hndl                 
ffffffff  __TI_prof_data_size                 
ffffffff  __TI_prof_data_start                
000021a5  __TI_readmsg                        
00000000  __TI_static_base__                  
20200678  __TI_tmpnams                        
000021d9  __TI_writemsg                       
000025ed  __TI_zero_init_nomemset             
00001dc3  __aeabi_idiv0                       
000026d5  __aeabi_memclr                      
000026d5  __aeabi_memclr4                     
000026d5  __aeabi_memclr8                     
0000270d  __aeabi_memcpy                      
0000270d  __aeabi_memcpy4                     
0000270d  __aeabi_memcpy8                     
00001f6d  __aeabi_uidiv                       
00001f6d  __aeabi_uidivmod                    
ffffffff  __binit__                           
UNDEFED   __mpu_init                          
20207e00  __stack                             
20200000  __start___llvm_prf_bits             
20200000  __start___llvm_prf_cnts             
20200000  __stop___llvm_prf_bits              
20200000  __stop___llvm_prf_cnts              
0000242d  _c_int00_noargs                     
20200230  _device                             
20200140  _ftable                             
2020033c  _lock                               
0000238b  _nop                                
202002a8  _stream                             
20200358  _sys_memory                         
UNDEFED   _system_post_cinit                  
00002721  _system_pre_init                    
20200340  _unlock                             
00002725  abort                               
00000ec1  add_device                          
000009b5  aligned_alloc                       
ffffffff  binit                               
00001dc5  close                               
0000220d  exit                                
00002241  finddevice                          
000022d9  fopen                               
00000fad  free                                
00002275  freopen                             
00001a91  getdevice                           
00000000  interruptVectors                    
00000bd5  main                                
000026e1  malloc                              
20200000  map                                 
000009b5  memalign                            
000012e9  open                                
20200724  parmbuf                             
2020030c  player1                             
20200318  player2                             
00002715  remove                              
00001095  setvbuf                             
000015d1  strcmp                              
00002335  unlink                              
00002405  write                               


GLOBAL SYMBOLS: SORTED BY Symbol Address 

address   name                                
-------   ----                                
00000000  __TI_ATRegion0_region_sz            
00000000  __TI_ATRegion0_src_addr             
00000000  __TI_ATRegion0_trg_addr             
00000000  __TI_ATRegion1_region_sz            
00000000  __TI_ATRegion1_src_addr             
00000000  __TI_ATRegion1_trg_addr             
00000000  __TI_ATRegion2_region_sz            
00000000  __TI_ATRegion2_src_addr             
00000000  __TI_ATRegion2_trg_addr             
00000000  __TI_static_base__                  
00000000  interruptVectors                    
000000c1  _Z17ST7735_DrawBitmapssPKtss        
00000200  __STACK_SIZE                        
00000200  __SYSMEM_SIZE                       
000002d1  _Z15Clock_Init80MHzi                
00000485  _Z16ST7735_DrawCharSsscssh          
00000779  _Z7DrawMapv                         
0000089d  _Z15ST7735_FillRectsssst            
000009b5  aligned_alloc                       
000009b5  memalign                            
00000ac9  _ZNK6Player5eraseEv                 
00000bd5  main                                
00000cd1  _Z8SPI_Initv                        
00000dc9  _ZN6Player11collectItemEv           
00000ec1  add_device                          
00000fad  free                                
00001095  setvbuf                             
00001175  _Z14ST7735_OutCharc                 
000012e7  SysTick_Handler                     
000012e9  open                                
00001389  _Z17ST7735_InitPrintfv              
00001425  _Z12ST7735_InitR10initRFlags        
000014bd  _Z14DrawScoreBoardv                 
000015d1  strcmp                              
00001659  _Z14ST7735_OutUDecj                 
000016dd  _Z17ST7735_DrawStringttPcs          
00001761  _Z14LaunchPad_Initv                 
000017dd  __TI_closefile                      
00001859  __TI_decompress_lzss                
000018d5  _ZN6Player4moveEaa                  
00001949  _Z16ST7735_DrawPixelsst             
000019b9  HOSTlseek                           
00001a25  HOSTrename                          
00001a91  getdevice                           
00001b61  HOSTopen                            
00001bc1  HOSTread                            
00001c19  HOSTwrite                           
00001c71  _ZNK6Player4drawEv                  
00001cc9  _Z11fillmessagej                    
00001d1d  __TI_auto_init_nobinit              
00001d71  __TI_doflush                        
00001dc3  __aeabi_idiv0                       
00001dc5  close                               
00001e15  HOSTclose                           
00001e5d  HOSTunlink                          
00001ea5  _Z14SPI_OutCommandc                 
00001eed  TIMG7_IRQHandler                    
00001f2d  _Z9SPI_Resetv                       
00001f6d  __aeabi_uidiv                       
00001f6d  __aeabi_uidivmod                    
00001fed  _Z10UpdateCoinii                    
00002029  _ZN6PlayerC1Ehhbh                   
00002029  _ZN6PlayerC2Ehhbh                   
00002065  _Z11SPI_OutDatac                    
0000209d  _Z15ActivatePortA_Bv                
000020d5  _Z12ST7735_writeiPKcj               
00002109  _Z14Clock_Delay1msj                 
0000213d  _Z16ST7735_SetCursorjj              
00002171  __TI_cleanup                        
000021a5  __TI_readmsg                        
000021d9  __TI_writemsg                       
00002205  C$$IO$$                             
0000220d  exit                                
00002241  finddevice                          
00002275  freopen                             
000022d9  fopen                               
00002309  _Z17ST7735_FillScreent              
00002335  unlink                              
00002361  _Z10temppickupv                     
0000238b  _nop                                
0000238d  TIMG12_IRQHandler                   
000023b5  _Z11Switch_Initv                    
00002405  write                               
0000242d  _c_int00_noargs                     
00002455  _Z16ST7735_OutStringPc              
00002499  ADC0_IRQHandler                     
00002499  ADC1_IRQHandler                     
00002499  AES_IRQHandler                      
00002499  CANFD0_IRQHandler                   
00002499  DAC0_IRQHandler                     
00002499  DMA_IRQHandler                      
00002499  Default_Handler                     
00002499  GROUP0_IRQHandler                   
00002499  GROUP1_IRQHandler                   
00002499  I2C0_IRQHandler                     
00002499  I2C1_IRQHandler                     
00002499  NMI_Handler                         
00002499  PendSV_Handler                      
00002499  RTC_IRQHandler                      
00002499  SPI0_IRQHandler                     
00002499  SPI1_IRQHandler                     
00002499  SVC_Handler                         
00002499  TIMA0_IRQHandler                    
00002499  TIMA1_IRQHandler                    
00002499  TIMG0_IRQHandler                    
00002499  TIMG6_IRQHandler                    
00002499  TIMG8_IRQHandler                    
00002499  UART0_IRQHandler                    
00002499  UART1_IRQHandler                    
00002499  UART2_IRQHandler                    
00002499  UART3_IRQHandler                    
000024b5  HardFault_Handler                   
000024d1  _Z22Switch_MenuDownPressedv         
000024ed  _Z9Switch_Inv                       
0000255d  _ZN8SlidePotC1Ejj                   
0000255d  _ZN8SlidePotC2Ejj                   
00002577  _Z11Switch_P1B1v                    
0000258f  _Z24Switch_MenuSelectPressedv       
000025c1  _Z11ST7735_openPKcji                
000025d7  _Z11ST7735_readiPcj                 
000025ed  __TI_zero_init_nomemset             
00002603  _Z11Switch_P1B2v                    
00002617  TI_memcpy_small                     
00002629  __TI_decompress_none                
0000264b  _Z11Clock_Delayj                    
0000265b  _ZN6Player10setPowerupE11PowerupType
00002679  _Z12ST7735_lseekili                 
000026a3  TI_memset_small                     
000026b1  _Z10Clock_Freqv                     
000026bd  _Z13ST7735_renamePKcS0_             
000026c9  _ZNK6Player10getPowerupEv           
000026d5  __aeabi_memclr                      
000026d5  __aeabi_memclr4                     
000026d5  __aeabi_memclr8                     
000026e1  malloc                              
000026ed  _Z12ST7735_closei                   
000026f7  _Z13ST7735_unlinkPKc                
00002701  _Z8PLL_Initv                        
0000270d  __aeabi_memcpy                      
0000270d  __aeabi_memcpy4                     
0000270d  __aeabi_memcpy8                     
00002715  remove                              
0000271d  Reset_Handler                       
00002721  _system_pre_init                    
00002724  C$$EXIT                             
00002725  abort                               
00003468  SHT$$INIT_ARRAY$$Base               
0000346c  SHT$$INIT_ARRAY$$Limit              
00003528  __TI_Handler_Table_Base             
00003534  __TI_Handler_Table_Limit            
0000353c  __TI_CINIT_Base                     
0000354c  __TI_CINIT_Limit                    
0000354c  __TI_CINIT_Warm                     
20200000  __start___llvm_prf_bits             
20200000  __start___llvm_prf_cnts             
20200000  __stop___llvm_prf_bits              
20200000  __stop___llvm_prf_cnts              
20200000  map                                 
20200140  _ftable                             
20200230  _device                             
202002a8  _stream                             
202002f8  Sensor                              
2020030c  player1                             
20200318  player2                             
20200324  __TI_cleanup_ptr                    
20200328  __TI_dtors_ptr                      
2020032c  BusFreq                             
20200330  StX                                 
20200334  StY                                 
20200338  __TI_ft_end                         
2020033c  _lock                               
20200340  _unlock                             
20200344  StTextColor                         
20200358  _sys_memory                         
20200558  _CIOBUF_                            
20200558  __CIOBUF_                           
20200678  __TI_tmpnams                        
20200718  Message                             
20200724  parmbuf                             
2020072c  Messageindex                        
20200730  TExaSLogic                          
20200734  TExaSadc                            
20207e00  __stack                             
20208000  __STACK_END                         
ffffffff  __TI_pprof_out_hndl                 
ffffffff  __TI_prof_data_size                 
ffffffff  __TI_prof_data_start                
ffffffff  __binit__                           
ffffffff  binit                               
UNDEFED   __mpu_init                          
UNDEFED   _system_post_cinit                  

[191 symbols]
