<?xml version="1.0" encoding="ISO-8859-1" ?>
<link_info>
   <banner>TI ARM Clang Linker Unix v4.0.1.LTS</banner>
   <copyright>Copyright (c) 1996-2018 Texas Instruments Incorporated</copyright>
   <command_line>/Applications/ti/ccs2000/ccs/tools/compiler/ti-cgt-armllvm_4.0.1.LTS/bin/tiarmlnk -I/Applications/ti/ccs2000/ccs/tools/compiler/ti-cgt-armllvm_4.0.1.LTS/lib -o ECE319K_Lab9H.out -mECE319K_Lab9H.map --heap_size=512 --stack_size=512 -i/Users/rohansiva/Documents/MSPM0_ValvanoWare/ECE319K_Lab9H/Debug/syscfg -i/Applications/ti/ccs2000/ccs/tools/compiler/ti-cgt-armllvm_4.0.1.LTS/lib --diag_wrap=off --display_error_number --warn_sections --xml_link_info=ECE319K_Lab9H_linkInfo.xml --rom_model ./Clock.o ./DAC5.o ./Game_ADC.o ./JoyStick.o ./LED.o ./Lab9HMain.o ./LaunchPad.o ./Map.o ./Player.o ./SPI.o ./ST7735.o ./SlidePot.o ./SmallFont.o ./Sound.o ./Switch.o ./TExaS.o ./Timer.o ./images/pipedreams/PipeSound.o ./ticlang/startup_mspm0g3507_ticlang.o ../mspm0g3507.cmd -l/Applications/ti/mspm0_sdk_2_03_00_07/source/ti/driverlib/lib/ticlang/m0p/mspm0g1x0x_g3x0x/driverlib.a -llibc.a --start-group -llibc++.a -llibc++abi.a -llibc.a -llibsys.a -llibsysbm.a -llibclang_rt.builtins.a -llibclang_rt.profile.a --end-group --cg_opt_level=0</command_line>
   <link_time>0x68080b16</link_time>
   <link_errors>0x0</link_errors>
   <output_file>/Users/rohansiva/Documents/MSPM0_ValvanoWare/ECE319K_Lab9H/Debug/ECE319K_Lab9H.out</output_file>
   <entry_point>
      <name>_c_int00_noargs</name>
      <address>0xfecd</address>
   </entry_point>
   <input_file_list>
      <input_file id="fl-1">
         <path>/Users/rohansiva/Documents/MSPM0_ValvanoWare/ECE319K_Lab9H/Debug/./</path>
         <kind>object</kind>
         <file>Clock.o</file>
         <name>Clock.o</name>
      </input_file>
      <input_file id="fl-2">
         <path>/Users/rohansiva/Documents/MSPM0_ValvanoWare/ECE319K_Lab9H/Debug/./</path>
         <kind>object</kind>
         <file>DAC5.o</file>
         <name>DAC5.o</name>
      </input_file>
      <input_file id="fl-3">
         <path>/Users/rohansiva/Documents/MSPM0_ValvanoWare/ECE319K_Lab9H/Debug/./</path>
         <kind>object</kind>
         <file>Game_ADC.o</file>
         <name>Game_ADC.o</name>
      </input_file>
      <input_file id="fl-4">
         <path>/Users/rohansiva/Documents/MSPM0_ValvanoWare/ECE319K_Lab9H/Debug/./</path>
         <kind>object</kind>
         <file>JoyStick.o</file>
         <name>JoyStick.o</name>
      </input_file>
      <input_file id="fl-5">
         <path>/Users/rohansiva/Documents/MSPM0_ValvanoWare/ECE319K_Lab9H/Debug/./</path>
         <kind>object</kind>
         <file>LED.o</file>
         <name>LED.o</name>
      </input_file>
      <input_file id="fl-6">
         <path>/Users/rohansiva/Documents/MSPM0_ValvanoWare/ECE319K_Lab9H/Debug/./</path>
         <kind>object</kind>
         <file>Lab9HMain.o</file>
         <name>Lab9HMain.o</name>
      </input_file>
      <input_file id="fl-7">
         <path>/Users/rohansiva/Documents/MSPM0_ValvanoWare/ECE319K_Lab9H/Debug/./</path>
         <kind>object</kind>
         <file>LaunchPad.o</file>
         <name>LaunchPad.o</name>
      </input_file>
      <input_file id="fl-8">
         <path>/Users/rohansiva/Documents/MSPM0_ValvanoWare/ECE319K_Lab9H/Debug/./</path>
         <kind>object</kind>
         <file>Map.o</file>
         <name>Map.o</name>
      </input_file>
      <input_file id="fl-9">
         <path>/Users/rohansiva/Documents/MSPM0_ValvanoWare/ECE319K_Lab9H/Debug/./</path>
         <kind>object</kind>
         <file>Player.o</file>
         <name>Player.o</name>
      </input_file>
      <input_file id="fl-a">
         <path>/Users/rohansiva/Documents/MSPM0_ValvanoWare/ECE319K_Lab9H/Debug/./</path>
         <kind>object</kind>
         <file>SPI.o</file>
         <name>SPI.o</name>
      </input_file>
      <input_file id="fl-b">
         <path>/Users/rohansiva/Documents/MSPM0_ValvanoWare/ECE319K_Lab9H/Debug/./</path>
         <kind>object</kind>
         <file>ST7735.o</file>
         <name>ST7735.o</name>
      </input_file>
      <input_file id="fl-c">
         <path>/Users/rohansiva/Documents/MSPM0_ValvanoWare/ECE319K_Lab9H/Debug/./</path>
         <kind>object</kind>
         <file>SlidePot.o</file>
         <name>SlidePot.o</name>
      </input_file>
      <input_file id="fl-d">
         <path>/Users/rohansiva/Documents/MSPM0_ValvanoWare/ECE319K_Lab9H/Debug/./</path>
         <kind>object</kind>
         <file>SmallFont.o</file>
         <name>SmallFont.o</name>
      </input_file>
      <input_file id="fl-e">
         <path>/Users/rohansiva/Documents/MSPM0_ValvanoWare/ECE319K_Lab9H/Debug/./</path>
         <kind>object</kind>
         <file>Sound.o</file>
         <name>Sound.o</name>
      </input_file>
      <input_file id="fl-f">
         <path>/Users/rohansiva/Documents/MSPM0_ValvanoWare/ECE319K_Lab9H/Debug/./</path>
         <kind>object</kind>
         <file>Switch.o</file>
         <name>Switch.o</name>
      </input_file>
      <input_file id="fl-10">
         <path>/Users/rohansiva/Documents/MSPM0_ValvanoWare/ECE319K_Lab9H/Debug/./</path>
         <kind>object</kind>
         <file>TExaS.o</file>
         <name>TExaS.o</name>
      </input_file>
      <input_file id="fl-11">
         <path>/Users/rohansiva/Documents/MSPM0_ValvanoWare/ECE319K_Lab9H/Debug/./</path>
         <kind>object</kind>
         <file>Timer.o</file>
         <name>Timer.o</name>
      </input_file>
      <input_file id="fl-12">
         <path>/Users/rohansiva/Documents/MSPM0_ValvanoWare/ECE319K_Lab9H/Debug/./images/pipedreams/</path>
         <kind>object</kind>
         <file>PipeSound.o</file>
         <name>PipeSound.o</name>
      </input_file>
      <input_file id="fl-13">
         <path>/Users/rohansiva/Documents/MSPM0_ValvanoWare/ECE319K_Lab9H/Debug/./ticlang/</path>
         <kind>object</kind>
         <file>startup_mspm0g3507_ticlang.o</file>
         <name>startup_mspm0g3507_ticlang.o</name>
      </input_file>
      <input_file id="fl-1f">
         <path>/Users/rohansiva/Documents/MSPM0_ValvanoWare/ECE319K_Lab9H/Debug/</path>
         <kind>object</kind>
         <file>&lt;internal&gt;</file>
         <name>&lt;internal&gt;</name>
      </input_file>
      <input_file id="fl-34">
         <path>/Applications/ti/ccs2000/ccs/tools/compiler/ti-cgt-armllvm_4.0.1.LTS/lib/armv6m-ti-none-eabi/c/</path>
         <kind>archive</kind>
         <file>libc.a</file>
         <name>fopen.c.obj</name>
      </input_file>
      <input_file id="fl-35">
         <path>/Applications/ti/ccs2000/ccs/tools/compiler/ti-cgt-armllvm_4.0.1.LTS/lib/armv6m-ti-none-eabi/c/</path>
         <kind>archive</kind>
         <file>libc.a</file>
         <name>setvbuf.c.obj</name>
      </input_file>
      <input_file id="fl-36">
         <path>/Applications/ti/ccs2000/ccs/tools/compiler/ti-cgt-armllvm_4.0.1.LTS/lib/armv6m-ti-none-eabi/c/</path>
         <kind>archive</kind>
         <file>libc.a</file>
         <name>aeabi_portable.c.obj</name>
      </input_file>
      <input_file id="fl-37">
         <path>/Applications/ti/ccs2000/ccs/tools/compiler/ti-cgt-armllvm_4.0.1.LTS/lib/armv6m-ti-none-eabi/c/</path>
         <kind>archive</kind>
         <file>libc.a</file>
         <name>exit.c.obj</name>
      </input_file>
      <input_file id="fl-38">
         <path>/Applications/ti/ccs2000/ccs/tools/compiler/ti-cgt-armllvm_4.0.1.LTS/lib/armv6m-ti-none-eabi/c/</path>
         <kind>archive</kind>
         <file>libc.a</file>
         <name>_lock.c.obj</name>
      </input_file>
      <input_file id="fl-39">
         <path>/Applications/ti/ccs2000/ccs/tools/compiler/ti-cgt-armllvm_4.0.1.LTS/lib/armv6m-ti-none-eabi/c/</path>
         <kind>archive</kind>
         <file>libc.a</file>
         <name>assert.c.obj</name>
      </input_file>
      <input_file id="fl-3a">
         <path>/Applications/ti/ccs2000/ccs/tools/compiler/ti-cgt-armllvm_4.0.1.LTS/lib/armv6m-ti-none-eabi/c/</path>
         <kind>archive</kind>
         <file>libc.a</file>
         <name>defs.c.obj</name>
      </input_file>
      <input_file id="fl-3b">
         <path>/Applications/ti/ccs2000/ccs/tools/compiler/ti-cgt-armllvm_4.0.1.LTS/lib/armv6m-ti-none-eabi/c/</path>
         <kind>archive</kind>
         <file>libc.a</file>
         <name>memory.c.obj</name>
      </input_file>
      <input_file id="fl-3c">
         <path>/Applications/ti/ccs2000/ccs/tools/compiler/ti-cgt-armllvm_4.0.1.LTS/lib/armv6m-ti-none-eabi/c/</path>
         <kind>archive</kind>
         <file>libc.a</file>
         <name>rand.c.obj</name>
      </input_file>
      <input_file id="fl-3d">
         <path>/Applications/ti/ccs2000/ccs/tools/compiler/ti-cgt-armllvm_4.0.1.LTS/lib/armv6m-ti-none-eabi/c/</path>
         <kind>archive</kind>
         <file>libc.a</file>
         <name>copy_zero_init.c.obj</name>
      </input_file>
      <input_file id="fl-3e">
         <path>/Applications/ti/ccs2000/ccs/tools/compiler/ti-cgt-armllvm_4.0.1.LTS/lib/armv6m-ti-none-eabi/c/</path>
         <kind>archive</kind>
         <file>libc.a</file>
         <name>copy_decompress_none.c.obj</name>
      </input_file>
      <input_file id="fl-3f">
         <path>/Applications/ti/ccs2000/ccs/tools/compiler/ti-cgt-armllvm_4.0.1.LTS/lib/armv6m-ti-none-eabi/c/</path>
         <kind>archive</kind>
         <file>libc.a</file>
         <name>copy_decompress_lzss.c.obj</name>
      </input_file>
      <input_file id="fl-40">
         <path>/Applications/ti/ccs2000/ccs/tools/compiler/ti-cgt-armllvm_4.0.1.LTS/lib/armv6m-ti-none-eabi/c/</path>
         <kind>archive</kind>
         <file>libc.a</file>
         <name>boot_cortex_m.c.obj</name>
      </input_file>
      <input_file id="fl-41">
         <path>/Applications/ti/ccs2000/ccs/tools/compiler/ti-cgt-armllvm_4.0.1.LTS/lib/armv6m-ti-none-eabi/c/</path>
         <kind>archive</kind>
         <file>libc.a</file>
         <name>mathacl_init.c.obj</name>
      </input_file>
      <input_file id="fl-42">
         <path>/Applications/ti/ccs2000/ccs/tools/compiler/ti-cgt-armllvm_4.0.1.LTS/lib/armv6m-ti-none-eabi/c/</path>
         <kind>archive</kind>
         <file>libc.a</file>
         <name>sprintf.c.obj</name>
      </input_file>
      <input_file id="fl-43">
         <path>/Applications/ti/ccs2000/ccs/tools/compiler/ti-cgt-armllvm_4.0.1.LTS/lib/armv6m-ti-none-eabi/c/</path>
         <kind>archive</kind>
         <file>libc.a</file>
         <name>fclose.c.obj</name>
      </input_file>
      <input_file id="fl-44">
         <path>/Applications/ti/ccs2000/ccs/tools/compiler/ti-cgt-armllvm_4.0.1.LTS/lib/armv6m-ti-none-eabi/c/</path>
         <kind>archive</kind>
         <file>libc.a</file>
         <name>fflush.c.obj</name>
      </input_file>
      <input_file id="fl-45">
         <path>/Applications/ti/ccs2000/ccs/tools/compiler/ti-cgt-armllvm_4.0.1.LTS/lib/armv6m-ti-none-eabi/c/</path>
         <kind>archive</kind>
         <file>libc.a</file>
         <name>fputs.c.obj</name>
      </input_file>
      <input_file id="fl-46">
         <path>/Applications/ti/ccs2000/ccs/tools/compiler/ti-cgt-armllvm_4.0.1.LTS/lib/armv6m-ti-none-eabi/c/</path>
         <kind>archive</kind>
         <file>libc.a</file>
         <name>_io_perm.c.obj</name>
      </input_file>
      <input_file id="fl-47">
         <path>/Applications/ti/ccs2000/ccs/tools/compiler/ti-cgt-armllvm_4.0.1.LTS/lib/armv6m-ti-none-eabi/c/</path>
         <kind>archive</kind>
         <file>libc.a</file>
         <name>args_main.c.obj</name>
      </input_file>
      <input_file id="fl-48">
         <path>/Applications/ti/ccs2000/ccs/tools/compiler/ti-cgt-armllvm_4.0.1.LTS/lib/armv6m-ti-none-eabi/c/</path>
         <kind>archive</kind>
         <file>libc.a</file>
         <name>autoinit.c.obj</name>
      </input_file>
      <input_file id="fl-49">
         <path>/Applications/ti/ccs2000/ccs/tools/compiler/ti-cgt-armllvm_4.0.1.LTS/lib/armv6m-ti-none-eabi/c/</path>
         <kind>archive</kind>
         <file>libc.a</file>
         <name>pre_init.c.obj</name>
      </input_file>
      <input_file id="fl-4a">
         <path>/Applications/ti/ccs2000/ccs/tools/compiler/ti-cgt-armllvm_4.0.1.LTS/lib/armv6m-ti-none-eabi/c/</path>
         <kind>archive</kind>
         <file>libc.a</file>
         <name>cpy_tbl.c.obj</name>
      </input_file>
      <input_file id="fl-4b">
         <path>/Applications/ti/ccs2000/ccs/tools/compiler/ti-cgt-armllvm_4.0.1.LTS/lib/armv6m-ti-none-eabi/c/</path>
         <kind>archive</kind>
         <file>libc.a</file>
         <name>_printfi.c.obj</name>
      </input_file>
      <input_file id="fl-4c">
         <path>/Applications/ti/ccs2000/ccs/tools/compiler/ti-cgt-armllvm_4.0.1.LTS/lib/armv6m-ti-none-eabi/c/</path>
         <kind>archive</kind>
         <file>libc.a</file>
         <name>fseek.c.obj</name>
      </input_file>
      <input_file id="fl-4d">
         <path>/Applications/ti/ccs2000/ccs/tools/compiler/ti-cgt-armllvm_4.0.1.LTS/lib/armv6m-ti-none-eabi/c/</path>
         <kind>archive</kind>
         <file>libc.a</file>
         <name>s_frexp.c.obj</name>
      </input_file>
      <input_file id="fl-4e">
         <path>/Applications/ti/ccs2000/ccs/tools/compiler/ti-cgt-armllvm_4.0.1.LTS/lib/armv6m-ti-none-eabi/c/</path>
         <kind>archive</kind>
         <file>libc.a</file>
         <name>s_scalbn.c.obj</name>
      </input_file>
      <input_file id="fl-4f">
         <path>/Applications/ti/ccs2000/ccs/tools/compiler/ti-cgt-armllvm_4.0.1.LTS/lib/armv6m-ti-none-eabi/c/</path>
         <kind>archive</kind>
         <file>libc.a</file>
         <name>_ltoa.c.obj</name>
      </input_file>
      <input_file id="fl-50">
         <path>/Applications/ti/ccs2000/ccs/tools/compiler/ti-cgt-armllvm_4.0.1.LTS/lib/armv6m-ti-none-eabi/c/</path>
         <kind>archive</kind>
         <file>libc.a</file>
         <name>atoi.c.obj</name>
      </input_file>
      <input_file id="fl-51">
         <path>/Applications/ti/ccs2000/ccs/tools/compiler/ti-cgt-armllvm_4.0.1.LTS/lib/armv6m-ti-none-eabi/c/</path>
         <kind>archive</kind>
         <file>libc.a</file>
         <name>memccpy.c.obj</name>
      </input_file>
      <input_file id="fl-52">
         <path>/Applications/ti/ccs2000/ccs/tools/compiler/ti-cgt-armllvm_4.0.1.LTS/lib/armv6m-ti-none-eabi/c/</path>
         <kind>archive</kind>
         <file>libc.a</file>
         <name>wcslen.c.obj</name>
      </input_file>
      <input_file id="fl-53">
         <path>/Applications/ti/ccs2000/ccs/tools/compiler/ti-cgt-armllvm_4.0.1.LTS/lib/armv6m-ti-none-eabi/c/</path>
         <kind>archive</kind>
         <file>libc.a</file>
         <name>aeabi_ctype.S.obj</name>
      </input_file>
      <input_file id="fl-e9">
         <path>/Applications/ti/ccs2000/ccs/tools/compiler/ti-cgt-armllvm_4.0.1.LTS/lib/armv6m-ti-none-eabi/c/</path>
         <kind>archive</kind>
         <file>libsysbm.a</file>
         <name>write.c.obj</name>
      </input_file>
      <input_file id="fl-ea">
         <path>/Applications/ti/ccs2000/ccs/tools/compiler/ti-cgt-armllvm_4.0.1.LTS/lib/armv6m-ti-none-eabi/c/</path>
         <kind>archive</kind>
         <file>libsysbm.a</file>
         <name>host_device.c.obj</name>
      </input_file>
      <input_file id="fl-eb">
         <path>/Applications/ti/ccs2000/ccs/tools/compiler/ti-cgt-armllvm_4.0.1.LTS/lib/armv6m-ti-none-eabi/c/</path>
         <kind>archive</kind>
         <file>libsysbm.a</file>
         <name>time64.c.obj</name>
      </input_file>
      <input_file id="fl-ec">
         <path>/Applications/ti/ccs2000/ccs/tools/compiler/ti-cgt-armllvm_4.0.1.LTS/lib/armv6m-ti-none-eabi/c/</path>
         <kind>archive</kind>
         <file>libsysbm.a</file>
         <name>remove.c.obj</name>
      </input_file>
      <input_file id="fl-ed">
         <path>/Applications/ti/ccs2000/ccs/tools/compiler/ti-cgt-armllvm_4.0.1.LTS/lib/armv6m-ti-none-eabi/c/</path>
         <kind>archive</kind>
         <file>libsysbm.a</file>
         <name>open.c.obj</name>
      </input_file>
      <input_file id="fl-ee">
         <path>/Applications/ti/ccs2000/ccs/tools/compiler/ti-cgt-armllvm_4.0.1.LTS/lib/armv6m-ti-none-eabi/c/</path>
         <kind>archive</kind>
         <file>libsysbm.a</file>
         <name>lseek.c.obj</name>
      </input_file>
      <input_file id="fl-ef">
         <path>/Applications/ti/ccs2000/ccs/tools/compiler/ti-cgt-armllvm_4.0.1.LTS/lib/armv6m-ti-none-eabi/c/</path>
         <kind>archive</kind>
         <file>libsysbm.a</file>
         <name>close.c.obj</name>
      </input_file>
      <input_file id="fl-f0">
         <path>/Applications/ti/ccs2000/ccs/tools/compiler/ti-cgt-armllvm_4.0.1.LTS/lib/armv6m-ti-none-eabi/c/</path>
         <kind>archive</kind>
         <file>libsysbm.a</file>
         <name>add_device.c.obj</name>
      </input_file>
      <input_file id="fl-f1">
         <path>/Applications/ti/ccs2000/ccs/tools/compiler/ti-cgt-armllvm_4.0.1.LTS/lib/armv6m-ti-none-eabi/c/</path>
         <kind>archive</kind>
         <file>libsysbm.a</file>
         <name>unlink.c.obj</name>
      </input_file>
      <input_file id="fl-f2">
         <path>/Applications/ti/ccs2000/ccs/tools/compiler/ti-cgt-armllvm_4.0.1.LTS/lib/armv6m-ti-none-eabi/c/</path>
         <kind>archive</kind>
         <file>libsysbm.a</file>
         <name>hostclose.c.obj</name>
      </input_file>
      <input_file id="fl-f3">
         <path>/Applications/ti/ccs2000/ccs/tools/compiler/ti-cgt-armllvm_4.0.1.LTS/lib/armv6m-ti-none-eabi/c/</path>
         <kind>archive</kind>
         <file>libsysbm.a</file>
         <name>hostlseek.c.obj</name>
      </input_file>
      <input_file id="fl-f4">
         <path>/Applications/ti/ccs2000/ccs/tools/compiler/ti-cgt-armllvm_4.0.1.LTS/lib/armv6m-ti-none-eabi/c/</path>
         <kind>archive</kind>
         <file>libsysbm.a</file>
         <name>hostopen.c.obj</name>
      </input_file>
      <input_file id="fl-f5">
         <path>/Applications/ti/ccs2000/ccs/tools/compiler/ti-cgt-armllvm_4.0.1.LTS/lib/armv6m-ti-none-eabi/c/</path>
         <kind>archive</kind>
         <file>libsysbm.a</file>
         <name>hostread.c.obj</name>
      </input_file>
      <input_file id="fl-f6">
         <path>/Applications/ti/ccs2000/ccs/tools/compiler/ti-cgt-armllvm_4.0.1.LTS/lib/armv6m-ti-none-eabi/c/</path>
         <kind>archive</kind>
         <file>libsysbm.a</file>
         <name>hostrename.c.obj</name>
      </input_file>
      <input_file id="fl-f7">
         <path>/Applications/ti/ccs2000/ccs/tools/compiler/ti-cgt-armllvm_4.0.1.LTS/lib/armv6m-ti-none-eabi/c/</path>
         <kind>archive</kind>
         <file>libsysbm.a</file>
         <name>hosttime.c.obj</name>
      </input_file>
      <input_file id="fl-f8">
         <path>/Applications/ti/ccs2000/ccs/tools/compiler/ti-cgt-armllvm_4.0.1.LTS/lib/armv6m-ti-none-eabi/c/</path>
         <kind>archive</kind>
         <file>libsysbm.a</file>
         <name>hostunlink.c.obj</name>
      </input_file>
      <input_file id="fl-f9">
         <path>/Applications/ti/ccs2000/ccs/tools/compiler/ti-cgt-armllvm_4.0.1.LTS/lib/armv6m-ti-none-eabi/c/</path>
         <kind>archive</kind>
         <file>libsysbm.a</file>
         <name>hostwrite.c.obj</name>
      </input_file>
      <input_file id="fl-fa">
         <path>/Applications/ti/ccs2000/ccs/tools/compiler/ti-cgt-armllvm_4.0.1.LTS/lib/armv6m-ti-none-eabi/c/</path>
         <kind>archive</kind>
         <file>libsysbm.a</file>
         <name>trgmsg.c.obj</name>
      </input_file>
      <input_file id="fl-fb">
         <path>/Applications/ti/ccs2000/ccs/tools/compiler/ti-cgt-armllvm_4.0.1.LTS/lib/armv6m-ti-none-eabi/</path>
         <kind>archive</kind>
         <file>libclang_rt.builtins.a</file>
         <name>adddf3.S.obj</name>
      </input_file>
      <input_file id="fl-fc">
         <path>/Applications/ti/ccs2000/ccs/tools/compiler/ti-cgt-armllvm_4.0.1.LTS/lib/armv6m-ti-none-eabi/</path>
         <kind>archive</kind>
         <file>libclang_rt.builtins.a</file>
         <name>muldf3.S.obj</name>
      </input_file>
      <input_file id="fl-fd">
         <path>/Applications/ti/ccs2000/ccs/tools/compiler/ti-cgt-armllvm_4.0.1.LTS/lib/armv6m-ti-none-eabi/</path>
         <kind>archive</kind>
         <file>libclang_rt.builtins.a</file>
         <name>muldsi3.S.obj</name>
      </input_file>
      <input_file id="fl-fe">
         <path>/Applications/ti/ccs2000/ccs/tools/compiler/ti-cgt-armllvm_4.0.1.LTS/lib/armv6m-ti-none-eabi/</path>
         <kind>archive</kind>
         <file>libclang_rt.builtins.a</file>
         <name>divdf3.S.obj</name>
      </input_file>
      <input_file id="fl-ff">
         <path>/Applications/ti/ccs2000/ccs/tools/compiler/ti-cgt-armllvm_4.0.1.LTS/lib/armv6m-ti-none-eabi/</path>
         <kind>archive</kind>
         <file>libclang_rt.builtins.a</file>
         <name>fixdfsi.S.obj</name>
      </input_file>
      <input_file id="fl-100">
         <path>/Applications/ti/ccs2000/ccs/tools/compiler/ti-cgt-armllvm_4.0.1.LTS/lib/armv6m-ti-none-eabi/</path>
         <kind>archive</kind>
         <file>libclang_rt.builtins.a</file>
         <name>floatsidf.S.obj</name>
      </input_file>
      <input_file id="fl-101">
         <path>/Applications/ti/ccs2000/ccs/tools/compiler/ti-cgt-armllvm_4.0.1.LTS/lib/armv6m-ti-none-eabi/</path>
         <kind>archive</kind>
         <file>libclang_rt.builtins.a</file>
         <name>floatunsidf.S.obj</name>
      </input_file>
      <input_file id="fl-102">
         <path>/Applications/ti/ccs2000/ccs/tools/compiler/ti-cgt-armllvm_4.0.1.LTS/lib/armv6m-ti-none-eabi/</path>
         <kind>archive</kind>
         <file>libclang_rt.builtins.a</file>
         <name>muldi3.S.obj</name>
      </input_file>
      <input_file id="fl-103">
         <path>/Applications/ti/ccs2000/ccs/tools/compiler/ti-cgt-armllvm_4.0.1.LTS/lib/armv6m-ti-none-eabi/</path>
         <kind>archive</kind>
         <file>libclang_rt.builtins.a</file>
         <name>truncdfsf2.S.obj</name>
      </input_file>
      <input_file id="fl-104">
         <path>/Applications/ti/ccs2000/ccs/tools/compiler/ti-cgt-armllvm_4.0.1.LTS/lib/armv6m-ti-none-eabi/</path>
         <kind>archive</kind>
         <file>libclang_rt.builtins.a</file>
         <name>aeabi_dcmp.S.obj</name>
      </input_file>
      <input_file id="fl-105">
         <path>/Applications/ti/ccs2000/ccs/tools/compiler/ti-cgt-armllvm_4.0.1.LTS/lib/armv6m-ti-none-eabi/</path>
         <kind>archive</kind>
         <file>libclang_rt.builtins.a</file>
         <name>aeabi_idivmod.S.obj</name>
      </input_file>
      <input_file id="fl-106">
         <path>/Applications/ti/ccs2000/ccs/tools/compiler/ti-cgt-armllvm_4.0.1.LTS/lib/armv6m-ti-none-eabi/</path>
         <kind>archive</kind>
         <file>libclang_rt.builtins.a</file>
         <name>aeabi_memcpy.S.obj</name>
      </input_file>
      <input_file id="fl-107">
         <path>/Applications/ti/ccs2000/ccs/tools/compiler/ti-cgt-armllvm_4.0.1.LTS/lib/armv6m-ti-none-eabi/</path>
         <kind>archive</kind>
         <file>libclang_rt.builtins.a</file>
         <name>aeabi_memset.S.obj</name>
      </input_file>
      <input_file id="fl-108">
         <path>/Applications/ti/ccs2000/ccs/tools/compiler/ti-cgt-armllvm_4.0.1.LTS/lib/armv6m-ti-none-eabi/</path>
         <kind>archive</kind>
         <file>libclang_rt.builtins.a</file>
         <name>aeabi_uidivmod.S.obj</name>
      </input_file>
      <input_file id="fl-109">
         <path>/Applications/ti/ccs2000/ccs/tools/compiler/ti-cgt-armllvm_4.0.1.LTS/lib/armv6m-ti-none-eabi/</path>
         <kind>archive</kind>
         <file>libclang_rt.builtins.a</file>
         <name>aeabi_uldivmod.S.obj</name>
      </input_file>
      <input_file id="fl-10a">
         <path>/Applications/ti/ccs2000/ccs/tools/compiler/ti-cgt-armllvm_4.0.1.LTS/lib/armv6m-ti-none-eabi/</path>
         <kind>archive</kind>
         <file>libclang_rt.builtins.a</file>
         <name>udivmoddi4.S.obj</name>
      </input_file>
      <input_file id="fl-10b">
         <path>/Applications/ti/ccs2000/ccs/tools/compiler/ti-cgt-armllvm_4.0.1.LTS/lib/armv6m-ti-none-eabi/</path>
         <kind>archive</kind>
         <file>libclang_rt.builtins.a</file>
         <name>ashldi3.S.obj</name>
      </input_file>
      <input_file id="fl-10c">
         <path>/Applications/ti/ccs2000/ccs/tools/compiler/ti-cgt-armllvm_4.0.1.LTS/lib/armv6m-ti-none-eabi/</path>
         <kind>archive</kind>
         <file>libclang_rt.builtins.a</file>
         <name>comparedf2.c.obj</name>
      </input_file>
      <input_file id="fl-10d">
         <path>/Applications/ti/ccs2000/ccs/tools/compiler/ti-cgt-armllvm_4.0.1.LTS/lib/armv6m-ti-none-eabi/</path>
         <kind>archive</kind>
         <file>libclang_rt.builtins.a</file>
         <name>aeabi_div0.c.obj</name>
      </input_file>
      <input_file id="fl-10e">
         <path>/Applications/ti/ccs2000/ccs/tools/compiler/ti-cgt-armllvm_4.0.1.LTS/lib/armv6m-ti-none-eabi/c/</path>
         <kind>archive</kind>
         <file>libc.a</file>
         <name>getdevice.c.obj</name>
      </input_file>
      <input_file id="fl-10f">
         <path>/Applications/ti/ccs2000/ccs/tools/compiler/ti-cgt-armllvm_4.0.1.LTS/lib/armv6m-ti-none-eabi/c/</path>
         <kind>archive</kind>
         <file>libc.a</file>
         <name>memcpy16.S.obj</name>
      </input_file>
      <input_file id="fl-110">
         <path>/Applications/ti/ccs2000/ccs/tools/compiler/ti-cgt-armllvm_4.0.1.LTS/lib/armv6m-ti-none-eabi/c/</path>
         <kind>archive</kind>
         <file>libc.a</file>
         <name>memset16.S.obj</name>
      </input_file>
      <input_file id="fl-111">
         <path>/Applications/ti/ccs2000/ccs/tools/compiler/ti-cgt-armllvm_4.0.1.LTS/lib/armv6m-ti-none-eabi/c/</path>
         <kind>archive</kind>
         <file>libc.a</file>
         <name>strcmp-armv6m.S.obj</name>
      </input_file>
   </input_file_list>
   <object_component_list>
      <object_component id="oc-18">
         <name>.intvecs</name>
         <load_address>0x0</load_address>
         <readonly>true</readonly>
         <run_address>0x0</run_address>
         <size>0xc0</size>
         <alignment>0x4</alignment>
         <input_file_ref idref="fl-13"/>
      </object_component>
      <object_component id="oc-97">
         <name>.text.main</name>
         <load_address>0xc970</load_address>
         <readonly>true</readonly>
         <executable>true</executable>
         <run_address>0xc970</run_address>
         <size>0x29c</size>
         <alignment>0x4</alignment>
         <input_file_ref idref="fl-6"/>
      </object_component>
      <object_component id="oc-154">
         <name>.text._Z17ST7735_DrawBitmapssPKtss</name>
         <load_address>0xcc0c</load_address>
         <readonly>true</readonly>
         <executable>true</executable>
         <run_address>0xcc0c</run_address>
         <size>0x210</size>
         <alignment>0x4</alignment>
         <input_file_ref idref="fl-b"/>
      </object_component>
      <object_component id="oc-e4">
         <name>.text._Z8EndRoundv</name>
         <load_address>0xce1c</load_address>
         <readonly>true</readonly>
         <executable>true</executable>
         <run_address>0xce1c</run_address>
         <size>0x1c0</size>
         <alignment>0x4</alignment>
         <input_file_ref idref="fl-8"/>
      </object_component>
      <object_component id="oc-11a">
         <name>.text._Z15Clock_Init80MHzi</name>
         <load_address>0xcfdc</load_address>
         <readonly>true</readonly>
         <executable>true</executable>
         <run_address>0xcfdc</run_address>
         <size>0x1b4</size>
         <alignment>0x4</alignment>
         <input_file_ref idref="fl-1"/>
      </object_component>
      <object_component id="oc-1eb">
         <name>.text._Z16ST7735_DrawCharSsscssh</name>
         <load_address>0xd190</load_address>
         <readonly>true</readonly>
         <executable>true</executable>
         <run_address>0xd190</run_address>
         <size>0x1a0</size>
         <alignment>0x4</alignment>
         <input_file_ref idref="fl-b"/>
      </object_component>
      <object_component id="oc-e1">
         <name>.text._ZN6Player4moveEaa</name>
         <load_address>0xd330</load_address>
         <readonly>true</readonly>
         <executable>true</executable>
         <run_address>0xd330</run_address>
         <size>0x194</size>
         <alignment>0x4</alignment>
         <input_file_ref idref="fl-9"/>
      </object_component>
      <object_component id="oc-1b4">
         <name>.text._openfile</name>
         <load_address>0xd4c4</load_address>
         <readonly>true</readonly>
         <executable>true</executable>
         <run_address>0xd4c4</run_address>
         <size>0x154</size>
         <alignment>0x4</alignment>
         <input_file_ref idref="fl-34"/>
      </object_component>
      <object_component id="oc-d3">
         <name>.text._Z8mainmenuv</name>
         <load_address>0xd618</load_address>
         <readonly>true</readonly>
         <executable>true</executable>
         <run_address>0xd618</run_address>
         <size>0x144</size>
         <alignment>0x4</alignment>
         <input_file_ref idref="fl-6"/>
      </object_component>
      <object_component id="oc-d7">
         <name>.text._Z7DrawMapv</name>
         <load_address>0xd75c</load_address>
         <readonly>true</readonly>
         <executable>true</executable>
         <run_address>0xd75c</run_address>
         <size>0x138</size>
         <alignment>0x4</alignment>
         <input_file_ref idref="fl-8"/>
      </object_component>
      <object_component id="oc-1d5">
         <name>.text._Z15ST7735_FillRectsssst</name>
         <load_address>0xd894</load_address>
         <readonly>true</readonly>
         <executable>true</executable>
         <run_address>0xd894</run_address>
         <size>0x118</size>
         <alignment>0x4</alignment>
         <input_file_ref idref="fl-b"/>
      </object_component>
      <object_component id="oc-e8">
         <name>.text._ZN6Player11collectItemEv</name>
         <load_address>0xd9ac</load_address>
         <readonly>true</readonly>
         <executable>true</executable>
         <run_address>0xd9ac</run_address>
         <size>0x118</size>
         <alignment>0x4</alignment>
         <input_file_ref idref="fl-9"/>
      </object_component>
      <object_component id="oc-248">
         <name>.text.aligned_alloc</name>
         <load_address>0xdac4</load_address>
         <readonly>true</readonly>
         <executable>true</executable>
         <run_address>0xdac4</run_address>
         <size>0x114</size>
         <alignment>0x4</alignment>
         <input_file_ref idref="fl-3b"/>
      </object_component>
      <object_component id="oc-e0">
         <name>.text._ZNK6Player5eraseEv</name>
         <load_address>0xdbd8</load_address>
         <readonly>true</readonly>
         <executable>true</executable>
         <run_address>0xdbd8</run_address>
         <size>0x10c</size>
         <alignment>0x4</alignment>
         <input_file_ref idref="fl-9"/>
      </object_component>
      <object_component id="oc-142">
         <name>.text._Z11MyADC1_Initjj</name>
         <load_address>0xdce4</load_address>
         <readonly>true</readonly>
         <executable>true</executable>
         <run_address>0xdce4</run_address>
         <size>0xfc</size>
         <alignment>0x4</alignment>
         <input_file_ref idref="fl-3"/>
      </object_component>
      <object_component id="oc-205">
         <name>.text._Z8SPI_Initv</name>
         <load_address>0xdde0</load_address>
         <readonly>true</readonly>
         <executable>true</executable>
         <run_address>0xdde0</run_address>
         <size>0xf8</size>
         <alignment>0x4</alignment>
         <input_file_ref idref="fl-a"/>
      </object_component>
      <object_component id="oc-122">
         <name>.text.add_device</name>
         <load_address>0xded8</load_address>
         <readonly>true</readonly>
         <executable>true</executable>
         <run_address>0xded8</run_address>
         <size>0xec</size>
         <alignment>0x4</alignment>
         <input_file_ref idref="fl-f0"/>
      </object_component>
      <object_component id="oc-1bd">
         <name>.text.free</name>
         <load_address>0xdfc4</load_address>
         <readonly>true</readonly>
         <executable>true</executable>
         <run_address>0xdfc4</run_address>
         <size>0xe8</size>
         <alignment>0x4</alignment>
         <input_file_ref idref="fl-3b"/>
      </object_component>
      <object_component id="oc-12d">
         <name>.text.setvbuf</name>
         <load_address>0xe0ac</load_address>
         <readonly>true</readonly>
         <executable>true</executable>
         <run_address>0xe0ac</run_address>
         <size>0xe0</size>
         <alignment>0x4</alignment>
         <input_file_ref idref="fl-35"/>
      </object_component>
      <object_component id="oc-149">
         <name>.text._Z8DrawMenuv</name>
         <load_address>0xe18c</load_address>
         <readonly>true</readonly>
         <executable>true</executable>
         <run_address>0xe18c</run_address>
         <size>0xdc</size>
         <alignment>0x4</alignment>
         <input_file_ref idref="fl-8"/>
      </object_component>
      <object_component id="oc-1c4">
         <name>.text._Z14ST7735_OutCharc</name>
         <load_address>0xe268</load_address>
         <readonly>true</readonly>
         <executable>true</executable>
         <run_address>0xe268</run_address>
         <size>0xd0</size>
         <alignment>0x4</alignment>
         <input_file_ref idref="fl-b"/>
      </object_component>
      <object_component id="oc-170">
         <name>.text._Z7EndGameh</name>
         <load_address>0xe338</load_address>
         <readonly>true</readonly>
         <executable>true</executable>
         <run_address>0xe338</run_address>
         <size>0xcc</size>
         <alignment>0x4</alignment>
         <input_file_ref idref="fl-8"/>
      </object_component>
      <object_component id="oc-1f5">
         <name>.text._Z11DrawPowerUp11PowerupTypeb</name>
         <load_address>0xe404</load_address>
         <readonly>true</readonly>
         <executable>true</executable>
         <run_address>0xe404</run_address>
         <size>0xb8</size>
         <alignment>0x4</alignment>
         <input_file_ref idref="fl-8"/>
      </object_component>
      <object_component id="oc-cc">
         <name>.text._Z13Joystick_Initv</name>
         <load_address>0xe4bc</load_address>
         <readonly>true</readonly>
         <executable>true</executable>
         <run_address>0xe4bc</run_address>
         <size>0xb8</size>
         <alignment>0x4</alignment>
         <input_file_ref idref="fl-4"/>
      </object_component>
      <object_component id="oc-153">
         <name>.text._Z13placePowerupsPA16_h</name>
         <load_address>0xe574</load_address>
         <readonly>true</readonly>
         <executable>true</executable>
         <run_address>0xe574</run_address>
         <size>0xa8</size>
         <alignment>0x4</alignment>
         <input_file_ref idref="fl-8"/>
      </object_component>
      <object_component id="oc-198">
         <name>.text._ZL11commandListPKh</name>
         <load_address>0xe61c</load_address>
         <readonly>true</readonly>
         <executable>true</executable>
         <run_address>0xe61c</run_address>
         <size>0xa2</size>
         <alignment>0x2</alignment>
         <input_file_ref idref="fl-b"/>
      </object_component>
      <object_component id="oc-1f6">
         <name>.text.__aeabi_idiv0</name>
         <load_address>0xe6be</load_address>
         <readonly>true</readonly>
         <executable>true</executable>
         <run_address>0xe6be</run_address>
         <size>0x2</size>
         <alignment>0x2</alignment>
         <input_file_ref idref="fl-10d"/>
      </object_component>
      <object_component id="oc-230">
         <name>.text.open</name>
         <load_address>0xe6c0</load_address>
         <readonly>true</readonly>
         <executable>true</executable>
         <run_address>0xe6c0</run_address>
         <size>0xa0</size>
         <alignment>0x4</alignment>
         <input_file_ref idref="fl-ed"/>
      </object_component>
      <object_component id="oc-c2">
         <name>.text._Z17ST7735_InitPrintfv</name>
         <load_address>0xe760</load_address>
         <readonly>true</readonly>
         <executable>true</executable>
         <run_address>0xe760</run_address>
         <size>0x9c</size>
         <alignment>0x4</alignment>
         <input_file_ref idref="fl-b"/>
      </object_component>
      <object_component id="oc-121">
         <name>.text._Z12ST7735_InitR10initRFlags</name>
         <load_address>0xe7fc</load_address>
         <readonly>true</readonly>
         <executable>true</executable>
         <run_address>0xe7fc</run_address>
         <size>0x98</size>
         <alignment>0x4</alignment>
         <input_file_ref idref="fl-b"/>
      </object_component>
      <object_component id="oc-d2">
         <name>.text._Z15TimerG12_IntArmjj</name>
         <load_address>0xe894</load_address>
         <readonly>true</readonly>
         <executable>true</executable>
         <run_address>0xe894</run_address>
         <size>0x94</size>
         <alignment>0x4</alignment>
         <input_file_ref idref="fl-11"/>
      </object_component>
      <object_component id="oc-da">
         <name>.text._Z14DrawScoreBoardv</name>
         <load_address>0xe928</load_address>
         <readonly>true</readonly>
         <executable>true</executable>
         <run_address>0xe928</run_address>
         <size>0x8c</size>
         <alignment>0x4</alignment>
         <input_file_ref idref="fl-8"/>
      </object_component>
      <object_component id="oc-ea">
         <name>.text._ZN6Player10usePowerupEv</name>
         <load_address>0xe9b4</load_address>
         <readonly>true</readonly>
         <executable>true</executable>
         <run_address>0xe9b4</run_address>
         <size>0x8c</size>
         <alignment>0x4</alignment>
         <input_file_ref idref="fl-9"/>
      </object_component>
      <object_component id="oc-1e6">
         <name>.text._ZL13setAddrWindowhhhh</name>
         <load_address>0xea40</load_address>
         <readonly>true</readonly>
         <executable>true</executable>
         <run_address>0xea40</run_address>
         <size>0x88</size>
         <alignment>0x4</alignment>
         <input_file_ref idref="fl-b"/>
      </object_component>
      <object_component id="oc-52">
         <name>.text.__aeabi_memcpy</name>
         <load_address>0xeac8</load_address>
         <readonly>true</readonly>
         <executable>true</executable>
         <run_address>0xeac8</run_address>
         <size>0x8</size>
         <alignment>0x4</alignment>
         <input_file_ref idref="fl-106"/>
      </object_component>
      <object_component id="oc-208">
         <name>.text:strcmp</name>
         <load_address>0xead0</load_address>
         <readonly>true</readonly>
         <executable>true</executable>
         <run_address>0xead0</run_address>
         <size>0x88</size>
         <alignment>0x10</alignment>
         <input_file_ref idref="fl-111"/>
      </object_component>
      <object_component id="oc-161">
         <name>.text._Z14ST7735_OutUDecj</name>
         <load_address>0xeb58</load_address>
         <readonly>true</readonly>
         <executable>true</executable>
         <run_address>0xeb58</run_address>
         <size>0x84</size>
         <alignment>0x4</alignment>
         <input_file_ref idref="fl-b"/>
      </object_component>
      <object_component id="oc-1ea">
         <name>.text._Z17ST7735_DrawStringttPcs</name>
         <load_address>0xebdc</load_address>
         <readonly>true</readonly>
         <executable>true</executable>
         <run_address>0xebdc</run_address>
         <size>0x84</size>
         <alignment>0x2</alignment>
         <input_file_ref idref="fl-b"/>
      </object_component>
      <object_component id="oc-7e">
         <name>.text._ZN6Player12tickPowerupsEv</name>
         <load_address>0xec60</load_address>
         <readonly>true</readonly>
         <executable>true</executable>
         <run_address>0xec60</run_address>
         <size>0x7e</size>
         <alignment>0x2</alignment>
         <input_file_ref idref="fl-9"/>
      </object_component>
      <object_component id="oc-1fc">
         <name>.text._nop</name>
         <load_address>0xecde</load_address>
         <readonly>true</readonly>
         <executable>true</executable>
         <run_address>0xecde</run_address>
         <size>0x2</size>
         <alignment>0x2</alignment>
         <input_file_ref idref="fl-38"/>
      </object_component>
      <object_component id="oc-bd">
         <name>.text._Z14LaunchPad_Initv</name>
         <load_address>0xece0</load_address>
         <readonly>true</readonly>
         <executable>true</executable>
         <run_address>0xece0</run_address>
         <size>0x7c</size>
         <alignment>0x4</alignment>
         <input_file_ref idref="fl-7"/>
      </object_component>
      <object_component id="oc-1b7">
         <name>.text.__TI_closefile</name>
         <load_address>0xed5c</load_address>
         <readonly>true</readonly>
         <executable>true</executable>
         <run_address>0xed5c</run_address>
         <size>0x7c</size>
         <alignment>0x4</alignment>
         <input_file_ref idref="fl-43"/>
      </object_component>
      <object_component id="oc-1c">
         <name>.text:decompress:lzss</name>
         <load_address>0xedd8</load_address>
         <readonly>true</readonly>
         <executable>true</executable>
         <run_address>0xedd8</run_address>
         <size>0x7c</size>
         <alignment>0x4</alignment>
         <input_file_ref idref="fl-3f"/>
      </object_component>
      <object_component id="oc-1d4">
         <name>.text._Z9DrawRulesv</name>
         <load_address>0xee54</load_address>
         <readonly>true</readonly>
         <executable>true</executable>
         <run_address>0xee54</run_address>
         <size>0x74</size>
         <alignment>0x4</alignment>
         <input_file_ref idref="fl-8"/>
      </object_component>
      <object_component id="oc-254">
         <name>.text._Z16ST7735_DrawPixelsst</name>
         <load_address>0xeec8</load_address>
         <readonly>true</readonly>
         <executable>true</executable>
         <run_address>0xeec8</run_address>
         <size>0x70</size>
         <alignment>0x4</alignment>
         <input_file_ref idref="fl-b"/>
      </object_component>
      <object_component id="oc-152">
         <name>.text._Z16placeRandomCoinsPA16_hi</name>
         <load_address>0xef38</load_address>
         <readonly>true</readonly>
         <executable>true</executable>
         <run_address>0xef38</run_address>
         <size>0x70</size>
         <alignment>0x2</alignment>
         <input_file_ref idref="fl-8"/>
      </object_component>
      <object_component id="oc-21e">
         <name>.text.HOSTlseek</name>
         <load_address>0xefa8</load_address>
         <readonly>true</readonly>
         <executable>true</executable>
         <run_address>0xefa8</run_address>
         <size>0x6c</size>
         <alignment>0x4</alignment>
         <input_file_ref idref="fl-f3"/>
      </object_component>
      <object_component id="oc-226">
         <name>.text.HOSTrename</name>
         <load_address>0xf014</load_address>
         <readonly>true</readonly>
         <executable>true</executable>
         <run_address>0xf014</run_address>
         <size>0x6c</size>
         <alignment>0x4</alignment>
         <input_file_ref idref="fl-f6"/>
      </object_component>
      <object_component id="oc-42">
         <name>.text.TIMG12_IRQHandler</name>
         <load_address>0xf080</load_address>
         <readonly>true</readonly>
         <executable>true</executable>
         <run_address>0xf080</run_address>
         <size>0x6c</size>
         <alignment>0x4</alignment>
         <input_file_ref idref="fl-6"/>
      </object_component>
      <object_component id="oc-d1">
         <name>.text._Z10Sound_Initv</name>
         <load_address>0xf0ec</load_address>
         <readonly>true</readonly>
         <executable>true</executable>
         <run_address>0xf0ec</run_address>
         <size>0x6c</size>
         <alignment>0x4</alignment>
         <input_file_ref idref="fl-e"/>
      </object_component>
      <object_component id="oc-dd">
         <name>.text._Z28GetDiscreteJoystickDirectionjj</name>
         <load_address>0xf158</load_address>
         <readonly>true</readonly>
         <executable>true</executable>
         <run_address>0xf158</run_address>
         <size>0x6c</size>
         <alignment>0x4</alignment>
         <input_file_ref idref="fl-4"/>
      </object_component>
      <object_component id="oc-27c">
         <name>.text.getdevice</name>
         <load_address>0xf1c4</load_address>
         <readonly>true</readonly>
         <executable>true</executable>
         <run_address>0xf1c4</run_address>
         <size>0x6c</size>
         <alignment>0x4</alignment>
         <input_file_ref idref="fl-10e"/>
      </object_component>
      <object_component id="oc-293">
         <name>.text.split</name>
         <load_address>0xf230</load_address>
         <readonly>true</readonly>
         <executable>true</executable>
         <run_address>0xf230</run_address>
         <size>0x64</size>
         <alignment>0x4</alignment>
         <input_file_ref idref="fl-3b"/>
      </object_component>
      <object_component id="oc-20e">
         <name>.text.HOSTopen</name>
         <load_address>0xf294</load_address>
         <readonly>true</readonly>
         <executable>true</executable>
         <run_address>0xf294</run_address>
         <size>0x60</size>
         <alignment>0x4</alignment>
         <input_file_ref idref="fl-f4"/>
      </object_component>
      <object_component id="oc-b8">
         <name>.text._Z13TimerG12_Initv</name>
         <load_address>0xf2f4</load_address>
         <readonly>true</readonly>
         <executable>true</executable>
         <run_address>0xf2f4</run_address>
         <size>0x60</size>
         <alignment>0x4</alignment>
         <input_file_ref idref="fl-11"/>
      </object_component>
      <object_component id="oc-216">
         <name>.text.HOSTread</name>
         <load_address>0xf354</load_address>
         <readonly>true</readonly>
         <executable>true</executable>
         <run_address>0xf354</run_address>
         <size>0x58</size>
         <alignment>0x4</alignment>
         <input_file_ref idref="fl-f5"/>
      </object_component>
      <object_component id="oc-2a9">
         <name>.text.HOSTtime64</name>
         <load_address>0xf3ac</load_address>
         <readonly>true</readonly>
         <executable>true</executable>
         <run_address>0xf3ac</run_address>
         <size>0x58</size>
         <alignment>0x4</alignment>
         <input_file_ref idref="fl-f7"/>
      </object_component>
      <object_component id="oc-21a">
         <name>.text.HOSTwrite</name>
         <load_address>0xf404</load_address>
         <readonly>true</readonly>
         <executable>true</executable>
         <run_address>0xf404</run_address>
         <size>0x58</size>
         <alignment>0x4</alignment>
         <input_file_ref idref="fl-f9"/>
      </object_component>
      <object_component id="oc-d9">
         <name>.text._ZNK6Player4drawEv</name>
         <load_address>0xf45c</load_address>
         <readonly>true</readonly>
         <executable>true</executable>
         <run_address>0xf45c</run_address>
         <size>0x58</size>
         <alignment>0x4</alignment>
         <input_file_ref idref="fl-9"/>
      </object_component>
      <object_component id="oc-1e1">
         <name>.text.__aeabi_idivmod</name>
         <load_address>0xf4b4</load_address>
         <readonly>true</readonly>
         <executable>true</executable>
         <run_address>0xf4b4</run_address>
         <size>0x56</size>
         <alignment>0x4</alignment>
         <input_file_ref idref="fl-105"/>
      </object_component>
      <object_component id="oc-1e9">
         <name>.text._Z11fillmessagej</name>
         <load_address>0xf50c</load_address>
         <readonly>true</readonly>
         <executable>true</executable>
         <run_address>0xf50c</run_address>
         <size>0x54</size>
         <alignment>0x4</alignment>
         <input_file_ref idref="fl-b"/>
      </object_component>
      <object_component id="oc-14a">
         <name>.text._Z12NavigateMenui</name>
         <load_address>0xf560</load_address>
         <readonly>true</readonly>
         <executable>true</executable>
         <run_address>0xf560</run_address>
         <size>0x54</size>
         <alignment>0x4</alignment>
         <input_file_ref idref="fl-8"/>
      </object_component>
      <object_component id="oc-100">
         <name>.text:__TI_auto_init_nobinit</name>
         <load_address>0xf5b4</load_address>
         <readonly>true</readonly>
         <executable>true</executable>
         <run_address>0xf5b4</run_address>
         <size>0x54</size>
         <alignment>0x4</alignment>
         <input_file_ref idref="fl-48"/>
      </object_component>
      <object_component id="oc-234">
         <name>.text.__TI_doflush</name>
         <load_address>0xf608</load_address>
         <readonly>true</readonly>
         <executable>true</executable>
         <run_address>0xf608</run_address>
         <size>0x52</size>
         <alignment>0x2</alignment>
         <input_file_ref idref="fl-44"/>
      </object_component>
      <object_component id="oc-151">
         <name>.text._Z8ResetMapv</name>
         <load_address>0xf65c</load_address>
         <readonly>true</readonly>
         <executable>true</executable>
         <run_address>0xf65c</run_address>
         <size>0x50</size>
         <alignment>0x4</alignment>
         <input_file_ref idref="fl-8"/>
      </object_component>
      <object_component id="oc-23a">
         <name>.text.close</name>
         <load_address>0xf6ac</load_address>
         <readonly>true</readonly>
         <executable>true</executable>
         <run_address>0xf6ac</run_address>
         <size>0x50</size>
         <alignment>0x4</alignment>
         <input_file_ref idref="fl-ef"/>
      </object_component>
      <object_component id="oc-14b">
         <name>.text._Z14SelectMenuItemv</name>
         <load_address>0xf6fc</load_address>
         <readonly>true</readonly>
         <executable>true</executable>
         <run_address>0xf6fc</run_address>
         <size>0x4c</size>
         <alignment>0x4</alignment>
         <input_file_ref idref="fl-8"/>
      </object_component>
      <object_component id="oc-212">
         <name>.text.HOSTclose</name>
         <load_address>0xf748</load_address>
         <readonly>true</readonly>
         <executable>true</executable>
         <run_address>0xf748</run_address>
         <size>0x48</size>
         <alignment>0x4</alignment>
         <input_file_ref idref="fl-f2"/>
      </object_component>
      <object_component id="oc-222">
         <name>.text.HOSTunlink</name>
         <load_address>0xf790</load_address>
         <readonly>true</readonly>
         <executable>true</executable>
         <run_address>0xf790</run_address>
         <size>0x48</size>
         <alignment>0x4</alignment>
         <input_file_ref idref="fl-f8"/>
      </object_component>
      <object_component id="oc-1ee">
         <name>.text._Z11Sound_StartPKhj</name>
         <load_address>0xf7d8</load_address>
         <readonly>true</readonly>
         <executable>true</executable>
         <run_address>0xf7d8</run_address>
         <size>0x48</size>
         <alignment>0x4</alignment>
         <input_file_ref idref="fl-e"/>
      </object_component>
      <object_component id="oc-199">
         <name>.text._Z14SPI_OutCommandc</name>
         <load_address>0xf820</load_address>
         <readonly>true</readonly>
         <executable>true</executable>
         <run_address>0xf820</run_address>
         <size>0x48</size>
         <alignment>0x4</alignment>
         <input_file_ref idref="fl-a"/>
      </object_component>
      <object_component id="oc-164">
         <name>.text._Z9MyADC1_Inh</name>
         <load_address>0xf868</load_address>
         <readonly>true</readonly>
         <executable>true</executable>
         <run_address>0xf868</run_address>
         <size>0x48</size>
         <alignment>0x4</alignment>
         <input_file_ref idref="fl-3"/>
      </object_component>
      <object_component id="oc-d4">
         <name>.text._ZN6Player5resetEv</name>
         <load_address>0xf8b0</load_address>
         <readonly>true</readonly>
         <executable>true</executable>
         <run_address>0xf8b0</run_address>
         <size>0x46</size>
         <alignment>0x2</alignment>
         <input_file_ref idref="fl-9"/>
      </object_component>
      <object_component id="oc-112">
         <name>.text._ZN6PlayerC2Ehhbh</name>
         <load_address>0xf8f6</load_address>
         <readonly>true</readonly>
         <executable>true</executable>
         <run_address>0xf8f6</run_address>
         <size>0x46</size>
         <alignment>0x2</alignment>
         <input_file_ref idref="fl-9"/>
      </object_component>
      <object_component id="oc-256">
         <name>.text._Z14SysTick_IntArmjj</name>
         <load_address>0xf93c</load_address>
         <readonly>true</readonly>
         <executable>true</executable>
         <run_address>0xf93c</run_address>
         <size>0x44</size>
         <alignment>0x4</alignment>
         <input_file_ref idref="fl-e"/>
      </object_component>
      <object_component id="oc-3d">
         <name>.text.TIMG7_IRQHandler</name>
         <load_address>0xf980</load_address>
         <readonly>true</readonly>
         <executable>true</executable>
         <run_address>0xf980</run_address>
         <size>0x40</size>
         <alignment>0x4</alignment>
         <input_file_ref idref="fl-10"/>
      </object_component>
      <object_component id="oc-25c">
         <name>.text._Z9SPI_Resetv</name>
         <load_address>0xf9c0</load_address>
         <readonly>true</readonly>
         <executable>true</executable>
         <run_address>0xf9c0</run_address>
         <size>0x40</size>
         <alignment>0x4</alignment>
         <input_file_ref idref="fl-a"/>
      </object_component>
      <object_component id="oc-181">
         <name>.text.__aeabi_uidivmod</name>
         <load_address>0xfa00</load_address>
         <readonly>true</readonly>
         <executable>true</executable>
         <run_address>0xfa00</run_address>
         <size>0x40</size>
         <alignment>0x4</alignment>
         <input_file_ref idref="fl-108"/>
      </object_component>
      <object_component id="oc-1b3">
         <name>.text._search_fp</name>
         <load_address>0xfa40</load_address>
         <readonly>true</readonly>
         <executable>true</executable>
         <run_address>0xfa40</run_address>
         <size>0x40</size>
         <alignment>0x4</alignment>
         <input_file_ref idref="fl-34"/>
      </object_component>
      <object_component id="oc-17d">
         <name>.text._Z10UpdateCoinii</name>
         <load_address>0xfa80</load_address>
         <readonly>true</readonly>
         <executable>true</executable>
         <run_address>0xfa80</run_address>
         <size>0x3c</size>
         <alignment>0x2</alignment>
         <input_file_ref idref="fl-8"/>
      </object_component>
      <object_component id="oc-38">
         <name>.text.SysTick_Handler</name>
         <load_address>0xfabc</load_address>
         <readonly>true</readonly>
         <executable>true</executable>
         <run_address>0xfabc</run_address>
         <size>0x38</size>
         <alignment>0x4</alignment>
         <input_file_ref idref="fl-e"/>
      </object_component>
      <object_component id="oc-19e">
         <name>.text._Z11SPI_OutDatac</name>
         <load_address>0xfaf4</load_address>
         <readonly>true</readonly>
         <executable>true</executable>
         <run_address>0xfaf4</run_address>
         <size>0x38</size>
         <alignment>0x4</alignment>
         <input_file_ref idref="fl-a"/>
      </object_component>
      <object_component id="oc-11e">
         <name>.text._Z15ActivatePortA_Bv</name>
         <load_address>0xfb2c</load_address>
         <readonly>true</readonly>
         <executable>true</executable>
         <run_address>0xfb2c</run_address>
         <size>0x38</size>
         <alignment>0x4</alignment>
         <input_file_ref idref="fl-7"/>
      </object_component>
      <object_component id="oc-1e0">
         <name>.text.rand</name>
         <load_address>0xfb64</load_address>
         <readonly>true</readonly>
         <executable>true</executable>
         <run_address>0xfb64</run_address>
         <size>0x38</size>
         <alignment>0x4</alignment>
         <input_file_ref idref="fl-3c"/>
      </object_component>
      <object_component id="oc-134">
         <name>.text._Z12ST7735_writeiPKcj</name>
         <load_address>0xfb9c</load_address>
         <readonly>true</readonly>
         <executable>true</executable>
         <run_address>0xfb9c</run_address>
         <size>0x34</size>
         <alignment>0x2</alignment>
         <input_file_ref idref="fl-b"/>
      </object_component>
      <object_component id="oc-ed">
         <name>.text._Z14Clock_Delay1msj</name>
         <load_address>0xfbd0</load_address>
         <readonly>true</readonly>
         <executable>true</executable>
         <run_address>0xfbd0</run_address>
         <size>0x34</size>
         <alignment>0x4</alignment>
         <input_file_ref idref="fl-1"/>
      </object_component>
      <object_component id="oc-15f">
         <name>.text._Z16ST7735_SetCursorjj</name>
         <load_address>0xfc04</load_address>
         <readonly>true</readonly>
         <executable>true</executable>
         <run_address>0xfc04</run_address>
         <size>0x34</size>
         <alignment>0x4</alignment>
         <input_file_ref idref="fl-b"/>
      </object_component>
      <object_component id="oc-1c0">
         <name>.text.__TI_cleanup</name>
         <load_address>0xfc38</load_address>
         <readonly>true</readonly>
         <executable>true</executable>
         <run_address>0xfc38</run_address>
         <size>0x34</size>
         <alignment>0x4</alignment>
         <input_file_ref idref="fl-34"/>
      </object_component>
      <object_component id="oc-264">
         <name>.text.__TI_readmsg</name>
         <load_address>0xfc6c</load_address>
         <readonly>true</readonly>
         <executable>true</executable>
         <run_address>0xfc6c</run_address>
         <size>0x34</size>
         <alignment>0x4</alignment>
         <input_file_ref idref="fl-fa"/>
      </object_component>
      <object_component id="oc-25e">
         <name>.text.__TI_writemsg</name>
         <load_address>0xfca0</load_address>
         <readonly>true</readonly>
         <executable>true</executable>
         <run_address>0xfca0</run_address>
         <size>0x34</size>
         <alignment>0x4</alignment>
         <input_file_ref idref="fl-fa"/>
      </object_component>
      <object_component id="oc-f8">
         <name>.text.exit</name>
         <load_address>0xfcd4</load_address>
         <readonly>true</readonly>
         <executable>true</executable>
         <run_address>0xfcd4</run_address>
         <size>0x34</size>
         <alignment>0x4</alignment>
         <input_file_ref idref="fl-37"/>
      </object_component>
      <object_component id="oc-1a7">
         <name>.text.finddevice</name>
         <load_address>0xfd08</load_address>
         <readonly>true</readonly>
         <executable>true</executable>
         <run_address>0xfd08</run_address>
         <size>0x34</size>
         <alignment>0x4</alignment>
         <input_file_ref idref="fl-10e"/>
      </object_component>
      <object_component id="oc-12c">
         <name>.text.freopen</name>
         <load_address>0xfd3c</load_address>
         <readonly>true</readonly>
         <executable>true</executable>
         <run_address>0xfd3c</run_address>
         <size>0x34</size>
         <alignment>0x4</alignment>
         <input_file_ref idref="fl-34"/>
      </object_component>
      <object_component id="oc-197">
         <name>.text._ZL10commonInitPKh</name>
         <load_address>0xfd70</load_address>
         <readonly>true</readonly>
         <executable>true</executable>
         <run_address>0xfd70</run_address>
         <size>0x30</size>
         <alignment>0x4</alignment>
         <input_file_ref idref="fl-b"/>
      </object_component>
      <object_component id="oc-126">
         <name>.text.fopen</name>
         <load_address>0xfda0</load_address>
         <readonly>true</readonly>
         <executable>true</executable>
         <run_address>0xfda0</run_address>
         <size>0x30</size>
         <alignment>0x4</alignment>
         <input_file_ref idref="fl-34"/>
      </object_component>
      <object_component id="oc-14c">
         <name>.text._Z13NextRulesPagev</name>
         <load_address>0xfdd0</load_address>
         <readonly>true</readonly>
         <executable>true</executable>
         <run_address>0xfdd0</run_address>
         <size>0x2c</size>
         <alignment>0x4</alignment>
         <input_file_ref idref="fl-8"/>
      </object_component>
      <object_component id="oc-150">
         <name>.text._Z17ST7735_FillScreent</name>
         <load_address>0xfdfc</load_address>
         <readonly>true</readonly>
         <executable>true</executable>
         <run_address>0xfdfc</run_address>
         <size>0x2c</size>
         <alignment>0x4</alignment>
         <input_file_ref idref="fl-b"/>
      </object_component>
      <object_component id="oc-28b">
         <name>.text.unlink</name>
         <load_address>0xfe28</load_address>
         <readonly>true</readonly>
         <executable>true</executable>
         <run_address>0xfe28</run_address>
         <size>0x2c</size>
         <alignment>0x4</alignment>
         <input_file_ref idref="fl-f1"/>
      </object_component>
      <object_component id="oc-c7">
         <name>.text._Z11Switch_Initv</name>
         <load_address>0xfe54</load_address>
         <readonly>true</readonly>
         <executable>true</executable>
         <run_address>0xfe54</run_address>
         <size>0x28</size>
         <alignment>0x4</alignment>
         <input_file_ref idref="fl-f"/>
      </object_component>
      <object_component id="oc-247">
         <name>.text.free_list_insert</name>
         <load_address>0xfe7c</load_address>
         <readonly>true</readonly>
         <executable>true</executable>
         <run_address>0xfe7c</run_address>
         <size>0x28</size>
         <alignment>0x4</alignment>
         <input_file_ref idref="fl-3b"/>
      </object_component>
      <object_component id="oc-282">
         <name>.text.write</name>
         <load_address>0xfea4</load_address>
         <readonly>true</readonly>
         <executable>true</executable>
         <run_address>0xfea4</run_address>
         <size>0x28</size>
         <alignment>0x4</alignment>
         <input_file_ref idref="fl-e9"/>
      </object_component>
      <object_component id="oc-62">
         <name>.text:_c_int00_noargs</name>
         <load_address>0xfecc</load_address>
         <readonly>true</readonly>
         <executable>true</executable>
         <run_address>0xfecc</run_address>
         <size>0x28</size>
         <alignment>0x4</alignment>
         <input_file_ref idref="fl-40"/>
      </object_component>
      <object_component id="oc-160">
         <name>.text._Z16ST7735_OutStringPc</name>
         <load_address>0xfef4</load_address>
         <readonly>true</readonly>
         <executable>true</executable>
         <run_address>0xfef4</run_address>
         <size>0x26</size>
         <alignment>0x2</alignment>
         <input_file_ref idref="fl-b"/>
      </object_component>
      <object_component id="oc-180">
         <name>.text._ZN6Player10setPowerupE11PowerupType</name>
         <load_address>0xff1a</load_address>
         <readonly>true</readonly>
         <executable>true</executable>
         <run_address>0xff1a</run_address>
         <size>0x24</size>
         <alignment>0x2</alignment>
         <input_file_ref idref="fl-9"/>
      </object_component>
      <object_component id="oc-1da">
         <name>.text.srand</name>
         <load_address>0xff40</load_address>
         <readonly>true</readonly>
         <executable>true</executable>
         <run_address>0xff40</run_address>
         <size>0x24</size>
         <alignment>0x4</alignment>
         <input_file_ref idref="fl-3c"/>
      </object_component>
      <object_component id="oc-2b2">
         <name>.text._ZL9pushColort</name>
         <load_address>0xff64</load_address>
         <readonly>true</readonly>
         <executable>true</executable>
         <run_address>0xff64</run_address>
         <size>0x1e</size>
         <alignment>0x2</alignment>
         <input_file_ref idref="fl-b"/>
      </object_component>
      <object_component id="oc-16c">
         <name>.text._ZNK6Player8isFrozenEv</name>
         <load_address>0xff82</load_address>
         <readonly>true</readonly>
         <executable>true</executable>
         <run_address>0xff82</run_address>
         <size>0x1e</size>
         <alignment>0x2</alignment>
         <input_file_ref idref="fl-9"/>
      </object_component>
      <object_component id="oc-36">
         <name>.text.Default_Handler</name>
         <load_address>0xffa0</load_address>
         <readonly>true</readonly>
         <executable>true</executable>
         <run_address>0xffa0</run_address>
         <size>0x1c</size>
         <alignment>0x4</alignment>
         <input_file_ref idref="fl-13"/>
      </object_component>
      <object_component id="oc-37">
         <name>.text.HardFault_Handler</name>
         <load_address>0xffbc</load_address>
         <readonly>true</readonly>
         <executable>true</executable>
         <run_address>0xffbc</run_address>
         <size>0x1c</size>
         <alignment>0x4</alignment>
         <input_file_ref idref="fl-13"/>
      </object_component>
      <object_component id="oc-eb">
         <name>.text._Z11Switch_P2B1v</name>
         <load_address>0xffd8</load_address>
         <readonly>true</readonly>
         <executable>true</executable>
         <run_address>0xffd8</run_address>
         <size>0x1c</size>
         <alignment>0x2</alignment>
         <input_file_ref idref="fl-f"/>
      </object_component>
      <object_component id="oc-6f">
         <name>.text._Z8DAC5_Outj</name>
         <load_address>0xfff4</load_address>
         <readonly>true</readonly>
         <executable>true</executable>
         <run_address>0xfff4</run_address>
         <size>0x1c</size>
         <alignment>0x4</alignment>
         <input_file_ref idref="fl-2"/>
      </object_component>
      <object_component id="oc-17c">
         <name>.text._Z9Switch_Inv</name>
         <load_address>0x10010</load_address>
         <readonly>true</readonly>
         <executable>true</executable>
         <run_address>0x10010</run_address>
         <size>0x1c</size>
         <alignment>0x4</alignment>
         <input_file_ref idref="fl-f"/>
      </object_component>
      <object_component id="oc-a3">
         <name>.text.__cxx_global_var_init.1</name>
         <load_address>0x1002c</load_address>
         <readonly>true</readonly>
         <executable>true</executable>
         <run_address>0x1002c</run_address>
         <size>0x1c</size>
         <alignment>0x4</alignment>
         <input_file_ref idref="fl-6"/>
      </object_component>
      <object_component id="oc-a4">
         <name>.text.__cxx_global_var_init.2</name>
         <load_address>0x10048</load_address>
         <readonly>true</readonly>
         <executable>true</executable>
         <run_address>0x10048</run_address>
         <size>0x1c</size>
         <alignment>0x4</alignment>
         <input_file_ref idref="fl-6"/>
      </object_component>
      <object_component id="oc-245">
         <name>.text.free_list_remove</name>
         <load_address>0x10064</load_address>
         <readonly>true</readonly>
         <executable>true</executable>
         <run_address>0x10064</run_address>
         <size>0x1c</size>
         <alignment>0x4</alignment>
         <input_file_ref idref="fl-3b"/>
      </object_component>
      <object_component id="oc-14f">
         <name>.text._ZN6Player11setPositionEhh</name>
         <load_address>0x10080</load_address>
         <readonly>true</readonly>
         <executable>true</executable>
         <run_address>0x10080</run_address>
         <size>0x1a</size>
         <alignment>0x2</alignment>
         <input_file_ref idref="fl-9"/>
      </object_component>
      <object_component id="oc-10c">
         <name>.text._ZN8SlidePotC2Ejj</name>
         <load_address>0x1009a</load_address>
         <readonly>true</readonly>
         <executable>true</executable>
         <run_address>0x1009a</run_address>
         <size>0x1a</size>
         <alignment>0x2</alignment>
         <input_file_ref idref="fl-c"/>
      </object_component>
      <object_component id="oc-e9">
         <name>.text._Z11Switch_P1B2v</name>
         <load_address>0x100b4</load_address>
         <readonly>true</readonly>
         <executable>true</executable>
         <run_address>0x100b4</run_address>
         <size>0x18</size>
         <alignment>0x2</alignment>
         <input_file_ref idref="fl-f"/>
      </object_component>
      <object_component id="oc-ec">
         <name>.text._Z11Switch_P2B2v</name>
         <load_address>0x100cc</load_address>
         <readonly>true</readonly>
         <executable>true</executable>
         <run_address>0x100cc</run_address>
         <size>0x18</size>
         <alignment>0x2</alignment>
         <input_file_ref idref="fl-f"/>
      </object_component>
      <object_component id="oc-a2">
         <name>.text.__cxx_global_var_init</name>
         <load_address>0x100e4</load_address>
         <readonly>true</readonly>
         <executable>true</executable>
         <run_address>0x100e4</run_address>
         <size>0x18</size>
         <alignment>0x4</alignment>
         <input_file_ref idref="fl-6"/>
      </object_component>
      <object_component id="oc-137">
         <name>.text._Z11ST7735_openPKcji</name>
         <load_address>0x100fc</load_address>
         <readonly>true</readonly>
         <executable>true</executable>
         <run_address>0x100fc</run_address>
         <size>0x16</size>
         <alignment>0x2</alignment>
         <input_file_ref idref="fl-b"/>
      </object_component>
      <object_component id="oc-135">
         <name>.text._Z11ST7735_readiPcj</name>
         <load_address>0x10112</load_address>
         <readonly>true</readonly>
         <executable>true</executable>
         <run_address>0x10112</run_address>
         <size>0x16</size>
         <alignment>0x2</alignment>
         <input_file_ref idref="fl-b"/>
      </object_component>
      <object_component id="oc-d6">
         <name>.text._ZN6Player8addScoreEh</name>
         <load_address>0x10128</load_address>
         <readonly>true</readonly>
         <executable>true</executable>
         <run_address>0x10128</run_address>
         <size>0x16</size>
         <alignment>0x2</alignment>
         <input_file_ref idref="fl-9"/>
      </object_component>
      <object_component id="oc-59">
         <name>.text:decompress:ZI:__TI_zero_init_nomemset</name>
         <load_address>0x1013e</load_address>
         <readonly>true</readonly>
         <executable>true</executable>
         <run_address>0x1013e</run_address>
         <size>0x16</size>
         <alignment>0x2</alignment>
         <input_file_ref idref="fl-3d"/>
      </object_component>
      <object_component id="oc-e7">
         <name>.text._Z11Switch_P1B1v</name>
         <load_address>0x10154</load_address>
         <readonly>true</readonly>
         <executable>true</executable>
         <run_address>0x10154</run_address>
         <size>0x14</size>
         <alignment>0x2</alignment>
         <input_file_ref idref="fl-f"/>
      </object_component>
      <object_component id="oc-17e">
         <name>.text._Z13Sound_Collectv</name>
         <load_address>0x10168</load_address>
         <readonly>true</readonly>
         <executable>true</executable>
         <run_address>0x10168</run_address>
         <size>0x14</size>
         <alignment>0x4</alignment>
         <input_file_ref idref="fl-e"/>
      </object_component>
      <object_component id="oc-16e">
         <name>.text._Z15Sound_Explosionv</name>
         <load_address>0x1017c</load_address>
         <readonly>true</readonly>
         <executable>true</executable>
         <run_address>0x1017c</run_address>
         <size>0x14</size>
         <alignment>0x4</alignment>
         <input_file_ref idref="fl-e"/>
      </object_component>
      <object_component id="oc-16f">
         <name>.text._Z19ST7735_SetTextColort</name>
         <load_address>0x10190</load_address>
         <readonly>true</readonly>
         <executable>true</executable>
         <run_address>0x10190</run_address>
         <size>0x14</size>
         <alignment>0x4</alignment>
         <input_file_ref idref="fl-b"/>
      </object_component>
      <object_component id="oc-16d">
         <name>.text._ZN6Player6freezeEh</name>
         <load_address>0x101a4</load_address>
         <readonly>true</readonly>
         <executable>true</executable>
         <run_address>0x101a4</run_address>
         <size>0x12</size>
         <alignment>0x2</alignment>
         <input_file_ref idref="fl-9"/>
      </object_component>
      <object_component id="oc-ad">
         <name>.text:TI_memcpy_small</name>
         <load_address>0x101b6</load_address>
         <readonly>true</readonly>
         <executable>true</executable>
         <run_address>0x101b6</run_address>
         <size>0x12</size>
         <alignment>0x1</alignment>
         <input_file_ref idref="fl-10f"/>
      </object_component>
      <object_component id="oc-20">
         <name>.text:decompress:none</name>
         <load_address>0x101c8</load_address>
         <readonly>true</readonly>
         <executable>true</executable>
         <run_address>0x101c8</run_address>
         <size>0x12</size>
         <alignment>0x2</alignment>
         <input_file_ref idref="fl-3e"/>
      </object_component>
      <object_component id="oc-69">
         <name>.text._GLOBAL__sub_I_Lab9HMain.cpp</name>
         <load_address>0x101da</load_address>
         <readonly>true</readonly>
         <executable>true</executable>
         <run_address>0x101da</run_address>
         <size>0x10</size>
         <alignment>0x2</alignment>
         <input_file_ref idref="fl-6"/>
      </object_component>
      <object_component id="oc-11b">
         <name>.text._Z11Clock_Delayj</name>
         <load_address>0x101ea</load_address>
         <readonly>true</readonly>
         <executable>true</executable>
         <run_address>0x101ea</run_address>
         <size>0x10</size>
         <alignment>0x2</alignment>
         <input_file_ref idref="fl-1"/>
      </object_component>
      <object_component id="oc-1d9">
         <name>.text._ZL4timePx</name>
         <load_address>0x101fa</load_address>
         <readonly>true</readonly>
         <executable>true</executable>
         <run_address>0x101fa</run_address>
         <size>0x10</size>
         <alignment>0x2</alignment>
         <input_file_ref idref="fl-8"/>
      </object_component>
      <object_component id="oc-e3">
         <name>.text._ZNK6Player8isChaserEv</name>
         <load_address>0x1020a</load_address>
         <readonly>true</readonly>
         <executable>true</executable>
         <run_address>0x1020a</run_address>
         <size>0x10</size>
         <alignment>0x2</alignment>
         <input_file_ref idref="fl-9"/>
      </object_component>
      <object_component id="oc-24c">
         <name>.text.__time64</name>
         <load_address>0x1021a</load_address>
         <readonly>true</readonly>
         <executable>true</executable>
         <run_address>0x1021a</run_address>
         <size>0x10</size>
         <alignment>0x2</alignment>
         <input_file_ref idref="fl-eb"/>
      </object_component>
      <object_component id="oc-246">
         <name>.text.OUTLINED_FUNCTION_0</name>
         <load_address>0x1022a</load_address>
         <readonly>true</readonly>
         <executable>true</executable>
         <run_address>0x1022a</run_address>
         <size>0xe</size>
         <alignment>0x2</alignment>
         <input_file_ref idref="fl-3b"/>
      </object_component>
      <object_component id="oc-133">
         <name>.text._Z12ST7735_lseekili</name>
         <load_address>0x10238</load_address>
         <readonly>true</readonly>
         <executable>true</executable>
         <run_address>0x10238</run_address>
         <size>0xe</size>
         <alignment>0x2</alignment>
         <input_file_ref idref="fl-b"/>
      </object_component>
      <object_component id="oc-278">
         <name>.text.strcpy</name>
         <load_address>0x10246</load_address>
         <readonly>true</readonly>
         <executable>true</executable>
         <run_address>0x10246</run_address>
         <size>0xe</size>
         <alignment>0x2</alignment>
         <input_file_ref idref="fl-f6"/>
      </object_component>
      <object_component id="oc-279">
         <name>.text.strlen</name>
         <load_address>0x10254</load_address>
         <readonly>true</readonly>
         <executable>true</executable>
         <run_address>0x10254</run_address>
         <size>0xe</size>
         <alignment>0x2</alignment>
         <input_file_ref idref="fl-f6"/>
      </object_component>
      <object_component id="oc-114">
         <name>.text:TI_memset_small</name>
         <load_address>0x10262</load_address>
         <readonly>true</readonly>
         <executable>true</executable>
         <run_address>0x10262</run_address>
         <size>0xe</size>
         <alignment>0x1</alignment>
         <input_file_ref idref="fl-110"/>
      </object_component>
      <object_component id="oc-25b">
         <name>.text._Z10Clock_Freqv</name>
         <load_address>0x10270</load_address>
         <readonly>true</readonly>
         <executable>true</executable>
         <run_address>0x10270</run_address>
         <size>0xc</size>
         <alignment>0x4</alignment>
         <input_file_ref idref="fl-1"/>
      </object_component>
      <object_component id="oc-74">
         <name>.text._Z10Sound_Stopv</name>
         <load_address>0x1027c</load_address>
         <readonly>true</readonly>
         <executable>true</executable>
         <run_address>0x1027c</run_address>
         <size>0xc</size>
         <alignment>0x4</alignment>
         <input_file_ref idref="fl-e"/>
      </object_component>
      <object_component id="oc-131">
         <name>.text._Z13ST7735_renamePKcS0_</name>
         <load_address>0x10288</load_address>
         <readonly>true</readonly>
         <executable>true</executable>
         <run_address>0x10288</run_address>
         <size>0xc</size>
         <alignment>0x2</alignment>
         <input_file_ref idref="fl-b"/>
      </object_component>
      <object_component id="oc-dc">
         <name>.text._Z15Joystick1_ReadXv</name>
         <load_address>0x10294</load_address>
         <readonly>true</readonly>
         <executable>true</executable>
         <run_address>0x10294</run_address>
         <size>0xc</size>
[...]
         <value>0x1009b</value>
         <object_component_ref idref="oc-10c"/>
      </symbol>
      <symbol id="sm-25f">
         <name>_Z14SysTick_IntArmjj</name>
         <value>0xf93d</value>
         <object_component_ref idref="oc-256"/>
      </symbol>
      <symbol id="sm-260">
         <name>_Z10Sound_Initv</name>
         <value>0xf0ed</value>
         <object_component_ref idref="oc-d1"/>
      </symbol>
      <symbol id="sm-261">
         <name>SysTick_Handler</name>
         <value>0xfabd</value>
         <object_component_ref idref="oc-38"/>
      </symbol>
      <symbol id="sm-262">
         <name>_Z10Sound_Stopv</name>
         <value>0x1027d</value>
         <object_component_ref idref="oc-74"/>
      </symbol>
      <symbol id="sm-263">
         <name>_Z11Sound_StartPKhj</name>
         <value>0xf7d9</value>
         <object_component_ref idref="oc-1ee"/>
      </symbol>
      <symbol id="sm-264">
         <name>_Z13Sound_Collectv</name>
         <value>0x10169</value>
         <object_component_ref idref="oc-17e"/>
      </symbol>
      <symbol id="sm-265">
         <name>_Z15Sound_Explosionv</name>
         <value>0x1017d</value>
         <object_component_ref idref="oc-16e"/>
      </symbol>
      <symbol id="sm-27a">
         <name>_Z11Switch_Initv</name>
         <value>0xfe55</value>
         <object_component_ref idref="oc-c7"/>
      </symbol>
      <symbol id="sm-27b">
         <name>_Z9Switch_Inv</name>
         <value>0x10011</value>
         <object_component_ref idref="oc-17c"/>
      </symbol>
      <symbol id="sm-27c">
         <name>_Z11Switch_P1B1v</name>
         <value>0x10155</value>
         <object_component_ref idref="oc-e7"/>
      </symbol>
      <symbol id="sm-27d">
         <name>_Z11Switch_P1B2v</name>
         <value>0x100b5</value>
         <object_component_ref idref="oc-e9"/>
      </symbol>
      <symbol id="sm-27e">
         <name>_Z11Switch_P2B1v</name>
         <value>0xffd9</value>
         <object_component_ref idref="oc-eb"/>
      </symbol>
      <symbol id="sm-27f">
         <name>_Z11Switch_P2B2v</name>
         <value>0x100cd</value>
         <object_component_ref idref="oc-ec"/>
      </symbol>
      <symbol id="sm-289">
         <name>TIMG7_IRQHandler</name>
         <value>0xf981</value>
         <object_component_ref idref="oc-3d"/>
      </symbol>
      <symbol id="sm-28a">
         <name>TExaSadc</name>
         <value>0x2020090c</value>
         <object_component_ref idref="oc-7a"/>
      </symbol>
      <symbol id="sm-28b">
         <name>TExaSLogic</name>
         <value>0x20200908</value>
         <object_component_ref idref="oc-7b"/>
      </symbol>
      <symbol id="sm-298">
         <name>_Z15TimerG12_IntArmjj</name>
         <value>0xe895</value>
         <object_component_ref idref="oc-d2"/>
      </symbol>
      <symbol id="sm-299">
         <name>_Z13TimerG12_Initv</name>
         <value>0xf2f5</value>
         <object_component_ref idref="oc-b8"/>
      </symbol>
      <symbol id="sm-2ab">
         <name>Default_Handler</name>
         <value>0xffa1</value>
         <object_component_ref idref="oc-36"/>
      </symbol>
      <symbol id="sm-2ac">
         <name>Reset_Handler</name>
         <value>0x1034b</value>
         <object_component_ref idref="oc-32"/>
      </symbol>
      <symbol id="sm-2ad">
         <name>HardFault_Handler</name>
         <value>0xffbd</value>
         <object_component_ref idref="oc-37"/>
      </symbol>
      <symbol id="sm-2ae">
         <name>interruptVectors</name>
         <value>0x0</value>
         <object_component_ref idref="oc-18"/>
      </symbol>
      <symbol id="sm-2af">
         <name>NMI_Handler</name>
         <value>0xffa1</value>
         <object_component_ref idref="oc-36"/>
      </symbol>
      <symbol id="sm-2b0">
         <name>SVC_Handler</name>
         <value>0xffa1</value>
         <object_component_ref idref="oc-36"/>
      </symbol>
      <symbol id="sm-2b1">
         <name>PendSV_Handler</name>
         <value>0xffa1</value>
         <object_component_ref idref="oc-36"/>
      </symbol>
      <symbol id="sm-2b2">
         <name>GROUP0_IRQHandler</name>
         <value>0xffa1</value>
         <object_component_ref idref="oc-36"/>
      </symbol>
      <symbol id="sm-2b3">
         <name>GROUP1_IRQHandler</name>
         <value>0xffa1</value>
         <object_component_ref idref="oc-36"/>
      </symbol>
      <symbol id="sm-2b4">
         <name>TIMG8_IRQHandler</name>
         <value>0xffa1</value>
         <object_component_ref idref="oc-36"/>
      </symbol>
      <symbol id="sm-2b5">
         <name>UART3_IRQHandler</name>
         <value>0xffa1</value>
         <object_component_ref idref="oc-36"/>
      </symbol>
      <symbol id="sm-2b6">
         <name>ADC0_IRQHandler</name>
         <value>0xffa1</value>
         <object_component_ref idref="oc-36"/>
      </symbol>
      <symbol id="sm-2b7">
         <name>ADC1_IRQHandler</name>
         <value>0xffa1</value>
         <object_component_ref idref="oc-36"/>
      </symbol>
      <symbol id="sm-2b8">
         <name>CANFD0_IRQHandler</name>
         <value>0xffa1</value>
         <object_component_ref idref="oc-36"/>
      </symbol>
      <symbol id="sm-2b9">
         <name>DAC0_IRQHandler</name>
         <value>0xffa1</value>
         <object_component_ref idref="oc-36"/>
      </symbol>
      <symbol id="sm-2ba">
         <name>SPI0_IRQHandler</name>
         <value>0xffa1</value>
         <object_component_ref idref="oc-36"/>
      </symbol>
      <symbol id="sm-2bb">
         <name>SPI1_IRQHandler</name>
         <value>0xffa1</value>
         <object_component_ref idref="oc-36"/>
      </symbol>
      <symbol id="sm-2bc">
         <name>UART1_IRQHandler</name>
         <value>0xffa1</value>
         <object_component_ref idref="oc-36"/>
      </symbol>
      <symbol id="sm-2bd">
         <name>UART2_IRQHandler</name>
         <value>0xffa1</value>
         <object_component_ref idref="oc-36"/>
      </symbol>
      <symbol id="sm-2be">
         <name>UART0_IRQHandler</name>
         <value>0xffa1</value>
         <object_component_ref idref="oc-36"/>
      </symbol>
      <symbol id="sm-2bf">
         <name>TIMG0_IRQHandler</name>
         <value>0xffa1</value>
         <object_component_ref idref="oc-36"/>
      </symbol>
      <symbol id="sm-2c0">
         <name>TIMG6_IRQHandler</name>
         <value>0xffa1</value>
         <object_component_ref idref="oc-36"/>
      </symbol>
      <symbol id="sm-2c1">
         <name>TIMA0_IRQHandler</name>
         <value>0xffa1</value>
         <object_component_ref idref="oc-36"/>
      </symbol>
      <symbol id="sm-2c2">
         <name>TIMA1_IRQHandler</name>
         <value>0xffa1</value>
         <object_component_ref idref="oc-36"/>
      </symbol>
      <symbol id="sm-2c3">
         <name>I2C0_IRQHandler</name>
         <value>0xffa1</value>
         <object_component_ref idref="oc-36"/>
      </symbol>
      <symbol id="sm-2c4">
         <name>I2C1_IRQHandler</name>
         <value>0xffa1</value>
         <object_component_ref idref="oc-36"/>
      </symbol>
      <symbol id="sm-2c5">
         <name>AES_IRQHandler</name>
         <value>0xffa1</value>
         <object_component_ref idref="oc-36"/>
      </symbol>
      <symbol id="sm-2c6">
         <name>RTC_IRQHandler</name>
         <value>0xffa1</value>
         <object_component_ref idref="oc-36"/>
      </symbol>
      <symbol id="sm-2c7">
         <name>DMA_IRQHandler</name>
         <value>0xffa1</value>
         <object_component_ref idref="oc-36"/>
      </symbol>
      <symbol id="sm-2c8">
         <name>__TI_ATRegion0_src_addr</name>
         <value>0x0</value>
      </symbol>
      <symbol id="sm-2c9">
         <name>__TI_ATRegion0_trg_addr</name>
         <value>0x0</value>
      </symbol>
      <symbol id="sm-2ca">
         <name>__TI_ATRegion0_region_sz</name>
         <value>0x0</value>
      </symbol>
      <symbol id="sm-2cb">
         <name>__TI_ATRegion1_src_addr</name>
         <value>0x0</value>
      </symbol>
      <symbol id="sm-2cc">
         <name>__TI_ATRegion1_trg_addr</name>
         <value>0x0</value>
      </symbol>
      <symbol id="sm-2cd">
         <name>__TI_ATRegion1_region_sz</name>
         <value>0x0</value>
      </symbol>
      <symbol id="sm-2ce">
         <name>__TI_ATRegion2_src_addr</name>
         <value>0x0</value>
      </symbol>
      <symbol id="sm-2cf">
         <name>__TI_ATRegion2_trg_addr</name>
         <value>0x0</value>
      </symbol>
      <symbol id="sm-2d0">
         <name>__TI_ATRegion2_region_sz</name>
         <value>0x0</value>
      </symbol>
      <symbol id="sm-2e9">
         <name>fopen</name>
         <value>0xfda1</value>
         <object_component_ref idref="oc-126"/>
      </symbol>
      <symbol id="sm-2ea">
         <name>__TI_cleanup</name>
         <value>0xfc39</value>
         <object_component_ref idref="oc-1c0"/>
      </symbol>
      <symbol id="sm-2eb">
         <name>freopen</name>
         <value>0xfd3d</value>
         <object_component_ref idref="oc-12c"/>
      </symbol>
      <symbol id="sm-2f5">
         <name>setvbuf</name>
         <value>0xe0ad</value>
         <object_component_ref idref="oc-12d"/>
      </symbol>
      <symbol id="sm-304">
         <name>abort</name>
         <value>0x10353</value>
         <object_component_ref idref="oc-f3"/>
      </symbol>
      <symbol id="sm-305">
         <name>C$$EXIT</name>
         <value>0x10352</value>
         <object_component_ref idref="oc-f3"/>
      </symbol>
      <symbol id="sm-306">
         <name>__TI_cleanup_ptr</name>
         <value>0x202004f4</value>
         <object_component_ref idref="oc-18c"/>
      </symbol>
      <symbol id="sm-307">
         <name>__TI_dtors_ptr</name>
         <value>0x202004f8</value>
         <object_component_ref idref="oc-18c"/>
      </symbol>
      <symbol id="sm-308">
         <name>exit</name>
         <value>0xfcd5</value>
         <object_component_ref idref="oc-f8"/>
      </symbol>
      <symbol id="sm-311">
         <name>_nop</name>
         <value>0xecdf</value>
         <object_component_ref idref="oc-1fc"/>
      </symbol>
      <symbol id="sm-312">
         <name>_lock</name>
         <value>0x2020050c</value>
         <object_component_ref idref="oc-18a"/>
      </symbol>
      <symbol id="sm-313">
         <name>_unlock</name>
         <value>0x20200510</value>
         <object_component_ref idref="oc-18d"/>
      </symbol>
      <symbol id="sm-319">
         <name>_ftable</name>
         <value>0x20200280</value>
         <object_component_ref idref="oc-13b"/>
      </symbol>
      <symbol id="sm-31a">
         <name>__TI_ft_end</name>
         <value>0x20200508</value>
         <object_component_ref idref="oc-22f"/>
      </symbol>
      <symbol id="sm-31b">
         <name>__TI_tmpnams</name>
         <value>0x20200850</value>
         <object_component_ref idref="oc-242"/>
      </symbol>
      <symbol id="sm-33e">
         <name>malloc</name>
         <value>0x10319</value>
         <object_component_ref idref="oc-1bf"/>
      </symbol>
      <symbol id="sm-33f">
         <name>aligned_alloc</name>
         <value>0xdac5</value>
         <object_component_ref idref="oc-248"/>
      </symbol>
      <symbol id="sm-340">
         <name>free</name>
         <value>0xdfc5</value>
         <object_component_ref idref="oc-1bd"/>
      </symbol>
      <symbol id="sm-341">
         <name>_sys_memory</name>
         <value>0x20200530</value>
         <object_component_ref idref="oc-30"/>
      </symbol>
      <symbol id="sm-342">
         <name>memalign</name>
         <value>0xdac5</value>
         <object_component_ref idref="oc-248"/>
      </symbol>
      <symbol id="sm-352">
         <name>rand</name>
         <value>0xfb65</value>
         <object_component_ref idref="oc-1e0"/>
      </symbol>
      <symbol id="sm-353">
         <name>srand</name>
         <value>0xff41</value>
         <object_component_ref idref="oc-1da"/>
      </symbol>
      <symbol id="sm-35d">
         <name>__TI_zero_init_nomemset</name>
         <value>0x1013f</value>
         <object_component_ref idref="oc-59"/>
      </symbol>
      <symbol id="sm-366">
         <name>__TI_decompress_none</name>
         <value>0x101c9</value>
         <object_component_ref idref="oc-20"/>
      </symbol>
      <symbol id="sm-371">
         <name>__TI_decompress_lzss</name>
         <value>0xedd9</value>
         <object_component_ref idref="oc-1c"/>
      </symbol>
      <symbol id="sm-37c">
         <name>_c_int00_noargs</name>
         <value>0xfecd</value>
         <object_component_ref idref="oc-62"/>
      </symbol>
      <symbol id="sm-37d">
         <name>__stack</name>
         <value>0x20207e00</value>
         <object_component_ref idref="oc-1a"/>
      </symbol>
      <symbol id="sm-38a">
         <name>__TI_closefile</name>
         <value>0xed5d</value>
         <object_component_ref idref="oc-1b7"/>
      </symbol>
      <symbol id="sm-394">
         <name>__TI_doflush</name>
         <value>0xf609</value>
         <object_component_ref idref="oc-234"/>
      </symbol>
      <symbol id="sm-3a2">
         <name>__TI_auto_init_nobinit</name>
         <value>0xf5b5</value>
         <object_component_ref idref="oc-100"/>
      </symbol>
      <symbol id="sm-3aa">
         <name>_system_pre_init</name>
         <value>0x1034f</value>
         <object_component_ref idref="oc-93"/>
      </symbol>
      <symbol id="sm-3bd">
         <name>write</name>
         <value>0xfea5</value>
         <object_component_ref idref="oc-282"/>
      </symbol>
      <symbol id="sm-3c2">
         <name>_device</name>
         <value>0x20200370</value>
         <object_component_ref idref="oc-1ae"/>
      </symbol>
      <symbol id="sm-3c3">
         <name>_stream</name>
         <value>0x20200460</value>
         <object_component_ref idref="oc-27e"/>
      </symbol>
      <symbol id="sm-3cc">
         <name>__time64</name>
         <value>0x1021b</value>
         <object_component_ref idref="oc-24c"/>
      </symbol>
      <symbol id="sm-3d5">
         <name>remove</name>
         <value>0x10343</value>
         <object_component_ref idref="oc-23e"/>
      </symbol>
      <symbol id="sm-3e1">
         <name>open</name>
         <value>0xe6c1</value>
         <object_component_ref idref="oc-230"/>
      </symbol>
      <symbol id="sm-3ec">
         <name>close</name>
         <value>0xf6ad</value>
         <object_component_ref idref="oc-23a"/>
      </symbol>
      <symbol id="sm-3f8">
         <name>add_device</name>
         <value>0xded9</value>
         <object_component_ref idref="oc-122"/>
      </symbol>
      <symbol id="sm-402">
         <name>unlink</name>
         <value>0xfe29</value>
         <object_component_ref idref="oc-28b"/>
      </symbol>
      <symbol id="sm-40c">
         <name>HOSTclose</name>
         <value>0xf749</value>
         <object_component_ref idref="oc-212"/>
      </symbol>
      <symbol id="sm-416">
         <name>HOSTlseek</name>
         <value>0xefa9</value>
         <object_component_ref idref="oc-21e"/>
      </symbol>
      <symbol id="sm-420">
         <name>HOSTopen</name>
         <value>0xf295</value>
         <object_component_ref idref="oc-20e"/>
      </symbol>
      <symbol id="sm-421">
         <name>parmbuf</name>
         <value>0x202008fc</value>
         <object_component_ref idref="oc-265"/>
      </symbol>
      <symbol id="sm-42b">
         <name>HOSTread</name>
         <value>0xf355</value>
         <object_component_ref idref="oc-216"/>
      </symbol>
      <symbol id="sm-43c">
         <name>HOSTrename</name>
         <value>0xf015</value>
         <object_component_ref idref="oc-226"/>
      </symbol>
      <symbol id="sm-447">
         <name>HOSTtime64</name>
         <value>0xf3ad</value>
         <object_component_ref idref="oc-2a9"/>
      </symbol>
      <symbol id="sm-451">
         <name>HOSTunlink</name>
         <value>0xf791</value>
         <object_component_ref idref="oc-222"/>
      </symbol>
      <symbol id="sm-45b">
         <name>HOSTwrite</name>
         <value>0xf405</value>
         <object_component_ref idref="oc-21a"/>
      </symbol>
      <symbol id="sm-469">
         <name>C$$IO$$</name>
         <value>0xfccd</value>
         <object_component_ref idref="oc-25e"/>
      </symbol>
      <symbol id="sm-46a">
         <name>__TI_writemsg</name>
         <value>0xfca1</value>
         <object_component_ref idref="oc-25e"/>
      </symbol>
      <symbol id="sm-46b">
         <name>__CIOBUF_</name>
         <value>0x20200730</value>
         <object_component_ref idref="oc-2b3"/>
      </symbol>
      <symbol id="sm-46c">
         <name>__TI_readmsg</name>
         <value>0xfc6d</value>
         <object_component_ref idref="oc-264"/>
      </symbol>
      <symbol id="sm-46d">
         <name>_CIOBUF_</name>
         <value>0x20200730</value>
         <object_component_ref idref="oc-2b3"/>
      </symbol>
      <symbol id="sm-473">
         <name>__aeabi_idiv</name>
         <value>0xf4b5</value>
         <object_component_ref idref="oc-1e1"/>
      </symbol>
      <symbol id="sm-474">
         <name>__aeabi_idivmod</name>
         <value>0xf4b5</value>
         <object_component_ref idref="oc-1e1"/>
      </symbol>
      <symbol id="sm-47a">
         <name>__aeabi_memcpy</name>
         <value>0xeac9</value>
         <object_component_ref idref="oc-52"/>
      </symbol>
      <symbol id="sm-47b">
         <name>__aeabi_memcpy4</name>
         <value>0xeac9</value>
         <object_component_ref idref="oc-52"/>
      </symbol>
      <symbol id="sm-47c">
         <name>__aeabi_memcpy8</name>
         <value>0xeac9</value>
         <object_component_ref idref="oc-52"/>
      </symbol>
      <symbol id="sm-483">
         <name>__aeabi_memclr</name>
         <value>0x1030d</value>
         <object_component_ref idref="oc-8e"/>
      </symbol>
      <symbol id="sm-484">
         <name>__aeabi_memclr4</name>
         <value>0x1030d</value>
         <object_component_ref idref="oc-8e"/>
      </symbol>
      <symbol id="sm-485">
         <name>__aeabi_memclr8</name>
         <value>0x1030d</value>
         <object_component_ref idref="oc-8e"/>
      </symbol>
      <symbol id="sm-48b">
         <name>__aeabi_uidiv</name>
         <value>0xfa01</value>
         <object_component_ref idref="oc-181"/>
      </symbol>
      <symbol id="sm-48c">
         <name>__aeabi_uidivmod</name>
         <value>0xfa01</value>
         <object_component_ref idref="oc-181"/>
      </symbol>
      <symbol id="sm-497">
         <name>__aeabi_idiv0</name>
         <value>0xe6bf</value>
         <object_component_ref idref="oc-1f6"/>
      </symbol>
      <symbol id="sm-4a5">
         <name>finddevice</name>
         <value>0xfd09</value>
         <object_component_ref idref="oc-1a7"/>
      </symbol>
      <symbol id="sm-4a6">
         <name>getdevice</name>
         <value>0xf1c5</value>
         <object_component_ref idref="oc-27c"/>
      </symbol>
      <symbol id="sm-4af">
         <name>TI_memcpy_small</name>
         <value>0x101b7</value>
         <object_component_ref idref="oc-ad"/>
      </symbol>
      <symbol id="sm-4b8">
         <name>TI_memset_small</name>
         <value>0x10263</value>
         <object_component_ref idref="oc-114"/>
      </symbol>
      <symbol id="sm-4c0">
         <name>strcmp</name>
         <value>0xead1</value>
         <object_component_ref idref="oc-208"/>
      </symbol>
      <symbol id="sm-4c1">
         <name>__TI_static_base__</name>
         <value>0x0</value>
      </symbol>
      <symbol id="sm-4c4">
         <name>__mpu_init</name>
         <value>0x0</value>
      </symbol>
      <symbol id="sm-4c5">
         <name>_system_post_cinit</name>
         <value>0x0</value>
      </symbol>
   </symbol_table>
   <title>Link successful</title>
</link_info>
