******************************************************************************
            TI ARM Clang Linker Unix v4.0.1                    
******************************************************************************
>> Linked Tue Apr 22 15:04:10 2025

OUTPUT FILE NAME:   <ECE319K_Lab9H.out>
ENTRY POINT SYMBOL: "_c_int00_noargs"  address: 0000f069


MEMORY CONFIGURATION

         name            origin    length      used     unused   attr    fill
----------------------  --------  ---------  --------  --------  ----  --------
  FLASH                 00000000   00020000  0000f5a8  00010a58  R  X
  SRAM                  20200000   00008000  00000aa0  00007560  RW X
  BCR_CONFIG            41c00000   00000080  00000000  00000080  R   
  BSL_CONFIG            41c00100   00000080  00000000  00000080  R   


SEGMENT ALLOCATION MAP

run origin  load origin   length   init length attrs members
----------  ----------- ---------- ----------- ----- -------
00000000    00000000    0000f5a8   0000f5a8    r-x
  00000000    00000000    000000c0   000000c0    r-- .intvecs
  000000c0    000000c0    0000be80   0000be80    r-- .rodata
  0000bf40    0000bf40    00003570   00003570    r-x .text
  0000f4b0    0000f4b0    00000008   00000008    r-- .init_array
  0000f4b8    0000f4b8    000000f0   000000f0    r-- .cinit
20200000    20200000    000008a3   00000000    rw-
  20200000    20200000    000004ad   00000000    rw- .data
  202004b0    202004b0    00000200   00000000    rw- .sysmem
  202006b0    202006b0    000001f3   00000000    rw- .bss
20207e00    20207e00    00000200   00000000    rw-
  20207e00    20207e00    00000200   00000000    rw- .stack


SECTION ALLOCATION MAP

 output                                  attributes/
section   page    origin      length       input sections
--------  ----  ----------  ----------   ----------------
.intvecs   0    00000000    000000c0     
                  00000000    000000c0     startup_mspm0g3507_ticlang.o (.intvecs)

.binit     0    00000000    00000000     

.text      0    0000bf40    00003570     
                  0000bf40    00000234     Lab9HMain.o (.text.main)
                  0000c174    00000210     ST7735.o (.text._Z17ST7735_DrawBitmapssPKtss)
                  0000c384    000001b4     Clock.o (.text._Z15Clock_Init80MHzi)
                  0000c538    000001a0     ST7735.o (.text._Z16ST7735_DrawCharSsscssh)
                  0000c6d8    00000154     libc.a : fopen.c.obj (.text._openfile)
                  0000c82c    00000138     Map.o (.text._Z7DrawMapv)
                  0000c964    00000120     Player.o (.text._ZN6Player4moveEaa)
                  0000ca84    00000118     ST7735.o (.text._Z15ST7735_FillRectsssst)
                  0000cb9c    00000114     Player.o (.text._ZN6Player11collectItemEv)
                  0000ccb0    00000114     libc.a : memory.c.obj (.text.aligned_alloc)
                  0000cdc4    0000010c     Player.o (.text._ZNK6Player5eraseEv)
                  0000ced0    00000100     Map.o (.text._Z8EndRoundv)
                  0000cfd0    000000fc     Game_ADC.o (.text._Z11MyADC1_Initjj)
                  0000d0cc    000000f8     SPI.o (.text._Z8SPI_Initv)
                  0000d1c4    000000ec     libsysbm.a : add_device.c.obj (.text.add_device)
                  0000d2b0    000000e8     libc.a : memory.c.obj (.text.free)
                  0000d398    000000e0            : setvbuf.c.obj (.text.setvbuf)
                  0000d478    000000dc     Map.o (.text._Z8DrawMenuv)
                  0000d554    000000d0     ST7735.o (.text._Z14ST7735_OutCharc)
                  0000d624    000000c8     Map.o (.text._Z7EndGameh)
                  0000d6ec    000000b8     Map.o (.text._Z11DrawPowerUp11PowerupTypeb)
                  0000d7a4    000000b8     JoyStick.o (.text._Z13Joystick_Initv)
                  0000d85c    000000a8     Map.o (.text._Z13placePowerupsPA16_h)
                  0000d904    000000a2     ST7735.o (.text._ZL11commandListPKh)
                  0000d9a6    00000002     libclang_rt.builtins.a : aeabi_div0.c.obj (.text.__aeabi_idiv0)
                  0000d9a8    000000a0     libsysbm.a : open.c.obj (.text.open)
                  0000da48    0000009c     ST7735.o (.text._Z17ST7735_InitPrintfv)
                  0000dae4    00000098     ST7735.o (.text._Z12ST7735_InitR10initRFlags)
                  0000db7c    00000094     Timer.o (.text._Z15TimerG12_IntArmjj)
                  0000dc10    00000090     Player.o (.text._ZN6Player10usePowerupEv)
                  0000dca0    0000008c     Map.o (.text._Z14DrawScoreBoardv)
                  0000dd2c    00000088     ST7735.o (.text._ZL13setAddrWindowhhhh)
                  0000ddb4    0000000c     Clock.o (.text._Z10Clock_Freqv)
                  0000ddc0    00000088     libc.a : strcmp-armv6m.S.obj (.text:strcmp)
                  0000de48    00000084     ST7735.o (.text._Z14ST7735_OutUDecj)
                  0000decc    00000084     ST7735.o (.text._Z17ST7735_DrawStringttPcs)
                  0000df50    0000007c     LaunchPad.o (.text._Z14LaunchPad_Initv)
                  0000dfcc    0000007c     libc.a : fclose.c.obj (.text.__TI_closefile)
                  0000e048    0000007c            : copy_decompress_lzss.c.obj (.text:decompress:lzss)
                  0000e0c4    00000070     ST7735.o (.text._Z16ST7735_DrawPixelsst)
                  0000e134    00000070     Map.o (.text._Z16placeRandomCoinsPA16_hi)
                  0000e1a4    0000006c     libsysbm.a : hostlseek.c.obj (.text.HOSTlseek)
                  0000e210    0000006c                : hostrename.c.obj (.text.HOSTrename)
                  0000e27c    0000006c     Lab9HMain.o (.text.TIMG12_IRQHandler)
                  0000e2e8    0000006c     Sound.o (.text._Z10Sound_Initv)
                  0000e354    0000006c     JoyStick.o (.text._Z28GetDiscreteJoystickDirectionjj)
                  0000e3c0    0000006c     libc.a : getdevice.c.obj (.text.getdevice)
                  0000e42c    0000006a     Player.o (.text._ZN6Player12tickPowerupsEv)
                  0000e496    00000002     libc.a : _lock.c.obj (.text._nop)
                  0000e498    00000064            : memory.c.obj (.text.split)
                  0000e4fc    00000060     libsysbm.a : hostopen.c.obj (.text.HOSTopen)
                  0000e55c    00000060     Timer.o (.text._Z13TimerG12_Initv)
                  0000e5bc    00000058     libsysbm.a : hostread.c.obj (.text.HOSTread)
                  0000e614    00000058                : hosttime.c.obj (.text.HOSTtime64)
                  0000e66c    00000058                : hostwrite.c.obj (.text.HOSTwrite)
                  0000e6c4    00000058     Player.o (.text._ZNK6Player4drawEv)
                  0000e71c    00000056     libclang_rt.builtins.a : aeabi_idivmod.S.obj (.text.__aeabi_idivmod)
                  0000e772    00000002     --HOLE-- [fill = 0]
                  0000e774    00000054     ST7735.o (.text._Z11fillmessagej)
                  0000e7c8    00000054     libc.a : autoinit.c.obj (.text:__TI_auto_init_nobinit)
                  0000e81c    00000052            : fflush.c.obj (.text.__TI_doflush)
                  0000e86e    00000002     --HOLE-- [fill = 0]
                  0000e870    00000050     Map.o (.text._Z8ResetMapv)
                  0000e8c0    00000050     libsysbm.a : close.c.obj (.text.close)
                  0000e910    00000048                : hostclose.c.obj (.text.HOSTclose)
                  0000e958    00000048                : hostunlink.c.obj (.text.HOSTunlink)
                  0000e9a0    00000048     Sound.o (.text._Z11Sound_StartPKhj)
                  0000e9e8    00000048     SPI.o (.text._Z14SPI_OutCommandc)
                  0000ea30    00000048     Game_ADC.o (.text._Z9MyADC1_Inh)
                  0000ea78    00000046     Player.o (.text._ZN6Player5resetEv)
                  0000eabe    00000002     --HOLE-- [fill = 0]
                  0000eac0    00000044     Sound.o (.text._Z14SysTick_IntArmjj)
                  0000eb04    00000044     Player.o (.text._ZN6PlayerC2Ehhbh)
                  0000eb48    00000040     TExaS.o (.text.TIMG7_IRQHandler)
                  0000eb88    00000040     SPI.o (.text._Z9SPI_Resetv)
                  0000ebc8    00000040     libclang_rt.builtins.a : aeabi_uidivmod.S.obj (.text.__aeabi_uidivmod)
                  0000ec08    00000040     libc.a : fopen.c.obj (.text._search_fp)
                  0000ec48    0000003c     Map.o (.text._Z10UpdateCoinii)
                  0000ec84    00000038     Sound.o (.text.SysTick_Handler)
                  0000ecbc    00000038     SPI.o (.text._Z11SPI_OutDatac)
                  0000ecf4    00000038     LaunchPad.o (.text._Z15ActivatePortA_Bv)
                  0000ed2c    00000038     libc.a : rand.c.obj (.text.rand)
                  0000ed64    00000034     ST7735.o (.text._Z12ST7735_writeiPKcj)
                  0000ed98    00000034     Clock.o (.text._Z14Clock_Delay1msj)
                  0000edcc    00000034     ST7735.o (.text._Z16ST7735_SetCursorjj)
                  0000ee00    00000034     libc.a : fopen.c.obj (.text.__TI_cleanup)
                  0000ee34    00000034     libsysbm.a : trgmsg.c.obj (.text.__TI_readmsg)
                  0000ee68    00000034                : trgmsg.c.obj (.text.__TI_writemsg)
                  0000ee9c    00000034     libc.a : exit.c.obj (.text.exit)
                  0000eed0    00000034            : getdevice.c.obj (.text.finddevice)
                  0000ef04    00000034            : fopen.c.obj (.text.freopen)
                  0000ef38    00000030     ST7735.o (.text._ZL10commonInitPKh)
                  0000ef68    00000030     libc.a : fopen.c.obj (.text.fopen)
                  0000ef98    0000002c     ST7735.o (.text._Z17ST7735_FillScreent)
                  0000efc4    0000002c     libsysbm.a : unlink.c.obj (.text.unlink)
                  0000eff0    00000028     Switch.o (.text._Z11Switch_Initv)
                  0000f018    00000028     libc.a : memory.c.obj (.text.free_list_insert)
                  0000f040    00000028     libsysbm.a : write.c.obj (.text.write)
                  0000f068    00000028     libc.a : boot_cortex_m.c.obj (.text:_c_int00_noargs)
                  0000f090    00000026     ST7735.o (.text._Z16ST7735_OutStringPc)
                  0000f0b6    00000024     Player.o (.text._ZN6Player10setPowerupE11PowerupType)
                  0000f0da    00000002     --HOLE-- [fill = 0]
                  0000f0dc    00000024     libc.a : rand.c.obj (.text.srand)
                  0000f100    0000001e     ST7735.o (.text._ZL9pushColort)
                  0000f11e    00000002     --HOLE-- [fill = 0]
                  0000f120    0000001c     startup_mspm0g3507_ticlang.o (.text.Default_Handler)
                  0000f13c    0000001c     startup_mspm0g3507_ticlang.o (.text.HardFault_Handler)
                  0000f158    0000001c     Switch.o (.text._Z11Switch_P2B1v)
                  0000f174    0000001c     DAC5.o (.text._Z8DAC5_Outj)
                  0000f190    0000001c     Switch.o (.text._Z9Switch_Inv)
                  0000f1ac    0000001c     Lab9HMain.o (.text.__cxx_global_var_init.1)
                  0000f1c8    0000001c     Lab9HMain.o (.text.__cxx_global_var_init.2)
                  0000f1e4    0000001c     libc.a : memory.c.obj (.text.free_list_remove)
                  0000f200    0000001a     Player.o (.text._ZN6Player11setPositionEhh)
                  0000f21a    0000001a     SlidePot.o (.text._ZN8SlidePotC2Ejj)
                  0000f234    00000018     Switch.o (.text._Z11Switch_P1B2v)
                  0000f24c    00000018     Switch.o (.text._Z11Switch_P2B2v)
                  0000f264    00000018     Lab9HMain.o (.text.__cxx_global_var_init)
                  0000f27c    00000016     ST7735.o (.text._Z11ST7735_openPKcji)
                  0000f292    00000016     ST7735.o (.text._Z11ST7735_readiPcj)
                  0000f2a8    00000016     Player.o (.text._ZN6Player8addScoreEh)
                  0000f2be    00000016     libc.a : copy_zero_init.c.obj (.text:decompress:ZI:__TI_zero_init_nomemset)
                  0000f2d4    00000014     Switch.o (.text._Z11Switch_P1B1v)
                  0000f2e8    00000014     Sound.o (.text._Z13Sound_Collectv)
                  0000f2fc    00000014     ST7735.o (.text._Z19ST7735_SetTextColort)
                  0000f310    00000012     libc.a : memcpy16.S.obj (.text:TI_memcpy_small)
                  0000f322    00000012            : copy_decompress_none.c.obj (.text:decompress:none)
                  0000f334    00000010     Lab9HMain.o (.text._GLOBAL__sub_I_Lab9HMain.cpp)
                  0000f344    00000010     Clock.o (.text._Z11Clock_Delayj)
                  0000f354    00000010     Map.o (.text._ZL4timePx)
                  0000f364    00000010     Player.o (.text._ZNK6Player8isChaserEv)
                  0000f374    00000010     libsysbm.a : time64.c.obj (.text.__time64)
                  0000f384    0000000e     libc.a : memory.c.obj (.text.OUTLINED_FUNCTION_0)
                  0000f392    0000000e     ST7735.o (.text._Z12ST7735_lseekili)
                  0000f3a0    0000000e     libsysbm.a : hostrename.c.obj (.text.strcpy)
                  0000f3ae    0000000e                : hostrename.c.obj (.text.strlen)
                  0000f3bc    0000000e     libc.a : memset16.S.obj (.text:TI_memset_small)
                  0000f3ca    00000002     --HOLE-- [fill = 0]
                  0000f3cc    0000000c     Sound.o (.text._Z10Sound_Stopv)
                  0000f3d8    0000000c     ST7735.o (.text._Z13ST7735_renamePKcS0_)
                  0000f3e4    0000000c     JoyStick.o (.text._Z15Joystick1_ReadXv)
                  0000f3f0    0000000c     JoyStick.o (.text._Z15Joystick1_ReadYv)
                  0000f3fc    0000000c     JoyStick.o (.text._Z15Joystick2_ReadXv)
                  0000f408    0000000c     JoyStick.o (.text._Z15Joystick2_ReadYv)
                  0000f414    0000000c     Player.o (.text._ZNK6Player10getPowerupEv)
                  0000f420    0000000c     Player.o (.text._ZNK6Player4getXEv)
                  0000f42c    0000000c     Player.o (.text._ZNK6Player4getYEv)
                  0000f438    0000000c     Player.o (.text._ZNK6Player8getCoinsEv)
                  0000f444    0000000c     Player.o (.text._ZNK6Player8getScoreEv)
                  0000f450    0000000c     libclang_rt.builtins.a : aeabi_memset.S.obj (.text.__aeabi_memclr)
                  0000f45c    0000000c     libc.a : memory.c.obj (.text.malloc)
                  0000f468    0000000a     ST7735.o (.text._Z12ST7735_closei)
                  0000f472    0000000a     ST7735.o (.text._Z13ST7735_unlinkPKc)
                  0000f47c    0000000a     Lab9HMain.o (.text._Z8PLL_Initv)
                  0000f486    00000002     --HOLE-- [fill = 0]
                  0000f488    00000008     libclang_rt.builtins.a : aeabi_memcpy.S.obj (.text.__aeabi_memcpy)
                  0000f490    00000008     libsysbm.a : remove.c.obj (.text.remove)
                  0000f498    00000004     startup_mspm0g3507_ticlang.o (.text.Reset_Handler)
                  0000f49c    00000004     libc.a : pre_init.c.obj (.text._system_pre_init)
                  0000f4a0    00000004            : exit.c.obj (.text:abort)
                  0000f4a4    0000000c     --HOLE-- [fill = 0]

.cinit     0    0000f4b8    000000f0     
                  0000f4b8    000000cc     (.cinit..data.load) [load image, compression = lzss]
                  0000f584    0000000c     (__TI_handler_table)
                  0000f590    00000008     (.cinit..bss.load) [load image, compression = zero_init]
                  0000f598    00000010     (__TI_cinit_table)

.rodata    0    000000c0    0000be80     
                  000000c0    0000a000     Map.o (.rodata._ZL10mainScreen)
                  0000a0c0    00000ff0     Sound.o (.rodata._ZL5shoot)
                  0000b0b0    000004fb     ST7735.o (.rodata._ZL4Font)
                  0000b5ab    00000001     --HOLE-- [fill = 0]
                  0000b5ac    00000080     Map.o (.rodata._ZL10CoinSprite)
                  0000b62c    00000080     Player.o (.rodata._ZL10CoinSprite)
                  0000b6ac    00000080     Map.o (.rodata._ZL10MineSprite)
                  0000b72c    00000080     Player.o (.rodata._ZL10MineSprite)
                  0000b7ac    00000080     Map.o (.rodata._ZL10WallSprite)
                  0000b82c    00000080     Player.o (.rodata._ZL10WallSprite)
                  0000b8ac    00000080     Map.o (.rodata._ZL11GhostSprite)
                  0000b92c    00000080     Player.o (.rodata._ZL11GhostSprite)
                  0000b9ac    00000080     Map.o (.rodata._ZL11SpeedSprite)
                  0000ba2c    00000080     Player.o (.rodata._ZL11SpeedSprite)
                  0000baac    00000080     Map.o (.rodata._ZL12BorderSprite)
                  0000bb2c    00000080     Player.o (.rodata._ZL12BorderSprite)
                  0000bbac    00000080     Player.o (.rodata._ZL12ChaserSprite)
                  0000bc2c    00000080     Player.o (.rodata._ZL12RunnerSprite)
                  0000bcac    00000080     Map.o (.rodata._ZL5Black)
                  0000bd2c    00000080     Player.o (.rodata._ZL5Black)
                  0000bdac    0000003b     ST7735.o (.rodata._ZL5Rcmd1)
                  0000bde7    0000002b     ST7735.o (.rodata._ZL5Rcmd3)
                  0000be12    00000002     ST7735.o (.rodata.str1.12956530834739612181)
                  0000be14    00000018     Map.o (.rodata..L__const._Z13placePowerupsPA16_h.powerups)
                  0000be2c    00000016     ST7735.o (.rodata.str1.10454047957466484921)
                  0000be42    00000013     Map.o (.rodata.str1.79115834064565914151)
                  0000be55    00000013     Map.o (.rodata.str1.89521551402850255481)
                  0000be68    00000012     Map.o (.rodata.str1.175428026395986957171)
                  0000be7a    00000011     Map.o (.rodata.str1.62162332382089114691)
                  0000be8b    0000000f     Map.o (.rodata.str1.147687814722853052851)
                  0000be9a    0000000f     Map.o (.rodata.str1.45046861352749159411)
                  0000bea9    0000000d     ST7735.o (.rodata._ZL10Rcmd2green)
                  0000beb6    0000000d     ST7735.o (.rodata._ZL8Rcmd2red)
                  0000bec3    0000000d     Map.o (.rodata.str1.112519537372094380871)
                  0000bed0    0000000d     Map.o (.rodata.str1.148345599293076453791)
                  0000bedd    0000000b     Map.o (.rodata.str1.182096384341691390621)
                  0000bee8    0000000b     Map.o (.rodata.str1.25527839812914399251)
                  0000bef3    00000008     Map.o (.rodata.str1.179609936499601495561)
                  0000befb    00000008     Map.o (.rodata.str1.29074602043393431931)
                  0000bf03    00000008     ST7735.o (.rodata.str1.47795681660940027721)
                  0000bf0b    00000008     Map.o (.rodata.str1.70551619931739254801)
                  0000bf13    00000008     Map.o (.rodata.str1.93950474351652273581)
                  0000bf1b    00000007     Map.o (.rodata.str1.112394934285709906361)
                  0000bf22    00000007     ST7735.o (.rodata.str1.144587199919105078391)
                  0000bf29    00000007     Map.o (.rodata.str1.146512124620236989091)
                  0000bf30    00000007     ST7735.o (.rodata.str1.65889865058515175131)
                  0000bf37    00000004     Map.o (.rodata.str1.29466752115243444881)
                  0000bf3b    00000004     Map.o (.rodata.str1.37039636534899337951)
                  0000bf3f    00000001     --HOLE-- [fill = 0]

.init_array 
*          0    0000f4b0    00000008     
                  0000f4b0    00000004     Lab9HMain.o (.init_array)
                  0000f4b4    00000004     --HOLE-- [fill = 0]

.data      0    20200000    000004ad     UNINITIALIZED
                  20200000    00000140     Map.o (.data.basemap)
                  20200140    00000140     Map.o (.data.map)
                  20200280    000000f0     libc.a : defs.c.obj (.data._ftable)
                  20200370    00000078     libsysbm.a : host_device.c.obj (.data._device)
                  202003e8    00000050                : host_device.c.obj (.data._stream)
                  20200438    00000014     Lab9HMain.o (.data.Sensor)
                  2020044c    00000014     Lab9HMain.o (.data.player1)
                  20200460    00000014     Lab9HMain.o (.data.player2)
                  20200474    00000008     libc.a : exit.c.obj (.data..L_MergedGlobals)
                  2020047c    00000004     Clock.o (.data.BusFreq)
                  20200480    00000004     ST7735.o (.data.StX)
                  20200484    00000004     ST7735.o (.data.StY)
                  20200488    00000004     libc.a : defs.c.obj (.data.__TI_ft_end)
                  2020048c    00000004            : _lock.c.obj (.data._lock)
                  20200490    00000004            : _lock.c.obj (.data._unlock)
                  20200494    00000004     Map.o (.data.gameTicks)
                  20200498    00000004     libc.a : rand.c.obj (.data.next)
                  2020049c    00000002     ST7735.o (.data.StTextColor)
                  2020049e    00000002     ST7735.o (.data._ZL6_width)
                  202004a0    00000002     ST7735.o (.data._ZL7_height)
                  202004a2    00000001     Map.o (.data.currentSelection)
                  202004a3    00000001     Map.o (.data.language)
                  202004a4    00000001     libsysbm.a : add_device.c.obj (.data.add_device.device_init)
                  202004a5    00000001     Map.o (.data.roundOver)
                  202004a6    00000002     --HOLE--
                  202004a8    00000001     libc.a : memory.c.obj (.data.memory_is_initialized)
                  202004a9    00000003     --HOLE--
                  202004ac    00000001     libsysbm.a : open.c.obj (.data.open.stream_init)

.sysmem    0    202004b0    00000200     UNINITIALIZED
                  202004b0    00000010     libc.a : memory.c.obj (.sysmem)
                  202004c0    000001f0     --HOLE--

.bss       0    202006b0    000001f3     UNINITIALIZED
                  202006b0    00000120     libsysbm.a : trgmsg.c.obj (.bss:_CIOBUF_)
                  202007d0    000000a0     libc.a : defs.c.obj (.bss.__TI_tmpnams)
                  20200870    0000000c     ST7735.o (.bss.Message)
                  2020087c    00000008     libsysbm.a : hostopen.c.obj (.bss.parmbuf)
                  20200884    00000004     ST7735.o (.bss.Messageindex)
                  20200888    00000004     TExaS.o (.bss.TExaSLogic)
                  2020088c    00000004     TExaS.o (.bss.TExaSadc)
                  20200890    00000004     Sound.o (.bss._ZL10SoundIndex)
                  20200894    00000004     Sound.o (.bss._ZL11SoundLength)
                  20200898    00000004     Sound.o (.bss._ZL9SoundData)
                  2020089c    00000004     libc.a : memory.c.obj (.bss.sys_free)
                  202008a0    00000001     ST7735.o (.bss._ZL8ColStart)
                  202008a1    00000001     ST7735.o (.bss._ZL8RowStart)
                  202008a2    00000001     ST7735.o (.bss._ZL8TabColor)

.stack     0    20207e00    00000200     UNINITIALIZED
                  20207e00    00000004     libc.a : boot_cortex_m.c.obj (.stack)
                  20207e04    000001fc     --HOLE--

__llvm_prf_cnts 
*          0    20200000    00000000     UNINITIALIZED

__llvm_prf_bits 
*          0    20200000    00000000     UNINITIALIZED

MODULE SUMMARY

       Module                         code    ro data   rw data
       ------                         ----    -------   -------
    ./
       Map.o                          1748    42085     647    
       Sound.o                        336     4080      12     
       ST7735.o                       2872    1449      33     
       Player.o                       1468    1152      0      
       Lab9HMain.o                    778     4         60     
       Clock.o                        516     0         4      
       SPI.o                          440     0         0      
       JoyStick.o                     340     0         0      
       Game_ADC.o                     324     0         0      
       Timer.o                        244     0         0      
       LaunchPad.o                    180     0         0      
       Switch.o                       164     0         0      
       TExaS.o                        64      0         8      
       DAC5.o                         28      0         0      
       SlidePot.o                     26      0         0      
    +--+------------------------------+-------+---------+---------+
       Total:                         9528    48770     764    
                                                               
    ./ticlang/
       startup_mspm0g3507_ticlang.o   60      192       0      
    +--+------------------------------+-------+---------+---------+
       Total:                         60      192       0      
                                                               
    /Applications/ti/ccs2000/ccs/tools/compiler/ti-cgt-armllvm_4.0.1.LTS/lib/armv6m-ti-none-eabi/c/libc.a
       memory.c.obj                   702     0         5      
       fopen.c.obj                    556     0         0      
       defs.c.obj                     0       0         404    
       setvbuf.c.obj                  224     0         0      
       getdevice.c.obj                160     0         0      
       strcmp-armv6m.S.obj            136     0         0      
       copy_decompress_lzss.c.obj     124     0         0      
       fclose.c.obj                   124     0         0      
       rand.c.obj                     92      0         4      
       autoinit.c.obj                 84      0         0      
       fflush.c.obj                   82      0         0      
       exit.c.obj                     56      0         8      
       boot_cortex_m.c.obj            40      0         0      
       copy_zero_init.c.obj           22      0         0      
       copy_decompress_none.c.obj     18      0         0      
       memcpy16.S.obj                 18      0         0      
       memset16.S.obj                 14      0         0      
       _lock.c.obj                    2       0         8      
       pre_init.c.obj                 4       0         0      
    +--+------------------------------+-------+---------+---------+
       Total:                         2458    0         429    
                                                               
    /Applications/ti/ccs2000/ccs/tools/compiler/ti-cgt-armllvm_4.0.1.LTS/lib/armv6m-ti-none-eabi/c/libsysbm.a
       trgmsg.c.obj                   104     0         288    
       add_device.c.obj               236     0         1      
       host_device.c.obj              0       0         200    
       open.c.obj                     160     0         1      
       hostrename.c.obj               136     0         0      
       hostlseek.c.obj                108     0         0      
       hostopen.c.obj                 96      0         8      
       hostread.c.obj                 88      0         0      
       hosttime.c.obj                 88      0         0      
       hostwrite.c.obj                88      0         0      
       close.c.obj                    80      0         0      
       hostclose.c.obj                72      0         0      
       hostunlink.c.obj               72      0         0      
       unlink.c.obj                   44      0         0      
       write.c.obj                    40      0         0      
       time64.c.obj                   16      0         0      
       remove.c.obj                   8       0         0      
    +--+------------------------------+-------+---------+---------+
       Total:                         1436    0         498    
                                                               
    /Applications/ti/ccs2000/ccs/tools/compiler/ti-cgt-armllvm_4.0.1.LTS/lib/armv6m-ti-none-eabi/libclang_rt.builtins.a
       aeabi_idivmod.S.obj            86      0         0      
       aeabi_uidivmod.S.obj           64      0         0      
       aeabi_memset.S.obj             12      0         0      
       aeabi_memcpy.S.obj             8       0         0      
       aeabi_div0.c.obj               2       0         0      
    +--+------------------------------+-------+---------+---------+
       Total:                         172     0         0      
                                                               
       Heap:                          0       0         512    
       Stack:                         0       0         512    
       Linker Generated:              0       240       0      
    +--+------------------------------+-------+---------+---------+
       Grand Total:                   13654   49202     2715   


LINKER GENERATED COPY TABLES

__TI_cinit_table @ 0000f598 records: 2, size/record: 8, table size: 16
	.data: load addr=0000f4b8, load size=000000cc bytes, run addr=20200000, run size=000004ad bytes, compression=lzss
	.bss: load addr=0000f590, load size=00000008 bytes, run addr=202006b0, run size=000001f3 bytes, compression=zero_init


LINKER GENERATED HANDLER TABLE

__TI_handler_table @ 0000f584 records: 3, size/record: 4, table size: 12
	index: 0, handler: __TI_decompress_lzss
	index: 1, handler: __TI_decompress_none
	index: 2, handler: __TI_zero_init


GLOBAL SYMBOLS: SORTED ALPHABETICALLY BY Name 

address   name                                
-------   ----                                
0000f121  ADC0_IRQHandler                     
0000f121  ADC1_IRQHandler                     
0000f121  AES_IRQHandler                      
2020047c  BusFreq                             
0000f4a0  C$$EXIT                             
0000ee95  C$$IO$$                             
0000f121  CANFD0_IRQHandler                   
0000f121  DAC0_IRQHandler                     
0000f121  DMA_IRQHandler                      
0000f121  Default_Handler                     
0000f121  GROUP0_IRQHandler                   
0000f121  GROUP1_IRQHandler                   
0000e911  HOSTclose                           
0000e1a5  HOSTlseek                           
0000e4fd  HOSTopen                            
0000e5bd  HOSTread                            
0000e211  HOSTrename                          
0000e615  HOSTtime64                          
0000e959  HOSTunlink                          
0000e66d  HOSTwrite                           
0000f13d  HardFault_Handler                   
0000f121  I2C0_IRQHandler                     
0000f121  I2C1_IRQHandler                     
20200870  Message                             
20200884  Messageindex                        
0000f121  NMI_Handler                         
0000f121  PendSV_Handler                      
0000f121  RTC_IRQHandler                      
0000f499  Reset_Handler                       
0000f4b0  SHT$$INIT_ARRAY$$Base               
0000f4b4  SHT$$INIT_ARRAY$$Limit              
0000f121  SPI0_IRQHandler                     
0000f121  SPI1_IRQHandler                     
0000f121  SVC_Handler                         
20200438  Sensor                              
2020049c  StTextColor                         
20200480  StX                                 
20200484  StY                                 
0000ec85  SysTick_Handler                     
20200888  TExaSLogic                          
2020088c  TExaSadc                            
0000f121  TIMA0_IRQHandler                    
0000f121  TIMA1_IRQHandler                    
0000f121  TIMG0_IRQHandler                    
0000e27d  TIMG12_IRQHandler                   
0000f121  TIMG6_IRQHandler                    
0000eb49  TIMG7_IRQHandler                    
0000f121  TIMG8_IRQHandler                    
0000f311  TI_memcpy_small                     
0000f3bd  TI_memset_small                     
0000f121  UART0_IRQHandler                    
0000f121  UART1_IRQHandler                    
0000f121  UART2_IRQHandler                    
0000f121  UART3_IRQHandler                    
202006b0  _CIOBUF_                            
0000ddb5  _Z10Clock_Freqv                     
0000e2e9  _Z10Sound_Initv                     
0000f3cd  _Z10Sound_Stopv                     
0000ec49  _Z10UpdateCoinii                    
0000f345  _Z11Clock_Delayj                    
0000d6ed  _Z11DrawPowerUp11PowerupTypeb       
0000cfd1  _Z11MyADC1_Initjj                   
0000ecbd  _Z11SPI_OutDatac                    
0000f27d  _Z11ST7735_openPKcji                
0000f293  _Z11ST7735_readiPcj                 
0000e9a1  _Z11Sound_StartPKhj                 
0000eff1  _Z11Switch_Initv                    
0000f2d5  _Z11Switch_P1B1v                    
0000f235  _Z11Switch_P1B2v                    
0000f159  _Z11Switch_P2B1v                    
0000f24d  _Z11Switch_P2B2v                    
0000e775  _Z11fillmessagej                    
0000dae5  _Z12ST7735_InitR10initRFlags        
0000f469  _Z12ST7735_closei                   
0000f393  _Z12ST7735_lseekili                 
0000ed65  _Z12ST7735_writeiPKcj               
0000d7a5  _Z13Joystick_Initv                  
0000f3d9  _Z13ST7735_renamePKcS0_             
0000f473  _Z13ST7735_unlinkPKc                
0000f2e9  _Z13Sound_Collectv                  
0000e55d  _Z13TimerG12_Initv                  
0000d85d  _Z13placePowerupsPA16_h             
0000ed99  _Z14Clock_Delay1msj                 
0000dca1  _Z14DrawScoreBoardv                 
0000df51  _Z14LaunchPad_Initv                 
0000e9e9  _Z14SPI_OutCommandc                 
0000d555  _Z14ST7735_OutCharc                 
0000de49  _Z14ST7735_OutUDecj                 
0000eac1  _Z14SysTick_IntArmjj                
0000ecf5  _Z15ActivatePortA_Bv                
0000c385  _Z15Clock_Init80MHzi                
0000f3e5  _Z15Joystick1_ReadXv                
0000f3f1  _Z15Joystick1_ReadYv                
0000f3fd  _Z15Joystick2_ReadXv                
0000f409  _Z15Joystick2_ReadYv                
0000ca85  _Z15ST7735_FillRectsssst            
0000db7d  _Z15TimerG12_IntArmjj               
0000c539  _Z16ST7735_DrawCharSsscssh          
0000e0c5  _Z16ST7735_DrawPixelsst             
0000f091  _Z16ST7735_OutStringPc              
0000edcd  _Z16ST7735_SetCursorjj              
0000e135  _Z16placeRandomCoinsPA16_hi         
0000c175  _Z17ST7735_DrawBitmapssPKtss        
0000decd  _Z17ST7735_DrawStringttPcs          
0000ef99  _Z17ST7735_FillScreent              
0000da49  _Z17ST7735_InitPrintfv              
0000f2fd  _Z19ST7735_SetTextColort            
0000e355  _Z28GetDiscreteJoystickDirectionjj  
0000c82d  _Z7DrawMapv                         
0000d625  _Z7EndGameh                         
0000f175  _Z8DAC5_Outj                        
0000d479  _Z8DrawMenuv                        
0000ced1  _Z8EndRoundv                        
0000f47d  _Z8PLL_Initv                        
0000e871  _Z8ResetMapv                        
0000d0cd  _Z8SPI_Initv                        
0000ea31  _Z9MyADC1_Inh                       
0000eb89  _Z9SPI_Resetv                       
0000f191  _Z9Switch_Inv                       
0000f0b7  _ZN6Player10setPowerupE11PowerupType
0000dc11  _ZN6Player10usePowerupEv            
0000cb9d  _ZN6Player11collectItemEv           
0000f201  _ZN6Player11setPositionEhh          
0000e42d  _ZN6Player12tickPowerupsEv          
0000c965  _ZN6Player4moveEaa                  
0000ea79  _ZN6Player5resetEv                  
0000f2a9  _ZN6Player8addScoreEh               
0000eb05  _ZN6PlayerC1Ehhbh                   
0000eb05  _ZN6PlayerC2Ehhbh                   
0000f21b  _ZN8SlidePotC1Ejj                   
0000f21b  _ZN8SlidePotC2Ejj                   
0000f415  _ZNK6Player10getPowerupEv           
0000e6c5  _ZNK6Player4drawEv                  
0000f421  _ZNK6Player4getXEv                  
0000f42d  _ZNK6Player4getYEv                  
0000cdc5  _ZNK6Player5eraseEv                 
0000f439  _ZNK6Player8getCoinsEv              
0000f445  _ZNK6Player8getScoreEv              
0000f365  _ZNK6Player8isChaserEv              
202006b0  __CIOBUF_                           
20208000  __STACK_END                         
00000200  __STACK_SIZE                        
00000200  __SYSMEM_SIZE                       
00000000  __TI_ATRegion0_region_sz            
00000000  __TI_ATRegion0_src_addr             
00000000  __TI_ATRegion0_trg_addr             
00000000  __TI_ATRegion1_region_sz            
00000000  __TI_ATRegion1_src_addr             
00000000  __TI_ATRegion1_trg_addr             
00000000  __TI_ATRegion2_region_sz            
00000000  __TI_ATRegion2_src_addr             
00000000  __TI_ATRegion2_trg_addr             
0000f598  __TI_CINIT_Base                     
0000f5a8  __TI_CINIT_Limit                    
0000f5a8  __TI_CINIT_Warm                     
0000f584  __TI_Handler_Table_Base             
0000f590  __TI_Handler_Table_Limit            
0000e7c9  __TI_auto_init_nobinit              
0000ee01  __TI_cleanup                        
20200474  __TI_cleanup_ptr                    
0000dfcd  __TI_closefile                      
0000e049  __TI_decompress_lzss                
0000f323  __TI_decompress_none                
0000e81d  __TI_doflush                        
20200478  __TI_dtors_ptr                      
20200488  __TI_ft_end                         
ffffffff  __TI_pprof_out_hndl                 
ffffffff  __TI_prof_data_size                 
ffffffff  __TI_prof_data_start                
0000ee35  __TI_readmsg                        
00000000  __TI_static_base__                  
202007d0  __TI_tmpnams                        
0000ee69  __TI_writemsg                       
0000f2bf  __TI_zero_init_nomemset             
0000e71d  __aeabi_idiv                        
0000d9a7  __aeabi_idiv0                       
0000e71d  __aeabi_idivmod                     
0000f451  __aeabi_memclr                      
0000f451  __aeabi_memclr4                     
0000f451  __aeabi_memclr8                     
0000f489  __aeabi_memcpy                      
0000f489  __aeabi_memcpy4                     
0000f489  __aeabi_memcpy8                     
0000ebc9  __aeabi_uidiv                       
0000ebc9  __aeabi_uidivmod                    
ffffffff  __binit__                           
UNDEFED   __mpu_init                          
20207e00  __stack                             
20200000  __start___llvm_prf_bits             
20200000  __start___llvm_prf_cnts             
20200000  __stop___llvm_prf_bits              
20200000  __stop___llvm_prf_cnts              
0000f375  __time64                            
0000f069  _c_int00_noargs                     
20200370  _device                             
20200280  _ftable                             
2020048c  _lock                               
0000e497  _nop                                
202003e8  _stream                             
202004b0  _sys_memory                         
UNDEFED   _system_post_cinit                  
0000f49d  _system_pre_init                    
20200490  _unlock                             
0000f4a1  abort                               
0000d1c5  add_device                          
0000ccb1  aligned_alloc                       
20200000  basemap                             
ffffffff  binit                               
0000e8c1  close                               
202004a2  currentSelection                    
0000ee9d  exit                                
0000eed1  finddevice                          
0000ef69  fopen                               
0000d2b1  free                                
0000ef05  freopen                             
20200494  gameTicks                           
0000e3c1  getdevice                           
00000000  interruptVectors                    
202004a3  language                            
0000bf41  main                                
0000f45d  malloc                              
20200140  map                                 
0000ccb1  memalign                            
0000d9a9  open                                
2020087c  parmbuf                             
2020044c  player1                             
20200460  player2                             
0000ed2d  rand                                
0000f491  remove                              
202004a5  roundOver                           
0000d399  setvbuf                             
0000f0dd  srand                               
0000ddc1  strcmp                              
0000efc5  unlink                              
0000f041  write                               


GLOBAL SYMBOLS: SORTED BY Symbol Address 

address   name                                
-------   ----                                
00000000  __TI_ATRegion0_region_sz            
00000000  __TI_ATRegion0_src_addr             
00000000  __TI_ATRegion0_trg_addr             
00000000  __TI_ATRegion1_region_sz            
00000000  __TI_ATRegion1_src_addr             
00000000  __TI_ATRegion1_trg_addr             
00000000  __TI_ATRegion2_region_sz            
00000000  __TI_ATRegion2_src_addr             
00000000  __TI_ATRegion2_trg_addr             
00000000  __TI_static_base__                  
00000000  interruptVectors                    
00000200  __STACK_SIZE                        
00000200  __SYSMEM_SIZE                       
0000bf41  main                                
0000c175  _Z17ST7735_DrawBitmapssPKtss        
0000c385  _Z15Clock_Init80MHzi                
0000c539  _Z16ST7735_DrawCharSsscssh          
0000c82d  _Z7DrawMapv                         
0000c965  _ZN6Player4moveEaa                  
0000ca85  _Z15ST7735_FillRectsssst            
0000cb9d  _ZN6Player11collectItemEv           
0000ccb1  aligned_alloc                       
0000ccb1  memalign                            
0000cdc5  _ZNK6Player5eraseEv                 
0000ced1  _Z8EndRoundv                        
0000cfd1  _Z11MyADC1_Initjj                   
0000d0cd  _Z8SPI_Initv                        
0000d1c5  add_device                          
0000d2b1  free                                
0000d399  setvbuf                             
0000d479  _Z8DrawMenuv                        
0000d555  _Z14ST7735_OutCharc                 
0000d625  _Z7EndGameh                         
0000d6ed  _Z11DrawPowerUp11PowerupTypeb       
0000d7a5  _Z13Joystick_Initv                  
0000d85d  _Z13placePowerupsPA16_h             
0000d9a7  __aeabi_idiv0                       
0000d9a9  open                                
0000da49  _Z17ST7735_InitPrintfv              
0000dae5  _Z12ST7735_InitR10initRFlags        
0000db7d  _Z15TimerG12_IntArmjj               
0000dc11  _ZN6Player10usePowerupEv            
0000dca1  _Z14DrawScoreBoardv                 
0000ddb5  _Z10Clock_Freqv                     
0000ddc1  strcmp                              
0000de49  _Z14ST7735_OutUDecj                 
0000decd  _Z17ST7735_DrawStringttPcs          
0000df51  _Z14LaunchPad_Initv                 
0000dfcd  __TI_closefile                      
0000e049  __TI_decompress_lzss                
0000e0c5  _Z16ST7735_DrawPixelsst             
0000e135  _Z16placeRandomCoinsPA16_hi         
0000e1a5  HOSTlseek                           
0000e211  HOSTrename                          
0000e27d  TIMG12_IRQHandler                   
0000e2e9  _Z10Sound_Initv                     
0000e355  _Z28GetDiscreteJoystickDirectionjj  
0000e3c1  getdevice                           
0000e42d  _ZN6Player12tickPowerupsEv          
0000e497  _nop                                
0000e4fd  HOSTopen                            
0000e55d  _Z13TimerG12_Initv                  
0000e5bd  HOSTread                            
0000e615  HOSTtime64                          
0000e66d  HOSTwrite                           
0000e6c5  _ZNK6Player4drawEv                  
0000e71d  __aeabi_idiv                        
0000e71d  __aeabi_idivmod                     
0000e775  _Z11fillmessagej                    
0000e7c9  __TI_auto_init_nobinit              
0000e81d  __TI_doflush                        
0000e871  _Z8ResetMapv                        
0000e8c1  close                               
0000e911  HOSTclose                           
0000e959  HOSTunlink                          
0000e9a1  _Z11Sound_StartPKhj                 
0000e9e9  _Z14SPI_OutCommandc                 
0000ea31  _Z9MyADC1_Inh                       
0000ea79  _ZN6Player5resetEv                  
0000eac1  _Z14SysTick_IntArmjj                
0000eb05  _ZN6PlayerC1Ehhbh                   
0000eb05  _ZN6PlayerC2Ehhbh                   
0000eb49  TIMG7_IRQHandler                    
0000eb89  _Z9SPI_Resetv                       
0000ebc9  __aeabi_uidiv                       
0000ebc9  __aeabi_uidivmod                    
0000ec49  _Z10UpdateCoinii                    
0000ec85  SysTick_Handler                     
0000ecbd  _Z11SPI_OutDatac                    
0000ecf5  _Z15ActivatePortA_Bv                
0000ed2d  rand                                
0000ed65  _Z12ST7735_writeiPKcj               
0000ed99  _Z14Clock_Delay1msj                 
0000edcd  _Z16ST7735_SetCursorjj              
0000ee01  __TI_cleanup                        
0000ee35  __TI_readmsg                        
0000ee69  __TI_writemsg                       
0000ee95  C$$IO$$                             
0000ee9d  exit                                
0000eed1  finddevice                          
0000ef05  freopen                             
0000ef69  fopen                               
0000ef99  _Z17ST7735_FillScreent              
0000efc5  unlink                              
0000eff1  _Z11Switch_Initv                    
0000f041  write                               
0000f069  _c_int00_noargs                     
0000f091  _Z16ST7735_OutStringPc              
0000f0b7  _ZN6Player10setPowerupE11PowerupType
0000f0dd  srand                               
0000f121  ADC0_IRQHandler                     
0000f121  ADC1_IRQHandler                     
0000f121  AES_IRQHandler                      
0000f121  CANFD0_IRQHandler                   
0000f121  DAC0_IRQHandler                     
0000f121  DMA_IRQHandler                      
0000f121  Default_Handler                     
0000f121  GROUP0_IRQHandler                   
0000f121  GROUP1_IRQHandler                   
0000f121  I2C0_IRQHandler                     
0000f121  I2C1_IRQHandler                     
0000f121  NMI_Handler                         
0000f121  PendSV_Handler                      
0000f121  RTC_IRQHandler                      
0000f121  SPI0_IRQHandler                     
0000f121  SPI1_IRQHandler                     
0000f121  SVC_Handler                         
0000f121  TIMA0_IRQHandler                    
0000f121  TIMA1_IRQHandler                    
0000f121  TIMG0_IRQHandler                    
0000f121  TIMG6_IRQHandler                    
0000f121  TIMG8_IRQHandler                    
0000f121  UART0_IRQHandler                    
0000f121  UART1_IRQHandler                    
0000f121  UART2_IRQHandler                    
0000f121  UART3_IRQHandler                    
0000f13d  HardFault_Handler                   
0000f159  _Z11Switch_P2B1v                    
0000f175  _Z8DAC5_Outj                        
0000f191  _Z9Switch_Inv                       
0000f201  _ZN6Player11setPositionEhh          
0000f21b  _ZN8SlidePotC1Ejj                   
0000f21b  _ZN8SlidePotC2Ejj                   
0000f235  _Z11Switch_P1B2v                    
0000f24d  _Z11Switch_P2B2v                    
0000f27d  _Z11ST7735_openPKcji                
0000f293  _Z11ST7735_readiPcj                 
0000f2a9  _ZN6Player8addScoreEh               
0000f2bf  __TI_zero_init_nomemset             
0000f2d5  _Z11Switch_P1B1v                    
0000f2e9  _Z13Sound_Collectv                  
0000f2fd  _Z19ST7735_SetTextColort            
0000f311  TI_memcpy_small                     
0000f323  __TI_decompress_none                
0000f345  _Z11Clock_Delayj                    
0000f365  _ZNK6Player8isChaserEv              
0000f375  __time64                            
0000f393  _Z12ST7735_lseekili                 
0000f3bd  TI_memset_small                     
0000f3cd  _Z10Sound_Stopv                     
0000f3d9  _Z13ST7735_renamePKcS0_             
0000f3e5  _Z15Joystick1_ReadXv                
0000f3f1  _Z15Joystick1_ReadYv                
0000f3fd  _Z15Joystick2_ReadXv                
0000f409  _Z15Joystick2_ReadYv                
0000f415  _ZNK6Player10getPowerupEv           
0000f421  _ZNK6Player4getXEv                  
0000f42d  _ZNK6Player4getYEv                  
0000f439  _ZNK6Player8getCoinsEv              
0000f445  _ZNK6Player8getScoreEv              
0000f451  __aeabi_memclr                      
0000f451  __aeabi_memclr4                     
0000f451  __aeabi_memclr8                     
0000f45d  malloc                              
0000f469  _Z12ST7735_closei                   
0000f473  _Z13ST7735_unlinkPKc                
0000f47d  _Z8PLL_Initv                        
0000f489  __aeabi_memcpy                      
0000f489  __aeabi_memcpy4                     
0000f489  __aeabi_memcpy8                     
0000f491  remove                              
0000f499  Reset_Handler                       
0000f49d  _system_pre_init                    
0000f4a0  C$$EXIT                             
0000f4a1  abort                               
0000f4b0  SHT$$INIT_ARRAY$$Base               
0000f4b4  SHT$$INIT_ARRAY$$Limit              
0000f584  __TI_Handler_Table_Base             
0000f590  __TI_Handler_Table_Limit            
0000f598  __TI_CINIT_Base                     
0000f5a8  __TI_CINIT_Limit                    
0000f5a8  __TI_CINIT_Warm                     
20200000  __start___llvm_prf_bits             
20200000  __start___llvm_prf_cnts             
20200000  __stop___llvm_prf_bits              
20200000  __stop___llvm_prf_cnts              
20200000  basemap                             
20200140  map                                 
20200280  _ftable                             
20200370  _device                             
202003e8  _stream                             
20200438  Sensor                              
2020044c  player1                             
20200460  player2                             
20200474  __TI_cleanup_ptr                    
20200478  __TI_dtors_ptr                      
2020047c  BusFreq                             
20200480  StX                                 
20200484  StY                                 
20200488  __TI_ft_end                         
2020048c  _lock                               
20200490  _unlock                             
20200494  gameTicks                           
2020049c  StTextColor                         
202004a2  currentSelection                    
202004a3  language                            
202004a5  roundOver                           
202004b0  _sys_memory                         
202006b0  _CIOBUF_                            
202006b0  __CIOBUF_                           
202007d0  __TI_tmpnams                        
20200870  Message                             
2020087c  parmbuf                             
20200884  Messageindex                        
20200888  TExaSLogic                          
2020088c  TExaSadc                            
20207e00  __stack                             
20208000  __STACK_END                         
ffffffff  __TI_pprof_out_hndl                 
ffffffff  __TI_prof_data_size                 
ffffffff  __TI_prof_data_start                
ffffffff  __binit__                           
ffffffff  binit                               
UNDEFED   __mpu_init                          
UNDEFED   _system_post_cinit                  

[235 symbols]
