******************************************************************************
            TI ARM Clang Linker Unix v4.0.1                    
******************************************************************************
>> Linked Mon Apr 21 15:38:07 2025

OUTPUT FILE NAME:   <ECE319K_Lab9H.out>
ENTRY POINT SYMBOL: "_c_int00_noargs"  address: 00002899


MEMORY CONFIGURATION

         name            origin    length      used     unused   attr    fill
----------------------  --------  ---------  --------  --------  ----  --------
  FLASH                 00000000   00020000  00003a98  0001c568  R  X
  SRAM                  20200000   00008000  0000093c  000076c4  RW X
  BCR_CONFIG            41c00000   00000080  00000000  00000080  R   
  BSL_CONFIG            41c00100   00000080  00000000  00000080  R   


SEGMENT ALLOCATION MAP

run origin  load origin   length   init length attrs members
----------  ----------- ---------- ----------- ----- -------
00000000    00000000    00003a98   00003a98    r-x
  00000000    00000000    000000c0   000000c0    r-- .intvecs
  000000c0    000000c0    00002b10   00002b10    r-x .text
  00002bd0    00002bd0    00000db8   00000db8    r-- .rodata
  00003988    00003988    00000008   00000008    r-- .init_array
  00003990    00003990    00000108   00000108    r-- .cinit
20200000    20200000    0000073f   00000000    rw-
  20200000    20200000    00000355   00000000    rw- .data
  20200358    20200358    00000200   00000000    rw- .sysmem
  20200558    20200558    000001e7   00000000    rw- .bss
20207e00    20207e00    00000200   00000000    rw-
  20207e00    20207e00    00000200   00000000    rw- .stack


SECTION ALLOCATION MAP

 output                                  attributes/
section   page    origin      length       input sections
--------  ----  ----------  ----------   ----------------
.intvecs   0    00000000    000000c0     
                  00000000    000000c0     startup_mspm0g3507_ticlang.o (.intvecs)

.binit     0    00000000    00000000     

.text      0    000000c0    00002b10     
                  000000c0    00000210     ST7735.o (.text._Z17ST7735_DrawBitmapssPKtss)
                  000002d0    000001b4     Clock.o (.text._Z15Clock_Init80MHzi)
                  00000484    000001a0     ST7735.o (.text._Z16ST7735_DrawCharSsscssh)
                  00000624    00000154     libc.a : fopen.c.obj (.text._openfile)
                  00000778    00000144     Lab9HMain.o (.text.main)
                  000008bc    00000124     Map.o (.text._Z7DrawMapv)
                  000009e0    00000120     Player.o (.text._ZN6Player4moveEaa)
                  00000b00    00000118     ST7735.o (.text._Z15ST7735_FillRectsssst)
                  00000c18    00000114     libc.a : memory.c.obj (.text.aligned_alloc)
                  00000d2c    0000010c     Player.o (.text._ZNK6Player5eraseEv)
                  00000e38    000000fc     Game_ADC.o (.text._Z11MyADC1_Initjj)
                  00000f34    000000f8     SPI.o (.text._Z8SPI_Initv)
                  0000102c    000000f8     Player.o (.text._ZN6Player11collectItemEv)
                  00001124    000000ec     libsysbm.a : add_device.c.obj (.text.add_device)
                  00001210    000000e8     libc.a : memory.c.obj (.text.free)
                  000012f8    000000e0            : setvbuf.c.obj (.text.setvbuf)
                  000013d8    000000d0     ST7735.o (.text._Z14ST7735_OutCharc)
                  000014a8    000000b8     Map.o (.text._Z11DrawPowerUp11PowerupTypeb)
                  00001560    000000b8     JoyStick.o (.text._Z13Joystick_Initv)
                  00001618    000000a2     ST7735.o (.text._ZL11commandListPKh)
                  000016ba    00000002     Sound.o (.text.SysTick_Handler)
                  000016bc    000000a0     libsysbm.a : open.c.obj (.text.open)
                  0000175c    0000009c     ST7735.o (.text._Z17ST7735_InitPrintfv)
                  000017f8    00000098     ST7735.o (.text._Z12ST7735_InitR10initRFlags)
                  00001890    0000008c     Map.o (.text._Z14DrawScoreBoardv)
                  0000191c    00000088     ST7735.o (.text._ZL13setAddrWindowhhhh)
                  000019a4    0000000c     Clock.o (.text._Z10Clock_Freqv)
                  000019b0    00000088     libc.a : strcmp-armv6m.S.obj (.text:strcmp)
                  00001a38    00000084     ST7735.o (.text._Z14ST7735_OutUDecj)
                  00001abc    00000084     ST7735.o (.text._Z17ST7735_DrawStringttPcs)
                  00001b40    0000007c     LaunchPad.o (.text._Z14LaunchPad_Initv)
                  00001bbc    0000007c     libc.a : fclose.c.obj (.text.__TI_closefile)
                  00001c38    0000007c            : copy_decompress_lzss.c.obj (.text:decompress:lzss)
                  00001cb4    00000074     Player.o (.text._ZN6Player10usePowerupEv)
                  00001d28    00000070     ST7735.o (.text._Z16ST7735_DrawPixelsst)
                  00001d98    0000006c     libsysbm.a : hostlseek.c.obj (.text.HOSTlseek)
                  00001e04    0000006c                : hostrename.c.obj (.text.HOSTrename)
                  00001e70    0000006c     JoyStick.o (.text._Z28GetDiscreteJoystickDirectionjj)
                  00001edc    0000006c     libc.a : getdevice.c.obj (.text.getdevice)
                  00001f48    00000064            : memory.c.obj (.text.split)
                  00001fac    00000060     libsysbm.a : hostopen.c.obj (.text.HOSTopen)
                  0000200c    00000058                : hostread.c.obj (.text.HOSTread)
                  00002064    00000058                : hostwrite.c.obj (.text.HOSTwrite)
                  000020bc    00000058     Player.o (.text._ZNK6Player4drawEv)
                  00002114    00000054     ST7735.o (.text._Z11fillmessagej)
                  00002168    00000054     libc.a : autoinit.c.obj (.text:__TI_auto_init_nobinit)
                  000021bc    00000052            : fflush.c.obj (.text.__TI_doflush)
                  0000220e    00000002     libclang_rt.builtins.a : aeabi_div0.c.obj (.text.__aeabi_idiv0)
                  00002210    00000050     libsysbm.a : close.c.obj (.text.close)
                  00002260    00000048                : hostclose.c.obj (.text.HOSTclose)
                  000022a8    00000048                : hostunlink.c.obj (.text.HOSTunlink)
                  000022f0    00000048     SPI.o (.text._Z14SPI_OutCommandc)
                  00002338    00000048     Game_ADC.o (.text._Z9MyADC1_Inh)
                  00002380    00000040     TExaS.o (.text.TIMG7_IRQHandler)
                  000023c0    00000040     SPI.o (.text._Z9SPI_Resetv)
                  00002400    00000040     Player.o (.text._ZN6PlayerC2Ehhbh)
                  00002440    00000040     libclang_rt.builtins.a : aeabi_uidivmod.S.obj (.text.__aeabi_uidivmod)
                  00002480    00000040     libc.a : fopen.c.obj (.text._search_fp)
                  000024c0    0000003c     Map.o (.text._Z10UpdateCoinii)
                  000024fc    00000038     SPI.o (.text._Z11SPI_OutDatac)
                  00002534    00000038     LaunchPad.o (.text._Z15ActivatePortA_Bv)
                  0000256c    00000034     ST7735.o (.text._Z12ST7735_writeiPKcj)
                  000025a0    00000034     Clock.o (.text._Z14Clock_Delay1msj)
                  000025d4    00000034     ST7735.o (.text._Z16ST7735_SetCursorjj)
                  00002608    00000034     libc.a : fopen.c.obj (.text.__TI_cleanup)
                  0000263c    00000034     libsysbm.a : trgmsg.c.obj (.text.__TI_readmsg)
                  00002670    00000034                : trgmsg.c.obj (.text.__TI_writemsg)
                  000026a4    00000034     libc.a : exit.c.obj (.text.exit)
                  000026d8    00000034            : getdevice.c.obj (.text.finddevice)
                  0000270c    00000034            : fopen.c.obj (.text.freopen)
                  00002740    00000030     ST7735.o (.text._ZL10commonInitPKh)
                  00002770    00000030     libc.a : fopen.c.obj (.text.fopen)
                  000027a0    0000002c     ST7735.o (.text._Z17ST7735_FillScreent)
                  000027cc    0000002c     libsysbm.a : unlink.c.obj (.text.unlink)
                  000027f8    00000028     Lab9HMain.o (.text.TIMG12_IRQHandler)
                  00002820    00000028     Switch.o (.text._Z11Switch_Initv)
                  00002848    00000028     libc.a : memory.c.obj (.text.free_list_insert)
                  00002870    00000028     libsysbm.a : write.c.obj (.text.write)
                  00002898    00000028     libc.a : boot_cortex_m.c.obj (.text:_c_int00_noargs)
                  000028c0    00000026     ST7735.o (.text._Z16ST7735_OutStringPc)
                  000028e6    00000024     Player.o (.text._ZN6Player10setPowerupE11PowerupType)
                  0000290a    0000001e     ST7735.o (.text._ZL9pushColort)
                  00002928    0000001c     startup_mspm0g3507_ticlang.o (.text.Default_Handler)
                  00002944    0000001c     startup_mspm0g3507_ticlang.o (.text.HardFault_Handler)
                  00002960    0000001c     Switch.o (.text._Z11Switch_P1B1v)
                  0000297c    0000001c     Switch.o (.text._Z9Switch_Inv)
                  00002998    0000001c     Lab9HMain.o (.text.__cxx_global_var_init.1)
                  000029b4    0000001c     Lab9HMain.o (.text.__cxx_global_var_init.2)
                  000029d0    0000001c     libc.a : memory.c.obj (.text.free_list_remove)
                  000029ec    0000001a     SlidePot.o (.text._ZN8SlidePotC2Ejj)
                  00002a06    00000018     Switch.o (.text._Z11Switch_P1B2v)
                  00002a1e    00000018     Switch.o (.text._Z11Switch_P2B1v)
                  00002a36    00000002     libc.a : _lock.c.obj (.text._nop)
                  00002a38    00000018     Lab9HMain.o (.text.__cxx_global_var_init)
                  00002a50    00000016     ST7735.o (.text._Z11ST7735_openPKcji)
                  00002a66    00000016     ST7735.o (.text._Z11ST7735_readiPcj)
                  00002a7c    00000016     libc.a : copy_zero_init.c.obj (.text:decompress:ZI:__TI_zero_init_nomemset)
                  00002a92    00000014     Switch.o (.text._Z11Switch_P2B2v)
                  00002aa6    00000012     libc.a : memcpy16.S.obj (.text:TI_memcpy_small)
                  00002ab8    00000012            : copy_decompress_none.c.obj (.text:decompress:none)
                  00002aca    00000010     Lab9HMain.o (.text._GLOBAL__sub_I_Lab9HMain.cpp)
                  00002ada    00000010     Clock.o (.text._Z11Clock_Delayj)
                  00002aea    0000000e     libc.a : memory.c.obj (.text.OUTLINED_FUNCTION_0)
                  00002af8    0000000e     ST7735.o (.text._Z12ST7735_lseekili)
                  00002b06    0000000e     libsysbm.a : hostrename.c.obj (.text.strcpy)
                  00002b14    0000000e                : hostrename.c.obj (.text.strlen)
                  00002b22    0000000e     libc.a : memset16.S.obj (.text:TI_memset_small)
                  00002b30    0000000c     ST7735.o (.text._Z13ST7735_renamePKcS0_)
                  00002b3c    0000000c     JoyStick.o (.text._Z15Joystick1_ReadXv)
                  00002b48    0000000c     JoyStick.o (.text._Z15Joystick1_ReadYv)
                  00002b54    0000000c     JoyStick.o (.text._Z15Joystick2_ReadXv)
                  00002b60    0000000c     JoyStick.o (.text._Z15Joystick2_ReadYv)
                  00002b6c    0000000c     Player.o (.text._ZNK6Player10getPowerupEv)
                  00002b78    0000000c     libclang_rt.builtins.a : aeabi_memset.S.obj (.text.__aeabi_memclr)
                  00002b84    0000000c     libc.a : memory.c.obj (.text.malloc)
                  00002b90    0000000a     ST7735.o (.text._Z12ST7735_closei)
                  00002b9a    0000000a     ST7735.o (.text._Z13ST7735_unlinkPKc)
                  00002ba4    0000000a     Lab9HMain.o (.text._Z8PLL_Initv)
                  00002bae    00000002     --HOLE-- [fill = 0]
                  00002bb0    00000008     libclang_rt.builtins.a : aeabi_memcpy.S.obj (.text.__aeabi_memcpy)
                  00002bb8    00000008     libsysbm.a : remove.c.obj (.text.remove)
                  00002bc0    00000004     startup_mspm0g3507_ticlang.o (.text.Reset_Handler)
                  00002bc4    00000004     libc.a : pre_init.c.obj (.text._system_pre_init)
                  00002bc8    00000004            : exit.c.obj (.text:abort)
                  00002bcc    00000004     --HOLE-- [fill = 0]

.cinit     0    00003990    00000108     
                  00003990    000000df     (.cinit..data.load) [load image, compression = lzss]
                  00003a6f    00000001     --HOLE-- [fill = 0]
                  00003a70    0000000c     (__TI_handler_table)
                  00003a7c    00000008     (.cinit..bss.load) [load image, compression = zero_init]
                  00003a84    00000010     (__TI_cinit_table)
                  00003a94    00000004     --HOLE-- [fill = 0]

.rodata    0    00002bd0    00000db8     
                  00002bd0    000004fb     ST7735.o (.rodata._ZL4Font)
                  000030cb    00000001     --HOLE-- [fill = 0]
                  000030cc    00000080     Map.o (.rodata._ZL10CoinSprite)
                  0000314c    00000080     Player.o (.rodata._ZL10CoinSprite)
                  000031cc    00000080     Map.o (.rodata._ZL10MineSprite)
                  0000324c    00000080     Player.o (.rodata._ZL10MineSprite)
                  000032cc    00000080     Map.o (.rodata._ZL10WallSprite)
                  0000334c    00000080     Player.o (.rodata._ZL10WallSprite)
                  000033cc    00000080     Map.o (.rodata._ZL11GhostSprite)
                  0000344c    00000080     Player.o (.rodata._ZL11GhostSprite)
                  000034cc    00000080     Map.o (.rodata._ZL11SpeedSprite)
                  0000354c    00000080     Player.o (.rodata._ZL11SpeedSprite)
                  000035cc    00000080     Map.o (.rodata._ZL12BorderSprite)
                  0000364c    00000080     Player.o (.rodata._ZL12BorderSprite)
                  000036cc    00000080     Player.o (.rodata._ZL12ChaserSprite)
                  0000374c    00000080     Player.o (.rodata._ZL12RunnerSprite)
                  000037cc    00000080     Map.o (.rodata._ZL5Black)
                  0000384c    00000080     Player.o (.rodata._ZL5Black)
                  000038cc    0000003b     ST7735.o (.rodata._ZL5Rcmd1)
                  00003907    0000002b     ST7735.o (.rodata._ZL5Rcmd3)
                  00003932    00000016     ST7735.o (.rodata.str1.10454047957466484921)
                  00003948    0000000d     ST7735.o (.rodata._ZL10Rcmd2green)
                  00003955    0000000d     ST7735.o (.rodata._ZL8Rcmd2red)
                  00003962    00000008     ST7735.o (.rodata.str1.47795681660940027721)
                  0000396a    00000007     ST7735.o (.rodata.str1.144587199919105078391)
                  00003971    00000007     ST7735.o (.rodata.str1.65889865058515175131)
                  00003978    00000004     Map.o (.rodata.str1.29466752115243444881)
                  0000397c    00000004     Map.o (.rodata.str1.37039636534899337951)
                  00003980    00000002     ST7735.o (.rodata.str1.12956530834739612181)
                  00003982    00000006     --HOLE-- [fill = 0]

.init_array 
*          0    00003988    00000008     
                  00003988    00000004     Lab9HMain.o (.init_array)
                  0000398c    00000004     --HOLE-- [fill = 0]

.data      0    20200000    00000355     UNINITIALIZED
                  20200000    00000140     Map.o (.data.map)
                  20200140    000000f0     libc.a : defs.c.obj (.data._ftable)
                  20200230    00000078     libsysbm.a : host_device.c.obj (.data._device)
                  202002a8    00000050                : host_device.c.obj (.data._stream)
                  202002f8    00000014     Lab9HMain.o (.data.Sensor)
                  2020030c    0000000c     Lab9HMain.o (.data.player1)
                  20200318    0000000c     Lab9HMain.o (.data.player2)
                  20200324    00000008     libc.a : exit.c.obj (.data..L_MergedGlobals)
                  2020032c    00000004     Clock.o (.data.BusFreq)
                  20200330    00000004     ST7735.o (.data.StX)
                  20200334    00000004     ST7735.o (.data.StY)
                  20200338    00000004     libc.a : defs.c.obj (.data.__TI_ft_end)
                  2020033c    00000004            : _lock.c.obj (.data._lock)
                  20200340    00000004            : _lock.c.obj (.data._unlock)
                  20200344    00000002     ST7735.o (.data.StTextColor)
                  20200346    00000002     ST7735.o (.data._ZL6_width)
                  20200348    00000002     ST7735.o (.data._ZL7_height)
                  2020034a    00000002     --HOLE--
                  2020034c    00000001     libsysbm.a : add_device.c.obj (.data.add_device.device_init)
                  2020034d    00000003     --HOLE--
                  20200350    00000001     libc.a : memory.c.obj (.data.memory_is_initialized)
                  20200351    00000003     --HOLE--
                  20200354    00000001     libsysbm.a : open.c.obj (.data.open.stream_init)

.sysmem    0    20200358    00000200     UNINITIALIZED
                  20200358    00000010     libc.a : memory.c.obj (.sysmem)
                  20200368    000001f0     --HOLE--

.bss       0    20200558    000001e7     UNINITIALIZED
                  20200558    00000120     libsysbm.a : trgmsg.c.obj (.bss:_CIOBUF_)
                  20200678    000000a0     libc.a : defs.c.obj (.bss.__TI_tmpnams)
                  20200718    0000000c     ST7735.o (.bss.Message)
                  20200724    00000008     libsysbm.a : hostopen.c.obj (.bss.parmbuf)
                  2020072c    00000004     ST7735.o (.bss.Messageindex)
                  20200730    00000004     TExaS.o (.bss.TExaSLogic)
                  20200734    00000004     TExaS.o (.bss.TExaSadc)
                  20200738    00000004     libc.a : memory.c.obj (.bss.sys_free)
                  2020073c    00000001     ST7735.o (.bss._ZL8ColStart)
                  2020073d    00000001     ST7735.o (.bss._ZL8RowStart)
                  2020073e    00000001     ST7735.o (.bss._ZL8TabColor)

.stack     0    20207e00    00000200     UNINITIALIZED
                  20207e00    00000004     libc.a : boot_cortex_m.c.obj (.stack)
                  20207e04    000001fc     --HOLE--

__llvm_prf_cnts 
*          0    20200000    00000000     UNINITIALIZED

__llvm_prf_bits 
*          0    20200000    00000000     UNINITIALIZED

MODULE SUMMARY

       Module                         code    ro data   rw data
       ------                         ----    -------   -------
    ./
       ST7735.o                       2852    1449      33     
       Player.o                       1120    1152      0      
       Map.o                          676     904       320    
       Clock.o                        516     0         4      
       Lab9HMain.o                    470     4         44     
       SPI.o                          440     0         0      
       JoyStick.o                     340     0         0      
       Game_ADC.o                     324     0         0      
       LaunchPad.o                    180     0         0      
       Switch.o                       164     0         0      
       TExaS.o                        64      0         8      
       SlidePot.o                     26      0         0      
       Sound.o                        2       0         0      
    +--+------------------------------+-------+---------+---------+
       Total:                         7174    3509      409    
                                                               
    ./ticlang/
       startup_mspm0g3507_ticlang.o   60      192       0      
    +--+------------------------------+-------+---------+---------+
       Total:                         60      192       0      
                                                               
    /Applications/ti/ccs2000/ccs/tools/compiler/ti-cgt-armllvm_4.0.1.LTS/lib/armv6m-ti-none-eabi/c/libc.a
       memory.c.obj                   702     0         5      
       fopen.c.obj                    556     0         0      
       defs.c.obj                     0       0         404    
       setvbuf.c.obj                  224     0         0      
       getdevice.c.obj                160     0         0      
       strcmp-armv6m.S.obj            136     0         0      
       copy_decompress_lzss.c.obj     124     0         0      
       fclose.c.obj                   124     0         0      
       autoinit.c.obj                 84      0         0      
       fflush.c.obj                   82      0         0      
       exit.c.obj                     56      0         8      
       boot_cortex_m.c.obj            40      0         0      
       copy_zero_init.c.obj           22      0         0      
       copy_decompress_none.c.obj     18      0         0      
       memcpy16.S.obj                 18      0         0      
       memset16.S.obj                 14      0         0      
       _lock.c.obj                    2       0         8      
       pre_init.c.obj                 4       0         0      
    +--+------------------------------+-------+---------+---------+
       Total:                         2366    0         425    
                                                               
    /Applications/ti/ccs2000/ccs/tools/compiler/ti-cgt-armllvm_4.0.1.LTS/lib/armv6m-ti-none-eabi/c/libsysbm.a
       trgmsg.c.obj                   104     0         288    
       add_device.c.obj               236     0         1      
       host_device.c.obj              0       0         200    
       open.c.obj                     160     0         1      
       hostrename.c.obj               136     0         0      
       hostlseek.c.obj                108     0         0      
       hostopen.c.obj                 96      0         8      
       hostread.c.obj                 88      0         0      
       hostwrite.c.obj                88      0         0      
       close.c.obj                    80      0         0      
       hostclose.c.obj                72      0         0      
       hostunlink.c.obj               72      0         0      
       unlink.c.obj                   44      0         0      
       write.c.obj                    40      0         0      
       remove.c.obj                   8       0         0      
    +--+------------------------------+-------+---------+---------+
       Total:                         1332    0         498    
                                                               
    /Applications/ti/ccs2000/ccs/tools/compiler/ti-cgt-armllvm_4.0.1.LTS/lib/armv6m-ti-none-eabi/libclang_rt.builtins.a
       aeabi_uidivmod.S.obj           64      0         0      
       aeabi_memset.S.obj             12      0         0      
       aeabi_memcpy.S.obj             8       0         0      
       aeabi_div0.c.obj               2       0         0      
    +--+------------------------------+-------+---------+---------+
       Total:                         86      0         0      
                                                               
       Heap:                          0       0         512    
       Stack:                         0       0         512    
       Linker Generated:              0       259       0      
    +--+------------------------------+-------+---------+---------+
       Grand Total:                   11018   3960      2356   


LINKER GENERATED COPY TABLES

__TI_cinit_table @ 00003a84 records: 2, size/record: 8, table size: 16
	.data: load addr=00003990, load size=000000df bytes, run addr=20200000, run size=00000355 bytes, compression=lzss
	.bss: load addr=00003a7c, load size=00000008 bytes, run addr=20200558, run size=000001e7 bytes, compression=zero_init


LINKER GENERATED HANDLER TABLE

__TI_handler_table @ 00003a70 records: 3, size/record: 4, table size: 12
	index: 0, handler: __TI_decompress_lzss
	index: 1, handler: __TI_decompress_none
	index: 2, handler: __TI_zero_init


GLOBAL SYMBOLS: SORTED ALPHABETICALLY BY Name 

address   name                                
-------   ----                                
00002929  ADC0_IRQHandler                     
00002929  ADC1_IRQHandler                     
00002929  AES_IRQHandler                      
2020032c  BusFreq                             
00002bc8  C$$EXIT                             
0000269d  C$$IO$$                             
00002929  CANFD0_IRQHandler                   
00002929  DAC0_IRQHandler                     
00002929  DMA_IRQHandler                      
00002929  Default_Handler                     
00002929  GROUP0_IRQHandler                   
00002929  GROUP1_IRQHandler                   
00002261  HOSTclose                           
00001d99  HOSTlseek                           
00001fad  HOSTopen                            
0000200d  HOSTread                            
00001e05  HOSTrename                          
000022a9  HOSTunlink                          
00002065  HOSTwrite                           
00002945  HardFault_Handler                   
00002929  I2C0_IRQHandler                     
00002929  I2C1_IRQHandler                     
20200718  Message                             
2020072c  Messageindex                        
00002929  NMI_Handler                         
00002929  PendSV_Handler                      
00002929  RTC_IRQHandler                      
00002bc1  Reset_Handler                       
00003988  SHT$$INIT_ARRAY$$Base               
0000398c  SHT$$INIT_ARRAY$$Limit              
00002929  SPI0_IRQHandler                     
00002929  SPI1_IRQHandler                     
00002929  SVC_Handler                         
202002f8  Sensor                              
20200344  StTextColor                         
20200330  StX                                 
20200334  StY                                 
000016bb  SysTick_Handler                     
20200730  TExaSLogic                          
20200734  TExaSadc                            
00002929  TIMA0_IRQHandler                    
00002929  TIMA1_IRQHandler                    
00002929  TIMG0_IRQHandler                    
000027f9  TIMG12_IRQHandler                   
00002929  TIMG6_IRQHandler                    
00002381  TIMG7_IRQHandler                    
00002929  TIMG8_IRQHandler                    
00002aa7  TI_memcpy_small                     
00002b23  TI_memset_small                     
00002929  UART0_IRQHandler                    
00002929  UART1_IRQHandler                    
00002929  UART2_IRQHandler                    
00002929  UART3_IRQHandler                    
20200558  _CIOBUF_                            
000019a5  _Z10Clock_Freqv                     
000024c1  _Z10UpdateCoinii                    
00002adb  _Z11Clock_Delayj                    
000014a9  _Z11DrawPowerUp11PowerupTypeb       
00000e39  _Z11MyADC1_Initjj                   
000024fd  _Z11SPI_OutDatac                    
00002a51  _Z11ST7735_openPKcji                
00002a67  _Z11ST7735_readiPcj                 
00002821  _Z11Switch_Initv                    
00002961  _Z11Switch_P1B1v                    
00002a07  _Z11Switch_P1B2v                    
00002a1f  _Z11Switch_P2B1v                    
00002a93  _Z11Switch_P2B2v                    
00002115  _Z11fillmessagej                    
000017f9  _Z12ST7735_InitR10initRFlags        
00002b91  _Z12ST7735_closei                   
00002af9  _Z12ST7735_lseekili                 
0000256d  _Z12ST7735_writeiPKcj               
00001561  _Z13Joystick_Initv                  
00002b31  _Z13ST7735_renamePKcS0_             
00002b9b  _Z13ST7735_unlinkPKc                
000025a1  _Z14Clock_Delay1msj                 
00001891  _Z14DrawScoreBoardv                 
00001b41  _Z14LaunchPad_Initv                 
000022f1  _Z14SPI_OutCommandc                 
000013d9  _Z14ST7735_OutCharc                 
00001a39  _Z14ST7735_OutUDecj                 
00002535  _Z15ActivatePortA_Bv                
000002d1  _Z15Clock_Init80MHzi                
00002b3d  _Z15Joystick1_ReadXv                
00002b49  _Z15Joystick1_ReadYv                
00002b55  _Z15Joystick2_ReadXv                
00002b61  _Z15Joystick2_ReadYv                
00000b01  _Z15ST7735_FillRectsssst            
00000485  _Z16ST7735_DrawCharSsscssh          
00001d29  _Z16ST7735_DrawPixelsst             
000028c1  _Z16ST7735_OutStringPc              
000025d5  _Z16ST7735_SetCursorjj              
000000c1  _Z17ST7735_DrawBitmapssPKtss        
00001abd  _Z17ST7735_DrawStringttPcs          
000027a1  _Z17ST7735_FillScreent              
0000175d  _Z17ST7735_InitPrintfv              
00001e71  _Z28GetDiscreteJoystickDirectionjj  
000008bd  _Z7DrawMapv                         
00002ba5  _Z8PLL_Initv                        
00000f35  _Z8SPI_Initv                        
00002339  _Z9MyADC1_Inh                       
000023c1  _Z9SPI_Resetv                       
0000297d  _Z9Switch_Inv                       
000028e7  _ZN6Player10setPowerupE11PowerupType
00001cb5  _ZN6Player10usePowerupEv            
0000102d  _ZN6Player11collectItemEv           
000009e1  _ZN6Player4moveEaa                  
00002401  _ZN6PlayerC1Ehhbh                   
00002401  _ZN6PlayerC2Ehhbh                   
000029ed  _ZN8SlidePotC1Ejj                   
000029ed  _ZN8SlidePotC2Ejj                   
00002b6d  _ZNK6Player10getPowerupEv           
000020bd  _ZNK6Player4drawEv                  
00000d2d  _ZNK6Player5eraseEv                 
20200558  __CIOBUF_                           
20208000  __STACK_END                         
00000200  __STACK_SIZE                        
00000200  __SYSMEM_SIZE                       
00000000  __TI_ATRegion0_region_sz            
00000000  __TI_ATRegion0_src_addr             
00000000  __TI_ATRegion0_trg_addr             
00000000  __TI_ATRegion1_region_sz            
00000000  __TI_ATRegion1_src_addr             
00000000  __TI_ATRegion1_trg_addr             
00000000  __TI_ATRegion2_region_sz            
00000000  __TI_ATRegion2_src_addr             
00000000  __TI_ATRegion2_trg_addr             
00003a84  __TI_CINIT_Base                     
00003a94  __TI_CINIT_Limit                    
00003a94  __TI_CINIT_Warm                     
00003a70  __TI_Handler_Table_Base             
00003a7c  __TI_Handler_Table_Limit            
00002169  __TI_auto_init_nobinit              
00002609  __TI_cleanup                        
20200324  __TI_cleanup_ptr                    
00001bbd  __TI_closefile                      
00001c39  __TI_decompress_lzss                
00002ab9  __TI_decompress_none                
000021bd  __TI_doflush                        
20200328  __TI_dtors_ptr                      
20200338  __TI_ft_end                         
ffffffff  __TI_pprof_out_hndl                 
ffffffff  __TI_prof_data_size                 
ffffffff  __TI_prof_data_start                
0000263d  __TI_readmsg                        
00000000  __TI_static_base__                  
20200678  __TI_tmpnams                        
00002671  __TI_writemsg                       
00002a7d  __TI_zero_init_nomemset             
0000220f  __aeabi_idiv0                       
00002b79  __aeabi_memclr                      
00002b79  __aeabi_memclr4                     
00002b79  __aeabi_memclr8                     
00002bb1  __aeabi_memcpy                      
00002bb1  __aeabi_memcpy4                     
00002bb1  __aeabi_memcpy8                     
00002441  __aeabi_uidiv                       
00002441  __aeabi_uidivmod                    
ffffffff  __binit__                           
UNDEFED   __mpu_init                          
20207e00  __stack                             
20200000  __start___llvm_prf_bits             
20200000  __start___llvm_prf_cnts             
20200000  __stop___llvm_prf_bits              
20200000  __stop___llvm_prf_cnts              
00002899  _c_int00_noargs                     
20200230  _device                             
20200140  _ftable                             
2020033c  _lock                               
00002a37  _nop                                
202002a8  _stream                             
20200358  _sys_memory                         
UNDEFED   _system_post_cinit                  
00002bc5  _system_pre_init                    
20200340  _unlock                             
00002bc9  abort                               
00001125  add_device                          
00000c19  aligned_alloc                       
ffffffff  binit                               
00002211  close                               
000026a5  exit                                
000026d9  finddevice                          
00002771  fopen                               
00001211  free                                
0000270d  freopen                             
00001edd  getdevice                           
00000000  interruptVectors                    
00000779  main                                
00002b85  malloc                              
20200000  map                                 
00000c19  memalign                            
000016bd  open                                
20200724  parmbuf                             
2020030c  player1                             
20200318  player2                             
00002bb9  remove                              
000012f9  setvbuf                             
000019b1  strcmp                              
000027cd  unlink                              
00002871  write                               


GLOBAL SYMBOLS: SORTED BY Symbol Address 

address   name                                
-------   ----                                
00000000  __TI_ATRegion0_region_sz            
00000000  __TI_ATRegion0_src_addr             
00000000  __TI_ATRegion0_trg_addr             
00000000  __TI_ATRegion1_region_sz            
00000000  __TI_ATRegion1_src_addr             
00000000  __TI_ATRegion1_trg_addr             
00000000  __TI_ATRegion2_region_sz            
00000000  __TI_ATRegion2_src_addr             
00000000  __TI_ATRegion2_trg_addr             
00000000  __TI_static_base__                  
00000000  interruptVectors                    
000000c1  _Z17ST7735_DrawBitmapssPKtss        
00000200  __STACK_SIZE                        
00000200  __SYSMEM_SIZE                       
000002d1  _Z15Clock_Init80MHzi                
00000485  _Z16ST7735_DrawCharSsscssh          
00000779  main                                
000008bd  _Z7DrawMapv                         
000009e1  _ZN6Player4moveEaa                  
00000b01  _Z15ST7735_FillRectsssst            
00000c19  aligned_alloc                       
00000c19  memalign                            
00000d2d  _ZNK6Player5eraseEv                 
00000e39  _Z11MyADC1_Initjj                   
00000f35  _Z8SPI_Initv                        
0000102d  _ZN6Player11collectItemEv           
00001125  add_device                          
00001211  free                                
000012f9  setvbuf                             
000013d9  _Z14ST7735_OutCharc                 
000014a9  _Z11DrawPowerUp11PowerupTypeb       
00001561  _Z13Joystick_Initv                  
000016bb  SysTick_Handler                     
000016bd  open                                
0000175d  _Z17ST7735_InitPrintfv              
000017f9  _Z12ST7735_InitR10initRFlags        
00001891  _Z14DrawScoreBoardv                 
000019a5  _Z10Clock_Freqv                     
000019b1  strcmp                              
00001a39  _Z14ST7735_OutUDecj                 
00001abd  _Z17ST7735_DrawStringttPcs          
00001b41  _Z14LaunchPad_Initv                 
00001bbd  __TI_closefile                      
00001c39  __TI_decompress_lzss                
00001cb5  _ZN6Player10usePowerupEv            
00001d29  _Z16ST7735_DrawPixelsst             
00001d99  HOSTlseek                           
00001e05  HOSTrename                          
00001e71  _Z28GetDiscreteJoystickDirectionjj  
00001edd  getdevice                           
00001fad  HOSTopen                            
0000200d  HOSTread                            
00002065  HOSTwrite                           
000020bd  _ZNK6Player4drawEv                  
00002115  _Z11fillmessagej                    
00002169  __TI_auto_init_nobinit              
000021bd  __TI_doflush                        
0000220f  __aeabi_idiv0                       
00002211  close                               
00002261  HOSTclose                           
000022a9  HOSTunlink                          
000022f1  _Z14SPI_OutCommandc                 
00002339  _Z9MyADC1_Inh                       
00002381  TIMG7_IRQHandler                    
000023c1  _Z9SPI_Resetv                       
00002401  _ZN6PlayerC1Ehhbh                   
00002401  _ZN6PlayerC2Ehhbh                   
00002441  __aeabi_uidiv                       
00002441  __aeabi_uidivmod                    
000024c1  _Z10UpdateCoinii                    
000024fd  _Z11SPI_OutDatac                    
00002535  _Z15ActivatePortA_Bv                
0000256d  _Z12ST7735_writeiPKcj               
000025a1  _Z14Clock_Delay1msj                 
000025d5  _Z16ST7735_SetCursorjj              
00002609  __TI_cleanup                        
0000263d  __TI_readmsg                        
00002671  __TI_writemsg                       
0000269d  C$$IO$$                             
000026a5  exit                                
000026d9  finddevice                          
0000270d  freopen                             
00002771  fopen                               
000027a1  _Z17ST7735_FillScreent              
000027cd  unlink                              
000027f9  TIMG12_IRQHandler                   
00002821  _Z11Switch_Initv                    
00002871  write                               
00002899  _c_int00_noargs                     
000028c1  _Z16ST7735_OutStringPc              
000028e7  _ZN6Player10setPowerupE11PowerupType
00002929  ADC0_IRQHandler                     
00002929  ADC1_IRQHandler                     
00002929  AES_IRQHandler                      
00002929  CANFD0_IRQHandler                   
00002929  DAC0_IRQHandler                     
00002929  DMA_IRQHandler                      
00002929  Default_Handler                     
00002929  GROUP0_IRQHandler                   
00002929  GROUP1_IRQHandler                   
00002929  I2C0_IRQHandler                     
00002929  I2C1_IRQHandler                     
00002929  NMI_Handler                         
00002929  PendSV_Handler                      
00002929  RTC_IRQHandler                      
00002929  SPI0_IRQHandler                     
00002929  SPI1_IRQHandler                     
00002929  SVC_Handler                         
00002929  TIMA0_IRQHandler                    
00002929  TIMA1_IRQHandler                    
00002929  TIMG0_IRQHandler                    
00002929  TIMG6_IRQHandler                    
00002929  TIMG8_IRQHandler                    
00002929  UART0_IRQHandler                    
00002929  UART1_IRQHandler                    
00002929  UART2_IRQHandler                    
00002929  UART3_IRQHandler                    
00002945  HardFault_Handler                   
00002961  _Z11Switch_P1B1v                    
0000297d  _Z9Switch_Inv                       
000029ed  _ZN8SlidePotC1Ejj                   
000029ed  _ZN8SlidePotC2Ejj                   
00002a07  _Z11Switch_P1B2v                    
00002a1f  _Z11Switch_P2B1v                    
00002a37  _nop                                
00002a51  _Z11ST7735_openPKcji                
00002a67  _Z11ST7735_readiPcj                 
00002a7d  __TI_zero_init_nomemset             
00002a93  _Z11Switch_P2B2v                    
00002aa7  TI_memcpy_small                     
00002ab9  __TI_decompress_none                
00002adb  _Z11Clock_Delayj                    
00002af9  _Z12ST7735_lseekili                 
00002b23  TI_memset_small                     
00002b31  _Z13ST7735_renamePKcS0_             
00002b3d  _Z15Joystick1_ReadXv                
00002b49  _Z15Joystick1_ReadYv                
00002b55  _Z15Joystick2_ReadXv                
00002b61  _Z15Joystick2_ReadYv                
00002b6d  _ZNK6Player10getPowerupEv           
00002b79  __aeabi_memclr                      
00002b79  __aeabi_memclr4                     
00002b79  __aeabi_memclr8                     
00002b85  malloc                              
00002b91  _Z12ST7735_closei                   
00002b9b  _Z13ST7735_unlinkPKc                
00002ba5  _Z8PLL_Initv                        
00002bb1  __aeabi_memcpy                      
00002bb1  __aeabi_memcpy4                     
00002bb1  __aeabi_memcpy8                     
00002bb9  remove                              
00002bc1  Reset_Handler                       
00002bc5  _system_pre_init                    
00002bc8  C$$EXIT                             
00002bc9  abort                               
00003988  SHT$$INIT_ARRAY$$Base               
0000398c  SHT$$INIT_ARRAY$$Limit              
00003a70  __TI_Handler_Table_Base             
00003a7c  __TI_Handler_Table_Limit            
00003a84  __TI_CINIT_Base                     
00003a94  __TI_CINIT_Limit                    
00003a94  __TI_CINIT_Warm                     
20200000  __start___llvm_prf_bits             
20200000  __start___llvm_prf_cnts             
20200000  __stop___llvm_prf_bits              
20200000  __stop___llvm_prf_cnts              
20200000  map                                 
20200140  _ftable                             
20200230  _device                             
202002a8  _stream                             
202002f8  Sensor                              
2020030c  player1                             
20200318  player2                             
20200324  __TI_cleanup_ptr                    
20200328  __TI_dtors_ptr                      
2020032c  BusFreq                             
20200330  StX                                 
20200334  StY                                 
20200338  __TI_ft_end                         
2020033c  _lock                               
20200340  _unlock                             
20200344  StTextColor                         
20200358  _sys_memory                         
20200558  _CIOBUF_                            
20200558  __CIOBUF_                           
20200678  __TI_tmpnams                        
20200718  Message                             
20200724  parmbuf                             
2020072c  Messageindex                        
20200730  TExaSLogic                          
20200734  TExaSadc                            
20207e00  __stack                             
20208000  __STACK_END                         
ffffffff  __TI_pprof_out_hndl                 
ffffffff  __TI_prof_data_size                 
ffffffff  __TI_prof_data_start                
ffffffff  __binit__                           
ffffffff  binit                               
UNDEFED   __mpu_init                          
UNDEFED   _system_post_cinit                  

[200 symbols]
