******************************************************************************
            TI ARM Clang Linker Unix v4.0.1                    
******************************************************************************
>> Linked Thu Apr 17 15:42:21 2025

OUTPUT FILE NAME:   <ECE319K_Lab9H.out>
ENTRY POINT SYMBOL: "_c_int00_noargs"  address: 0000205d


MEMORY CONFIGURATION

         name            origin    length      used     unused   attr    fill
----------------------  --------  ---------  --------  --------  ----  --------
  FLASH                 00000000   00020000  00002e18  0001d1e8  R  X
  SRAM                  20200000   00008000  00000984  0000767c  RW X
  BCR_CONFIG            41c00000   00000080  00000000  00000080  R   
  BSL_CONFIG            41c00100   00000080  00000000  00000080  R   


SEGMENT ALLOCATION MAP

run origin  load origin   length   init length attrs members
----------  ----------- ---------- ----------- ----- -------
00000000    00000000    00002e18   00002e18    r-x
  00000000    00000000    000000c0   000000c0    r-- .intvecs
  000000c0    000000c0    00002250   00002250    r-x .text
  00002310    00002310    000009e0   000009e0    r-- .rodata
  00002cf0    00002cf0    00000008   00000008    r-- .init_array
  00002cf8    00002cf8    00000120   00000120    r-- .cinit
20200000    20200000    00000787   00000000    rw-
  20200000    20200000    0000039d   00000000    rw- .data
  202003a0    202003a0    00000200   00000000    rw- .sysmem
  202005a0    202005a0    000001e7   00000000    rw- .bss
20207e00    20207e00    00000200   00000000    rw-
  20207e00    20207e00    00000200   00000000    rw- .stack


SECTION ALLOCATION MAP

 output                                  attributes/
section   page    origin      length       input sections
--------  ----  ----------  ----------   ----------------
.intvecs   0    00000000    000000c0     
                  00000000    000000c0     startup_mspm0g3507_ticlang.o (.intvecs)

.binit     0    00000000    00000000     

.text      0    000000c0    00002250     
                  000000c0    00000210     ST7735.o (.text._Z17ST7735_DrawBitmapssPKtss)
                  000002d0    000001b4     Clock.o (.text._Z15Clock_Init80MHzi)
                  00000484    000001a0     ST7735.o (.text._Z16ST7735_DrawCharSsscssh)
                  00000624    00000154     libc.a : fopen.c.obj (.text._openfile)
                  00000778    0000011c     Map.o (.text._Z7DrawMapv)
                  00000894    00000118     ST7735.o (.text._Z15ST7735_FillRectsssst)
                  000009ac    00000114     libc.a : memory.c.obj (.text.aligned_alloc)
                  00000ac0    000000f8     SPI.o (.text._Z8SPI_Initv)
                  00000bb8    000000ec     libsysbm.a : add_device.c.obj (.text.add_device)
                  00000ca4    000000e8     libc.a : memory.c.obj (.text.free)
                  00000d8c    000000e0            : setvbuf.c.obj (.text.setvbuf)
                  00000e6c    000000d0     ST7735.o (.text._Z14ST7735_OutCharc)
                  00000f3c    000000a2     ST7735.o (.text._ZL11commandListPKh)
                  00000fde    00000002     Sound.o (.text.SysTick_Handler)
                  00000fe0    000000a0     libsysbm.a : open.c.obj (.text.open)
                  00001080    0000009c     ST7735.o (.text._Z17ST7735_InitPrintfv)
                  0000111c    00000098     ST7735.o (.text._Z12ST7735_InitR10initRFlags)
                  000011b4    00000088     ST7735.o (.text._ZL13setAddrWindowhhhh)
                  0000123c    00000004     libc.a : pre_init.c.obj (.text._system_pre_init)
                  00001240    00000088            : strcmp-armv6m.S.obj (.text:strcmp)
                  000012c8    00000084     ST7735.o (.text._Z14ST7735_OutUDecj)
                  0000134c    00000084     ST7735.o (.text._Z17ST7735_DrawStringttPcs)
                  000013d0    0000007c     LaunchPad.o (.text._Z14LaunchPad_Initv)
                  0000144c    0000007c     libc.a : fclose.c.obj (.text.__TI_closefile)
                  000014c8    0000007c            : copy_decompress_lzss.c.obj (.text:decompress:lzss)
                  00001544    00000074     Map.o (.text._Z9DrawRulesv)
                  000015b8    00000070     ST7735.o (.text._Z16ST7735_DrawPixelsst)
                  00001628    0000006c     libsysbm.a : hostlseek.c.obj (.text.HOSTlseek)
                  00001694    0000006c                : hostrename.c.obj (.text.HOSTrename)
                  00001700    0000006c     libc.a : getdevice.c.obj (.text.getdevice)
                  0000176c    00000064     Lab9HMain.o (.text.main)
                  000017d0    00000064     libc.a : memory.c.obj (.text.split)
                  00001834    00000060     libsysbm.a : hostopen.c.obj (.text.HOSTopen)
                  00001894    00000058                : hostread.c.obj (.text.HOSTread)
                  000018ec    00000058                : hostwrite.c.obj (.text.HOSTwrite)
                  00001944    00000054     ST7735.o (.text._Z11fillmessagej)
                  00001998    00000054     libc.a : autoinit.c.obj (.text:__TI_auto_init_nobinit)
                  000019ec    00000052            : fflush.c.obj (.text.__TI_doflush)
                  00001a3e    00000002     libclang_rt.builtins.a : aeabi_div0.c.obj (.text.__aeabi_idiv0)
                  00001a40    00000050     Map.o (.text._Z10DrawScoresv)
                  00001a90    00000050     libsysbm.a : close.c.obj (.text.close)
                  00001ae0    00000048                : hostclose.c.obj (.text.HOSTclose)
                  00001b28    00000048                : hostunlink.c.obj (.text.HOSTunlink)
                  00001b70    00000048     SPI.o (.text._Z14SPI_OutCommandc)
                  00001bb8    00000040     TExaS.o (.text.TIMG7_IRQHandler)
                  00001bf8    00000040     SPI.o (.text._Z9SPI_Resetv)
                  00001c38    00000040     libclang_rt.builtins.a : aeabi_uidivmod.S.obj (.text.__aeabi_uidivmod)
                  00001c78    00000040     libc.a : fopen.c.obj (.text._search_fp)
                  00001cb8    00000038     SPI.o (.text._Z11SPI_OutDatac)
                  00001cf0    00000038     LaunchPad.o (.text._Z15ActivatePortA_Bv)
                  00001d28    00000034     ST7735.o (.text._Z12ST7735_writeiPKcj)
                  00001d5c    00000034     Clock.o (.text._Z14Clock_Delay1msj)
                  00001d90    00000034     ST7735.o (.text._Z16ST7735_SetCursorjj)
                  00001dc4    00000034     libc.a : fopen.c.obj (.text.__TI_cleanup)
                  00001df8    00000034     libsysbm.a : trgmsg.c.obj (.text.__TI_readmsg)
                  00001e2c    00000034                : trgmsg.c.obj (.text.__TI_writemsg)
                  00001e60    00000034     libc.a : exit.c.obj (.text.exit)
                  00001e94    00000034            : getdevice.c.obj (.text.finddevice)
                  00001ec8    00000034            : fopen.c.obj (.text.freopen)
                  00001efc    00000030     ST7735.o (.text._ZL10commonInitPKh)
                  00001f2c    00000030     libc.a : fopen.c.obj (.text.fopen)
                  00001f5c    0000002e     Player.o (.text._ZN6PlayerC2Ehhb)
                  00001f8a    00000002     libc.a : _lock.c.obj (.text._nop)
                  00001f8c    0000002c     ST7735.o (.text._Z17ST7735_FillScreent)
                  00001fb8    0000002c     libsysbm.a : unlink.c.obj (.text.unlink)
                  00001fe4    00000028     Lab9HMain.o (.text.TIMG12_IRQHandler)
                  0000200c    00000028     libc.a : memory.c.obj (.text.free_list_insert)
                  00002034    00000028     libsysbm.a : write.c.obj (.text.write)
                  0000205c    00000028     libc.a : boot_cortex_m.c.obj (.text:_c_int00_noargs)
                  00002084    00000026     ST7735.o (.text._Z16ST7735_OutStringPc)
                  000020aa    00000002     --HOLE-- [fill = 0]
                  000020ac    00000024     Map.o (.text._Z13NextRulesPagev)
                  000020d0    0000001e     ST7735.o (.text._ZL9pushColort)
                  000020ee    00000002     --HOLE-- [fill = 0]
                  000020f0    0000001c     startup_mspm0g3507_ticlang.o (.text.Default_Handler)
                  0000210c    0000001c     startup_mspm0g3507_ticlang.o (.text.HardFault_Handler)
                  00002128    0000001c     libc.a : memory.c.obj (.text.free_list_remove)
                  00002144    0000001a     SlidePot.o (.text._ZN8SlidePotC2Ejj)
                  0000215e    00000002     --HOLE-- [fill = 0]
                  00002160    00000018     Lab9HMain.o (.text.__cxx_global_var_init)
                  00002178    00000016     ST7735.o (.text._Z11ST7735_openPKcji)
                  0000218e    00000016     ST7735.o (.text._Z11ST7735_readiPcj)
                  000021a4    00000016     Player.o (.text._ZN6Player8addScoreEh)
                  000021ba    00000016     libc.a : copy_zero_init.c.obj (.text:decompress:ZI:__TI_zero_init_nomemset)
                  000021d0    00000014     ST7735.o (.text._Z19ST7735_SetTextColort)
                  000021e4    00000014     Lab9HMain.o (.text.__cxx_global_var_init.1)
                  000021f8    00000014     Lab9HMain.o (.text.__cxx_global_var_init.2)
                  0000220c    00000012     libc.a : memcpy16.S.obj (.text:TI_memcpy_small)
                  0000221e    00000012            : copy_decompress_none.c.obj (.text:decompress:none)
                  00002230    00000010     Lab9HMain.o (.text._GLOBAL__sub_I_Lab9HMain.cpp)
                  00002240    00000010     Clock.o (.text._Z11Clock_Delayj)
                  00002250    0000000e     libc.a : memory.c.obj (.text.OUTLINED_FUNCTION_0)
                  0000225e    0000000e     ST7735.o (.text._Z12ST7735_lseekili)
                  0000226c    0000000e     libsysbm.a : hostrename.c.obj (.text.strcpy)
                  0000227a    0000000e                : hostrename.c.obj (.text.strlen)
                  00002288    0000000e     libc.a : memset16.S.obj (.text:TI_memset_small)
                  00002296    00000002     --HOLE-- [fill = 0]
                  00002298    0000000c     Clock.o (.text._Z10Clock_Freqv)
                  000022a4    0000000c     ST7735.o (.text._Z13ST7735_renamePKcS0_)
                  000022b0    0000000c     Player.o (.text._ZNK6Player8getScoreEv)
                  000022bc    0000000c     libclang_rt.builtins.a : aeabi_memset.S.obj (.text.__aeabi_memclr)
                  000022c8    0000000c     libc.a : memory.c.obj (.text.malloc)
                  000022d4    0000000a     ST7735.o (.text._Z12ST7735_closei)
                  000022de    0000000a     ST7735.o (.text._Z13ST7735_unlinkPKc)
                  000022e8    0000000a     Lab9HMain.o (.text._Z8PLL_Initv)
                  000022f2    00000002     --HOLE-- [fill = 0]
                  000022f4    00000008     libclang_rt.builtins.a : aeabi_memcpy.S.obj (.text.__aeabi_memcpy)
                  000022fc    00000008     libsysbm.a : remove.c.obj (.text.remove)
                  00002304    00000004     startup_mspm0g3507_ticlang.o (.text.Reset_Handler)
                  00002308    00000004     libc.a : exit.c.obj (.text:abort)
                  0000230c    00000004     --HOLE-- [fill = 0]

.cinit     0    00002cf8    00000120     
                  00002cf8    000000f8     (.cinit..data.load) [load image, compression = lzss]
                  00002df0    0000000c     (__TI_handler_table)
                  00002dfc    00000008     (.cinit..bss.load) [load image, compression = zero_init]
                  00002e04    00000010     (__TI_cinit_table)
                  00002e14    00000004     --HOLE-- [fill = 0]

.rodata    0    00002310    000009e0     
                  00002310    000004fb     ST7735.o (.rodata._ZL4Font)
                  0000280b    00000001     Map.o (.rodata.str1.104596856956816455781)
                  0000280c    00000080     Map.o (.rodata.BorderSprite)
                  0000288c    00000080     Map.o (.rodata.CoinSprite)
                  0000290c    00000080     Map.o (.rodata.SpeedSprite)
                  0000298c    00000080     Map.o (.rodata.WallSprite)
                  00002a0c    00000080     Map.o (.rodata._ZL12ChaserSprite)
                  00002a8c    00000080     Map.o (.rodata._ZL12RunnerSprite)
                  00002b0c    0000003b     ST7735.o (.rodata._ZL5Rcmd1)
                  00002b47    0000002b     ST7735.o (.rodata._ZL5Rcmd3)
                  00002b72    00000018     Map.o (.rodata.str1.88020652275042292911)
                  00002b8a    00000017     Map.o (.rodata.str1.84046251035583987611)
                  00002ba1    00000016     ST7735.o (.rodata.str1.10454047957466484921)
                  00002bb7    00000016     Map.o (.rodata.str1.11892335321669509361)
                  00002bcd    00000016     Map.o (.rodata.str1.73765608726033296121)
                  00002be3    00000015     Map.o (.rodata.str1.141450585037438433001)
                  00002bf8    00000014     Map.o (.rodata.str1.105329869645890702911)
                  00002c0c    00000014     Map.o (.rodata.str1.142248726879783284881)
                  00002c20    00000014     Map.o (.rodata.str1.56202311474261802091)
                  00002c34    00000013     Map.o (.rodata.str1.174713602682270873741)
                  00002c47    00000012     Map.o (.rodata.str1.107916156524046124021)
                  00002c59    00000012     Map.o (.rodata.str1.50855458835255299231)
                  00002c6b    00000011     Map.o (.rodata.str1.89352664702768437881)
                  00002c7c    00000010     Map.o (.rodata.str1.116554702338864380131)
                  00002c8c    00000010     Map.o (.rodata.str1.148507566663670628311)
                  00002c9c    0000000d     ST7735.o (.rodata._ZL10Rcmd2green)
                  00002ca9    0000000d     ST7735.o (.rodata._ZL8Rcmd2red)
                  00002cb6    0000000a     Map.o (.rodata.str1.69355853717354042871)
                  00002cc0    00000009     Map.o (.rodata.str1.122246070243964392101)
                  00002cc9    00000008     ST7735.o (.rodata.str1.47795681660940027721)
                  00002cd1    00000007     ST7735.o (.rodata.str1.144587199919105078391)
                  00002cd8    00000007     Map.o (.rodata.str1.152947731988548161181)
                  00002cdf    00000007     ST7735.o (.rodata.str1.65889865058515175131)
                  00002ce6    00000004     Map.o (.rodata.str1.67017573524192918981)
                  00002cea    00000004     Map.o (.rodata.str1.94772824188764248821)
                  00002cee    00000002     ST7735.o (.rodata.str1.12956530834739612181)

.init_array 
*          0    00002cf0    00000008     
                  00002cf0    00000004     Lab9HMain.o (.init_array)
                  00002cf4    00000004     --HOLE-- [fill = 0]

.data      0    20200000    0000039d     UNINITIALIZED
                  20200000    00000140     Map.o (.data.map)
                  20200140    000000f0     libc.a : defs.c.obj (.data._ftable)
                  20200230    00000078     libsysbm.a : host_device.c.obj (.data._device)
                  202002a8    00000050                : host_device.c.obj (.data._stream)
                  202002f8    00000048     Map.o (.data.rulesText)
                  20200340    00000014     Lab9HMain.o (.data.Sensor)
                  20200354    0000000c     Lab9HMain.o (.data.player1)
                  20200360    0000000c     Lab9HMain.o (.data.player2)
                  2020036c    00000008     libc.a : exit.c.obj (.data..L_MergedGlobals)
                  20200374    00000004     Clock.o (.data.BusFreq)
                  20200378    00000004     ST7735.o (.data.StX)
                  2020037c    00000004     ST7735.o (.data.StY)
                  20200380    00000004     libc.a : defs.c.obj (.data.__TI_ft_end)
                  20200384    00000004            : _lock.c.obj (.data._lock)
                  20200388    00000004            : _lock.c.obj (.data._unlock)
                  2020038c    00000002     ST7735.o (.data.StTextColor)
                  2020038e    00000002     ST7735.o (.data._ZL6_width)
                  20200390    00000002     ST7735.o (.data._ZL7_height)
                  20200392    00000001     Map.o (.data.currentRulesPage)
                  20200393    00000001     --HOLE--
                  20200394    00000001     libsysbm.a : add_device.c.obj (.data.add_device.device_init)
                  20200395    00000003     --HOLE--
                  20200398    00000001     libc.a : memory.c.obj (.data.memory_is_initialized)
                  20200399    00000003     --HOLE--
                  2020039c    00000001     libsysbm.a : open.c.obj (.data.open.stream_init)

.sysmem    0    202003a0    00000200     UNINITIALIZED
                  202003a0    00000010     libc.a : memory.c.obj (.sysmem)
                  202003b0    000001f0     --HOLE--

.bss       0    202005a0    000001e7     UNINITIALIZED
                  202005a0    00000120     libsysbm.a : trgmsg.c.obj (.bss:_CIOBUF_)
                  202006c0    000000a0     libc.a : defs.c.obj (.bss.__TI_tmpnams)
                  20200760    0000000c     ST7735.o (.bss.Message)
                  2020076c    00000008     libsysbm.a : hostopen.c.obj (.bss.parmbuf)
                  20200774    00000004     ST7735.o (.bss.Messageindex)
                  20200778    00000004     TExaS.o (.bss.TExaSLogic)
                  2020077c    00000004     TExaS.o (.bss.TExaSadc)
                  20200780    00000004     libc.a : memory.c.obj (.bss.sys_free)
                  20200784    00000001     ST7735.o (.bss._ZL8ColStart)
                  20200785    00000001     ST7735.o (.bss._ZL8RowStart)
                  20200786    00000001     ST7735.o (.bss._ZL8TabColor)

.stack     0    20207e00    00000200     UNINITIALIZED
                  20207e00    00000004     libc.a : boot_cortex_m.c.obj (.stack)
                  20207e04    000001fc     --HOLE--

__llvm_prf_cnts 
*          0    20200000    00000000     UNINITIALIZED

__llvm_prf_bits 
*          0    20200000    00000000     UNINITIALIZED

MODULE SUMMARY

       Module                         code   ro data   rw data
       ------                         ----   -------   -------
    ./
       ST7735.o                       2872   1449      33     
       Map.o                          516    1079      393    
       Clock.o                        516    0         4      
       SPI.o                          440    0         0      
       Lab9HMain.o                    230    4         44     
       LaunchPad.o                    180    0         0      
       Player.o                       80     0         0      
       TExaS.o                        64     0         8      
       SlidePot.o                     26     0         0      
       Sound.o                        2      0         0      
    +--+------------------------------+------+---------+---------+
       Total:                         4926   2532      482    
                                                              
    ./ticlang/
       startup_mspm0g3507_ticlang.o   60     192       0      
    +--+------------------------------+------+---------+---------+
       Total:                         60     192       0      
                                                              
    /Applications/ti/ccs2000/ccs/tools/compiler/ti-cgt-armllvm_4.0.1.LTS/lib/armv6m-ti-none-eabi/c/libc.a
       memory.c.obj                   702    0         5      
       fopen.c.obj                    556    0         0      
       defs.c.obj                     0      0         404    
       setvbuf.c.obj                  224    0         0      
       getdevice.c.obj                160    0         0      
       strcmp-armv6m.S.obj            136    0         0      
       copy_decompress_lzss.c.obj     124    0         0      
       fclose.c.obj                   124    0         0      
       autoinit.c.obj                 84     0         0      
       fflush.c.obj                   82     0         0      
       exit.c.obj                     56     0         8      
       boot_cortex_m.c.obj            40     0         0      
       copy_zero_init.c.obj           22     0         0      
       copy_decompress_none.c.obj     18     0         0      
       memcpy16.S.obj                 18     0         0      
       memset16.S.obj                 14     0         0      
       _lock.c.obj                    2      0         8      
       pre_init.c.obj                 4      0         0      
    +--+------------------------------+------+---------+---------+
       Total:                         2366   0         425    
                                                              
    /Applications/ti/ccs2000/ccs/tools/compiler/ti-cgt-armllvm_4.0.1.LTS/lib/armv6m-ti-none-eabi/c/libsysbm.a
       trgmsg.c.obj                   104    0         288    
       add_device.c.obj               236    0         1      
       host_device.c.obj              0      0         200    
       open.c.obj                     160    0         1      
       hostrename.c.obj               136    0         0      
       hostlseek.c.obj                108    0         0      
       hostopen.c.obj                 96     0         8      
       hostread.c.obj                 88     0         0      
       hostwrite.c.obj                88     0         0      
       close.c.obj                    80     0         0      
       hostclose.c.obj                72     0         0      
       hostunlink.c.obj               72     0         0      
       unlink.c.obj                   44     0         0      
       write.c.obj                    40     0         0      
       remove.c.obj                   8      0         0      
    +--+------------------------------+------+---------+---------+
       Total:                         1332   0         498    
                                                              
    /Applications/ti/ccs2000/ccs/tools/compiler/ti-cgt-armllvm_4.0.1.LTS/lib/armv6m-ti-none-eabi/libclang_rt.builtins.a
       aeabi_uidivmod.S.obj           64     0         0      
       aeabi_memset.S.obj             12     0         0      
       aeabi_memcpy.S.obj             8      0         0      
       aeabi_div0.c.obj               2      0         0      
    +--+------------------------------+------+---------+---------+
       Total:                         86     0         0      
                                                              
       Heap:                          0      0         512    
       Stack:                         0      0         512    
       Linker Generated:              0      284       0      
    +--+------------------------------+------+---------+---------+
       Grand Total:                   8770   3008      2429   


LINKER GENERATED COPY TABLES

__TI_cinit_table @ 00002e04 records: 2, size/record: 8, table size: 16
	.data: load addr=00002cf8, load size=000000f8 bytes, run addr=20200000, run size=0000039d bytes, compression=lzss
	.bss: load addr=00002dfc, load size=00000008 bytes, run addr=202005a0, run size=000001e7 bytes, compression=zero_init


LINKER GENERATED HANDLER TABLE

__TI_handler_table @ 00002df0 records: 3, size/record: 4, table size: 12
	index: 0, handler: __TI_decompress_lzss
	index: 1, handler: __TI_decompress_none
	index: 2, handler: __TI_zero_init


GLOBAL SYMBOLS: SORTED ALPHABETICALLY BY Name 

address   name                        
-------   ----                        
000020f1  ADC0_IRQHandler             
000020f1  ADC1_IRQHandler             
000020f1  AES_IRQHandler              
0000280c  BorderSprite                
20200374  BusFreq                     
00002308  C$$EXIT                     
00001e59  C$$IO$$                     
000020f1  CANFD0_IRQHandler           
0000288c  CoinSprite                  
000020f1  DAC0_IRQHandler             
000020f1  DMA_IRQHandler              
000020f1  Default_Handler             
000020f1  GROUP0_IRQHandler           
000020f1  GROUP1_IRQHandler           
00001ae1  HOSTclose                   
00001629  HOSTlseek                   
00001835  HOSTopen                    
00001895  HOSTread                    
00001695  HOSTrename                  
00001b29  HOSTunlink                  
000018ed  HOSTwrite                   
0000210d  HardFault_Handler           
000020f1  I2C0_IRQHandler             
000020f1  I2C1_IRQHandler             
20200760  Message                     
20200774  Messageindex                
000020f1  NMI_Handler                 
000020f1  PendSV_Handler              
000020f1  RTC_IRQHandler              
00002305  Reset_Handler               
00002cf0  SHT$$INIT_ARRAY$$Base       
00002cf4  SHT$$INIT_ARRAY$$Limit      
000020f1  SPI0_IRQHandler             
000020f1  SPI1_IRQHandler             
000020f1  SVC_Handler                 
20200340  Sensor                      
0000290c  SpeedSprite                 
2020038c  StTextColor                 
20200378  StX                         
2020037c  StY                         
00000fdf  SysTick_Handler             
20200778  TExaSLogic                  
2020077c  TExaSadc                    
000020f1  TIMA0_IRQHandler            
000020f1  TIMA1_IRQHandler            
000020f1  TIMG0_IRQHandler            
00001fe5  TIMG12_IRQHandler           
000020f1  TIMG6_IRQHandler            
00001bb9  TIMG7_IRQHandler            
000020f1  TIMG8_IRQHandler            
0000220d  TI_memcpy_small             
00002289  TI_memset_small             
000020f1  UART0_IRQHandler            
000020f1  UART1_IRQHandler            
000020f1  UART2_IRQHandler            
000020f1  UART3_IRQHandler            
0000298c  WallSprite                  
202005a0  _CIOBUF_                    
00002299  _Z10Clock_Freqv             
00001a41  _Z10DrawScoresv             
00002241  _Z11Clock_Delayj            
00001cb9  _Z11SPI_OutDatac            
00002179  _Z11ST7735_openPKcji        
0000218f  _Z11ST7735_readiPcj         
00001945  _Z11fillmessagej            
0000111d  _Z12ST7735_InitR10initRFlags
000022d5  _Z12ST7735_closei           
0000225f  _Z12ST7735_lseekili         
00001d29  _Z12ST7735_writeiPKcj       
000020ad  _Z13NextRulesPagev          
000022a5  _Z13ST7735_renamePKcS0_     
000022df  _Z13ST7735_unlinkPKc        
00001d5d  _Z14Clock_Delay1msj         
000013d1  _Z14LaunchPad_Initv         
00001b71  _Z14SPI_OutCommandc         
00000e6d  _Z14ST7735_OutCharc         
000012c9  _Z14ST7735_OutUDecj         
00001cf1  _Z15ActivatePortA_Bv        
000002d1  _Z15Clock_Init80MHzi        
00000895  _Z15ST7735_FillRectsssst    
00000485  _Z16ST7735_DrawCharSsscssh  
000015b9  _Z16ST7735_DrawPixelsst     
00002085  _Z16ST7735_OutStringPc      
00001d91  _Z16ST7735_SetCursorjj      
000000c1  _Z17ST7735_DrawBitmapssPKtss
0000134d  _Z17ST7735_DrawStringttPcs  
00001f8d  _Z17ST7735_FillScreent      
00001081  _Z17ST7735_InitPrintfv      
000021d1  _Z19ST7735_SetTextColort    
00000779  _Z7DrawMapv                 
000022e9  _Z8PLL_Initv                
00000ac1  _Z8SPI_Initv                
00001545  _Z9DrawRulesv               
00001bf9  _Z9SPI_Resetv               
000021a5  _ZN6Player8addScoreEh       
00001f5d  _ZN6PlayerC1Ehhb            
00001f5d  _ZN6PlayerC2Ehhb            
00002145  _ZN8SlidePotC1Ejj           
00002145  _ZN8SlidePotC2Ejj           
000022b1  _ZNK6Player8getScoreEv      
202005a0  __CIOBUF_                   
20208000  __STACK_END                 
00000200  __STACK_SIZE                
00000200  __SYSMEM_SIZE               
00000000  __TI_ATRegion0_region_sz    
00000000  __TI_ATRegion0_src_addr     
00000000  __TI_ATRegion0_trg_addr     
00000000  __TI_ATRegion1_region_sz    
00000000  __TI_ATRegion1_src_addr     
00000000  __TI_ATRegion1_trg_addr     
00000000  __TI_ATRegion2_region_sz    
00000000  __TI_ATRegion2_src_addr     
00000000  __TI_ATRegion2_trg_addr     
00002e04  __TI_CINIT_Base             
00002e14  __TI_CINIT_Limit            
00002e14  __TI_CINIT_Warm             
00002df0  __TI_Handler_Table_Base     
00002dfc  __TI_Handler_Table_Limit    
00001999  __TI_auto_init_nobinit      
00001dc5  __TI_cleanup                
2020036c  __TI_cleanup_ptr            
0000144d  __TI_closefile              
000014c9  __TI_decompress_lzss        
0000221f  __TI_decompress_none        
000019ed  __TI_doflush                
20200370  __TI_dtors_ptr              
20200380  __TI_ft_end                 
ffffffff  __TI_pprof_out_hndl         
ffffffff  __TI_prof_data_size         
ffffffff  __TI_prof_data_start        
00001df9  __TI_readmsg                
00000000  __TI_static_base__          
202006c0  __TI_tmpnams                
00001e2d  __TI_writemsg               
000021bb  __TI_zero_init_nomemset     
00001a3f  __aeabi_idiv0               
000022bd  __aeabi_memclr              
000022bd  __aeabi_memclr4             
000022bd  __aeabi_memclr8             
000022f5  __aeabi_memcpy              
000022f5  __aeabi_memcpy4             
000022f5  __aeabi_memcpy8             
00001c39  __aeabi_uidiv               
00001c39  __aeabi_uidivmod            
ffffffff  __binit__                   
UNDEFED   __mpu_init                  
20207e00  __stack                     
20200000  __start___llvm_prf_bits     
20200000  __start___llvm_prf_cnts     
20200000  __stop___llvm_prf_bits      
20200000  __stop___llvm_prf_cnts      
0000205d  _c_int00_noargs             
20200230  _device                     
20200140  _ftable                     
20200384  _lock                       
00001f8b  _nop                        
202002a8  _stream                     
202003a0  _sys_memory                 
UNDEFED   _system_post_cinit          
0000123d  _system_pre_init            
20200388  _unlock                     
00002309  abort                       
00000bb9  add_device                  
000009ad  aligned_alloc               
ffffffff  binit                       
00001a91  close                       
20200392  currentRulesPage            
00001e61  exit                        
00001e95  finddevice                  
00001f2d  fopen                       
00000ca5  free                        
00001ec9  freopen                     
00001701  getdevice                   
00000000  interruptVectors            
0000176d  main                        
000022c9  malloc                      
20200000  map                         
000009ad  memalign                    
00000fe1  open                        
2020076c  parmbuf                     
20200354  player1                     
20200360  player2                     
000022fd  remove                      
202002f8  rulesText                   
00000d8d  setvbuf                     
00001241  strcmp                      
00001fb9  unlink                      
00002035  write                       


GLOBAL SYMBOLS: SORTED BY Symbol Address 

address   name                        
-------   ----                        
00000000  __TI_ATRegion0_region_sz    
00000000  __TI_ATRegion0_src_addr     
00000000  __TI_ATRegion0_trg_addr     
00000000  __TI_ATRegion1_region_sz    
00000000  __TI_ATRegion1_src_addr     
00000000  __TI_ATRegion1_trg_addr     
00000000  __TI_ATRegion2_region_sz    
00000000  __TI_ATRegion2_src_addr     
00000000  __TI_ATRegion2_trg_addr     
00000000  __TI_static_base__          
00000000  interruptVectors            
000000c1  _Z17ST7735_DrawBitmapssPKtss
00000200  __STACK_SIZE                
00000200  __SYSMEM_SIZE               
000002d1  _Z15Clock_Init80MHzi        
00000485  _Z16ST7735_DrawCharSsscssh  
00000779  _Z7DrawMapv                 
00000895  _Z15ST7735_FillRectsssst    
000009ad  aligned_alloc               
000009ad  memalign                    
00000ac1  _Z8SPI_Initv                
00000bb9  add_device                  
00000ca5  free                        
00000d8d  setvbuf                     
00000e6d  _Z14ST7735_OutCharc         
00000fdf  SysTick_Handler             
00000fe1  open                        
00001081  _Z17ST7735_InitPrintfv      
0000111d  _Z12ST7735_InitR10initRFlags
0000123d  _system_pre_init            
00001241  strcmp                      
000012c9  _Z14ST7735_OutUDecj         
0000134d  _Z17ST7735_DrawStringttPcs  
000013d1  _Z14LaunchPad_Initv         
0000144d  __TI_closefile              
000014c9  __TI_decompress_lzss        
00001545  _Z9DrawRulesv               
000015b9  _Z16ST7735_DrawPixelsst     
00001629  HOSTlseek                   
00001695  HOSTrename                  
00001701  getdevice                   
0000176d  main                        
00001835  HOSTopen                    
00001895  HOSTread                    
000018ed  HOSTwrite                   
00001945  _Z11fillmessagej            
00001999  __TI_auto_init_nobinit      
000019ed  __TI_doflush                
00001a3f  __aeabi_idiv0               
00001a41  _Z10DrawScoresv             
00001a91  close                       
00001ae1  HOSTclose                   
00001b29  HOSTunlink                  
00001b71  _Z14SPI_OutCommandc         
00001bb9  TIMG7_IRQHandler            
00001bf9  _Z9SPI_Resetv               
00001c39  __aeabi_uidiv               
00001c39  __aeabi_uidivmod            
00001cb9  _Z11SPI_OutDatac            
00001cf1  _Z15ActivatePortA_Bv        
00001d29  _Z12ST7735_writeiPKcj       
00001d5d  _Z14Clock_Delay1msj         
00001d91  _Z16ST7735_SetCursorjj      
00001dc5  __TI_cleanup                
00001df9  __TI_readmsg                
00001e2d  __TI_writemsg               
00001e59  C$$IO$$                     
00001e61  exit                        
00001e95  finddevice                  
00001ec9  freopen                     
00001f2d  fopen                       
00001f5d  _ZN6PlayerC1Ehhb            
00001f5d  _ZN6PlayerC2Ehhb            
00001f8b  _nop                        
00001f8d  _Z17ST7735_FillScreent      
00001fb9  unlink                      
00001fe5  TIMG12_IRQHandler           
00002035  write                       
0000205d  _c_int00_noargs             
00002085  _Z16ST7735_OutStringPc      
000020ad  _Z13NextRulesPagev          
000020f1  ADC0_IRQHandler             
000020f1  ADC1_IRQHandler             
000020f1  AES_IRQHandler              
000020f1  CANFD0_IRQHandler           
000020f1  DAC0_IRQHandler             
000020f1  DMA_IRQHandler              
000020f1  Default_Handler             
000020f1  GROUP0_IRQHandler           
000020f1  GROUP1_IRQHandler           
000020f1  I2C0_IRQHandler             
000020f1  I2C1_IRQHandler             
000020f1  NMI_Handler                 
000020f1  PendSV_Handler              
000020f1  RTC_IRQHandler              
000020f1  SPI0_IRQHandler             
000020f1  SPI1_IRQHandler             
000020f1  SVC_Handler                 
000020f1  TIMA0_IRQHandler            
000020f1  TIMA1_IRQHandler            
000020f1  TIMG0_IRQHandler            
000020f1  TIMG6_IRQHandler            
000020f1  TIMG8_IRQHandler            
000020f1  UART0_IRQHandler            
000020f1  UART1_IRQHandler            
000020f1  UART2_IRQHandler            
000020f1  UART3_IRQHandler            
0000210d  HardFault_Handler           
00002145  _ZN8SlidePotC1Ejj           
00002145  _ZN8SlidePotC2Ejj           
00002179  _Z11ST7735_openPKcji        
0000218f  _Z11ST7735_readiPcj         
000021a5  _ZN6Player8addScoreEh       
000021bb  __TI_zero_init_nomemset     
000021d1  _Z19ST7735_SetTextColort    
0000220d  TI_memcpy_small             
0000221f  __TI_decompress_none        
00002241  _Z11Clock_Delayj            
0000225f  _Z12ST7735_lseekili         
00002289  TI_memset_small             
00002299  _Z10Clock_Freqv             
000022a5  _Z13ST7735_renamePKcS0_     
000022b1  _ZNK6Player8getScoreEv      
000022bd  __aeabi_memclr              
000022bd  __aeabi_memclr4             
000022bd  __aeabi_memclr8             
000022c9  malloc                      
000022d5  _Z12ST7735_closei           
000022df  _Z13ST7735_unlinkPKc        
000022e9  _Z8PLL_Initv                
000022f5  __aeabi_memcpy              
000022f5  __aeabi_memcpy4             
000022f5  __aeabi_memcpy8             
000022fd  remove                      
00002305  Reset_Handler               
00002308  C$$EXIT                     
00002309  abort                       
0000280c  BorderSprite                
0000288c  CoinSprite                  
0000290c  SpeedSprite                 
0000298c  WallSprite                  
00002cf0  SHT$$INIT_ARRAY$$Base       
00002cf4  SHT$$INIT_ARRAY$$Limit      
00002df0  __TI_Handler_Table_Base     
00002dfc  __TI_Handler_Table_Limit    
00002e04  __TI_CINIT_Base             
00002e14  __TI_CINIT_Limit            
00002e14  __TI_CINIT_Warm             
20200000  __start___llvm_prf_bits     
20200000  __start___llvm_prf_cnts     
20200000  __stop___llvm_prf_bits      
20200000  __stop___llvm_prf_cnts      
20200000  map                         
20200140  _ftable                     
20200230  _device                     
202002a8  _stream                     
202002f8  rulesText                   
20200340  Sensor                      
20200354  player1                     
20200360  player2                     
2020036c  __TI_cleanup_ptr            
20200370  __TI_dtors_ptr              
20200374  BusFreq                     
20200378  StX                         
2020037c  StY                         
20200380  __TI_ft_end                 
20200384  _lock                       
20200388  _unlock                     
2020038c  StTextColor                 
20200392  currentRulesPage            
202003a0  _sys_memory                 
202005a0  _CIOBUF_                    
202005a0  __CIOBUF_                   
202006c0  __TI_tmpnams                
20200760  Message                     
2020076c  parmbuf                     
20200774  Messageindex                
20200778  TExaSLogic                  
2020077c  TExaSadc                    
20207e00  __stack                     
20208000  __STACK_END                 
ffffffff  __TI_pprof_out_hndl         
ffffffff  __TI_prof_data_size         
ffffffff  __TI_prof_data_start        
ffffffff  __binit__                   
ffffffff  binit                       
UNDEFED   __mpu_init                  
UNDEFED   _system_post_cinit          

[188 symbols]
