******************************************************************************
            TI ARM Clang Linker Unix v4.0.1                    
******************************************************************************
>> Linked Mon Apr 21 16:07:33 2025

OUTPUT FILE NAME:   <ECE319K_Lab9H.out>
ENTRY POINT SYMBOL: "_c_int00_noargs"  address: 0000295d


MEMORY CONFIGURATION

         name            origin    length      used     unused   attr    fill
----------------------  --------  ---------  --------  --------  ----  --------
  FLASH                 00000000   00020000  00003b98  0001c468  R  X
  SRAM                  20200000   00008000  00000948  000076b8  RW X
  BCR_CONFIG            41c00000   00000080  00000000  00000080  R   
  BSL_CONFIG            41c00100   00000080  00000000  00000080  R   


SEGMENT ALLOCATION MAP

run origin  load origin   length   init length attrs members
----------  ----------- ---------- ----------- ----- -------
00000000    00000000    00003b98   00003b98    r-x
  00000000    00000000    000000c0   000000c0    r-- .intvecs
  000000c0    000000c0    00002c00   00002c00    r-x .text
  00002cc0    00002cc0    00000dc8   00000dc8    r-- .rodata
  00003a88    00003a88    00000008   00000008    r-- .init_array
  00003a90    00003a90    00000108   00000108    r-- .cinit
20200000    20200000    0000074b   00000000    rw-
  20200000    20200000    00000355   00000000    rw- .data
  20200358    20200358    00000200   00000000    rw- .sysmem
  20200558    20200558    000001f3   00000000    rw- .bss
20207e00    20207e00    00000200   00000000    rw-
  20207e00    20207e00    00000200   00000000    rw- .stack


SECTION ALLOCATION MAP

 output                                  attributes/
section   page    origin      length       input sections
--------  ----  ----------  ----------   ----------------
.intvecs   0    00000000    000000c0     
                  00000000    000000c0     startup_mspm0g3507_ticlang.o (.intvecs)

.binit     0    00000000    00000000     

.text      0    000000c0    00002c00     
                  000000c0    00000210     ST7735.o (.text._Z17ST7735_DrawBitmapssPKtss)
                  000002d0    000001b4     Clock.o (.text._Z15Clock_Init80MHzi)
                  00000484    000001a0     ST7735.o (.text._Z16ST7735_DrawCharSsscssh)
                  00000624    00000154     libc.a : fopen.c.obj (.text._openfile)
                  00000778    00000144     Lab9HMain.o (.text.main)
                  000008bc    00000124     Map.o (.text._Z7DrawMapv)
                  000009e0    00000120     Player.o (.text._ZN6Player4moveEaa)
                  00000b00    00000118     ST7735.o (.text._Z15ST7735_FillRectsssst)
                  00000c18    00000114     libc.a : memory.c.obj (.text.aligned_alloc)
                  00000d2c    0000010c     Player.o (.text._ZNK6Player5eraseEv)
                  00000e38    000000fc     Game_ADC.o (.text._Z11MyADC1_Initjj)
                  00000f34    000000fc     Player.o (.text._ZN6Player11collectItemEv)
                  00001030    000000f8     SPI.o (.text._Z8SPI_Initv)
                  00001128    000000ec     libsysbm.a : add_device.c.obj (.text.add_device)
                  00001214    000000e8     libc.a : memory.c.obj (.text.free)
                  000012fc    000000e0            : setvbuf.c.obj (.text.setvbuf)
                  000013dc    000000d0     ST7735.o (.text._Z14ST7735_OutCharc)
                  000014ac    000000b8     Map.o (.text._Z11DrawPowerUp11PowerupTypeb)
                  00001564    000000b8     JoyStick.o (.text._Z13Joystick_Initv)
                  0000161c    000000a2     ST7735.o (.text._ZL11commandListPKh)
                  000016be    00000002     libclang_rt.builtins.a : aeabi_div0.c.obj (.text.__aeabi_idiv0)
                  000016c0    000000a0     libsysbm.a : open.c.obj (.text.open)
                  00001760    0000009c     ST7735.o (.text._Z17ST7735_InitPrintfv)
                  000017fc    00000098     ST7735.o (.text._Z12ST7735_InitR10initRFlags)
                  00001894    0000008c     Map.o (.text._Z14DrawScoreBoardv)
                  00001920    00000088     ST7735.o (.text._ZL13setAddrWindowhhhh)
                  000019a8    00000008     DAC5.o (.text._Z8DAC5_Outj)
                  000019b0    00000088     libc.a : strcmp-armv6m.S.obj (.text:strcmp)
                  00001a38    00000084     ST7735.o (.text._Z14ST7735_OutUDecj)
                  00001abc    00000084     ST7735.o (.text._Z17ST7735_DrawStringttPcs)
                  00001b40    0000007c     LaunchPad.o (.text._Z14LaunchPad_Initv)
                  00001bbc    0000007c     libc.a : fclose.c.obj (.text.__TI_closefile)
                  00001c38    0000007c            : copy_decompress_lzss.c.obj (.text:decompress:lzss)
                  00001cb4    00000074     Player.o (.text._ZN6Player10usePowerupEv)
                  00001d28    00000070     ST7735.o (.text._Z16ST7735_DrawPixelsst)
                  00001d98    0000006c     libsysbm.a : hostlseek.c.obj (.text.HOSTlseek)
                  00001e04    0000006c                : hostrename.c.obj (.text.HOSTrename)
                  00001e70    0000006c     JoyStick.o (.text._Z28GetDiscreteJoystickDirectionjj)
                  00001edc    0000006c     libc.a : getdevice.c.obj (.text.getdevice)
                  00001f48    00000064            : memory.c.obj (.text.split)
                  00001fac    00000060     libsysbm.a : hostopen.c.obj (.text.HOSTopen)
                  0000200c    00000058                : hostread.c.obj (.text.HOSTread)
                  00002064    00000058                : hostwrite.c.obj (.text.HOSTwrite)
                  000020bc    00000058     Player.o (.text._ZNK6Player4drawEv)
                  00002114    00000054     ST7735.o (.text._Z11fillmessagej)
                  00002168    00000054     libc.a : autoinit.c.obj (.text:__TI_auto_init_nobinit)
                  000021bc    00000052            : fflush.c.obj (.text.__TI_doflush)
                  0000220e    00000002            : _lock.c.obj (.text._nop)
                  00002210    00000050     libsysbm.a : close.c.obj (.text.close)
                  00002260    00000048                : hostclose.c.obj (.text.HOSTclose)
                  000022a8    00000048                : hostunlink.c.obj (.text.HOSTunlink)
                  000022f0    00000048     Sound.o (.text._Z11Sound_StartPKhj)
                  00002338    00000048     SPI.o (.text._Z14SPI_OutCommandc)
                  00002380    00000048     Game_ADC.o (.text._Z9MyADC1_Inh)
                  000023c8    00000044     Sound.o (.text._Z14SysTick_IntArmjj)
                  0000240c    00000040     TExaS.o (.text.TIMG7_IRQHandler)
                  0000244c    00000040     SPI.o (.text._Z9SPI_Resetv)
                  0000248c    00000040     Player.o (.text._ZN6PlayerC2Ehhbh)
                  000024cc    00000040     libclang_rt.builtins.a : aeabi_uidivmod.S.obj (.text.__aeabi_uidivmod)
                  0000250c    00000040     libc.a : fopen.c.obj (.text._search_fp)
                  0000254c    0000003c     Map.o (.text._Z10UpdateCoinii)
                  00002588    00000038     Sound.o (.text.SysTick_Handler)
                  000025c0    00000038     SPI.o (.text._Z11SPI_OutDatac)
                  000025f8    00000038     LaunchPad.o (.text._Z15ActivatePortA_Bv)
                  00002630    00000034     ST7735.o (.text._Z12ST7735_writeiPKcj)
                  00002664    00000034     Clock.o (.text._Z14Clock_Delay1msj)
                  00002698    00000034     ST7735.o (.text._Z16ST7735_SetCursorjj)
                  000026cc    00000034     libc.a : fopen.c.obj (.text.__TI_cleanup)
                  00002700    00000034     libsysbm.a : trgmsg.c.obj (.text.__TI_readmsg)
                  00002734    00000034                : trgmsg.c.obj (.text.__TI_writemsg)
                  00002768    00000034     libc.a : exit.c.obj (.text.exit)
                  0000279c    00000034            : getdevice.c.obj (.text.finddevice)
                  000027d0    00000034            : fopen.c.obj (.text.freopen)
                  00002804    00000030     ST7735.o (.text._ZL10commonInitPKh)
                  00002834    00000030     libc.a : fopen.c.obj (.text.fopen)
                  00002864    0000002c     ST7735.o (.text._Z17ST7735_FillScreent)
                  00002890    0000002c     libsysbm.a : unlink.c.obj (.text.unlink)
                  000028bc    00000028     Lab9HMain.o (.text.TIMG12_IRQHandler)
                  000028e4    00000028     Switch.o (.text._Z11Switch_Initv)
                  0000290c    00000028     libc.a : memory.c.obj (.text.free_list_insert)
                  00002934    00000028     libsysbm.a : write.c.obj (.text.write)
                  0000295c    00000028     libc.a : boot_cortex_m.c.obj (.text:_c_int00_noargs)
                  00002984    00000026     ST7735.o (.text._Z16ST7735_OutStringPc)
                  000029aa    00000024     Player.o (.text._ZN6Player10setPowerupE11PowerupType)
                  000029ce    0000001e     ST7735.o (.text._ZL9pushColort)
                  000029ec    0000001c     startup_mspm0g3507_ticlang.o (.text.Default_Handler)
                  00002a08    0000001c     startup_mspm0g3507_ticlang.o (.text.HardFault_Handler)
                  00002a24    0000001c     Switch.o (.text._Z11Switch_P2B1v)
                  00002a40    0000001c     Switch.o (.text._Z9Switch_Inv)
                  00002a5c    0000001c     Lab9HMain.o (.text.__cxx_global_var_init.1)
                  00002a78    0000001c     Lab9HMain.o (.text.__cxx_global_var_init.2)
                  00002a94    0000001c     libc.a : memory.c.obj (.text.free_list_remove)
                  00002ab0    0000001a     SlidePot.o (.text._ZN8SlidePotC2Ejj)
                  00002aca    00000018     Switch.o (.text._Z11Switch_P1B2v)
                  00002ae2    00000018     Switch.o (.text._Z11Switch_P2B2v)
                  00002afa    00000002     --HOLE-- [fill = 0]
                  00002afc    00000018     Lab9HMain.o (.text.__cxx_global_var_init)
                  00002b14    00000016     ST7735.o (.text._Z11ST7735_openPKcji)
                  00002b2a    00000016     ST7735.o (.text._Z11ST7735_readiPcj)
                  00002b40    00000016     libc.a : copy_zero_init.c.obj (.text:decompress:ZI:__TI_zero_init_nomemset)
                  00002b56    00000014     Switch.o (.text._Z11Switch_P1B1v)
                  00002b6a    00000012     libc.a : memcpy16.S.obj (.text:TI_memcpy_small)
                  00002b7c    00000012            : copy_decompress_none.c.obj (.text:decompress:none)
                  00002b8e    00000010     Lab9HMain.o (.text._GLOBAL__sub_I_Lab9HMain.cpp)
                  00002b9e    00000010     Clock.o (.text._Z11Clock_Delayj)
                  00002bae    00000002     --HOLE-- [fill = 0]
                  00002bb0    00000010     Sound.o (.text._Z13Sound_Collectv)
                  00002bc0    0000000e     libc.a : memory.c.obj (.text.OUTLINED_FUNCTION_0)
                  00002bce    0000000e     ST7735.o (.text._Z12ST7735_lseekili)
                  00002bdc    0000000e     libsysbm.a : hostrename.c.obj (.text.strcpy)
                  00002bea    0000000e                : hostrename.c.obj (.text.strlen)
                  00002bf8    0000000e     libc.a : memset16.S.obj (.text:TI_memset_small)
                  00002c06    00000002     --HOLE-- [fill = 0]
                  00002c08    0000000c     Clock.o (.text._Z10Clock_Freqv)
                  00002c14    0000000c     Sound.o (.text._Z10Sound_Stopv)
                  00002c20    0000000c     ST7735.o (.text._Z13ST7735_renamePKcS0_)
                  00002c2c    0000000c     JoyStick.o (.text._Z15Joystick1_ReadXv)
                  00002c38    0000000c     JoyStick.o (.text._Z15Joystick1_ReadYv)
                  00002c44    0000000c     JoyStick.o (.text._Z15Joystick2_ReadXv)
                  00002c50    0000000c     JoyStick.o (.text._Z15Joystick2_ReadYv)
                  00002c5c    0000000c     Player.o (.text._ZNK6Player10getPowerupEv)
                  00002c68    0000000c     libclang_rt.builtins.a : aeabi_memset.S.obj (.text.__aeabi_memclr)
                  00002c74    0000000c     libc.a : memory.c.obj (.text.malloc)
                  00002c80    0000000a     ST7735.o (.text._Z12ST7735_closei)
                  00002c8a    0000000a     ST7735.o (.text._Z13ST7735_unlinkPKc)
                  00002c94    0000000a     Lab9HMain.o (.text._Z8PLL_Initv)
                  00002c9e    00000002     --HOLE-- [fill = 0]
                  00002ca0    00000008     libclang_rt.builtins.a : aeabi_memcpy.S.obj (.text.__aeabi_memcpy)
                  00002ca8    00000008     libsysbm.a : remove.c.obj (.text.remove)
                  00002cb0    00000004     startup_mspm0g3507_ticlang.o (.text.Reset_Handler)
                  00002cb4    00000004     libc.a : pre_init.c.obj (.text._system_pre_init)
                  00002cb8    00000004            : exit.c.obj (.text:abort)
                  00002cbc    00000004     --HOLE-- [fill = 0]

.cinit     0    00003a90    00000108     
                  00003a90    000000e0     (.cinit..data.load) [load image, compression = lzss]
                  00003b70    0000000c     (__TI_handler_table)
                  00003b7c    00000008     (.cinit..bss.load) [load image, compression = zero_init]
                  00003b84    00000010     (__TI_cinit_table)
                  00003b94    00000004     --HOLE-- [fill = 0]

.rodata    0    00002cc0    00000dc8     
                  00002cc0    000004fb     ST7735.o (.rodata._ZL4Font)
                  000031bb    00000001     --HOLE-- [fill = 0]
                  000031bc    00000080     Map.o (.rodata._ZL10CoinSprite)
                  0000323c    00000080     Player.o (.rodata._ZL10CoinSprite)
                  000032bc    00000080     Map.o (.rodata._ZL10MineSprite)
                  0000333c    00000080     Player.o (.rodata._ZL10MineSprite)
                  000033bc    00000080     Map.o (.rodata._ZL10WallSprite)
                  0000343c    00000080     Player.o (.rodata._ZL10WallSprite)
                  000034bc    00000080     Map.o (.rodata._ZL11GhostSprite)
                  0000353c    00000080     Player.o (.rodata._ZL11GhostSprite)
                  000035bc    00000080     Map.o (.rodata._ZL11SpeedSprite)
                  0000363c    00000080     Player.o (.rodata._ZL11SpeedSprite)
                  000036bc    00000080     Map.o (.rodata._ZL12BorderSprite)
                  0000373c    00000080     Player.o (.rodata._ZL12BorderSprite)
                  000037bc    00000080     Player.o (.rodata._ZL12ChaserSprite)
                  0000383c    00000080     Player.o (.rodata._ZL12RunnerSprite)
                  000038bc    00000080     Map.o (.rodata._ZL5Black)
                  0000393c    00000080     Player.o (.rodata._ZL5Black)
                  000039bc    0000003b     ST7735.o (.rodata._ZL5Rcmd1)
                  000039f7    0000002b     ST7735.o (.rodata._ZL5Rcmd3)
                  00003a22    00000016     ST7735.o (.rodata.str1.10454047957466484921)
                  00003a38    00000010     Sound.o (.rodata.collect)
                  00003a48    0000000d     ST7735.o (.rodata._ZL10Rcmd2green)
                  00003a55    0000000d     ST7735.o (.rodata._ZL8Rcmd2red)
                  00003a62    00000008     ST7735.o (.rodata.str1.47795681660940027721)
                  00003a6a    00000007     ST7735.o (.rodata.str1.144587199919105078391)
                  00003a71    00000007     ST7735.o (.rodata.str1.65889865058515175131)
                  00003a78    00000004     Map.o (.rodata.str1.29466752115243444881)
                  00003a7c    00000004     Map.o (.rodata.str1.37039636534899337951)
                  00003a80    00000002     ST7735.o (.rodata.str1.12956530834739612181)
                  00003a82    00000006     --HOLE-- [fill = 0]

.init_array 
*          0    00003a88    00000008     
                  00003a88    00000004     Lab9HMain.o (.init_array)
                  00003a8c    00000004     --HOLE-- [fill = 0]

.data      0    20200000    00000355     UNINITIALIZED
                  20200000    00000140     Map.o (.data.map)
                  20200140    000000f0     libc.a : defs.c.obj (.data._ftable)
                  20200230    00000078     libsysbm.a : host_device.c.obj (.data._device)
                  202002a8    00000050                : host_device.c.obj (.data._stream)
                  202002f8    00000014     Lab9HMain.o (.data.Sensor)
                  2020030c    0000000c     Lab9HMain.o (.data.player1)
                  20200318    0000000c     Lab9HMain.o (.data.player2)
                  20200324    00000008     libc.a : exit.c.obj (.data..L_MergedGlobals)
                  2020032c    00000004     Clock.o (.data.BusFreq)
                  20200330    00000004     ST7735.o (.data.StX)
                  20200334    00000004     ST7735.o (.data.StY)
                  20200338    00000004     libc.a : defs.c.obj (.data.__TI_ft_end)
                  2020033c    00000004            : _lock.c.obj (.data._lock)
                  20200340    00000004            : _lock.c.obj (.data._unlock)
                  20200344    00000002     ST7735.o (.data.StTextColor)
                  20200346    00000002     ST7735.o (.data._ZL6_width)
                  20200348    00000002     ST7735.o (.data._ZL7_height)
                  2020034a    00000002     --HOLE--
                  2020034c    00000001     libsysbm.a : add_device.c.obj (.data.add_device.device_init)
                  2020034d    00000003     --HOLE--
                  20200350    00000001     libc.a : memory.c.obj (.data.memory_is_initialized)
                  20200351    00000003     --HOLE--
                  20200354    00000001     libsysbm.a : open.c.obj (.data.open.stream_init)

.sysmem    0    20200358    00000200     UNINITIALIZED
                  20200358    00000010     libc.a : memory.c.obj (.sysmem)
                  20200368    000001f0     --HOLE--

.bss       0    20200558    000001f3     UNINITIALIZED
                  20200558    00000120     libsysbm.a : trgmsg.c.obj (.bss:_CIOBUF_)
                  20200678    000000a0     libc.a : defs.c.obj (.bss.__TI_tmpnams)
                  20200718    0000000c     ST7735.o (.bss.Message)
                  20200724    00000008     libsysbm.a : hostopen.c.obj (.bss.parmbuf)
                  2020072c    00000004     ST7735.o (.bss.Messageindex)
                  20200730    00000004     TExaS.o (.bss.TExaSLogic)
                  20200734    00000004     TExaS.o (.bss.TExaSadc)
                  20200738    00000004     Sound.o (.bss._ZL10SoundIndex)
                  2020073c    00000004     Sound.o (.bss._ZL11SoundLength)
                  20200740    00000004     Sound.o (.bss._ZL9SoundData)
                  20200744    00000004     libc.a : memory.c.obj (.bss.sys_free)
                  20200748    00000001     ST7735.o (.bss._ZL8ColStart)
                  20200749    00000001     ST7735.o (.bss._ZL8RowStart)
                  2020074a    00000001     ST7735.o (.bss._ZL8TabColor)

.stack     0    20207e00    00000200     UNINITIALIZED
                  20207e00    00000004     libc.a : boot_cortex_m.c.obj (.stack)
                  20207e04    000001fc     --HOLE--

__llvm_prf_cnts 
*          0    20200000    00000000     UNINITIALIZED

__llvm_prf_bits 
*          0    20200000    00000000     UNINITIALIZED

MODULE SUMMARY

       Module                         code    ro data   rw data
       ------                         ----    -------   -------
    ./
       ST7735.o                       2852    1449      33     
       Player.o                       1124    1152      0      
       Map.o                          676     904       320    
       Clock.o                        516     0         4      
       Lab9HMain.o                    470     4         44     
       SPI.o                          440     0         0      
       JoyStick.o                     340     0         0      
       Game_ADC.o                     324     0         0      
       Sound.o                        224     16        12     
       LaunchPad.o                    180     0         0      
       Switch.o                       164     0         0      
       TExaS.o                        64      0         8      
       SlidePot.o                     26      0         0      
       DAC5.o                         8       0         0      
    +--+------------------------------+-------+---------+---------+
       Total:                         7408    3525      421    
                                                               
    ./ticlang/
       startup_mspm0g3507_ticlang.o   60      192       0      
    +--+------------------------------+-------+---------+---------+
       Total:                         60      192       0      
                                                               
    /Applications/ti/ccs2000/ccs/tools/compiler/ti-cgt-armllvm_4.0.1.LTS/lib/armv6m-ti-none-eabi/c/libc.a
       memory.c.obj                   702     0         5      
       fopen.c.obj                    556     0         0      
       defs.c.obj                     0       0         404    
       setvbuf.c.obj                  224     0         0      
       getdevice.c.obj                160     0         0      
       strcmp-armv6m.S.obj            136     0         0      
       copy_decompress_lzss.c.obj     124     0         0      
       fclose.c.obj                   124     0         0      
       autoinit.c.obj                 84      0         0      
       fflush.c.obj                   82      0         0      
       exit.c.obj                     56      0         8      
       boot_cortex_m.c.obj            40      0         0      
       copy_zero_init.c.obj           22      0         0      
       copy_decompress_none.c.obj     18      0         0      
       memcpy16.S.obj                 18      0         0      
       memset16.S.obj                 14      0         0      
       _lock.c.obj                    2       0         8      
       pre_init.c.obj                 4       0         0      
    +--+------------------------------+-------+---------+---------+
       Total:                         2366    0         425    
                                                               
    /Applications/ti/ccs2000/ccs/tools/compiler/ti-cgt-armllvm_4.0.1.LTS/lib/armv6m-ti-none-eabi/c/libsysbm.a
       trgmsg.c.obj                   104     0         288    
       add_device.c.obj               236     0         1      
       host_device.c.obj              0       0         200    
       open.c.obj                     160     0         1      
       hostrename.c.obj               136     0         0      
       hostlseek.c.obj                108     0         0      
       hostopen.c.obj                 96      0         8      
       hostread.c.obj                 88      0         0      
       hostwrite.c.obj                88      0         0      
       close.c.obj                    80      0         0      
       hostclose.c.obj                72      0         0      
       hostunlink.c.obj               72      0         0      
       unlink.c.obj                   44      0         0      
       write.c.obj                    40      0         0      
       remove.c.obj                   8       0         0      
    +--+------------------------------+-------+---------+---------+
       Total:                         1332    0         498    
                                                               
    /Applications/ti/ccs2000/ccs/tools/compiler/ti-cgt-armllvm_4.0.1.LTS/lib/armv6m-ti-none-eabi/libclang_rt.builtins.a
       aeabi_uidivmod.S.obj           64      0         0      
       aeabi_memset.S.obj             12      0         0      
       aeabi_memcpy.S.obj             8       0         0      
       aeabi_div0.c.obj               2       0         0      
    +--+------------------------------+-------+---------+---------+
       Total:                         86      0         0      
                                                               
       Heap:                          0       0         512    
       Stack:                         0       0         512    
       Linker Generated:              0       260       0      
    +--+------------------------------+-------+---------+---------+
       Grand Total:                   11252   3977      2368   


LINKER GENERATED COPY TABLES

__TI_cinit_table @ 00003b84 records: 2, size/record: 8, table size: 16
	.data: load addr=00003a90, load size=000000e0 bytes, run addr=20200000, run size=00000355 bytes, compression=lzss
	.bss: load addr=00003b7c, load size=00000008 bytes, run addr=20200558, run size=000001f3 bytes, compression=zero_init


LINKER GENERATED HANDLER TABLE

__TI_handler_table @ 00003b70 records: 3, size/record: 4, table size: 12
	index: 0, handler: __TI_decompress_lzss
	index: 1, handler: __TI_decompress_none
	index: 2, handler: __TI_zero_init


GLOBAL SYMBOLS: SORTED ALPHABETICALLY BY Name 

address   name                                
-------   ----                                
000029ed  ADC0_IRQHandler                     
000029ed  ADC1_IRQHandler                     
000029ed  AES_IRQHandler                      
2020032c  BusFreq                             
00002cb8  C$$EXIT                             
00002761  C$$IO$$                             
000029ed  CANFD0_IRQHandler                   
000029ed  DAC0_IRQHandler                     
000029ed  DMA_IRQHandler                      
000029ed  Default_Handler                     
000029ed  GROUP0_IRQHandler                   
000029ed  GROUP1_IRQHandler                   
00002261  HOSTclose                           
00001d99  HOSTlseek                           
00001fad  HOSTopen                            
0000200d  HOSTread                            
00001e05  HOSTrename                          
000022a9  HOSTunlink                          
00002065  HOSTwrite                           
00002a09  HardFault_Handler                   
000029ed  I2C0_IRQHandler                     
000029ed  I2C1_IRQHandler                     
20200718  Message                             
2020072c  Messageindex                        
000029ed  NMI_Handler                         
000029ed  PendSV_Handler                      
000029ed  RTC_IRQHandler                      
00002cb1  Reset_Handler                       
00003a88  SHT$$INIT_ARRAY$$Base               
00003a8c  SHT$$INIT_ARRAY$$Limit              
000029ed  SPI0_IRQHandler                     
000029ed  SPI1_IRQHandler                     
000029ed  SVC_Handler                         
202002f8  Sensor                              
20200344  StTextColor                         
20200330  StX                                 
20200334  StY                                 
00002589  SysTick_Handler                     
20200730  TExaSLogic                          
20200734  TExaSadc                            
000029ed  TIMA0_IRQHandler                    
000029ed  TIMA1_IRQHandler                    
000029ed  TIMG0_IRQHandler                    
000028bd  TIMG12_IRQHandler                   
000029ed  TIMG6_IRQHandler                    
0000240d  TIMG7_IRQHandler                    
000029ed  TIMG8_IRQHandler                    
00002b6b  TI_memcpy_small                     
00002bf9  TI_memset_small                     
000029ed  UART0_IRQHandler                    
000029ed  UART1_IRQHandler                    
000029ed  UART2_IRQHandler                    
000029ed  UART3_IRQHandler                    
20200558  _CIOBUF_                            
00002c09  _Z10Clock_Freqv                     
00002c15  _Z10Sound_Stopv                     
0000254d  _Z10UpdateCoinii                    
00002b9f  _Z11Clock_Delayj                    
000014ad  _Z11DrawPowerUp11PowerupTypeb       
00000e39  _Z11MyADC1_Initjj                   
000025c1  _Z11SPI_OutDatac                    
00002b15  _Z11ST7735_openPKcji                
00002b2b  _Z11ST7735_readiPcj                 
000022f1  _Z11Sound_StartPKhj                 
000028e5  _Z11Switch_Initv                    
00002b57  _Z11Switch_P1B1v                    
00002acb  _Z11Switch_P1B2v                    
00002a25  _Z11Switch_P2B1v                    
00002ae3  _Z11Switch_P2B2v                    
00002115  _Z11fillmessagej                    
000017fd  _Z12ST7735_InitR10initRFlags        
00002c81  _Z12ST7735_closei                   
00002bcf  _Z12ST7735_lseekili                 
00002631  _Z12ST7735_writeiPKcj               
00001565  _Z13Joystick_Initv                  
00002c21  _Z13ST7735_renamePKcS0_             
00002c8b  _Z13ST7735_unlinkPKc                
00002bb1  _Z13Sound_Collectv                  
00002665  _Z14Clock_Delay1msj                 
00001895  _Z14DrawScoreBoardv                 
00001b41  _Z14LaunchPad_Initv                 
00002339  _Z14SPI_OutCommandc                 
000013dd  _Z14ST7735_OutCharc                 
00001a39  _Z14ST7735_OutUDecj                 
000023c9  _Z14SysTick_IntArmjj                
000025f9  _Z15ActivatePortA_Bv                
000002d1  _Z15Clock_Init80MHzi                
00002c2d  _Z15Joystick1_ReadXv                
00002c39  _Z15Joystick1_ReadYv                
00002c45  _Z15Joystick2_ReadXv                
00002c51  _Z15Joystick2_ReadYv                
00000b01  _Z15ST7735_FillRectsssst            
00000485  _Z16ST7735_DrawCharSsscssh          
00001d29  _Z16ST7735_DrawPixelsst             
00002985  _Z16ST7735_OutStringPc              
00002699  _Z16ST7735_SetCursorjj              
000000c1  _Z17ST7735_DrawBitmapssPKtss        
00001abd  _Z17ST7735_DrawStringttPcs          
00002865  _Z17ST7735_FillScreent              
00001761  _Z17ST7735_InitPrintfv              
00001e71  _Z28GetDiscreteJoystickDirectionjj  
000008bd  _Z7DrawMapv                         
000019a9  _Z8DAC5_Outj                        
00002c95  _Z8PLL_Initv                        
00001031  _Z8SPI_Initv                        
00002381  _Z9MyADC1_Inh                       
0000244d  _Z9SPI_Resetv                       
00002a41  _Z9Switch_Inv                       
000029ab  _ZN6Player10setPowerupE11PowerupType
00001cb5  _ZN6Player10usePowerupEv            
00000f35  _ZN6Player11collectItemEv           
000009e1  _ZN6Player4moveEaa                  
0000248d  _ZN6PlayerC1Ehhbh                   
0000248d  _ZN6PlayerC2Ehhbh                   
00002ab1  _ZN8SlidePotC1Ejj                   
00002ab1  _ZN8SlidePotC2Ejj                   
00002c5d  _ZNK6Player10getPowerupEv           
000020bd  _ZNK6Player4drawEv                  
00000d2d  _ZNK6Player5eraseEv                 
20200558  __CIOBUF_                           
20208000  __STACK_END                         
00000200  __STACK_SIZE                        
00000200  __SYSMEM_SIZE                       
00000000  __TI_ATRegion0_region_sz            
00000000  __TI_ATRegion0_src_addr             
00000000  __TI_ATRegion0_trg_addr             
00000000  __TI_ATRegion1_region_sz            
00000000  __TI_ATRegion1_src_addr             
00000000  __TI_ATRegion1_trg_addr             
00000000  __TI_ATRegion2_region_sz            
00000000  __TI_ATRegion2_src_addr             
00000000  __TI_ATRegion2_trg_addr             
00003b84  __TI_CINIT_Base                     
00003b94  __TI_CINIT_Limit                    
00003b94  __TI_CINIT_Warm                     
00003b70  __TI_Handler_Table_Base             
00003b7c  __TI_Handler_Table_Limit            
00002169  __TI_auto_init_nobinit              
000026cd  __TI_cleanup                        
20200324  __TI_cleanup_ptr                    
00001bbd  __TI_closefile                      
00001c39  __TI_decompress_lzss                
00002b7d  __TI_decompress_none                
000021bd  __TI_doflush                        
20200328  __TI_dtors_ptr                      
20200338  __TI_ft_end                         
ffffffff  __TI_pprof_out_hndl                 
ffffffff  __TI_prof_data_size                 
ffffffff  __TI_prof_data_start                
00002701  __TI_readmsg                        
00000000  __TI_static_base__                  
20200678  __TI_tmpnams                        
00002735  __TI_writemsg                       
00002b41  __TI_zero_init_nomemset             
000016bf  __aeabi_idiv0                       
00002c69  __aeabi_memclr                      
00002c69  __aeabi_memclr4                     
00002c69  __aeabi_memclr8                     
00002ca1  __aeabi_memcpy                      
00002ca1  __aeabi_memcpy4                     
00002ca1  __aeabi_memcpy8                     
000024cd  __aeabi_uidiv                       
000024cd  __aeabi_uidivmod                    
ffffffff  __binit__                           
UNDEFED   __mpu_init                          
20207e00  __stack                             
20200000  __start___llvm_prf_bits             
20200000  __start___llvm_prf_cnts             
20200000  __stop___llvm_prf_bits              
20200000  __stop___llvm_prf_cnts              
0000295d  _c_int00_noargs                     
20200230  _device                             
20200140  _ftable                             
2020033c  _lock                               
0000220f  _nop                                
202002a8  _stream                             
20200358  _sys_memory                         
UNDEFED   _system_post_cinit                  
00002cb5  _system_pre_init                    
20200340  _unlock                             
00002cb9  abort                               
00001129  add_device                          
00000c19  aligned_alloc                       
ffffffff  binit                               
00002211  close                               
00003a38  collect                             
00002769  exit                                
0000279d  finddevice                          
00002835  fopen                               
00001215  free                                
000027d1  freopen                             
00001edd  getdevice                           
00000000  interruptVectors                    
00000779  main                                
00002c75  malloc                              
20200000  map                                 
00000c19  memalign                            
000016c1  open                                
20200724  parmbuf                             
2020030c  player1                             
20200318  player2                             
00002ca9  remove                              
000012fd  setvbuf                             
000019b1  strcmp                              
00002891  unlink                              
00002935  write                               


GLOBAL SYMBOLS: SORTED BY Symbol Address 

address   name                                
-------   ----                                
00000000  __TI_ATRegion0_region_sz            
00000000  __TI_ATRegion0_src_addr             
00000000  __TI_ATRegion0_trg_addr             
00000000  __TI_ATRegion1_region_sz            
00000000  __TI_ATRegion1_src_addr             
00000000  __TI_ATRegion1_trg_addr             
00000000  __TI_ATRegion2_region_sz            
00000000  __TI_ATRegion2_src_addr             
00000000  __TI_ATRegion2_trg_addr             
00000000  __TI_static_base__                  
00000000  interruptVectors                    
000000c1  _Z17ST7735_DrawBitmapssPKtss        
00000200  __STACK_SIZE                        
00000200  __SYSMEM_SIZE                       
000002d1  _Z15Clock_Init80MHzi                
00000485  _Z16ST7735_DrawCharSsscssh          
00000779  main                                
000008bd  _Z7DrawMapv                         
000009e1  _ZN6Player4moveEaa                  
00000b01  _Z15ST7735_FillRectsssst            
00000c19  aligned_alloc                       
00000c19  memalign                            
00000d2d  _ZNK6Player5eraseEv                 
00000e39  _Z11MyADC1_Initjj                   
00000f35  _ZN6Player11collectItemEv           
00001031  _Z8SPI_Initv                        
00001129  add_device                          
00001215  free                                
000012fd  setvbuf                             
000013dd  _Z14ST7735_OutCharc                 
000014ad  _Z11DrawPowerUp11PowerupTypeb       
00001565  _Z13Joystick_Initv                  
000016bf  __aeabi_idiv0                       
000016c1  open                                
00001761  _Z17ST7735_InitPrintfv              
000017fd  _Z12ST7735_InitR10initRFlags        
00001895  _Z14DrawScoreBoardv                 
000019a9  _Z8DAC5_Outj                        
000019b1  strcmp                              
00001a39  _Z14ST7735_OutUDecj                 
00001abd  _Z17ST7735_DrawStringttPcs          
00001b41  _Z14LaunchPad_Initv                 
00001bbd  __TI_closefile                      
00001c39  __TI_decompress_lzss                
00001cb5  _ZN6Player10usePowerupEv            
00001d29  _Z16ST7735_DrawPixelsst             
00001d99  HOSTlseek                           
00001e05  HOSTrename                          
00001e71  _Z28GetDiscreteJoystickDirectionjj  
00001edd  getdevice                           
00001fad  HOSTopen                            
0000200d  HOSTread                            
00002065  HOSTwrite                           
000020bd  _ZNK6Player4drawEv                  
00002115  _Z11fillmessagej                    
00002169  __TI_auto_init_nobinit              
000021bd  __TI_doflush                        
0000220f  _nop                                
00002211  close                               
00002261  HOSTclose                           
000022a9  HOSTunlink                          
000022f1  _Z11Sound_StartPKhj                 
00002339  _Z14SPI_OutCommandc                 
00002381  _Z9MyADC1_Inh                       
000023c9  _Z14SysTick_IntArmjj                
0000240d  TIMG7_IRQHandler                    
0000244d  _Z9SPI_Resetv                       
0000248d  _ZN6PlayerC1Ehhbh                   
0000248d  _ZN6PlayerC2Ehhbh                   
000024cd  __aeabi_uidiv                       
000024cd  __aeabi_uidivmod                    
0000254d  _Z10UpdateCoinii                    
00002589  SysTick_Handler                     
000025c1  _Z11SPI_OutDatac                    
000025f9  _Z15ActivatePortA_Bv                
00002631  _Z12ST7735_writeiPKcj               
00002665  _Z14Clock_Delay1msj                 
00002699  _Z16ST7735_SetCursorjj              
000026cd  __TI_cleanup                        
00002701  __TI_readmsg                        
00002735  __TI_writemsg                       
00002761  C$$IO$$                             
00002769  exit                                
0000279d  finddevice                          
000027d1  freopen                             
00002835  fopen                               
00002865  _Z17ST7735_FillScreent              
00002891  unlink                              
000028bd  TIMG12_IRQHandler                   
000028e5  _Z11Switch_Initv                    
00002935  write                               
0000295d  _c_int00_noargs                     
00002985  _Z16ST7735_OutStringPc              
000029ab  _ZN6Player10setPowerupE11PowerupType
000029ed  ADC0_IRQHandler                     
000029ed  ADC1_IRQHandler                     
000029ed  AES_IRQHandler                      
000029ed  CANFD0_IRQHandler                   
000029ed  DAC0_IRQHandler                     
000029ed  DMA_IRQHandler                      
000029ed  Default_Handler                     
000029ed  GROUP0_IRQHandler                   
000029ed  GROUP1_IRQHandler                   
000029ed  I2C0_IRQHandler                     
000029ed  I2C1_IRQHandler                     
000029ed  NMI_Handler                         
000029ed  PendSV_Handler                      
000029ed  RTC_IRQHandler                      
000029ed  SPI0_IRQHandler                     
000029ed  SPI1_IRQHandler                     
000029ed  SVC_Handler                         
000029ed  TIMA0_IRQHandler                    
000029ed  TIMA1_IRQHandler                    
000029ed  TIMG0_IRQHandler                    
000029ed  TIMG6_IRQHandler                    
000029ed  TIMG8_IRQHandler                    
000029ed  UART0_IRQHandler                    
000029ed  UART1_IRQHandler                    
000029ed  UART2_IRQHandler                    
000029ed  UART3_IRQHandler                    
00002a09  HardFault_Handler                   
00002a25  _Z11Switch_P2B1v                    
00002a41  _Z9Switch_Inv                       
00002ab1  _ZN8SlidePotC1Ejj                   
00002ab1  _ZN8SlidePotC2Ejj                   
00002acb  _Z11Switch_P1B2v                    
00002ae3  _Z11Switch_P2B2v                    
00002b15  _Z11ST7735_openPKcji                
00002b2b  _Z11ST7735_readiPcj                 
00002b41  __TI_zero_init_nomemset             
00002b57  _Z11Switch_P1B1v                    
00002b6b  TI_memcpy_small                     
00002b7d  __TI_decompress_none                
00002b9f  _Z11Clock_Delayj                    
00002bb1  _Z13Sound_Collectv                  
00002bcf  _Z12ST7735_lseekili                 
00002bf9  TI_memset_small                     
00002c09  _Z10Clock_Freqv                     
00002c15  _Z10Sound_Stopv                     
00002c21  _Z13ST7735_renamePKcS0_             
00002c2d  _Z15Joystick1_ReadXv                
00002c39  _Z15Joystick1_ReadYv                
00002c45  _Z15Joystick2_ReadXv                
00002c51  _Z15Joystick2_ReadYv                
00002c5d  _ZNK6Player10getPowerupEv           
00002c69  __aeabi_memclr                      
00002c69  __aeabi_memclr4                     
00002c69  __aeabi_memclr8                     
00002c75  malloc                              
00002c81  _Z12ST7735_closei                   
00002c8b  _Z13ST7735_unlinkPKc                
00002c95  _Z8PLL_Initv                        
00002ca1  __aeabi_memcpy                      
00002ca1  __aeabi_memcpy4                     
00002ca1  __aeabi_memcpy8                     
00002ca9  remove                              
00002cb1  Reset_Handler                       
00002cb5  _system_pre_init                    
00002cb8  C$$EXIT                             
00002cb9  abort                               
00003a38  collect                             
00003a88  SHT$$INIT_ARRAY$$Base               
00003a8c  SHT$$INIT_ARRAY$$Limit              
00003b70  __TI_Handler_Table_Base             
00003b7c  __TI_Handler_Table_Limit            
00003b84  __TI_CINIT_Base                     
00003b94  __TI_CINIT_Limit                    
00003b94  __TI_CINIT_Warm                     
20200000  __start___llvm_prf_bits             
20200000  __start___llvm_prf_cnts             
20200000  __stop___llvm_prf_bits              
20200000  __stop___llvm_prf_cnts              
20200000  map                                 
20200140  _ftable                             
20200230  _device                             
202002a8  _stream                             
202002f8  Sensor                              
2020030c  player1                             
20200318  player2                             
20200324  __TI_cleanup_ptr                    
20200328  __TI_dtors_ptr                      
2020032c  BusFreq                             
20200330  StX                                 
20200334  StY                                 
20200338  __TI_ft_end                         
2020033c  _lock                               
20200340  _unlock                             
20200344  StTextColor                         
20200358  _sys_memory                         
20200558  _CIOBUF_                            
20200558  __CIOBUF_                           
20200678  __TI_tmpnams                        
20200718  Message                             
20200724  parmbuf                             
2020072c  Messageindex                        
20200730  TExaSLogic                          
20200734  TExaSadc                            
20207e00  __stack                             
20208000  __STACK_END                         
ffffffff  __TI_pprof_out_hndl                 
ffffffff  __TI_prof_data_size                 
ffffffff  __TI_prof_data_start                
ffffffff  __binit__                           
ffffffff  binit                               
UNDEFED   __mpu_init                          
UNDEFED   _system_post_cinit                  

[206 symbols]
