******************************************************************************
            TI ARM Clang Linker Unix v4.0.1                    
******************************************************************************
>> Linked Tue Apr 22 15:46:04 2025

OUTPUT FILE NAME:   <ECE319K_Lab9H.out>
ENTRY POINT SYMBOL: "_c_int00_noargs"  address: 0000f659


MEMORY CONFIGURATION

         name            origin    length      used     unused   attr    fill
----------------------  --------  ---------  --------  --------  ----  --------
  FLASH                 00000000   00020000  0000fbf8  00010408  R  X
  SRAM                  20200000   00008000  00000b18  000074e8  RW X
  BCR_CONFIG            41c00000   00000080  00000000  00000080  R   
  BSL_CONFIG            41c00100   00000080  00000000  00000080  R   


SEGMENT ALLOCATION MAP

run origin  load origin   length   init length attrs members
----------  ----------- ---------- ----------- ----- -------
00000000    00000000    0000fbf8   0000fbf8    r-x
  00000000    00000000    000000c0   000000c0    r-- .intvecs
  000000c0    000000c0    0000c0e0   0000c0e0    r-- .rodata
  0000c1a0    0000c1a0    00003910   00003910    r-x .text
  0000fab0    0000fab0    00000008   00000008    r-- .init_array
  0000fab8    0000fab8    00000140   00000140    r-- .cinit
20200000    20200000    0000091b   00000000    rw-
  20200000    20200000    00000525   00000000    rw- .data
  20200528    20200528    00000200   00000000    rw- .sysmem
  20200728    20200728    000001f3   00000000    rw- .bss
20207e00    20207e00    00000200   00000000    rw-
  20207e00    20207e00    00000200   00000000    rw- .stack


SECTION ALLOCATION MAP

 output                                  attributes/
section   page    origin      length       input sections
--------  ----  ----------  ----------   ----------------
.intvecs   0    00000000    000000c0     
                  00000000    000000c0     startup_mspm0g3507_ticlang.o (.intvecs)

.binit     0    00000000    00000000     

.text      0    0000c1a0    00003910     
                  0000c1a0    00000298     Lab9HMain.o (.text.main)
                  0000c438    00000210     ST7735.o (.text._Z17ST7735_DrawBitmapssPKtss)
                  0000c648    000001b4     Clock.o (.text._Z15Clock_Init80MHzi)
                  0000c7fc    000001b4     Map.o (.text._Z8EndRoundv)
                  0000c9b0    000001a0     ST7735.o (.text._Z16ST7735_DrawCharSsscssh)
                  0000cb50    00000154     libc.a : fopen.c.obj (.text._openfile)
                  0000cca4    00000144     Lab9HMain.o (.text._Z8mainmenuv)
                  0000cde8    00000138     Map.o (.text._Z7DrawMapv)
                  0000cf20    00000120     Player.o (.text._ZN6Player4moveEaa)
                  0000d040    00000118     ST7735.o (.text._Z15ST7735_FillRectsssst)
                  0000d158    00000114     Player.o (.text._ZN6Player11collectItemEv)
                  0000d26c    00000114     libc.a : memory.c.obj (.text.aligned_alloc)
                  0000d380    0000010c     Player.o (.text._ZNK6Player5eraseEv)
                  0000d48c    000000fc     Game_ADC.o (.text._Z11MyADC1_Initjj)
                  0000d588    000000f8     SPI.o (.text._Z8SPI_Initv)
                  0000d680    000000ec     libsysbm.a : add_device.c.obj (.text.add_device)
                  0000d76c    000000e8     libc.a : memory.c.obj (.text.free)
                  0000d854    000000e0            : setvbuf.c.obj (.text.setvbuf)
                  0000d934    000000dc     Map.o (.text._Z8DrawMenuv)
                  0000da10    000000d0     ST7735.o (.text._Z14ST7735_OutCharc)
                  0000dae0    000000c4     Map.o (.text._Z7EndGameh)
                  0000dba4    000000b8     Map.o (.text._Z11DrawPowerUp11PowerupTypeb)
                  0000dc5c    000000b8     JoyStick.o (.text._Z13Joystick_Initv)
                  0000dd14    000000a8     Map.o (.text._Z13placePowerupsPA16_h)
                  0000ddbc    000000a2     ST7735.o (.text._ZL11commandListPKh)
                  0000de5e    00000002     libclang_rt.builtins.a : aeabi_div0.c.obj (.text.__aeabi_idiv0)
                  0000de60    000000a0     libsysbm.a : open.c.obj (.text.open)
                  0000df00    0000009c     ST7735.o (.text._Z17ST7735_InitPrintfv)
                  0000df9c    00000098     ST7735.o (.text._Z12ST7735_InitR10initRFlags)
                  0000e034    00000094     Timer.o (.text._Z15TimerG12_IntArmjj)
                  0000e0c8    00000090     Player.o (.text._ZN6Player10usePowerupEv)
                  0000e158    0000008c     Map.o (.text._Z14DrawScoreBoardv)
                  0000e1e4    00000088     ST7735.o (.text._ZL13setAddrWindowhhhh)
                  0000e26c    00000004     libc.a : pre_init.c.obj (.text._system_pre_init)
                  0000e270    00000088            : strcmp-armv6m.S.obj (.text:strcmp)
                  0000e2f8    00000084     ST7735.o (.text._Z14ST7735_OutUDecj)
                  0000e37c    00000084     ST7735.o (.text._Z17ST7735_DrawStringttPcs)
                  0000e400    0000007c     LaunchPad.o (.text._Z14LaunchPad_Initv)
                  0000e47c    0000007c     libc.a : fclose.c.obj (.text.__TI_closefile)
                  0000e4f8    0000007c            : copy_decompress_lzss.c.obj (.text:decompress:lzss)
                  0000e574    00000074     Map.o (.text._Z9DrawRulesv)
                  0000e5e8    00000070     ST7735.o (.text._Z16ST7735_DrawPixelsst)
                  0000e658    00000070     Map.o (.text._Z16placeRandomCoinsPA16_hi)
                  0000e6c8    0000006c     libsysbm.a : hostlseek.c.obj (.text.HOSTlseek)
                  0000e734    0000006c                : hostrename.c.obj (.text.HOSTrename)
                  0000e7a0    0000006c     Lab9HMain.o (.text.TIMG12_IRQHandler)
                  0000e80c    0000006c     Sound.o (.text._Z10Sound_Initv)
                  0000e878    0000006c     JoyStick.o (.text._Z28GetDiscreteJoystickDirectionjj)
                  0000e8e4    0000006c     libc.a : getdevice.c.obj (.text.getdevice)
                  0000e950    0000006a     Player.o (.text._ZN6Player12tickPowerupsEv)
                  0000e9ba    00000002     libc.a : _lock.c.obj (.text._nop)
                  0000e9bc    00000064            : memory.c.obj (.text.split)
                  0000ea20    00000060     libsysbm.a : hostopen.c.obj (.text.HOSTopen)
                  0000ea80    00000060     Timer.o (.text._Z13TimerG12_Initv)
                  0000eae0    00000058     libsysbm.a : hostread.c.obj (.text.HOSTread)
                  0000eb38    00000058                : hosttime.c.obj (.text.HOSTtime64)
                  0000eb90    00000058                : hostwrite.c.obj (.text.HOSTwrite)
                  0000ebe8    00000058     Player.o (.text._ZNK6Player4drawEv)
                  0000ec40    00000056     libclang_rt.builtins.a : aeabi_idivmod.S.obj (.text.__aeabi_idivmod)
                  0000ec96    00000002     --HOLE-- [fill = 0]
                  0000ec98    00000054     ST7735.o (.text._Z11fillmessagej)
                  0000ecec    00000054     Map.o (.text._Z12NavigateMenui)
                  0000ed40    00000054     libc.a : autoinit.c.obj (.text:__TI_auto_init_nobinit)
                  0000ed94    00000052            : fflush.c.obj (.text.__TI_doflush)
                  0000ede6    00000002     --HOLE-- [fill = 0]
                  0000ede8    00000050     Map.o (.text._Z8ResetMapv)
                  0000ee38    00000050     libsysbm.a : close.c.obj (.text.close)
                  0000ee88    0000004c     Map.o (.text._Z14SelectMenuItemv)
                  0000eed4    00000048     libsysbm.a : hostclose.c.obj (.text.HOSTclose)
                  0000ef1c    00000048                : hostunlink.c.obj (.text.HOSTunlink)
                  0000ef64    00000048     Sound.o (.text._Z11Sound_StartPKhj)
                  0000efac    00000048     SPI.o (.text._Z14SPI_OutCommandc)
                  0000eff4    00000048     Game_ADC.o (.text._Z9MyADC1_Inh)
                  0000f03c    00000046     Player.o (.text._ZN6Player5resetEv)
                  0000f082    00000002     --HOLE-- [fill = 0]
                  0000f084    00000044     Sound.o (.text._Z14SysTick_IntArmjj)
                  0000f0c8    00000044     Player.o (.text._ZN6PlayerC2Ehhbh)
                  0000f10c    00000040     TExaS.o (.text.TIMG7_IRQHandler)
                  0000f14c    00000040     SPI.o (.text._Z9SPI_Resetv)
                  0000f18c    00000040     libclang_rt.builtins.a : aeabi_uidivmod.S.obj (.text.__aeabi_uidivmod)
                  0000f1cc    00000040     libc.a : fopen.c.obj (.text._search_fp)
                  0000f20c    0000003c     Map.o (.text._Z10UpdateCoinii)
                  0000f248    00000038     Sound.o (.text.SysTick_Handler)
                  0000f280    00000038     SPI.o (.text._Z11SPI_OutDatac)
                  0000f2b8    00000038     LaunchPad.o (.text._Z15ActivatePortA_Bv)
                  0000f2f0    00000038     libc.a : rand.c.obj (.text.rand)
                  0000f328    00000034     ST7735.o (.text._Z12ST7735_writeiPKcj)
                  0000f35c    00000034     Clock.o (.text._Z14Clock_Delay1msj)
                  0000f390    00000034     ST7735.o (.text._Z16ST7735_SetCursorjj)
                  0000f3c4    00000034     libc.a : fopen.c.obj (.text.__TI_cleanup)
                  0000f3f8    00000034     libsysbm.a : trgmsg.c.obj (.text.__TI_readmsg)
                  0000f42c    00000034                : trgmsg.c.obj (.text.__TI_writemsg)
                  0000f460    00000034     libc.a : exit.c.obj (.text.exit)
                  0000f494    00000034            : getdevice.c.obj (.text.finddevice)
                  0000f4c8    00000034            : fopen.c.obj (.text.freopen)
                  0000f4fc    00000030     ST7735.o (.text._ZL10commonInitPKh)
                  0000f52c    00000030     libc.a : fopen.c.obj (.text.fopen)
                  0000f55c    0000002c     Map.o (.text._Z13NextRulesPagev)
                  0000f588    0000002c     ST7735.o (.text._Z17ST7735_FillScreent)
                  0000f5b4    0000002c     libsysbm.a : unlink.c.obj (.text.unlink)
                  0000f5e0    00000028     Switch.o (.text._Z11Switch_Initv)
                  0000f608    00000028     libc.a : memory.c.obj (.text.free_list_insert)
                  0000f630    00000028     libsysbm.a : write.c.obj (.text.write)
                  0000f658    00000028     libc.a : boot_cortex_m.c.obj (.text:_c_int00_noargs)
                  0000f680    00000026     ST7735.o (.text._Z16ST7735_OutStringPc)
                  0000f6a6    00000024     Player.o (.text._ZN6Player10setPowerupE11PowerupType)
                  0000f6ca    00000002     --HOLE-- [fill = 0]
                  0000f6cc    00000024     libc.a : rand.c.obj (.text.srand)
                  0000f6f0    0000001e     ST7735.o (.text._ZL9pushColort)
                  0000f70e    00000002     --HOLE-- [fill = 0]
                  0000f710    0000001c     startup_mspm0g3507_ticlang.o (.text.Default_Handler)
                  0000f72c    0000001c     startup_mspm0g3507_ticlang.o (.text.HardFault_Handler)
                  0000f748    0000001c     Switch.o (.text._Z11Switch_P2B1v)
                  0000f764    0000001c     DAC5.o (.text._Z8DAC5_Outj)
                  0000f780    0000001c     Switch.o (.text._Z9Switch_Inv)
                  0000f79c    0000001c     Lab9HMain.o (.text.__cxx_global_var_init.1)
                  0000f7b8    0000001c     Lab9HMain.o (.text.__cxx_global_var_init.2)
                  0000f7d4    0000001c     libc.a : memory.c.obj (.text.free_list_remove)
                  0000f7f0    0000001a     Player.o (.text._ZN6Player11setPositionEhh)
                  0000f80a    0000001a     SlidePot.o (.text._ZN8SlidePotC2Ejj)
                  0000f824    00000018     Switch.o (.text._Z11Switch_P1B2v)
                  0000f83c    00000018     Switch.o (.text._Z11Switch_P2B2v)
                  0000f854    00000018     Lab9HMain.o (.text.__cxx_global_var_init)
                  0000f86c    00000016     ST7735.o (.text._Z11ST7735_openPKcji)
                  0000f882    00000016     ST7735.o (.text._Z11ST7735_readiPcj)
                  0000f898    00000016     Player.o (.text._ZN6Player8addScoreEh)
                  0000f8ae    00000016     libc.a : copy_zero_init.c.obj (.text:decompress:ZI:__TI_zero_init_nomemset)
                  0000f8c4    00000014     Switch.o (.text._Z11Switch_P1B1v)
                  0000f8d8    00000014     Sound.o (.text._Z13Sound_Collectv)
                  0000f8ec    00000014     ST7735.o (.text._Z19ST7735_SetTextColort)
                  0000f900    00000012     libc.a : memcpy16.S.obj (.text:TI_memcpy_small)
                  0000f912    00000012            : copy_decompress_none.c.obj (.text:decompress:none)
                  0000f924    00000010     Lab9HMain.o (.text._GLOBAL__sub_I_Lab9HMain.cpp)
                  0000f934    00000010     Clock.o (.text._Z11Clock_Delayj)
                  0000f944    00000010     Map.o (.text._ZL4timePx)
                  0000f954    00000010     Player.o (.text._ZNK6Player8isChaserEv)
                  0000f964    00000010     libsysbm.a : time64.c.obj (.text.__time64)
                  0000f974    0000000e     libc.a : memory.c.obj (.text.OUTLINED_FUNCTION_0)
                  0000f982    0000000e     ST7735.o (.text._Z12ST7735_lseekili)
                  0000f990    0000000e     libsysbm.a : hostrename.c.obj (.text.strcpy)
                  0000f99e    0000000e                : hostrename.c.obj (.text.strlen)
                  0000f9ac    0000000e     libc.a : memset16.S.obj (.text:TI_memset_small)
                  0000f9ba    00000002     --HOLE-- [fill = 0]
                  0000f9bc    0000000c     Clock.o (.text._Z10Clock_Freqv)
                  0000f9c8    0000000c     Sound.o (.text._Z10Sound_Stopv)
                  0000f9d4    0000000c     ST7735.o (.text._Z13ST7735_renamePKcS0_)
                  0000f9e0    0000000c     JoyStick.o (.text._Z15Joystick1_ReadXv)
                  0000f9ec    0000000c     JoyStick.o (.text._Z15Joystick1_ReadYv)
                  0000f9f8    0000000c     JoyStick.o (.text._Z15Joystick2_ReadXv)
                  0000fa04    0000000c     JoyStick.o (.text._Z15Joystick2_ReadYv)
                  0000fa10    0000000c     Player.o (.text._ZNK6Player10getPowerupEv)
                  0000fa1c    0000000c     Player.o (.text._ZNK6Player4getXEv)
                  0000fa28    0000000c     Player.o (.text._ZNK6Player4getYEv)
                  0000fa34    0000000c     Player.o (.text._ZNK6Player5getIDEv)
                  0000fa40    0000000c     Player.o (.text._ZNK6Player8getCoinsEv)
                  0000fa4c    0000000c     Player.o (.text._ZNK6Player8getScoreEv)
                  0000fa58    0000000c     libclang_rt.builtins.a : aeabi_memset.S.obj (.text.__aeabi_memclr)
                  0000fa64    0000000c     libc.a : memory.c.obj (.text.malloc)
                  0000fa70    0000000a     ST7735.o (.text._Z12ST7735_closei)
                  0000fa7a    0000000a     ST7735.o (.text._Z13ST7735_unlinkPKc)
                  0000fa84    0000000a     Lab9HMain.o (.text._Z8PLL_Initv)
                  0000fa8e    00000002     --HOLE-- [fill = 0]
                  0000fa90    00000008     libclang_rt.builtins.a : aeabi_memcpy.S.obj (.text.__aeabi_memcpy)
                  0000fa98    00000008     libsysbm.a : remove.c.obj (.text.remove)
                  0000faa0    00000004     startup_mspm0g3507_ticlang.o (.text.Reset_Handler)
                  0000faa4    00000004     libc.a : exit.c.obj (.text:abort)
                  0000faa8    00000008     --HOLE-- [fill = 0]

.cinit     0    0000fab8    00000140     
                  0000fab8    00000115     (.cinit..data.load) [load image, compression = lzss]
                  0000fbcd    00000003     --HOLE-- [fill = 0]
                  0000fbd0    0000000c     (__TI_handler_table)
                  0000fbdc    00000008     (.cinit..bss.load) [load image, compression = zero_init]
                  0000fbe4    00000010     (__TI_cinit_table)
                  0000fbf4    00000004     --HOLE-- [fill = 0]

.rodata    0    000000c0    0000c0e0     
                  000000c0    0000a000     Map.o (.rodata._ZL10mainScreen)
                  0000a0c0    00000ff0     Sound.o (.rodata._ZL5shoot)
                  0000b0b0    000004fb     ST7735.o (.rodata._ZL4Font)
                  0000b5ab    00000001     Map.o (.rodata.str1.104596856956816455781)
                  0000b5ac    00000080     Map.o (.rodata._ZL10CoinSprite)
                  0000b62c    00000080     Player.o (.rodata._ZL10CoinSprite)
                  0000b6ac    00000080     Map.o (.rodata._ZL10MineSprite)
                  0000b72c    00000080     Player.o (.rodata._ZL10MineSprite)
                  0000b7ac    00000080     Map.o (.rodata._ZL10WallSprite)
                  0000b82c    00000080     Player.o (.rodata._ZL10WallSprite)
                  0000b8ac    00000080     Map.o (.rodata._ZL11GhostSprite)
                  0000b92c    00000080     Player.o (.rodata._ZL11GhostSprite)
                  0000b9ac    00000080     Map.o (.rodata._ZL11SpeedSprite)
                  0000ba2c    00000080     Player.o (.rodata._ZL11SpeedSprite)
                  0000baac    00000080     Map.o (.rodata._ZL12BorderSprite)
                  0000bb2c    00000080     Player.o (.rodata._ZL12BorderSprite)
                  0000bbac    00000080     Map.o (.rodata._ZL5Black)
                  0000bc2c    00000080     Player.o (.rodata._ZL5Black)
                  0000bcac    00000080     Map.o (.rodata._ZL8P1Sprite)
                  0000bd2c    00000080     Player.o (.rodata._ZL8P1Sprite)
                  0000bdac    00000080     Map.o (.rodata._ZL8P2Sprite)
                  0000be2c    00000080     Player.o (.rodata._ZL8P2Sprite)
                  0000beac    0000003b     ST7735.o (.rodata._ZL5Rcmd1)
                  0000bee7    0000002b     ST7735.o (.rodata._ZL5Rcmd3)
                  0000bf12    00000002     ST7735.o (.rodata.str1.12956530834739612181)
                  0000bf14    00000018     Map.o (.rodata..L__const._Z13placePowerupsPA16_h.powerups)
                  0000bf2c    00000016     ST7735.o (.rodata.str1.10454047957466484921)
                  0000bf42    00000015     Map.o (.rodata.str1.11892335321669509361)
                  0000bf57    00000015     Map.o (.rodata.str1.73765608726033296121)
                  0000bf6c    00000014     Map.o (.rodata.str1.105329869645890702911)
                  0000bf80    00000014     Map.o (.rodata.str1.142248726879783284881)
                  0000bf94    00000014     Map.o (.rodata.str1.67017573524192918981)
                  0000bfa8    00000013     Map.o (.rodata.str1.163232643015627163171)
                  0000bfbb    00000013     Map.o (.rodata.str1.56202311474261802091)
                  0000bfce    00000013     Map.o (.rodata.str1.79115834064565914151)
                  0000bfe1    00000012     Map.o (.rodata.str1.107916156524046124021)
                  0000bff3    00000012     Map.o (.rodata.str1.145483379714485341501)
                  0000c005    00000012     Map.o (.rodata.str1.160268990308799969531)
                  0000c017    00000012     Map.o (.rodata.str1.89521551402850255481)
                  0000c029    00000011     Map.o (.rodata.str1.73275120121451037061)
                  0000c03a    00000011     Map.o (.rodata.str1.89352664702768437881)
                  0000c04b    00000011     Map.o (.rodata.str1.94772824188764248821)
                  0000c05c    00000010     Map.o (.rodata.str1.122246070243964392101)
                  0000c06c    00000010     Map.o (.rodata.str1.141450585037438433001)
                  0000c07c    0000000f     Map.o (.rodata.str1.102952497523622115461)
                  0000c08b    0000000f     Map.o (.rodata.str1.122145636423382675341)
                  0000c09a    0000000f     Map.o (.rodata.str1.84046251035583987611)
                  0000c0a9    0000000e     Map.o (.rodata.str1.50855458835255299231)
                  0000c0b7    0000000d     ST7735.o (.rodata._ZL10Rcmd2green)
                  0000c0c4    0000000d     ST7735.o (.rodata._ZL8Rcmd2red)
                  0000c0d1    0000000d     Map.o (.rodata.str1.112519537372094380871)
                  0000c0de    0000000d     Map.o (.rodata.str1.148345599293076453791)
                  0000c0eb    0000000b     Map.o (.rodata.str1.182096384341691390621)
                  0000c0f6    0000000b     Map.o (.rodata.str1.25527839812914399251)
                  0000c101    0000000a     Map.o (.rodata.str1.116554702338864380131)
                  0000c10b    0000000a     Map.o (.rodata.str1.174713602682270873741)
                  0000c115    0000000a     Map.o (.rodata.str1.69355853717354042871)
                  0000c11f    00000009     Map.o (.rodata.str1.175428026395986957171)
                  0000c128    00000009     Map.o (.rodata.str1.62162332382089114691)
                  0000c131    00000009     Map.o (.rodata.str1.88020652275042292911)
                  0000c13a    00000008     Map.o (.rodata.str1.148507566663670628311)
                  0000c142    00000008     Map.o (.rodata.str1.179609936499601495561)
                  0000c14a    00000008     Map.o (.rodata.str1.29074602043393431931)
                  0000c152    00000008     ST7735.o (.rodata.str1.47795681660940027721)
                  0000c15a    00000008     Map.o (.rodata.str1.70551619931739254801)
                  0000c162    00000008     Map.o (.rodata.str1.93950474351652273581)
                  0000c16a    00000007     Map.o (.rodata.str1.112394934285709906361)
                  0000c171    00000007     ST7735.o (.rodata.str1.144587199919105078391)
                  0000c178    00000007     Map.o (.rodata.str1.146512124620236989091)
                  0000c17f    00000007     Map.o (.rodata.str1.152947731988548161181)
                  0000c186    00000007     ST7735.o (.rodata.str1.65889865058515175131)
                  0000c18d    00000004     Map.o (.rodata.str1.29466752115243444881)
                  0000c191    00000004     Map.o (.rodata.str1.37039636534899337951)
                  0000c195    00000003     Map.o (.rodata.str1.147687814722853052851)
                  0000c198    00000003     Map.o (.rodata.str1.45046861352749159411)
                  0000c19b    00000005     --HOLE-- [fill = 0]

.init_array 
*          0    0000fab0    00000008     
                  0000fab0    00000004     Lab9HMain.o (.init_array)
                  0000fab4    00000004     --HOLE-- [fill = 0]

.data      0    20200000    00000525     UNINITIALIZED
                  20200000    00000140     Map.o (.data.basemap)
                  20200140    00000140     Map.o (.data.map)
                  20200280    000000f0     libc.a : defs.c.obj (.data._ftable)
                  20200370    00000078     libsysbm.a : host_device.c.obj (.data._device)
                  202003e8    00000078     Map.o (.data.rulesText)
                  20200460    00000050     libsysbm.a : host_device.c.obj (.data._stream)
                  202004b0    00000014     Lab9HMain.o (.data.Sensor)
                  202004c4    00000014     Lab9HMain.o (.data.player1)
                  202004d8    00000014     Lab9HMain.o (.data.player2)
                  202004ec    00000008     libc.a : exit.c.obj (.data..L_MergedGlobals)
                  202004f4    00000004     Clock.o (.data.BusFreq)
                  202004f8    00000004     ST7735.o (.data.StX)
                  202004fc    00000004     ST7735.o (.data.StY)
                  20200500    00000004     libc.a : defs.c.obj (.data.__TI_ft_end)
                  20200504    00000004            : _lock.c.obj (.data._lock)
                  20200508    00000004            : _lock.c.obj (.data._unlock)
                  2020050c    00000004     Map.o (.data.gameTicks)
                  20200510    00000004     libc.a : rand.c.obj (.data.next)
                  20200514    00000002     ST7735.o (.data.StTextColor)
                  20200516    00000002     ST7735.o (.data._ZL6_width)
                  20200518    00000002     ST7735.o (.data._ZL7_height)
                  2020051a    00000001     Map.o (.data.currentRulesPage)
                  2020051b    00000001     Map.o (.data.currentSelection)
                  2020051c    00000001     libsysbm.a : add_device.c.obj (.data.add_device.device_init)
                  2020051d    00000001     Map.o (.data.language)
                  2020051e    00000001     Map.o (.data.returnToMenu)
                  2020051f    00000001     Map.o (.data.roundOver)
                  20200520    00000001     libc.a : memory.c.obj (.data.memory_is_initialized)
                  20200521    00000003     --HOLE--
                  20200524    00000001     libsysbm.a : open.c.obj (.data.open.stream_init)

.sysmem    0    20200528    00000200     UNINITIALIZED
                  20200528    00000010     libc.a : memory.c.obj (.sysmem)
                  20200538    000001f0     --HOLE--

.bss       0    20200728    000001f3     UNINITIALIZED
                  20200728    00000120     libsysbm.a : trgmsg.c.obj (.bss:_CIOBUF_)
                  20200848    000000a0     libc.a : defs.c.obj (.bss.__TI_tmpnams)
                  202008e8    0000000c     ST7735.o (.bss.Message)
                  202008f4    00000008     libsysbm.a : hostopen.c.obj (.bss.parmbuf)
                  202008fc    00000004     ST7735.o (.bss.Messageindex)
                  20200900    00000004     TExaS.o (.bss.TExaSLogic)
                  20200904    00000004     TExaS.o (.bss.TExaSadc)
                  20200908    00000004     Sound.o (.bss._ZL10SoundIndex)
                  2020090c    00000004     Sound.o (.bss._ZL11SoundLength)
                  20200910    00000004     Sound.o (.bss._ZL9SoundData)
                  20200914    00000004     libc.a : memory.c.obj (.bss.sys_free)
                  20200918    00000001     ST7735.o (.bss._ZL8ColStart)
                  20200919    00000001     ST7735.o (.bss._ZL8RowStart)
                  2020091a    00000001     ST7735.o (.bss._ZL8TabColor)

.stack     0    20207e00    00000200     UNINITIALIZED
                  20207e00    00000004     libc.a : boot_cortex_m.c.obj (.stack)
                  20207e04    000001fc     --HOLE--

__llvm_prf_cnts 
*          0    20200000    00000000     UNINITIALIZED

__llvm_prf_bits 
*          0    20200000    00000000     UNINITIALIZED

MODULE SUMMARY

       Module                         code    ro data   rw data
       ------                         ----    -------   -------
    ./
       Map.o                          2244    42690     769    
       Sound.o                        336     4080      12     
       ST7735.o                       2872    1449      33     
       Player.o                       1480    1152      0      
       Lab9HMain.o                    1202    4         60     
       Clock.o                        516     0         4      
       SPI.o                          440     0         0      
       JoyStick.o                     340     0         0      
       Game_ADC.o                     324     0         0      
       Timer.o                        244     0         0      
       LaunchPad.o                    180     0         0      
       Switch.o                       164     0         0      
       TExaS.o                        64      0         8      
       DAC5.o                         28      0         0      
       SlidePot.o                     26      0         0      
    +--+------------------------------+-------+---------+---------+
       Total:                         10460   49375     886    
                                                               
    ./ticlang/
       startup_mspm0g3507_ticlang.o   60      192       0      
    +--+------------------------------+-------+---------+---------+
       Total:                         60      192       0      
                                                               
    /Applications/ti/ccs2000/ccs/tools/compiler/ti-cgt-armllvm_4.0.1.LTS/lib/armv6m-ti-none-eabi/c/libc.a
       memory.c.obj                   702     0         5      
       fopen.c.obj                    556     0         0      
       defs.c.obj                     0       0         404    
       setvbuf.c.obj                  224     0         0      
       getdevice.c.obj                160     0         0      
       strcmp-armv6m.S.obj            136     0         0      
       copy_decompress_lzss.c.obj     124     0         0      
       fclose.c.obj                   124     0         0      
       rand.c.obj                     92      0         4      
       autoinit.c.obj                 84      0         0      
       fflush.c.obj                   82      0         0      
       exit.c.obj                     56      0         8      
       boot_cortex_m.c.obj            40      0         0      
       copy_zero_init.c.obj           22      0         0      
       copy_decompress_none.c.obj     18      0         0      
       memcpy16.S.obj                 18      0         0      
       memset16.S.obj                 14      0         0      
       _lock.c.obj                    2       0         8      
       pre_init.c.obj                 4       0         0      
    +--+------------------------------+-------+---------+---------+
       Total:                         2458    0         429    
                                                               
    /Applications/ti/ccs2000/ccs/tools/compiler/ti-cgt-armllvm_4.0.1.LTS/lib/armv6m-ti-none-eabi/c/libsysbm.a
       trgmsg.c.obj                   104     0         288    
       add_device.c.obj               236     0         1      
       host_device.c.obj              0       0         200    
       open.c.obj                     160     0         1      
       hostrename.c.obj               136     0         0      
       hostlseek.c.obj                108     0         0      
       hostopen.c.obj                 96      0         8      
       hostread.c.obj                 88      0         0      
       hosttime.c.obj                 88      0         0      
       hostwrite.c.obj                88      0         0      
       close.c.obj                    80      0         0      
       hostclose.c.obj                72      0         0      
       hostunlink.c.obj               72      0         0      
       unlink.c.obj                   44      0         0      
       write.c.obj                    40      0         0      
       time64.c.obj                   16      0         0      
       remove.c.obj                   8       0         0      
    +--+------------------------------+-------+---------+---------+
       Total:                         1436    0         498    
                                                               
    /Applications/ti/ccs2000/ccs/tools/compiler/ti-cgt-armllvm_4.0.1.LTS/lib/armv6m-ti-none-eabi/libclang_rt.builtins.a
       aeabi_idivmod.S.obj            86      0         0      
       aeabi_uidivmod.S.obj           64      0         0      
       aeabi_memset.S.obj             12      0         0      
       aeabi_memcpy.S.obj             8       0         0      
       aeabi_div0.c.obj               2       0         0      
    +--+------------------------------+-------+---------+---------+
       Total:                         172     0         0      
                                                               
       Heap:                          0       0         512    
       Stack:                         0       0         512    
       Linker Generated:              0       313       0      
    +--+------------------------------+-------+---------+---------+
       Grand Total:                   14586   49880     2837   


LINKER GENERATED COPY TABLES

__TI_cinit_table @ 0000fbe4 records: 2, size/record: 8, table size: 16
	.data: load addr=0000fab8, load size=00000115 bytes, run addr=20200000, run size=00000525 bytes, compression=lzss
	.bss: load addr=0000fbdc, load size=00000008 bytes, run addr=20200728, run size=000001f3 bytes, compression=zero_init


LINKER GENERATED HANDLER TABLE

__TI_handler_table @ 0000fbd0 records: 3, size/record: 4, table size: 12
	index: 0, handler: __TI_decompress_lzss
	index: 1, handler: __TI_decompress_none
	index: 2, handler: __TI_zero_init


GLOBAL SYMBOLS: SORTED ALPHABETICALLY BY Name 

address   name                                
-------   ----                                
0000f711  ADC0_IRQHandler                     
0000f711  ADC1_IRQHandler                     
0000f711  AES_IRQHandler                      
202004f4  BusFreq                             
0000faa4  C$$EXIT                             
0000f459  C$$IO$$                             
0000f711  CANFD0_IRQHandler                   
0000f711  DAC0_IRQHandler                     
0000f711  DMA_IRQHandler                      
0000f711  Default_Handler                     
0000f711  GROUP0_IRQHandler                   
0000f711  GROUP1_IRQHandler                   
0000eed5  HOSTclose                           
0000e6c9  HOSTlseek                           
0000ea21  HOSTopen                            
0000eae1  HOSTread                            
0000e735  HOSTrename                          
0000eb39  HOSTtime64                          
0000ef1d  HOSTunlink                          
0000eb91  HOSTwrite                           
0000f72d  HardFault_Handler                   
0000f711  I2C0_IRQHandler                     
0000f711  I2C1_IRQHandler                     
202008e8  Message                             
202008fc  Messageindex                        
0000f711  NMI_Handler                         
0000f711  PendSV_Handler                      
0000f711  RTC_IRQHandler                      
0000faa1  Reset_Handler                       
0000fab0  SHT$$INIT_ARRAY$$Base               
0000fab4  SHT$$INIT_ARRAY$$Limit              
0000f711  SPI0_IRQHandler                     
0000f711  SPI1_IRQHandler                     
0000f711  SVC_Handler                         
202004b0  Sensor                              
20200514  StTextColor                         
202004f8  StX                                 
202004fc  StY                                 
0000f249  SysTick_Handler                     
20200900  TExaSLogic                          
20200904  TExaSadc                            
0000f711  TIMA0_IRQHandler                    
0000f711  TIMA1_IRQHandler                    
0000f711  TIMG0_IRQHandler                    
0000e7a1  TIMG12_IRQHandler                   
0000f711  TIMG6_IRQHandler                    
0000f10d  TIMG7_IRQHandler                    
0000f711  TIMG8_IRQHandler                    
0000f901  TI_memcpy_small                     
0000f9ad  TI_memset_small                     
0000f711  UART0_IRQHandler                    
0000f711  UART1_IRQHandler                    
0000f711  UART2_IRQHandler                    
0000f711  UART3_IRQHandler                    
20200728  _CIOBUF_                            
0000f9bd  _Z10Clock_Freqv                     
0000e80d  _Z10Sound_Initv                     
0000f9c9  _Z10Sound_Stopv                     
0000f20d  _Z10UpdateCoinii                    
0000f935  _Z11Clock_Delayj                    
0000dba5  _Z11DrawPowerUp11PowerupTypeb       
0000d48d  _Z11MyADC1_Initjj                   
0000f281  _Z11SPI_OutDatac                    
0000f86d  _Z11ST7735_openPKcji                
0000f883  _Z11ST7735_readiPcj                 
0000ef65  _Z11Sound_StartPKhj                 
0000f5e1  _Z11Switch_Initv                    
0000f8c5  _Z11Switch_P1B1v                    
0000f825  _Z11Switch_P1B2v                    
0000f749  _Z11Switch_P2B1v                    
0000f83d  _Z11Switch_P2B2v                    
0000ec99  _Z11fillmessagej                    
0000eced  _Z12NavigateMenui                   
0000df9d  _Z12ST7735_InitR10initRFlags        
0000fa71  _Z12ST7735_closei                   
0000f983  _Z12ST7735_lseekili                 
0000f329  _Z12ST7735_writeiPKcj               
0000dc5d  _Z13Joystick_Initv                  
0000f55d  _Z13NextRulesPagev                  
0000f9d5  _Z13ST7735_renamePKcS0_             
0000fa7b  _Z13ST7735_unlinkPKc                
0000f8d9  _Z13Sound_Collectv                  
0000ea81  _Z13TimerG12_Initv                  
0000dd15  _Z13placePowerupsPA16_h             
0000f35d  _Z14Clock_Delay1msj                 
0000e159  _Z14DrawScoreBoardv                 
0000e401  _Z14LaunchPad_Initv                 
0000efad  _Z14SPI_OutCommandc                 
0000da11  _Z14ST7735_OutCharc                 
0000e2f9  _Z14ST7735_OutUDecj                 
0000ee89  _Z14SelectMenuItemv                 
0000f085  _Z14SysTick_IntArmjj                
0000f2b9  _Z15ActivatePortA_Bv                
0000c649  _Z15Clock_Init80MHzi                
0000f9e1  _Z15Joystick1_ReadXv                
0000f9ed  _Z15Joystick1_ReadYv                
0000f9f9  _Z15Joystick2_ReadXv                
0000fa05  _Z15Joystick2_ReadYv                
0000d041  _Z15ST7735_FillRectsssst            
0000e035  _Z15TimerG12_IntArmjj               
0000c9b1  _Z16ST7735_DrawCharSsscssh          
0000e5e9  _Z16ST7735_DrawPixelsst             
0000f681  _Z16ST7735_OutStringPc              
0000f391  _Z16ST7735_SetCursorjj              
0000e659  _Z16placeRandomCoinsPA16_hi         
0000c439  _Z17ST7735_DrawBitmapssPKtss        
0000e37d  _Z17ST7735_DrawStringttPcs          
0000f589  _Z17ST7735_FillScreent              
0000df01  _Z17ST7735_InitPrintfv              
0000f8ed  _Z19ST7735_SetTextColort            
0000e879  _Z28GetDiscreteJoystickDirectionjj  
0000cde9  _Z7DrawMapv                         
0000dae1  _Z7EndGameh                         
0000f765  _Z8DAC5_Outj                        
0000d935  _Z8DrawMenuv                        
0000c7fd  _Z8EndRoundv                        
0000fa85  _Z8PLL_Initv                        
0000ede9  _Z8ResetMapv                        
0000d589  _Z8SPI_Initv                        
0000cca5  _Z8mainmenuv                        
0000e575  _Z9DrawRulesv                       
0000eff5  _Z9MyADC1_Inh                       
0000f14d  _Z9SPI_Resetv                       
0000f781  _Z9Switch_Inv                       
0000f6a7  _ZN6Player10setPowerupE11PowerupType
0000e0c9  _ZN6Player10usePowerupEv            
0000d159  _ZN6Player11collectItemEv           
0000f7f1  _ZN6Player11setPositionEhh          
0000e951  _ZN6Player12tickPowerupsEv          
0000cf21  _ZN6Player4moveEaa                  
0000f03d  _ZN6Player5resetEv                  
0000f899  _ZN6Player8addScoreEh               
0000f0c9  _ZN6PlayerC1Ehhbh                   
0000f0c9  _ZN6PlayerC2Ehhbh                   
0000f80b  _ZN8SlidePotC1Ejj                   
0000f80b  _ZN8SlidePotC2Ejj                   
0000fa11  _ZNK6Player10getPowerupEv           
0000ebe9  _ZNK6Player4drawEv                  
0000fa1d  _ZNK6Player4getXEv                  
0000fa29  _ZNK6Player4getYEv                  
0000d381  _ZNK6Player5eraseEv                 
0000fa35  _ZNK6Player5getIDEv                 
0000fa41  _ZNK6Player8getCoinsEv              
0000fa4d  _ZNK6Player8getScoreEv              
0000f955  _ZNK6Player8isChaserEv              
20200728  __CIOBUF_                           
20208000  __STACK_END                         
00000200  __STACK_SIZE                        
00000200  __SYSMEM_SIZE                       
00000000  __TI_ATRegion0_region_sz            
00000000  __TI_ATRegion0_src_addr             
00000000  __TI_ATRegion0_trg_addr             
00000000  __TI_ATRegion1_region_sz            
00000000  __TI_ATRegion1_src_addr             
00000000  __TI_ATRegion1_trg_addr             
00000000  __TI_ATRegion2_region_sz            
00000000  __TI_ATRegion2_src_addr             
00000000  __TI_ATRegion2_trg_addr             
0000fbe4  __TI_CINIT_Base                     
0000fbf4  __TI_CINIT_Limit                    
0000fbf4  __TI_CINIT_Warm                     
0000fbd0  __TI_Handler_Table_Base             
0000fbdc  __TI_Handler_Table_Limit            
0000ed41  __TI_auto_init_nobinit              
0000f3c5  __TI_cleanup                        
202004ec  __TI_cleanup_ptr                    
0000e47d  __TI_closefile                      
0000e4f9  __TI_decompress_lzss                
0000f913  __TI_decompress_none                
0000ed95  __TI_doflush                        
202004f0  __TI_dtors_ptr                      
20200500  __TI_ft_end                         
ffffffff  __TI_pprof_out_hndl                 
ffffffff  __TI_prof_data_size                 
ffffffff  __TI_prof_data_start                
0000f3f9  __TI_readmsg                        
00000000  __TI_static_base__                  
20200848  __TI_tmpnams                        
0000f42d  __TI_writemsg                       
0000f8af  __TI_zero_init_nomemset             
0000ec41  __aeabi_idiv                        
0000de5f  __aeabi_idiv0                       
0000ec41  __aeabi_idivmod                     
0000fa59  __aeabi_memclr                      
0000fa59  __aeabi_memclr4                     
0000fa59  __aeabi_memclr8                     
0000fa91  __aeabi_memcpy                      
0000fa91  __aeabi_memcpy4                     
0000fa91  __aeabi_memcpy8                     
0000f18d  __aeabi_uidiv                       
0000f18d  __aeabi_uidivmod                    
ffffffff  __binit__                           
UNDEFED   __mpu_init                          
20207e00  __stack                             
20200000  __start___llvm_prf_bits             
20200000  __start___llvm_prf_cnts             
20200000  __stop___llvm_prf_bits              
20200000  __stop___llvm_prf_cnts              
0000f965  __time64                            
0000f659  _c_int00_noargs                     
20200370  _device                             
20200280  _ftable                             
20200504  _lock                               
0000e9bb  _nop                                
20200460  _stream                             
20200528  _sys_memory                         
UNDEFED   _system_post_cinit                  
0000e26d  _system_pre_init                    
20200508  _unlock                             
0000faa5  abort                               
0000d681  add_device                          
0000d26d  aligned_alloc                       
20200000  basemap                             
ffffffff  binit                               
0000ee39  close                               
2020051a  currentRulesPage                    
2020051b  currentSelection                    
0000f461  exit                                
0000f495  finddevice                          
0000f52d  fopen                               
0000d76d  free                                
0000f4c9  freopen                             
2020050c  gameTicks                           
0000e8e5  getdevice                           
00000000  interruptVectors                    
2020051d  language                            
0000c1a1  main                                
0000fa65  malloc                              
20200140  map                                 
0000d26d  memalign                            
0000de61  open                                
202008f4  parmbuf                             
202004c4  player1                             
202004d8  player2                             
0000f2f1  rand                                
0000fa99  remove                              
2020051e  returnToMenu                        
2020051f  roundOver                           
202003e8  rulesText                           
0000d855  setvbuf                             
0000f6cd  srand                               
0000e271  strcmp                              
0000f5b5  unlink                              
0000f631  write                               


GLOBAL SYMBOLS: SORTED BY Symbol Address 

address   name                                
-------   ----                                
00000000  __TI_ATRegion0_region_sz            
00000000  __TI_ATRegion0_src_addr             
00000000  __TI_ATRegion0_trg_addr             
00000000  __TI_ATRegion1_region_sz            
00000000  __TI_ATRegion1_src_addr             
00000000  __TI_ATRegion1_trg_addr             
00000000  __TI_ATRegion2_region_sz            
00000000  __TI_ATRegion2_src_addr             
00000000  __TI_ATRegion2_trg_addr             
00000000  __TI_static_base__                  
00000000  interruptVectors                    
00000200  __STACK_SIZE                        
00000200  __SYSMEM_SIZE                       
0000c1a1  main                                
0000c439  _Z17ST7735_DrawBitmapssPKtss        
0000c649  _Z15Clock_Init80MHzi                
0000c7fd  _Z8EndRoundv                        
0000c9b1  _Z16ST7735_DrawCharSsscssh          
0000cca5  _Z8mainmenuv                        
0000cde9  _Z7DrawMapv                         
0000cf21  _ZN6Player4moveEaa                  
0000d041  _Z15ST7735_FillRectsssst            
0000d159  _ZN6Player11collectItemEv           
0000d26d  aligned_alloc                       
0000d26d  memalign                            
0000d381  _ZNK6Player5eraseEv                 
0000d48d  _Z11MyADC1_Initjj                   
0000d589  _Z8SPI_Initv                        
0000d681  add_device                          
0000d76d  free                                
0000d855  setvbuf                             
0000d935  _Z8DrawMenuv                        
0000da11  _Z14ST7735_OutCharc                 
0000dae1  _Z7EndGameh                         
0000dba5  _Z11DrawPowerUp11PowerupTypeb       
0000dc5d  _Z13Joystick_Initv                  
0000dd15  _Z13placePowerupsPA16_h             
0000de5f  __aeabi_idiv0                       
0000de61  open                                
0000df01  _Z17ST7735_InitPrintfv              
0000df9d  _Z12ST7735_InitR10initRFlags        
0000e035  _Z15TimerG12_IntArmjj               
0000e0c9  _ZN6Player10usePowerupEv            
0000e159  _Z14DrawScoreBoardv                 
0000e26d  _system_pre_init                    
0000e271  strcmp                              
0000e2f9  _Z14ST7735_OutUDecj                 
0000e37d  _Z17ST7735_DrawStringttPcs          
0000e401  _Z14LaunchPad_Initv                 
0000e47d  __TI_closefile                      
0000e4f9  __TI_decompress_lzss                
0000e575  _Z9DrawRulesv                       
0000e5e9  _Z16ST7735_DrawPixelsst             
0000e659  _Z16placeRandomCoinsPA16_hi         
0000e6c9  HOSTlseek                           
0000e735  HOSTrename                          
0000e7a1  TIMG12_IRQHandler                   
0000e80d  _Z10Sound_Initv                     
0000e879  _Z28GetDiscreteJoystickDirectionjj  
0000e8e5  getdevice                           
0000e951  _ZN6Player12tickPowerupsEv          
0000e9bb  _nop                                
0000ea21  HOSTopen                            
0000ea81  _Z13TimerG12_Initv                  
0000eae1  HOSTread                            
0000eb39  HOSTtime64                          
0000eb91  HOSTwrite                           
0000ebe9  _ZNK6Player4drawEv                  
0000ec41  __aeabi_idiv                        
0000ec41  __aeabi_idivmod                     
0000ec99  _Z11fillmessagej                    
0000eced  _Z12NavigateMenui                   
0000ed41  __TI_auto_init_nobinit              
0000ed95  __TI_doflush                        
0000ede9  _Z8ResetMapv                        
0000ee39  close                               
0000ee89  _Z14SelectMenuItemv                 
0000eed5  HOSTclose                           
0000ef1d  HOSTunlink                          
0000ef65  _Z11Sound_StartPKhj                 
0000efad  _Z14SPI_OutCommandc                 
0000eff5  _Z9MyADC1_Inh                       
0000f03d  _ZN6Player5resetEv                  
0000f085  _Z14SysTick_IntArmjj                
0000f0c9  _ZN6PlayerC1Ehhbh                   
0000f0c9  _ZN6PlayerC2Ehhbh                   
0000f10d  TIMG7_IRQHandler                    
0000f14d  _Z9SPI_Resetv                       
0000f18d  __aeabi_uidiv                       
0000f18d  __aeabi_uidivmod                    
0000f20d  _Z10UpdateCoinii                    
0000f249  SysTick_Handler                     
0000f281  _Z11SPI_OutDatac                    
0000f2b9  _Z15ActivatePortA_Bv                
0000f2f1  rand                                
0000f329  _Z12ST7735_writeiPKcj               
0000f35d  _Z14Clock_Delay1msj                 
0000f391  _Z16ST7735_SetCursorjj              
0000f3c5  __TI_cleanup                        
0000f3f9  __TI_readmsg                        
0000f42d  __TI_writemsg                       
0000f459  C$$IO$$                             
0000f461  exit                                
0000f495  finddevice                          
0000f4c9  freopen                             
0000f52d  fopen                               
0000f55d  _Z13NextRulesPagev                  
0000f589  _Z17ST7735_FillScreent              
0000f5b5  unlink                              
0000f5e1  _Z11Switch_Initv                    
0000f631  write                               
0000f659  _c_int00_noargs                     
0000f681  _Z16ST7735_OutStringPc              
0000f6a7  _ZN6Player10setPowerupE11PowerupType
0000f6cd  srand                               
0000f711  ADC0_IRQHandler                     
0000f711  ADC1_IRQHandler                     
0000f711  AES_IRQHandler                      
0000f711  CANFD0_IRQHandler                   
0000f711  DAC0_IRQHandler                     
0000f711  DMA_IRQHandler                      
0000f711  Default_Handler                     
0000f711  GROUP0_IRQHandler                   
0000f711  GROUP1_IRQHandler                   
0000f711  I2C0_IRQHandler                     
0000f711  I2C1_IRQHandler                     
0000f711  NMI_Handler                         
0000f711  PendSV_Handler                      
0000f711  RTC_IRQHandler                      
0000f711  SPI0_IRQHandler                     
0000f711  SPI1_IRQHandler                     
0000f711  SVC_Handler                         
0000f711  TIMA0_IRQHandler                    
0000f711  TIMA1_IRQHandler                    
0000f711  TIMG0_IRQHandler                    
0000f711  TIMG6_IRQHandler                    
0000f711  TIMG8_IRQHandler                    
0000f711  UART0_IRQHandler                    
0000f711  UART1_IRQHandler                    
0000f711  UART2_IRQHandler                    
0000f711  UART3_IRQHandler                    
0000f72d  HardFault_Handler                   
0000f749  _Z11Switch_P2B1v                    
0000f765  _Z8DAC5_Outj                        
0000f781  _Z9Switch_Inv                       
0000f7f1  _ZN6Player11setPositionEhh          
0000f80b  _ZN8SlidePotC1Ejj                   
0000f80b  _ZN8SlidePotC2Ejj                   
0000f825  _Z11Switch_P1B2v                    
0000f83d  _Z11Switch_P2B2v                    
0000f86d  _Z11ST7735_openPKcji                
0000f883  _Z11ST7735_readiPcj                 
0000f899  _ZN6Player8addScoreEh               
0000f8af  __TI_zero_init_nomemset             
0000f8c5  _Z11Switch_P1B1v                    
0000f8d9  _Z13Sound_Collectv                  
0000f8ed  _Z19ST7735_SetTextColort            
0000f901  TI_memcpy_small                     
0000f913  __TI_decompress_none                
0000f935  _Z11Clock_Delayj                    
0000f955  _ZNK6Player8isChaserEv              
0000f965  __time64                            
0000f983  _Z12ST7735_lseekili                 
0000f9ad  TI_memset_small                     
0000f9bd  _Z10Clock_Freqv                     
0000f9c9  _Z10Sound_Stopv                     
0000f9d5  _Z13ST7735_renamePKcS0_             
0000f9e1  _Z15Joystick1_ReadXv                
0000f9ed  _Z15Joystick1_ReadYv                
0000f9f9  _Z15Joystick2_ReadXv                
0000fa05  _Z15Joystick2_ReadYv                
0000fa11  _ZNK6Player10getPowerupEv           
0000fa1d  _ZNK6Player4getXEv                  
0000fa29  _ZNK6Player4getYEv                  
0000fa35  _ZNK6Player5getIDEv                 
0000fa41  _ZNK6Player8getCoinsEv              
0000fa4d  _ZNK6Player8getScoreEv              
0000fa59  __aeabi_memclr                      
0000fa59  __aeabi_memclr4                     
0000fa59  __aeabi_memclr8                     
0000fa65  malloc                              
0000fa71  _Z12ST7735_closei                   
0000fa7b  _Z13ST7735_unlinkPKc                
0000fa85  _Z8PLL_Initv                        
0000fa91  __aeabi_memcpy                      
0000fa91  __aeabi_memcpy4                     
0000fa91  __aeabi_memcpy8                     
0000fa99  remove                              
0000faa1  Reset_Handler                       
0000faa4  C$$EXIT                             
0000faa5  abort                               
0000fab0  SHT$$INIT_ARRAY$$Base               
0000fab4  SHT$$INIT_ARRAY$$Limit              
0000fbd0  __TI_Handler_Table_Base             
0000fbdc  __TI_Handler_Table_Limit            
0000fbe4  __TI_CINIT_Base                     
0000fbf4  __TI_CINIT_Limit                    
0000fbf4  __TI_CINIT_Warm                     
20200000  __start___llvm_prf_bits             
20200000  __start___llvm_prf_cnts             
20200000  __stop___llvm_prf_bits              
20200000  __stop___llvm_prf_cnts              
20200000  basemap                             
20200140  map                                 
20200280  _ftable                             
20200370  _device                             
202003e8  rulesText                           
20200460  _stream                             
202004b0  Sensor                              
202004c4  player1                             
202004d8  player2                             
202004ec  __TI_cleanup_ptr                    
202004f0  __TI_dtors_ptr                      
202004f4  BusFreq                             
202004f8  StX                                 
202004fc  StY                                 
20200500  __TI_ft_end                         
20200504  _lock                               
20200508  _unlock                             
2020050c  gameTicks                           
20200514  StTextColor                         
2020051a  currentRulesPage                    
2020051b  currentSelection                    
2020051d  language                            
2020051e  returnToMenu                        
2020051f  roundOver                           
20200528  _sys_memory                         
20200728  _CIOBUF_                            
20200728  __CIOBUF_                           
20200848  __TI_tmpnams                        
202008e8  Message                             
202008f4  parmbuf                             
202008fc  Messageindex                        
20200900  TExaSLogic                          
20200904  TExaSadc                            
20207e00  __stack                             
20208000  __STACK_END                         
ffffffff  __TI_pprof_out_hndl                 
ffffffff  __TI_prof_data_size                 
ffffffff  __TI_prof_data_start                
ffffffff  __binit__                           
ffffffff  binit                               
UNDEFED   __mpu_init                          
UNDEFED   _system_post_cinit                  

[244 symbols]
