******************************************************************************
            TI ARM Clang Linker Unix v4.0.1                    
******************************************************************************
>> Linked Sat Apr 19 19:35:22 2025

OUTPUT FILE NAME:   <ECE319K_Lab9H.out>
ENTRY POINT SYMBOL: "_c_int00_noargs"  address: 00002141


MEMORY CONFIGURATION

         name            origin    length      used     unused   attr    fill
----------------------  --------  ---------  --------  --------  ----  --------
  FLASH                 00000000   00020000  00003128  0001ced8  R  X
  SRAM                  20200000   00008000  0000092c  000076d4  RW X
  BCR_CONFIG            41c00000   00000080  00000000  00000080  R   
  BSL_CONFIG            41c00100   00000080  00000000  00000080  R   


SEGMENT ALLOCATION MAP

run origin  load origin   length   init length attrs members
----------  ----------- ---------- ----------- ----- -------
00000000    00000000    00003128   00003128    r-x
  00000000    00000000    000000c0   000000c0    r-- .intvecs
  000000c0    000000c0    00002350   00002350    r-x .text
  00002410    00002410    00000c38   00000c38    r-- .rodata
  00003048    00003048    00000008   00000008    r-- .init_array
  00003050    00003050    000000d8   000000d8    r-- .cinit
20200000    20200000    0000072f   00000000    rw-
  20200000    20200000    00000355   00000000    rw- .data
  20200358    20200358    00000200   00000000    rw- .sysmem
  20200558    20200558    000001d7   00000000    rw- .bss
20207e00    20207e00    00000200   00000000    rw-
  20207e00    20207e00    00000200   00000000    rw- .stack


SECTION ALLOCATION MAP

 output                                  attributes/
section   page    origin      length       input sections
--------  ----  ----------  ----------   ----------------
.intvecs   0    00000000    000000c0     
                  00000000    000000c0     startup_mspm0g3507_ticlang.o (.intvecs)

.binit     0    00000000    00000000     

.text      0    000000c0    00002350     
                  000000c0    00000210     ST7735.o (.text._Z17ST7735_DrawBitmapssPKtss)
                  000002d0    000001b4     Clock.o (.text._Z15Clock_Init80MHzi)
                  00000484    000001a0     ST7735.o (.text._Z16ST7735_DrawCharSsscssh)
                  00000624    00000154     libc.a : fopen.c.obj (.text._openfile)
                  00000778    00000124     Map.o (.text._Z7DrawMapv)
                  0000089c    00000118     ST7735.o (.text._Z15ST7735_FillRectsssst)
                  000009b4    00000118     Lab9HMain.o (.text.main)
                  00000acc    00000114     libc.a : memory.c.obj (.text.aligned_alloc)
                  00000be0    000000f8     SPI.o (.text._Z8SPI_Initv)
                  00000cd8    000000ec     libsysbm.a : add_device.c.obj (.text.add_device)
                  00000dc4    000000e8     libc.a : memory.c.obj (.text.free)
                  00000eac    000000e0            : setvbuf.c.obj (.text.setvbuf)
                  00000f8c    000000d0     ST7735.o (.text._Z14ST7735_OutCharc)
                  0000105c    000000d0     Player.o (.text._ZNK6Player5eraseEv)
                  0000112c    000000a2     ST7735.o (.text._ZL11commandListPKh)
                  000011ce    00000002     Sound.o (.text.SysTick_Handler)
                  000011d0    000000a0     libsysbm.a : open.c.obj (.text.open)
                  00001270    0000009c     ST7735.o (.text._Z17ST7735_InitPrintfv)
                  0000130c    00000098     ST7735.o (.text._Z12ST7735_InitR10initRFlags)
                  000013a4    00000088     ST7735.o (.text._ZL13setAddrWindowhhhh)
                  0000142c    00000004     libc.a : pre_init.c.obj (.text._system_pre_init)
                  00001430    00000088            : strcmp-armv6m.S.obj (.text:strcmp)
                  000014b8    00000084     ST7735.o (.text._Z17ST7735_DrawStringttPcs)
                  0000153c    0000007c     LaunchPad.o (.text._Z14LaunchPad_Initv)
                  000015b8    0000007c     libc.a : fclose.c.obj (.text.__TI_closefile)
                  00001634    0000007c            : copy_decompress_lzss.c.obj (.text:decompress:lzss)
                  000016b0    00000074     Player.o (.text._ZN6Player4moveEaa)
                  00001724    00000070     ST7735.o (.text._Z16ST7735_DrawPixelsst)
                  00001794    0000006c     libsysbm.a : hostlseek.c.obj (.text.HOSTlseek)
                  00001800    0000006c                : hostrename.c.obj (.text.HOSTrename)
                  0000186c    0000006c     libc.a : getdevice.c.obj (.text.getdevice)
                  000018d8    00000064            : memory.c.obj (.text.split)
                  0000193c    00000060     libsysbm.a : hostopen.c.obj (.text.HOSTopen)
                  0000199c    00000058                : hostread.c.obj (.text.HOSTread)
                  000019f4    00000058                : hostwrite.c.obj (.text.HOSTwrite)
                  00001a4c    00000058     Player.o (.text._ZNK6Player4drawEv)
                  00001aa4    00000054     libc.a : autoinit.c.obj (.text:__TI_auto_init_nobinit)
                  00001af8    00000052            : fflush.c.obj (.text.__TI_doflush)
                  00001b4a    00000002     libclang_rt.builtins.a : aeabi_div0.c.obj (.text.__aeabi_idiv0)
                  00001b4c    00000050     libsysbm.a : close.c.obj (.text.close)
                  00001b9c    00000048                : hostclose.c.obj (.text.HOSTclose)
                  00001be4    00000048                : hostunlink.c.obj (.text.HOSTunlink)
                  00001c2c    00000048     SPI.o (.text._Z14SPI_OutCommandc)
                  00001c74    00000040     TExaS.o (.text.TIMG7_IRQHandler)
                  00001cb4    00000040     SPI.o (.text._Z9SPI_Resetv)
                  00001cf4    00000040     libclang_rt.builtins.a : aeabi_uidivmod.S.obj (.text.__aeabi_uidivmod)
                  00001d34    00000040     libc.a : fopen.c.obj (.text._search_fp)
                  00001d74    00000038     SPI.o (.text._Z11SPI_OutDatac)
                  00001dac    00000038     LaunchPad.o (.text._Z15ActivatePortA_Bv)
                  00001de4    00000034     ST7735.o (.text._Z12ST7735_writeiPKcj)
                  00001e18    00000034     Clock.o (.text._Z14Clock_Delay1msj)
                  00001e4c    00000034     ST7735.o (.text._Z16ST7735_SetCursorjj)
                  00001e80    00000034     libc.a : fopen.c.obj (.text.__TI_cleanup)
                  00001eb4    00000034     libsysbm.a : trgmsg.c.obj (.text.__TI_readmsg)
                  00001ee8    00000034                : trgmsg.c.obj (.text.__TI_writemsg)
                  00001f1c    00000034     libc.a : exit.c.obj (.text.exit)
                  00001f50    00000034            : getdevice.c.obj (.text.finddevice)
                  00001f84    00000034            : fopen.c.obj (.text.freopen)
                  00001fb8    00000030     ST7735.o (.text._ZL10commonInitPKh)
                  00001fe8    00000030     libc.a : fopen.c.obj (.text.fopen)
                  00002018    0000002e     Player.o (.text._ZN6PlayerC2Ehhb)
                  00002046    00000002     libc.a : _lock.c.obj (.text._nop)
                  00002048    0000002c     ST7735.o (.text._Z17ST7735_FillScreent)
                  00002074    0000002c     libsysbm.a : unlink.c.obj (.text.unlink)
                  000020a0    00000028     Lab9HMain.o (.text.TIMG12_IRQHandler)
                  000020c8    00000028     Switch.o (.text._Z11Switch_Initv)
                  000020f0    00000028     libc.a : memory.c.obj (.text.free_list_insert)
                  00002118    00000028     libsysbm.a : write.c.obj (.text.write)
                  00002140    00000028     libc.a : boot_cortex_m.c.obj (.text:_c_int00_noargs)
                  00002168    00000026     ST7735.o (.text._Z16ST7735_OutStringPc)
                  0000218e    0000001e     ST7735.o (.text._ZL9pushColort)
                  000021ac    0000001c     startup_mspm0g3507_ticlang.o (.text.Default_Handler)
                  000021c8    0000001c     startup_mspm0g3507_ticlang.o (.text.HardFault_Handler)
                  000021e4    0000001c     Switch.o (.text._Z22Switch_MenuDownPressedv)
                  00002200    0000001c     Switch.o (.text._Z9Switch_Inv)
                  0000221c    0000001c     libc.a : memory.c.obj (.text.free_list_remove)
                  00002238    0000001a     SlidePot.o (.text._ZN8SlidePotC2Ejj)
                  00002252    00000018     Switch.o (.text._Z11Switch_P1B1v)
                  0000226a    00000018     Switch.o (.text._Z24Switch_MenuSelectPressedv)
                  00002282    00000002     --HOLE-- [fill = 0]
                  00002284    00000018     Lab9HMain.o (.text.__cxx_global_var_init)
                  0000229c    00000016     ST7735.o (.text._Z11ST7735_openPKcji)
                  000022b2    00000016     ST7735.o (.text._Z11ST7735_readiPcj)
                  000022c8    00000016     libc.a : copy_zero_init.c.obj (.text:decompress:ZI:__TI_zero_init_nomemset)
                  000022de    00000014     Switch.o (.text._Z11Switch_P1B2v)
                  000022f2    00000002     --HOLE-- [fill = 0]
                  000022f4    00000014     Lab9HMain.o (.text.__cxx_global_var_init.1)
                  00002308    00000014     Lab9HMain.o (.text.__cxx_global_var_init.2)
                  0000231c    00000012     libc.a : memcpy16.S.obj (.text:TI_memcpy_small)
                  0000232e    00000012            : copy_decompress_none.c.obj (.text:decompress:none)
                  00002340    00000010     Lab9HMain.o (.text._GLOBAL__sub_I_Lab9HMain.cpp)
                  00002350    00000010     Clock.o (.text._Z11Clock_Delayj)
                  00002360    0000000e     libc.a : memory.c.obj (.text.OUTLINED_FUNCTION_0)
                  0000236e    0000000e     ST7735.o (.text._Z12ST7735_lseekili)
                  0000237c    0000000e     libsysbm.a : hostrename.c.obj (.text.strcpy)
                  0000238a    0000000e                : hostrename.c.obj (.text.strlen)
                  00002398    0000000e     libc.a : memset16.S.obj (.text:TI_memset_small)
                  000023a6    00000002     --HOLE-- [fill = 0]
                  000023a8    0000000c     Clock.o (.text._Z10Clock_Freqv)
                  000023b4    0000000c     ST7735.o (.text._Z13ST7735_renamePKcS0_)
                  000023c0    0000000c     libclang_rt.builtins.a : aeabi_memset.S.obj (.text.__aeabi_memclr)
                  000023cc    0000000c     libc.a : memory.c.obj (.text.malloc)
                  000023d8    0000000a     ST7735.o (.text._Z12ST7735_closei)
                  000023e2    0000000a     ST7735.o (.text._Z13ST7735_unlinkPKc)
                  000023ec    0000000a     Lab9HMain.o (.text._Z8PLL_Initv)
                  000023f6    00000002     --HOLE-- [fill = 0]
                  000023f8    00000008     libclang_rt.builtins.a : aeabi_memcpy.S.obj (.text.__aeabi_memcpy)
                  00002400    00000008     libsysbm.a : remove.c.obj (.text.remove)
                  00002408    00000004     startup_mspm0g3507_ticlang.o (.text.Reset_Handler)
                  0000240c    00000004     libc.a : exit.c.obj (.text:abort)

.cinit     0    00003050    000000d8     
                  00003050    000000b4     (.cinit..data.load) [load image, compression = lzss]
                  00003104    0000000c     (__TI_handler_table)
                  00003110    00000008     (.cinit..bss.load) [load image, compression = zero_init]
                  00003118    00000010     (__TI_cinit_table)

.rodata    0    00002410    00000c38     
                  00002410    000004fb     ST7735.o (.rodata._ZL4Font)
                  0000290b    00000001     --HOLE-- [fill = 0]
                  0000290c    00000080     Map.o (.rodata._ZL10CoinSprite)
                  0000298c    00000080     Player.o (.rodata._ZL10CoinSprite)
                  00002a0c    00000080     Map.o (.rodata._ZL10WallSprite)
                  00002a8c    00000080     Player.o (.rodata._ZL10WallSprite)
                  00002b0c    00000080     Map.o (.rodata._ZL11SpeedSprite)
                  00002b8c    00000080     Player.o (.rodata._ZL11SpeedSprite)
                  00002c0c    00000080     Map.o (.rodata._ZL12BorderSprite)
                  00002c8c    00000080     Player.o (.rodata._ZL12BorderSprite)
                  00002d0c    00000080     Map.o (.rodata._ZL12ChaserSprite)
                  00002d8c    00000080     Player.o (.rodata._ZL12ChaserSprite)
                  00002e0c    00000080     Map.o (.rodata._ZL12RunnerSprite)
                  00002e8c    00000080     Player.o (.rodata._ZL12RunnerSprite)
                  00002f0c    00000080     Player.o (.rodata._ZL5Black)
                  00002f8c    0000003b     ST7735.o (.rodata._ZL5Rcmd1)
                  00002fc7    0000002b     ST7735.o (.rodata._ZL5Rcmd3)
                  00002ff2    00000016     ST7735.o (.rodata.str1.10454047957466484921)
                  00003008    0000000d     ST7735.o (.rodata._ZL10Rcmd2green)
                  00003015    0000000d     ST7735.o (.rodata._ZL8Rcmd2red)
                  00003022    00000008     ST7735.o (.rodata.str1.47795681660940027721)
                  0000302a    00000007     ST7735.o (.rodata.str1.144587199919105078391)
                  00003031    00000007     ST7735.o (.rodata.str1.65889865058515175131)
                  00003038    00000004     Lab9HMain.o (.rodata.str1.36435047076059183751)
                  0000303c    00000004     Lab9HMain.o (.rodata.str1.73537796465405190331)
                  00003040    00000002     ST7735.o (.rodata.str1.12956530834739612181)
                  00003042    00000002     Lab9HMain.o (.rodata.str1.56748971971382791101)
                  00003044    00000004     --HOLE-- [fill = 0]

.init_array 
*          0    00003048    00000008     
                  00003048    00000004     Lab9HMain.o (.init_array)
                  0000304c    00000004     --HOLE-- [fill = 0]

.data      0    20200000    00000355     UNINITIALIZED
                  20200000    00000140     Map.o (.data.map)
                  20200140    000000f0     libc.a : defs.c.obj (.data._ftable)
                  20200230    00000078     libsysbm.a : host_device.c.obj (.data._device)
                  202002a8    00000050                : host_device.c.obj (.data._stream)
                  202002f8    00000014     Lab9HMain.o (.data.Sensor)
                  2020030c    0000000c     Lab9HMain.o (.data.player1)
                  20200318    0000000c     Lab9HMain.o (.data.player2)
                  20200324    00000008     libc.a : exit.c.obj (.data..L_MergedGlobals)
                  2020032c    00000004     Clock.o (.data.BusFreq)
                  20200330    00000004     ST7735.o (.data.StX)
                  20200334    00000004     ST7735.o (.data.StY)
                  20200338    00000004     libc.a : defs.c.obj (.data.__TI_ft_end)
                  2020033c    00000004            : _lock.c.obj (.data._lock)
                  20200340    00000004            : _lock.c.obj (.data._unlock)
                  20200344    00000002     ST7735.o (.data.StTextColor)
                  20200346    00000002     ST7735.o (.data._ZL6_width)
                  20200348    00000002     ST7735.o (.data._ZL7_height)
                  2020034a    00000002     --HOLE--
                  2020034c    00000001     libsysbm.a : add_device.c.obj (.data.add_device.device_init)
                  2020034d    00000003     --HOLE--
                  20200350    00000001     libc.a : memory.c.obj (.data.memory_is_initialized)
                  20200351    00000003     --HOLE--
                  20200354    00000001     libsysbm.a : open.c.obj (.data.open.stream_init)

.sysmem    0    20200358    00000200     UNINITIALIZED
                  20200358    00000010     libc.a : memory.c.obj (.sysmem)
                  20200368    000001f0     --HOLE--

.bss       0    20200558    000001d7     UNINITIALIZED
                  20200558    00000120     libsysbm.a : trgmsg.c.obj (.bss:_CIOBUF_)
                  20200678    000000a0     libc.a : defs.c.obj (.bss.__TI_tmpnams)
                  20200718    00000008     libsysbm.a : hostopen.c.obj (.bss.parmbuf)
                  20200720    00000004     TExaS.o (.bss.TExaSLogic)
                  20200724    00000004     TExaS.o (.bss.TExaSadc)
                  20200728    00000004     libc.a : memory.c.obj (.bss.sys_free)
                  2020072c    00000001     ST7735.o (.bss._ZL8ColStart)
                  2020072d    00000001     ST7735.o (.bss._ZL8RowStart)
                  2020072e    00000001     ST7735.o (.bss._ZL8TabColor)

.stack     0    20207e00    00000200     UNINITIALIZED
                  20207e00    00000004     libc.a : boot_cortex_m.c.obj (.stack)
                  20207e04    000001fc     --HOLE--

__llvm_prf_cnts 
*          0    20200000    00000000     UNINITIALIZED

__llvm_prf_bits 
*          0    20200000    00000000     UNINITIALIZED

MODULE SUMMARY

       Module                         code   ro data   rw data
       ------                         ----   -------   -------
    ./
       ST7735.o                       2636   1449      17     
       Map.o                          292    768       320    
       Player.o                       458    896       0      
       Clock.o                        516    0         4      
       Lab9HMain.o                    410    14        44     
       SPI.o                          440    0         0      
       LaunchPad.o                    180    0         0      
       Switch.o                       164    0         0      
       TExaS.o                        64     0         8      
       SlidePot.o                     26     0         0      
       Sound.o                        2      0         0      
    +--+------------------------------+------+---------+---------+
       Total:                         5188   3127      393    
                                                              
    ./ticlang/
       startup_mspm0g3507_ticlang.o   60     192       0      
    +--+------------------------------+------+---------+---------+
       Total:                         60     192       0      
                                                              
    /Applications/ti/ccs2000/ccs/tools/compiler/ti-cgt-armllvm_4.0.1.LTS/lib/armv6m-ti-none-eabi/c/libc.a
       memory.c.obj                   702    0         5      
       fopen.c.obj                    556    0         0      
       defs.c.obj                     0      0         404    
       setvbuf.c.obj                  224    0         0      
       getdevice.c.obj                160    0         0      
       strcmp-armv6m.S.obj            136    0         0      
       copy_decompress_lzss.c.obj     124    0         0      
       fclose.c.obj                   124    0         0      
       autoinit.c.obj                 84     0         0      
       fflush.c.obj                   82     0         0      
       exit.c.obj                     56     0         8      
       boot_cortex_m.c.obj            40     0         0      
       copy_zero_init.c.obj           22     0         0      
       copy_decompress_none.c.obj     18     0         0      
       memcpy16.S.obj                 18     0         0      
       memset16.S.obj                 14     0         0      
       _lock.c.obj                    2      0         8      
       pre_init.c.obj                 4      0         0      
    +--+------------------------------+------+---------+---------+
       Total:                         2366   0         425    
                                                              
    /Applications/ti/ccs2000/ccs/tools/compiler/ti-cgt-armllvm_4.0.1.LTS/lib/armv6m-ti-none-eabi/c/libsysbm.a
       trgmsg.c.obj                   104    0         288    
       add_device.c.obj               236    0         1      
       host_device.c.obj              0      0         200    
       open.c.obj                     160    0         1      
       hostrename.c.obj               136    0         0      
       hostlseek.c.obj                108    0         0      
       hostopen.c.obj                 96     0         8      
       hostread.c.obj                 88     0         0      
       hostwrite.c.obj                88     0         0      
       close.c.obj                    80     0         0      
       hostclose.c.obj                72     0         0      
       hostunlink.c.obj               72     0         0      
       unlink.c.obj                   44     0         0      
       write.c.obj                    40     0         0      
       remove.c.obj                   8      0         0      
    +--+------------------------------+------+---------+---------+
       Total:                         1332   0         498    
                                                              
    /Applications/ti/ccs2000/ccs/tools/compiler/ti-cgt-armllvm_4.0.1.LTS/lib/armv6m-ti-none-eabi/libclang_rt.builtins.a
       aeabi_uidivmod.S.obj           64     0         0      
       aeabi_memset.S.obj             12     0         0      
       aeabi_memcpy.S.obj             8      0         0      
       aeabi_div0.c.obj               2      0         0      
    +--+------------------------------+------+---------+---------+
       Total:                         86     0         0      
                                                              
       Heap:                          0      0         512    
       Stack:                         0      0         512    
       Linker Generated:              0      216       0      
    +--+------------------------------+------+---------+---------+
       Grand Total:                   9032   3535      2340   


LINKER GENERATED COPY TABLES

__TI_cinit_table @ 00003118 records: 2, size/record: 8, table size: 16
	.data: load addr=00003050, load size=000000b4 bytes, run addr=20200000, run size=00000355 bytes, compression=lzss
	.bss: load addr=00003110, load size=00000008 bytes, run addr=20200558, run size=000001d7 bytes, compression=zero_init


LINKER GENERATED HANDLER TABLE

__TI_handler_table @ 00003104 records: 3, size/record: 4, table size: 12
	index: 0, handler: __TI_decompress_lzss
	index: 1, handler: __TI_decompress_none
	index: 2, handler: __TI_zero_init


GLOBAL SYMBOLS: SORTED ALPHABETICALLY BY Name 

address   name                         
-------   ----                         
000021ad  ADC0_IRQHandler              
000021ad  ADC1_IRQHandler              
000021ad  AES_IRQHandler               
2020032c  BusFreq                      
0000240c  C$$EXIT                      
00001f15  C$$IO$$                      
000021ad  CANFD0_IRQHandler            
000021ad  DAC0_IRQHandler              
000021ad  DMA_IRQHandler               
000021ad  Default_Handler              
000021ad  GROUP0_IRQHandler            
000021ad  GROUP1_IRQHandler            
00001b9d  HOSTclose                    
00001795  HOSTlseek                    
0000193d  HOSTopen                     
0000199d  HOSTread                     
00001801  HOSTrename                   
00001be5  HOSTunlink                   
000019f5  HOSTwrite                    
000021c9  HardFault_Handler            
000021ad  I2C0_IRQHandler              
000021ad  I2C1_IRQHandler              
000021ad  NMI_Handler                  
000021ad  PendSV_Handler               
000021ad  RTC_IRQHandler               
00002409  Reset_Handler                
00003048  SHT$$INIT_ARRAY$$Base        
0000304c  SHT$$INIT_ARRAY$$Limit       
000021ad  SPI0_IRQHandler              
000021ad  SPI1_IRQHandler              
000021ad  SVC_Handler                  
202002f8  Sensor                       
20200344  StTextColor                  
20200330  StX                          
20200334  StY                          
000011cf  SysTick_Handler              
20200720  TExaSLogic                   
20200724  TExaSadc                     
000021ad  TIMA0_IRQHandler             
000021ad  TIMA1_IRQHandler             
000021ad  TIMG0_IRQHandler             
000020a1  TIMG12_IRQHandler            
000021ad  TIMG6_IRQHandler             
00001c75  TIMG7_IRQHandler             
000021ad  TIMG8_IRQHandler             
0000231d  TI_memcpy_small              
00002399  TI_memset_small              
000021ad  UART0_IRQHandler             
000021ad  UART1_IRQHandler             
000021ad  UART2_IRQHandler             
000021ad  UART3_IRQHandler             
20200558  _CIOBUF_                     
000023a9  _Z10Clock_Freqv              
00002351  _Z11Clock_Delayj             
00001d75  _Z11SPI_OutDatac             
0000229d  _Z11ST7735_openPKcji         
000022b3  _Z11ST7735_readiPcj          
000020c9  _Z11Switch_Initv             
00002253  _Z11Switch_P1B1v             
000022df  _Z11Switch_P1B2v             
0000130d  _Z12ST7735_InitR10initRFlags 
000023d9  _Z12ST7735_closei            
0000236f  _Z12ST7735_lseekili          
00001de5  _Z12ST7735_writeiPKcj        
000023b5  _Z13ST7735_renamePKcS0_      
000023e3  _Z13ST7735_unlinkPKc         
00001e19  _Z14Clock_Delay1msj          
0000153d  _Z14LaunchPad_Initv          
00001c2d  _Z14SPI_OutCommandc          
00000f8d  _Z14ST7735_OutCharc          
00001dad  _Z15ActivatePortA_Bv         
000002d1  _Z15Clock_Init80MHzi         
0000089d  _Z15ST7735_FillRectsssst     
00000485  _Z16ST7735_DrawCharSsscssh   
00001725  _Z16ST7735_DrawPixelsst      
00002169  _Z16ST7735_OutStringPc       
00001e4d  _Z16ST7735_SetCursorjj       
000000c1  _Z17ST7735_DrawBitmapssPKtss 
000014b9  _Z17ST7735_DrawStringttPcs   
00002049  _Z17ST7735_FillScreent       
00001271  _Z17ST7735_InitPrintfv       
000021e5  _Z22Switch_MenuDownPressedv  
0000226b  _Z24Switch_MenuSelectPressedv
00000779  _Z7DrawMapv                  
000023ed  _Z8PLL_Initv                 
00000be1  _Z8SPI_Initv                 
00001cb5  _Z9SPI_Resetv                
00002201  _Z9Switch_Inv                
000016b1  _ZN6Player4moveEaa           
00002019  _ZN6PlayerC1Ehhb             
00002019  _ZN6PlayerC2Ehhb             
00002239  _ZN8SlidePotC1Ejj            
00002239  _ZN8SlidePotC2Ejj            
00001a4d  _ZNK6Player4drawEv           
0000105d  _ZNK6Player5eraseEv          
20200558  __CIOBUF_                    
20208000  __STACK_END                  
00000200  __STACK_SIZE                 
00000200  __SYSMEM_SIZE                
00000000  __TI_ATRegion0_region_sz     
00000000  __TI_ATRegion0_src_addr      
00000000  __TI_ATRegion0_trg_addr      
00000000  __TI_ATRegion1_region_sz     
00000000  __TI_ATRegion1_src_addr      
00000000  __TI_ATRegion1_trg_addr      
00000000  __TI_ATRegion2_region_sz     
00000000  __TI_ATRegion2_src_addr      
00000000  __TI_ATRegion2_trg_addr      
00003118  __TI_CINIT_Base              
00003128  __TI_CINIT_Limit             
00003128  __TI_CINIT_Warm              
00003104  __TI_Handler_Table_Base      
00003110  __TI_Handler_Table_Limit     
00001aa5  __TI_auto_init_nobinit       
00001e81  __TI_cleanup                 
20200324  __TI_cleanup_ptr             
000015b9  __TI_closefile               
00001635  __TI_decompress_lzss         
0000232f  __TI_decompress_none         
00001af9  __TI_doflush                 
20200328  __TI_dtors_ptr               
20200338  __TI_ft_end                  
ffffffff  __TI_pprof_out_hndl          
ffffffff  __TI_prof_data_size          
ffffffff  __TI_prof_data_start         
00001eb5  __TI_readmsg                 
00000000  __TI_static_base__           
20200678  __TI_tmpnams                 
00001ee9  __TI_writemsg                
000022c9  __TI_zero_init_nomemset      
00001b4b  __aeabi_idiv0                
000023c1  __aeabi_memclr               
000023c1  __aeabi_memclr4              
000023c1  __aeabi_memclr8              
000023f9  __aeabi_memcpy               
000023f9  __aeabi_memcpy4              
000023f9  __aeabi_memcpy8              
00001cf5  __aeabi_uidiv                
00001cf5  __aeabi_uidivmod             
ffffffff  __binit__                    
UNDEFED   __mpu_init                   
20207e00  __stack                      
20200000  __start___llvm_prf_bits      
20200000  __start___llvm_prf_cnts      
20200000  __stop___llvm_prf_bits       
20200000  __stop___llvm_prf_cnts       
00002141  _c_int00_noargs              
20200230  _device                      
20200140  _ftable                      
2020033c  _lock                        
00002047  _nop                         
202002a8  _stream                      
20200358  _sys_memory                  
UNDEFED   _system_post_cinit           
0000142d  _system_pre_init             
20200340  _unlock                      
0000240d  abort                        
00000cd9  add_device                   
00000acd  aligned_alloc                
ffffffff  binit                        
00001b4d  close                        
00001f1d  exit                         
00001f51  finddevice                   
00001fe9  fopen                        
00000dc5  free                         
00001f85  freopen                      
0000186d  getdevice                    
00000000  interruptVectors             
000009b5  main                         
000023cd  malloc                       
20200000  map                          
00000acd  memalign                     
000011d1  open                         
20200718  parmbuf                      
2020030c  player1                      
20200318  player2                      
00002401  remove                       
00000ead  setvbuf                      
00001431  strcmp                       
00002075  unlink                       
00002119  write                        


GLOBAL SYMBOLS: SORTED BY Symbol Address 

address   name                         
-------   ----                         
00000000  __TI_ATRegion0_region_sz     
00000000  __TI_ATRegion0_src_addr      
00000000  __TI_ATRegion0_trg_addr      
00000000  __TI_ATRegion1_region_sz     
00000000  __TI_ATRegion1_src_addr      
00000000  __TI_ATRegion1_trg_addr      
00000000  __TI_ATRegion2_region_sz     
00000000  __TI_ATRegion2_src_addr      
00000000  __TI_ATRegion2_trg_addr      
00000000  __TI_static_base__           
00000000  interruptVectors             
000000c1  _Z17ST7735_DrawBitmapssPKtss 
00000200  __STACK_SIZE                 
00000200  __SYSMEM_SIZE                
000002d1  _Z15Clock_Init80MHzi         
00000485  _Z16ST7735_DrawCharSsscssh   
00000779  _Z7DrawMapv                  
0000089d  _Z15ST7735_FillRectsssst     
000009b5  main                         
00000acd  aligned_alloc                
00000acd  memalign                     
00000be1  _Z8SPI_Initv                 
00000cd9  add_device                   
00000dc5  free                         
00000ead  setvbuf                      
00000f8d  _Z14ST7735_OutCharc          
0000105d  _ZNK6Player5eraseEv          
000011cf  SysTick_Handler              
000011d1  open                         
00001271  _Z17ST7735_InitPrintfv       
0000130d  _Z12ST7735_InitR10initRFlags 
0000142d  _system_pre_init             
00001431  strcmp                       
000014b9  _Z17ST7735_DrawStringttPcs   
0000153d  _Z14LaunchPad_Initv          
000015b9  __TI_closefile               
00001635  __TI_decompress_lzss         
000016b1  _ZN6Player4moveEaa           
00001725  _Z16ST7735_DrawPixelsst      
00001795  HOSTlseek                    
00001801  HOSTrename                   
0000186d  getdevice                    
0000193d  HOSTopen                     
0000199d  HOSTread                     
000019f5  HOSTwrite                    
00001a4d  _ZNK6Player4drawEv           
00001aa5  __TI_auto_init_nobinit       
00001af9  __TI_doflush                 
00001b4b  __aeabi_idiv0                
00001b4d  close                        
00001b9d  HOSTclose                    
00001be5  HOSTunlink                   
00001c2d  _Z14SPI_OutCommandc          
00001c75  TIMG7_IRQHandler             
00001cb5  _Z9SPI_Resetv                
00001cf5  __aeabi_uidiv                
00001cf5  __aeabi_uidivmod             
00001d75  _Z11SPI_OutDatac             
00001dad  _Z15ActivatePortA_Bv         
00001de5  _Z12ST7735_writeiPKcj        
00001e19  _Z14Clock_Delay1msj          
00001e4d  _Z16ST7735_SetCursorjj       
00001e81  __TI_cleanup                 
00001eb5  __TI_readmsg                 
00001ee9  __TI_writemsg                
00001f15  C$$IO$$                      
00001f1d  exit                         
00001f51  finddevice                   
00001f85  freopen                      
00001fe9  fopen                        
00002019  _ZN6PlayerC1Ehhb             
00002019  _ZN6PlayerC2Ehhb             
00002047  _nop                         
00002049  _Z17ST7735_FillScreent       
00002075  unlink                       
000020a1  TIMG12_IRQHandler            
000020c9  _Z11Switch_Initv             
00002119  write                        
00002141  _c_int00_noargs              
00002169  _Z16ST7735_OutStringPc       
000021ad  ADC0_IRQHandler              
000021ad  ADC1_IRQHandler              
000021ad  AES_IRQHandler               
000021ad  CANFD0_IRQHandler            
000021ad  DAC0_IRQHandler              
000021ad  DMA_IRQHandler               
000021ad  Default_Handler              
000021ad  GROUP0_IRQHandler            
000021ad  GROUP1_IRQHandler            
000021ad  I2C0_IRQHandler              
000021ad  I2C1_IRQHandler              
000021ad  NMI_Handler                  
000021ad  PendSV_Handler               
000021ad  RTC_IRQHandler               
000021ad  SPI0_IRQHandler              
000021ad  SPI1_IRQHandler              
000021ad  SVC_Handler                  
000021ad  TIMA0_IRQHandler             
000021ad  TIMA1_IRQHandler             
000021ad  TIMG0_IRQHandler             
000021ad  TIMG6_IRQHandler             
000021ad  TIMG8_IRQHandler             
000021ad  UART0_IRQHandler             
000021ad  UART1_IRQHandler             
000021ad  UART2_IRQHandler             
000021ad  UART3_IRQHandler             
000021c9  HardFault_Handler            
000021e5  _Z22Switch_MenuDownPressedv  
00002201  _Z9Switch_Inv                
00002239  _ZN8SlidePotC1Ejj            
00002239  _ZN8SlidePotC2Ejj            
00002253  _Z11Switch_P1B1v             
0000226b  _Z24Switch_MenuSelectPressedv
0000229d  _Z11ST7735_openPKcji         
000022b3  _Z11ST7735_readiPcj          
000022c9  __TI_zero_init_nomemset      
000022df  _Z11Switch_P1B2v             
0000231d  TI_memcpy_small              
0000232f  __TI_decompress_none         
00002351  _Z11Clock_Delayj             
0000236f  _Z12ST7735_lseekili          
00002399  TI_memset_small              
000023a9  _Z10Clock_Freqv              
000023b5  _Z13ST7735_renamePKcS0_      
000023c1  __aeabi_memclr               
000023c1  __aeabi_memclr4              
000023c1  __aeabi_memclr8              
000023cd  malloc                       
000023d9  _Z12ST7735_closei            
000023e3  _Z13ST7735_unlinkPKc         
000023ed  _Z8PLL_Initv                 
000023f9  __aeabi_memcpy               
000023f9  __aeabi_memcpy4              
000023f9  __aeabi_memcpy8              
00002401  remove                       
00002409  Reset_Handler                
0000240c  C$$EXIT                      
0000240d  abort                        
00003048  SHT$$INIT_ARRAY$$Base        
0000304c  SHT$$INIT_ARRAY$$Limit       
00003104  __TI_Handler_Table_Base      
00003110  __TI_Handler_Table_Limit     
00003118  __TI_CINIT_Base              
00003128  __TI_CINIT_Limit             
00003128  __TI_CINIT_Warm              
20200000  __start___llvm_prf_bits      
20200000  __start___llvm_prf_cnts      
20200000  __stop___llvm_prf_bits       
20200000  __stop___llvm_prf_cnts       
20200000  map                          
20200140  _ftable                      
20200230  _device                      
202002a8  _stream                      
202002f8  Sensor                       
2020030c  player1                      
20200318  player2                      
20200324  __TI_cleanup_ptr             
20200328  __TI_dtors_ptr               
2020032c  BusFreq                      
20200330  StX                          
20200334  StY                          
20200338  __TI_ft_end                  
2020033c  _lock                        
20200340  _unlock                      
20200344  StTextColor                  
20200358  _sys_memory                  
20200558  _CIOBUF_                     
20200558  __CIOBUF_                    
20200678  __TI_tmpnams                 
20200718  parmbuf                      
20200720  TExaSLogic                   
20200724  TExaSadc                     
20207e00  __stack                      
20208000  __STACK_END                  
ffffffff  __TI_pprof_out_hndl          
ffffffff  __TI_prof_data_size          
ffffffff  __TI_prof_data_start         
ffffffff  __binit__                    
ffffffff  binit                        
UNDEFED   __mpu_init                   
UNDEFED   _system_post_cinit           

[181 symbols]
