******************************************************************************
            TI ARM Clang Linker Unix v4.0.1                    
******************************************************************************
>> Linked Sat Apr 19 21:30:57 2025

OUTPUT FILE NAME:   <ECE319K_Lab9H.out>
ENTRY POINT SYMBOL: "_c_int00_noargs"  address: 00002649


MEMORY CONFIGURATION

         name            origin    length      used     unused   attr    fill
----------------------  --------  ---------  --------  --------  ----  --------
  FLASH                 00000000   00020000  00003810  0001c7f0  R  X
  SRAM                  20200000   00008000  0000093c  000076c4  RW X
  BCR_CONFIG            41c00000   00000080  00000000  00000080  R   
  BSL_CONFIG            41c00100   00000080  00000000  00000080  R   


SEGMENT ALLOCATION MAP

run origin  load origin   length   init length attrs members
----------  ----------- ---------- ----------- ----- -------
00000000    00000000    00003810   00003810    r-x
  00000000    00000000    000000c0   000000c0    r-- .intvecs
  000000c0    000000c0    000028a0   000028a0    r-x .text
  00002960    00002960    00000db8   00000db8    r-- .rodata
  00003718    00003718    00000008   00000008    r-- .init_array
  00003720    00003720    000000f0   000000f0    r-- .cinit
20200000    20200000    0000073f   00000000    rw-
  20200000    20200000    00000355   00000000    rw- .data
  20200358    20200358    00000200   00000000    rw- .sysmem
  20200558    20200558    000001e7   00000000    rw- .bss
20207e00    20207e00    00000200   00000000    rw-
  20207e00    20207e00    00000200   00000000    rw- .stack


SECTION ALLOCATION MAP

 output                                  attributes/
section   page    origin      length       input sections
--------  ----  ----------  ----------   ----------------
.intvecs   0    00000000    000000c0     
                  00000000    000000c0     startup_mspm0g3507_ticlang.o (.intvecs)

.binit     0    00000000    00000000     

.text      0    000000c0    000028a0     
                  000000c0    00000210     ST7735.o (.text._Z17ST7735_DrawBitmapssPKtss)
                  000002d0    000001b4     Clock.o (.text._Z15Clock_Init80MHzi)
                  00000484    000001a0     ST7735.o (.text._Z16ST7735_DrawCharSsscssh)
                  00000624    00000154     libc.a : fopen.c.obj (.text._openfile)
                  00000778    00000124     Map.o (.text._Z7DrawMapv)
                  0000089c    00000120     Player.o (.text._ZN6Player4moveEaa)
                  000009bc    00000118     ST7735.o (.text._Z15ST7735_FillRectsssst)
                  00000ad4    00000114     libc.a : memory.c.obj (.text.aligned_alloc)
                  00000be8    00000114     Lab9HMain.o (.text.main)
                  00000cfc    0000010c     Player.o (.text._ZNK6Player5eraseEv)
                  00000e08    000000f8     SPI.o (.text._Z8SPI_Initv)
                  00000f00    000000f8     Player.o (.text._ZN6Player11collectItemEv)
                  00000ff8    000000ec     libsysbm.a : add_device.c.obj (.text.add_device)
                  000010e4    000000e8     libc.a : memory.c.obj (.text.free)
                  000011cc    000000e0            : setvbuf.c.obj (.text.setvbuf)
                  000012ac    000000d0     ST7735.o (.text._Z14ST7735_OutCharc)
                  0000137c    000000b8     Map.o (.text._Z11DrawPowerUp11PowerupTypeb)
                  00001434    000000a2     ST7735.o (.text._ZL11commandListPKh)
                  000014d6    00000002     Sound.o (.text.SysTick_Handler)
                  000014d8    000000a0     libsysbm.a : open.c.obj (.text.open)
                  00001578    0000009c     ST7735.o (.text._Z17ST7735_InitPrintfv)
                  00001614    00000098     ST7735.o (.text._Z12ST7735_InitR10initRFlags)
                  000016ac    0000008c     Map.o (.text._Z14DrawScoreBoardv)
                  00001738    00000088     ST7735.o (.text._ZL13setAddrWindowhhhh)
                  000017c0    00000088     libc.a : strcmp-armv6m.S.obj (.text:strcmp)
                  00001848    00000084     ST7735.o (.text._Z14ST7735_OutUDecj)
                  000018cc    00000084     ST7735.o (.text._Z17ST7735_DrawStringttPcs)
                  00001950    0000007c     LaunchPad.o (.text._Z14LaunchPad_Initv)
                  000019cc    0000007c     libc.a : fclose.c.obj (.text.__TI_closefile)
                  00001a48    0000007c            : copy_decompress_lzss.c.obj (.text:decompress:lzss)
                  00001ac4    00000074     Player.o (.text._ZN6Player10usePowerupEv)
                  00001b38    00000070     ST7735.o (.text._Z16ST7735_DrawPixelsst)
                  00001ba8    0000006c     libsysbm.a : hostlseek.c.obj (.text.HOSTlseek)
                  00001c14    0000006c                : hostrename.c.obj (.text.HOSTrename)
                  00001c80    0000006c     libc.a : getdevice.c.obj (.text.getdevice)
                  00001cec    00000064            : memory.c.obj (.text.split)
                  00001d50    00000060     libsysbm.a : hostopen.c.obj (.text.HOSTopen)
                  00001db0    00000058                : hostread.c.obj (.text.HOSTread)
                  00001e08    00000058                : hostwrite.c.obj (.text.HOSTwrite)
                  00001e60    00000058     Player.o (.text._ZNK6Player4drawEv)
                  00001eb8    00000054     ST7735.o (.text._Z11fillmessagej)
                  00001f0c    00000054     libc.a : autoinit.c.obj (.text:__TI_auto_init_nobinit)
                  00001f60    00000052            : fflush.c.obj (.text.__TI_doflush)
                  00001fb2    00000002     libclang_rt.builtins.a : aeabi_div0.c.obj (.text.__aeabi_idiv0)
                  00001fb4    00000050     libsysbm.a : close.c.obj (.text.close)
                  00002004    00000048                : hostclose.c.obj (.text.HOSTclose)
                  0000204c    00000048                : hostunlink.c.obj (.text.HOSTunlink)
                  00002094    00000048     SPI.o (.text._Z14SPI_OutCommandc)
                  000020dc    00000040     TExaS.o (.text.TIMG7_IRQHandler)
                  0000211c    00000040     SPI.o (.text._Z9SPI_Resetv)
                  0000215c    00000040     Player.o (.text._ZN6PlayerC2Ehhbh)
                  0000219c    00000040     libclang_rt.builtins.a : aeabi_uidivmod.S.obj (.text.__aeabi_uidivmod)
                  000021dc    00000040     libc.a : fopen.c.obj (.text._search_fp)
                  0000221c    0000003c     Map.o (.text._Z10UpdateCoinii)
                  00002258    00000038     SPI.o (.text._Z11SPI_OutDatac)
                  00002290    00000038     LaunchPad.o (.text._Z15ActivatePortA_Bv)
                  000022c8    00000034     ST7735.o (.text._Z12ST7735_writeiPKcj)
                  000022fc    00000034     Clock.o (.text._Z14Clock_Delay1msj)
                  00002330    00000034     ST7735.o (.text._Z16ST7735_SetCursorjj)
                  00002364    00000034     libc.a : fopen.c.obj (.text.__TI_cleanup)
                  00002398    00000034     libsysbm.a : trgmsg.c.obj (.text.__TI_readmsg)
                  000023cc    00000034                : trgmsg.c.obj (.text.__TI_writemsg)
                  00002400    00000034     libc.a : exit.c.obj (.text.exit)
                  00002434    00000034            : getdevice.c.obj (.text.finddevice)
                  00002468    00000034            : fopen.c.obj (.text.freopen)
                  0000249c    00000030     ST7735.o (.text._ZL10commonInitPKh)
                  000024cc    00000030     libc.a : fopen.c.obj (.text.fopen)
                  000024fc    0000002c     ST7735.o (.text._Z17ST7735_FillScreent)
                  00002528    0000002c     libsysbm.a : unlink.c.obj (.text.unlink)
                  00002554    0000002a     Switch.o (.text._Z10temppickupv)
                  0000257e    0000002a     Switch.o (.text._Z7tempusev)
                  000025a8    00000028     Lab9HMain.o (.text.TIMG12_IRQHandler)
                  000025d0    00000028     Switch.o (.text._Z11Switch_Initv)
                  000025f8    00000028     libc.a : memory.c.obj (.text.free_list_insert)
                  00002620    00000028     libsysbm.a : write.c.obj (.text.write)
                  00002648    00000028     libc.a : boot_cortex_m.c.obj (.text:_c_int00_noargs)
                  00002670    00000026     ST7735.o (.text._Z16ST7735_OutStringPc)
                  00002696    00000024     Player.o (.text._ZN6Player10setPowerupE11PowerupType)
                  000026ba    0000001e     ST7735.o (.text._ZL9pushColort)
                  000026d8    0000001c     startup_mspm0g3507_ticlang.o (.text.Default_Handler)
                  000026f4    0000001c     startup_mspm0g3507_ticlang.o (.text.HardFault_Handler)
                  00002710    0000001c     Switch.o (.text._Z22Switch_MenuDownPressedv)
                  0000272c    0000001c     Switch.o (.text._Z9Switch_Inv)
                  00002748    0000001c     Lab9HMain.o (.text.__cxx_global_var_init.1)
                  00002764    0000001c     Lab9HMain.o (.text.__cxx_global_var_init.2)
                  00002780    0000001c     libc.a : memory.c.obj (.text.free_list_remove)
                  0000279c    0000001a     SlidePot.o (.text._ZN8SlidePotC2Ejj)
                  000027b6    00000018     Switch.o (.text._Z11Switch_P1B1v)
                  000027ce    00000018     Switch.o (.text._Z24Switch_MenuSelectPressedv)
                  000027e6    00000002     libc.a : _lock.c.obj (.text._nop)
                  000027e8    00000018     Lab9HMain.o (.text.__cxx_global_var_init)
                  00002800    00000016     ST7735.o (.text._Z11ST7735_openPKcji)
                  00002816    00000016     ST7735.o (.text._Z11ST7735_readiPcj)
                  0000282c    00000016     libc.a : copy_zero_init.c.obj (.text:decompress:ZI:__TI_zero_init_nomemset)
                  00002842    00000014     Switch.o (.text._Z11Switch_P1B2v)
                  00002856    00000012     libc.a : memcpy16.S.obj (.text:TI_memcpy_small)
                  00002868    00000012            : copy_decompress_none.c.obj (.text:decompress:none)
                  0000287a    00000010     Lab9HMain.o (.text._GLOBAL__sub_I_Lab9HMain.cpp)
                  0000288a    00000010     Clock.o (.text._Z11Clock_Delayj)
                  0000289a    0000000e     libc.a : memory.c.obj (.text.OUTLINED_FUNCTION_0)
                  000028a8    0000000e     ST7735.o (.text._Z12ST7735_lseekili)
                  000028b6    0000000e     libsysbm.a : hostrename.c.obj (.text.strcpy)
                  000028c4    0000000e                : hostrename.c.obj (.text.strlen)
                  000028d2    0000000e     libc.a : memset16.S.obj (.text:TI_memset_small)
                  000028e0    0000000c     Clock.o (.text._Z10Clock_Freqv)
                  000028ec    0000000c     ST7735.o (.text._Z13ST7735_renamePKcS0_)
                  000028f8    0000000c     Player.o (.text._ZNK6Player10getPowerupEv)
                  00002904    0000000c     libclang_rt.builtins.a : aeabi_memset.S.obj (.text.__aeabi_memclr)
                  00002910    0000000c     libc.a : memory.c.obj (.text.malloc)
                  0000291c    0000000a     ST7735.o (.text._Z12ST7735_closei)
                  00002926    0000000a     ST7735.o (.text._Z13ST7735_unlinkPKc)
                  00002930    0000000a     Lab9HMain.o (.text._Z8PLL_Initv)
                  0000293a    00000002     --HOLE-- [fill = 0]
                  0000293c    00000008     libclang_rt.builtins.a : aeabi_memcpy.S.obj (.text.__aeabi_memcpy)
                  00002944    00000008     libsysbm.a : remove.c.obj (.text.remove)
                  0000294c    00000004     startup_mspm0g3507_ticlang.o (.text.Reset_Handler)
                  00002950    00000004     libc.a : pre_init.c.obj (.text._system_pre_init)
                  00002954    00000004            : exit.c.obj (.text:abort)
                  00002958    00000008     --HOLE-- [fill = 0]

.cinit     0    00003720    000000f0     
                  00003720    000000cc     (.cinit..data.load) [load image, compression = lzss]
                  000037ec    0000000c     (__TI_handler_table)
                  000037f8    00000008     (.cinit..bss.load) [load image, compression = zero_init]
                  00003800    00000010     (__TI_cinit_table)

.rodata    0    00002960    00000db8     
                  00002960    000004fb     ST7735.o (.rodata._ZL4Font)
                  00002e5b    00000001     --HOLE-- [fill = 0]
                  00002e5c    00000080     Map.o (.rodata._ZL10CoinSprite)
                  00002edc    00000080     Player.o (.rodata._ZL10CoinSprite)
                  00002f5c    00000080     Map.o (.rodata._ZL10MineSprite)
                  00002fdc    00000080     Player.o (.rodata._ZL10MineSprite)
                  0000305c    00000080     Map.o (.rodata._ZL10WallSprite)
                  000030dc    00000080     Player.o (.rodata._ZL10WallSprite)
                  0000315c    00000080     Map.o (.rodata._ZL11GhostSprite)
                  000031dc    00000080     Player.o (.rodata._ZL11GhostSprite)
                  0000325c    00000080     Map.o (.rodata._ZL11SpeedSprite)
                  000032dc    00000080     Player.o (.rodata._ZL11SpeedSprite)
                  0000335c    00000080     Map.o (.rodata._ZL12BorderSprite)
                  000033dc    00000080     Player.o (.rodata._ZL12BorderSprite)
                  0000345c    00000080     Player.o (.rodata._ZL12ChaserSprite)
                  000034dc    00000080     Player.o (.rodata._ZL12RunnerSprite)
                  0000355c    00000080     Map.o (.rodata._ZL5Black)
                  000035dc    00000080     Player.o (.rodata._ZL5Black)
                  0000365c    0000003b     ST7735.o (.rodata._ZL5Rcmd1)
                  00003697    0000002b     ST7735.o (.rodata._ZL5Rcmd3)
                  000036c2    00000016     ST7735.o (.rodata.str1.10454047957466484921)
                  000036d8    0000000d     ST7735.o (.rodata._ZL10Rcmd2green)
                  000036e5    0000000d     ST7735.o (.rodata._ZL8Rcmd2red)
                  000036f2    00000008     ST7735.o (.rodata.str1.47795681660940027721)
                  000036fa    00000007     ST7735.o (.rodata.str1.144587199919105078391)
                  00003701    00000007     ST7735.o (.rodata.str1.65889865058515175131)
                  00003708    00000004     Map.o (.rodata.str1.29466752115243444881)
                  0000370c    00000004     Map.o (.rodata.str1.37039636534899337951)
                  00003710    00000002     ST7735.o (.rodata.str1.12956530834739612181)
                  00003712    00000006     --HOLE-- [fill = 0]

.init_array 
*          0    00003718    00000008     
                  00003718    00000004     Lab9HMain.o (.init_array)
                  0000371c    00000004     --HOLE-- [fill = 0]

.data      0    20200000    00000355     UNINITIALIZED
                  20200000    00000140     Map.o (.data.map)
                  20200140    000000f0     libc.a : defs.c.obj (.data._ftable)
                  20200230    00000078     libsysbm.a : host_device.c.obj (.data._device)
                  202002a8    00000050                : host_device.c.obj (.data._stream)
                  202002f8    00000014     Lab9HMain.o (.data.Sensor)
                  2020030c    0000000c     Lab9HMain.o (.data.player1)
                  20200318    0000000c     Lab9HMain.o (.data.player2)
                  20200324    00000008     libc.a : exit.c.obj (.data..L_MergedGlobals)
                  2020032c    00000004     Clock.o (.data.BusFreq)
                  20200330    00000004     ST7735.o (.data.StX)
                  20200334    00000004     ST7735.o (.data.StY)
                  20200338    00000004     libc.a : defs.c.obj (.data.__TI_ft_end)
                  2020033c    00000004            : _lock.c.obj (.data._lock)
                  20200340    00000004            : _lock.c.obj (.data._unlock)
                  20200344    00000002     ST7735.o (.data.StTextColor)
                  20200346    00000002     ST7735.o (.data._ZL6_width)
                  20200348    00000002     ST7735.o (.data._ZL7_height)
                  2020034a    00000002     --HOLE--
                  2020034c    00000001     libsysbm.a : add_device.c.obj (.data.add_device.device_init)
                  2020034d    00000003     --HOLE--
                  20200350    00000001     libc.a : memory.c.obj (.data.memory_is_initialized)
                  20200351    00000003     --HOLE--
                  20200354    00000001     libsysbm.a : open.c.obj (.data.open.stream_init)

.sysmem    0    20200358    00000200     UNINITIALIZED
                  20200358    00000010     libc.a : memory.c.obj (.sysmem)
                  20200368    000001f0     --HOLE--

.bss       0    20200558    000001e7     UNINITIALIZED
                  20200558    00000120     libsysbm.a : trgmsg.c.obj (.bss:_CIOBUF_)
                  20200678    000000a0     libc.a : defs.c.obj (.bss.__TI_tmpnams)
                  20200718    0000000c     ST7735.o (.bss.Message)
                  20200724    00000008     libsysbm.a : hostopen.c.obj (.bss.parmbuf)
                  2020072c    00000004     ST7735.o (.bss.Messageindex)
                  20200730    00000004     TExaS.o (.bss.TExaSLogic)
                  20200734    00000004     TExaS.o (.bss.TExaSadc)
                  20200738    00000004     libc.a : memory.c.obj (.bss.sys_free)
                  2020073c    00000001     ST7735.o (.bss._ZL8ColStart)
                  2020073d    00000001     ST7735.o (.bss._ZL8RowStart)
                  2020073e    00000001     ST7735.o (.bss._ZL8TabColor)

.stack     0    20207e00    00000200     UNINITIALIZED
                  20207e00    00000004     libc.a : boot_cortex_m.c.obj (.stack)
                  20207e04    000001fc     --HOLE--

__llvm_prf_cnts 
*          0    20200000    00000000     UNINITIALIZED

__llvm_prf_bits 
*          0    20200000    00000000     UNINITIALIZED

MODULE SUMMARY

       Module                         code    ro data   rw data
       ------                         ----    -------   -------
    ./
       ST7735.o                       2852    1449      33     
       Player.o                       1120    1152      0      
       Map.o                          676     904       320    
       Clock.o                        516     0         4      
       Lab9HMain.o                    422     4         44     
       SPI.o                          440     0         0      
       Switch.o                       248     0         0      
       LaunchPad.o                    180     0         0      
       TExaS.o                        64      0         8      
       SlidePot.o                     26      0         0      
       Sound.o                        2       0         0      
    +--+------------------------------+-------+---------+---------+
       Total:                         6546    3509      409    
                                                               
    ./ticlang/
       startup_mspm0g3507_ticlang.o   60      192       0      
    +--+------------------------------+-------+---------+---------+
       Total:                         60      192       0      
                                                               
    /Applications/ti/ccs2000/ccs/tools/compiler/ti-cgt-armllvm_4.0.1.LTS/lib/armv6m-ti-none-eabi/c/libc.a
       memory.c.obj                   702     0         5      
       fopen.c.obj                    556     0         0      
       defs.c.obj                     0       0         404    
       setvbuf.c.obj                  224     0         0      
       getdevice.c.obj                160     0         0      
       strcmp-armv6m.S.obj            136     0         0      
       copy_decompress_lzss.c.obj     124     0         0      
       fclose.c.obj                   124     0         0      
       autoinit.c.obj                 84      0         0      
       fflush.c.obj                   82      0         0      
       exit.c.obj                     56      0         8      
       boot_cortex_m.c.obj            40      0         0      
       copy_zero_init.c.obj           22      0         0      
       copy_decompress_none.c.obj     18      0         0      
       memcpy16.S.obj                 18      0         0      
       memset16.S.obj                 14      0         0      
       _lock.c.obj                    2       0         8      
       pre_init.c.obj                 4       0         0      
    +--+------------------------------+-------+---------+---------+
       Total:                         2366    0         425    
                                                               
    /Applications/ti/ccs2000/ccs/tools/compiler/ti-cgt-armllvm_4.0.1.LTS/lib/armv6m-ti-none-eabi/c/libsysbm.a
       trgmsg.c.obj                   104     0         288    
       add_device.c.obj               236     0         1      
       host_device.c.obj              0       0         200    
       open.c.obj                     160     0         1      
       hostrename.c.obj               136     0         0      
       hostlseek.c.obj                108     0         0      
       hostopen.c.obj                 96      0         8      
       hostread.c.obj                 88      0         0      
       hostwrite.c.obj                88      0         0      
       close.c.obj                    80      0         0      
       hostclose.c.obj                72      0         0      
       hostunlink.c.obj               72      0         0      
       unlink.c.obj                   44      0         0      
       write.c.obj                    40      0         0      
       remove.c.obj                   8       0         0      
    +--+------------------------------+-------+---------+---------+
       Total:                         1332    0         498    
                                                               
    /Applications/ti/ccs2000/ccs/tools/compiler/ti-cgt-armllvm_4.0.1.LTS/lib/armv6m-ti-none-eabi/libclang_rt.builtins.a
       aeabi_uidivmod.S.obj           64      0         0      
       aeabi_memset.S.obj             12      0         0      
       aeabi_memcpy.S.obj             8       0         0      
       aeabi_div0.c.obj               2       0         0      
    +--+------------------------------+-------+---------+---------+
       Total:                         86      0         0      
                                                               
       Heap:                          0       0         512    
       Stack:                         0       0         512    
       Linker Generated:              0       240       0      
    +--+------------------------------+-------+---------+---------+
       Grand Total:                   10390   3941      2356   


LINKER GENERATED COPY TABLES

__TI_cinit_table @ 00003800 records: 2, size/record: 8, table size: 16
	.data: load addr=00003720, load size=000000cc bytes, run addr=20200000, run size=00000355 bytes, compression=lzss
	.bss: load addr=000037f8, load size=00000008 bytes, run addr=20200558, run size=000001e7 bytes, compression=zero_init


LINKER GENERATED HANDLER TABLE

__TI_handler_table @ 000037ec records: 3, size/record: 4, table size: 12
	index: 0, handler: __TI_decompress_lzss
	index: 1, handler: __TI_decompress_none
	index: 2, handler: __TI_zero_init


GLOBAL SYMBOLS: SORTED ALPHABETICALLY BY Name 

address   name                                
-------   ----                                
000026d9  ADC0_IRQHandler                     
000026d9  ADC1_IRQHandler                     
000026d9  AES_IRQHandler                      
2020032c  BusFreq                             
00002954  C$$EXIT                             
000023f9  C$$IO$$                             
000026d9  CANFD0_IRQHandler                   
000026d9  DAC0_IRQHandler                     
000026d9  DMA_IRQHandler                      
000026d9  Default_Handler                     
000026d9  GROUP0_IRQHandler                   
000026d9  GROUP1_IRQHandler                   
00002005  HOSTclose                           
00001ba9  HOSTlseek                           
00001d51  HOSTopen                            
00001db1  HOSTread                            
00001c15  HOSTrename                          
0000204d  HOSTunlink                          
00001e09  HOSTwrite                           
000026f5  HardFault_Handler                   
000026d9  I2C0_IRQHandler                     
000026d9  I2C1_IRQHandler                     
20200718  Message                             
2020072c  Messageindex                        
000026d9  NMI_Handler                         
000026d9  PendSV_Handler                      
000026d9  RTC_IRQHandler                      
0000294d  Reset_Handler                       
00003718  SHT$$INIT_ARRAY$$Base               
0000371c  SHT$$INIT_ARRAY$$Limit              
000026d9  SPI0_IRQHandler                     
000026d9  SPI1_IRQHandler                     
000026d9  SVC_Handler                         
202002f8  Sensor                              
20200344  StTextColor                         
20200330  StX                                 
20200334  StY                                 
000014d7  SysTick_Handler                     
20200730  TExaSLogic                          
20200734  TExaSadc                            
000026d9  TIMA0_IRQHandler                    
000026d9  TIMA1_IRQHandler                    
000026d9  TIMG0_IRQHandler                    
000025a9  TIMG12_IRQHandler                   
000026d9  TIMG6_IRQHandler                    
000020dd  TIMG7_IRQHandler                    
000026d9  TIMG8_IRQHandler                    
00002857  TI_memcpy_small                     
000028d3  TI_memset_small                     
000026d9  UART0_IRQHandler                    
000026d9  UART1_IRQHandler                    
000026d9  UART2_IRQHandler                    
000026d9  UART3_IRQHandler                    
20200558  _CIOBUF_                            
000028e1  _Z10Clock_Freqv                     
0000221d  _Z10UpdateCoinii                    
00002555  _Z10temppickupv                     
0000288b  _Z11Clock_Delayj                    
0000137d  _Z11DrawPowerUp11PowerupTypeb       
00002259  _Z11SPI_OutDatac                    
00002801  _Z11ST7735_openPKcji                
00002817  _Z11ST7735_readiPcj                 
000025d1  _Z11Switch_Initv                    
000027b7  _Z11Switch_P1B1v                    
00002843  _Z11Switch_P1B2v                    
00001eb9  _Z11fillmessagej                    
00001615  _Z12ST7735_InitR10initRFlags        
0000291d  _Z12ST7735_closei                   
000028a9  _Z12ST7735_lseekili                 
000022c9  _Z12ST7735_writeiPKcj               
000028ed  _Z13ST7735_renamePKcS0_             
00002927  _Z13ST7735_unlinkPKc                
000022fd  _Z14Clock_Delay1msj                 
000016ad  _Z14DrawScoreBoardv                 
00001951  _Z14LaunchPad_Initv                 
00002095  _Z14SPI_OutCommandc                 
000012ad  _Z14ST7735_OutCharc                 
00001849  _Z14ST7735_OutUDecj                 
00002291  _Z15ActivatePortA_Bv                
000002d1  _Z15Clock_Init80MHzi                
000009bd  _Z15ST7735_FillRectsssst            
00000485  _Z16ST7735_DrawCharSsscssh          
00001b39  _Z16ST7735_DrawPixelsst             
00002671  _Z16ST7735_OutStringPc              
00002331  _Z16ST7735_SetCursorjj              
000000c1  _Z17ST7735_DrawBitmapssPKtss        
000018cd  _Z17ST7735_DrawStringttPcs          
000024fd  _Z17ST7735_FillScreent              
00001579  _Z17ST7735_InitPrintfv              
00002711  _Z22Switch_MenuDownPressedv         
000027cf  _Z24Switch_MenuSelectPressedv       
00000779  _Z7DrawMapv                         
0000257f  _Z7tempusev                         
00002931  _Z8PLL_Initv                        
00000e09  _Z8SPI_Initv                        
0000211d  _Z9SPI_Resetv                       
0000272d  _Z9Switch_Inv                       
00002697  _ZN6Player10setPowerupE11PowerupType
00001ac5  _ZN6Player10usePowerupEv            
00000f01  _ZN6Player11collectItemEv           
0000089d  _ZN6Player4moveEaa                  
0000215d  _ZN6PlayerC1Ehhbh                   
0000215d  _ZN6PlayerC2Ehhbh                   
0000279d  _ZN8SlidePotC1Ejj                   
0000279d  _ZN8SlidePotC2Ejj                   
000028f9  _ZNK6Player10getPowerupEv           
00001e61  _ZNK6Player4drawEv                  
00000cfd  _ZNK6Player5eraseEv                 
20200558  __CIOBUF_                           
20208000  __STACK_END                         
00000200  __STACK_SIZE                        
00000200  __SYSMEM_SIZE                       
00000000  __TI_ATRegion0_region_sz            
00000000  __TI_ATRegion0_src_addr             
00000000  __TI_ATRegion0_trg_addr             
00000000  __TI_ATRegion1_region_sz            
00000000  __TI_ATRegion1_src_addr             
00000000  __TI_ATRegion1_trg_addr             
00000000  __TI_ATRegion2_region_sz            
00000000  __TI_ATRegion2_src_addr             
00000000  __TI_ATRegion2_trg_addr             
00003800  __TI_CINIT_Base                     
00003810  __TI_CINIT_Limit                    
00003810  __TI_CINIT_Warm                     
000037ec  __TI_Handler_Table_Base             
000037f8  __TI_Handler_Table_Limit            
00001f0d  __TI_auto_init_nobinit              
00002365  __TI_cleanup                        
20200324  __TI_cleanup_ptr                    
000019cd  __TI_closefile                      
00001a49  __TI_decompress_lzss                
00002869  __TI_decompress_none                
00001f61  __TI_doflush                        
20200328  __TI_dtors_ptr                      
20200338  __TI_ft_end                         
ffffffff  __TI_pprof_out_hndl                 
ffffffff  __TI_prof_data_size                 
ffffffff  __TI_prof_data_start                
00002399  __TI_readmsg                        
00000000  __TI_static_base__                  
20200678  __TI_tmpnams                        
000023cd  __TI_writemsg                       
0000282d  __TI_zero_init_nomemset             
00001fb3  __aeabi_idiv0                       
00002905  __aeabi_memclr                      
00002905  __aeabi_memclr4                     
00002905  __aeabi_memclr8                     
0000293d  __aeabi_memcpy                      
0000293d  __aeabi_memcpy4                     
0000293d  __aeabi_memcpy8                     
0000219d  __aeabi_uidiv                       
0000219d  __aeabi_uidivmod                    
ffffffff  __binit__                           
UNDEFED   __mpu_init                          
20207e00  __stack                             
20200000  __start___llvm_prf_bits             
20200000  __start___llvm_prf_cnts             
20200000  __stop___llvm_prf_bits              
20200000  __stop___llvm_prf_cnts              
00002649  _c_int00_noargs                     
20200230  _device                             
20200140  _ftable                             
2020033c  _lock                               
000027e7  _nop                                
202002a8  _stream                             
20200358  _sys_memory                         
UNDEFED   _system_post_cinit                  
00002951  _system_pre_init                    
20200340  _unlock                             
00002955  abort                               
00000ff9  add_device                          
00000ad5  aligned_alloc                       
ffffffff  binit                               
00001fb5  close                               
00002401  exit                                
00002435  finddevice                          
000024cd  fopen                               
000010e5  free                                
00002469  freopen                             
00001c81  getdevice                           
00000000  interruptVectors                    
00000be9  main                                
00002911  malloc                              
20200000  map                                 
00000ad5  memalign                            
000014d9  open                                
20200724  parmbuf                             
2020030c  player1                             
20200318  player2                             
00002945  remove                              
000011cd  setvbuf                             
000017c1  strcmp                              
00002529  unlink                              
00002621  write                               


GLOBAL SYMBOLS: SORTED BY Symbol Address 

address   name                                
-------   ----                                
00000000  __TI_ATRegion0_region_sz            
00000000  __TI_ATRegion0_src_addr             
00000000  __TI_ATRegion0_trg_addr             
00000000  __TI_ATRegion1_region_sz            
00000000  __TI_ATRegion1_src_addr             
00000000  __TI_ATRegion1_trg_addr             
00000000  __TI_ATRegion2_region_sz            
00000000  __TI_ATRegion2_src_addr             
00000000  __TI_ATRegion2_trg_addr             
00000000  __TI_static_base__                  
00000000  interruptVectors                    
000000c1  _Z17ST7735_DrawBitmapssPKtss        
00000200  __STACK_SIZE                        
00000200  __SYSMEM_SIZE                       
000002d1  _Z15Clock_Init80MHzi                
00000485  _Z16ST7735_DrawCharSsscssh          
00000779  _Z7DrawMapv                         
0000089d  _ZN6Player4moveEaa                  
000009bd  _Z15ST7735_FillRectsssst            
00000ad5  aligned_alloc                       
00000ad5  memalign                            
00000be9  main                                
00000cfd  _ZNK6Player5eraseEv                 
00000e09  _Z8SPI_Initv                        
00000f01  _ZN6Player11collectItemEv           
00000ff9  add_device                          
000010e5  free                                
000011cd  setvbuf                             
000012ad  _Z14ST7735_OutCharc                 
0000137d  _Z11DrawPowerUp11PowerupTypeb       
000014d7  SysTick_Handler                     
000014d9  open                                
00001579  _Z17ST7735_InitPrintfv              
00001615  _Z12ST7735_InitR10initRFlags        
000016ad  _Z14DrawScoreBoardv                 
000017c1  strcmp                              
00001849  _Z14ST7735_OutUDecj                 
000018cd  _Z17ST7735_DrawStringttPcs          
00001951  _Z14LaunchPad_Initv                 
000019cd  __TI_closefile                      
00001a49  __TI_decompress_lzss                
00001ac5  _ZN6Player10usePowerupEv            
00001b39  _Z16ST7735_DrawPixelsst             
00001ba9  HOSTlseek                           
00001c15  HOSTrename                          
00001c81  getdevice                           
00001d51  HOSTopen                            
00001db1  HOSTread                            
00001e09  HOSTwrite                           
00001e61  _ZNK6Player4drawEv                  
00001eb9  _Z11fillmessagej                    
00001f0d  __TI_auto_init_nobinit              
00001f61  __TI_doflush                        
00001fb3  __aeabi_idiv0                       
00001fb5  close                               
00002005  HOSTclose                           
0000204d  HOSTunlink                          
00002095  _Z14SPI_OutCommandc                 
000020dd  TIMG7_IRQHandler                    
0000211d  _Z9SPI_Resetv                       
0000215d  _ZN6PlayerC1Ehhbh                   
0000215d  _ZN6PlayerC2Ehhbh                   
0000219d  __aeabi_uidiv                       
0000219d  __aeabi_uidivmod                    
0000221d  _Z10UpdateCoinii                    
00002259  _Z11SPI_OutDatac                    
00002291  _Z15ActivatePortA_Bv                
000022c9  _Z12ST7735_writeiPKcj               
000022fd  _Z14Clock_Delay1msj                 
00002331  _Z16ST7735_SetCursorjj              
00002365  __TI_cleanup                        
00002399  __TI_readmsg                        
000023cd  __TI_writemsg                       
000023f9  C$$IO$$                             
00002401  exit                                
00002435  finddevice                          
00002469  freopen                             
000024cd  fopen                               
000024fd  _Z17ST7735_FillScreent              
00002529  unlink                              
00002555  _Z10temppickupv                     
0000257f  _Z7tempusev                         
000025a9  TIMG12_IRQHandler                   
000025d1  _Z11Switch_Initv                    
00002621  write                               
00002649  _c_int00_noargs                     
00002671  _Z16ST7735_OutStringPc              
00002697  _ZN6Player10setPowerupE11PowerupType
000026d9  ADC0_IRQHandler                     
000026d9  ADC1_IRQHandler                     
000026d9  AES_IRQHandler                      
000026d9  CANFD0_IRQHandler                   
000026d9  DAC0_IRQHandler                     
000026d9  DMA_IRQHandler                      
000026d9  Default_Handler                     
000026d9  GROUP0_IRQHandler                   
000026d9  GROUP1_IRQHandler                   
000026d9  I2C0_IRQHandler                     
000026d9  I2C1_IRQHandler                     
000026d9  NMI_Handler                         
000026d9  PendSV_Handler                      
000026d9  RTC_IRQHandler                      
000026d9  SPI0_IRQHandler                     
000026d9  SPI1_IRQHandler                     
000026d9  SVC_Handler                         
000026d9  TIMA0_IRQHandler                    
000026d9  TIMA1_IRQHandler                    
000026d9  TIMG0_IRQHandler                    
000026d9  TIMG6_IRQHandler                    
000026d9  TIMG8_IRQHandler                    
000026d9  UART0_IRQHandler                    
000026d9  UART1_IRQHandler                    
000026d9  UART2_IRQHandler                    
000026d9  UART3_IRQHandler                    
000026f5  HardFault_Handler                   
00002711  _Z22Switch_MenuDownPressedv         
0000272d  _Z9Switch_Inv                       
0000279d  _ZN8SlidePotC1Ejj                   
0000279d  _ZN8SlidePotC2Ejj                   
000027b7  _Z11Switch_P1B1v                    
000027cf  _Z24Switch_MenuSelectPressedv       
000027e7  _nop                                
00002801  _Z11ST7735_openPKcji                
00002817  _Z11ST7735_readiPcj                 
0000282d  __TI_zero_init_nomemset             
00002843  _Z11Switch_P1B2v                    
00002857  TI_memcpy_small                     
00002869  __TI_decompress_none                
0000288b  _Z11Clock_Delayj                    
000028a9  _Z12ST7735_lseekili                 
000028d3  TI_memset_small                     
000028e1  _Z10Clock_Freqv                     
000028ed  _Z13ST7735_renamePKcS0_             
000028f9  _ZNK6Player10getPowerupEv           
00002905  __aeabi_memclr                      
00002905  __aeabi_memclr4                     
00002905  __aeabi_memclr8                     
00002911  malloc                              
0000291d  _Z12ST7735_closei                   
00002927  _Z13ST7735_unlinkPKc                
00002931  _Z8PLL_Initv                        
0000293d  __aeabi_memcpy                      
0000293d  __aeabi_memcpy4                     
0000293d  __aeabi_memcpy8                     
00002945  remove                              
0000294d  Reset_Handler                       
00002951  _system_pre_init                    
00002954  C$$EXIT                             
00002955  abort                               
00003718  SHT$$INIT_ARRAY$$Base               
0000371c  SHT$$INIT_ARRAY$$Limit              
000037ec  __TI_Handler_Table_Base             
000037f8  __TI_Handler_Table_Limit            
00003800  __TI_CINIT_Base                     
00003810  __TI_CINIT_Limit                    
00003810  __TI_CINIT_Warm                     
20200000  __start___llvm_prf_bits             
20200000  __start___llvm_prf_cnts             
20200000  __stop___llvm_prf_bits              
20200000  __stop___llvm_prf_cnts              
20200000  map                                 
20200140  _ftable                             
20200230  _device                             
202002a8  _stream                             
202002f8  Sensor                              
2020030c  player1                             
20200318  player2                             
20200324  __TI_cleanup_ptr                    
20200328  __TI_dtors_ptr                      
2020032c  BusFreq                             
20200330  StX                                 
20200334  StY                                 
20200338  __TI_ft_end                         
2020033c  _lock                               
20200340  _unlock                             
20200344  StTextColor                         
20200358  _sys_memory                         
20200558  _CIOBUF_                            
20200558  __CIOBUF_                           
20200678  __TI_tmpnams                        
20200718  Message                             
20200724  parmbuf                             
2020072c  Messageindex                        
20200730  TExaSLogic                          
20200734  TExaSadc                            
20207e00  __stack                             
20208000  __STACK_END                         
ffffffff  __TI_pprof_out_hndl                 
ffffffff  __TI_prof_data_size                 
ffffffff  __TI_prof_data_start                
ffffffff  __binit__                           
ffffffff  binit                               
UNDEFED   __mpu_init                          
UNDEFED   _system_post_cinit                  

[194 symbols]
