******************************************************************************
            TI ARM Clang Linker Unix v4.0.1                    
******************************************************************************
>> Linked Mon Apr 21 17:18:36 2025

OUTPUT FILE NAME:   <ECE319K_Lab9H.out>
ENTRY POINT SYMBOL: "_c_int00_noargs"  address: 00002bc1


MEMORY CONFIGURATION

         name            origin    length      used     unused   attr    fill
----------------------  --------  ---------  --------  --------  ----  --------
  FLASH                 00000000   00020000  00003e60  0001c1a0  R  X
  SRAM                  20200000   00008000  0000094c  000076b4  RW X
  BCR_CONFIG            41c00000   00000080  00000000  00000080  R   
  BSL_CONFIG            41c00100   00000080  00000000  00000080  R   


SEGMENT ALLOCATION MAP

run origin  load origin   length   init length attrs members
----------  ----------- ---------- ----------- ----- -------
00000000    00000000    00003e60   00003e60    r-x
  00000000    00000000    000000c0   000000c0    r-- .intvecs
  000000c0    000000c0    00002ed0   00002ed0    r-x .text
  00002f90    00002f90    00000de0   00000de0    r-- .rodata
  00003d70    00003d70    00000008   00000008    r-- .init_array
  00003d78    00003d78    000000e8   000000e8    r-- .cinit
20200000    20200000    00000753   00000000    rw-
  20200000    20200000    00000359   00000000    rw- .data
  20200360    20200360    00000200   00000000    rw- .sysmem
  20200560    20200560    000001f3   00000000    rw- .bss
20207e00    20207e00    00000200   00000000    rw-
  20207e00    20207e00    00000200   00000000    rw- .stack


SECTION ALLOCATION MAP

 output                                  attributes/
section   page    origin      length       input sections
--------  ----  ----------  ----------   ----------------
.intvecs   0    00000000    000000c0     
                  00000000    000000c0     startup_mspm0g3507_ticlang.o (.intvecs)

.binit     0    00000000    00000000     

.text      0    000000c0    00002ed0     
                  000000c0    00000210     ST7735.o (.text._Z17ST7735_DrawBitmapssPKtss)
                  000002d0    000001b4     Clock.o (.text._Z15Clock_Init80MHzi)
                  00000484    000001a0     ST7735.o (.text._Z16ST7735_DrawCharSsscssh)
                  00000624    00000154     libc.a : fopen.c.obj (.text._openfile)
                  00000778    00000134     Map.o (.text._Z7DrawMapv)
                  000008ac    00000134     Lab9HMain.o (.text.main)
                  000009e0    00000120     Player.o (.text._ZN6Player4moveEaa)
                  00000b00    00000118     ST7735.o (.text._Z15ST7735_FillRectsssst)
                  00000c18    00000114     libc.a : memory.c.obj (.text.aligned_alloc)
                  00000d2c    0000010c     Player.o (.text._ZNK6Player5eraseEv)
                  00000e38    000000fc     Game_ADC.o (.text._Z11MyADC1_Initjj)
                  00000f34    000000fc     Player.o (.text._ZN6Player11collectItemEv)
                  00001030    000000f8     SPI.o (.text._Z8SPI_Initv)
                  00001128    000000ec     libsysbm.a : add_device.c.obj (.text.add_device)
                  00001214    000000e8     libc.a : memory.c.obj (.text.free)
                  000012fc    000000e0            : setvbuf.c.obj (.text.setvbuf)
                  000013dc    000000d0     ST7735.o (.text._Z14ST7735_OutCharc)
                  000014ac    000000b8     Map.o (.text._Z11DrawPowerUp11PowerupTypeb)
                  00001564    000000b8     JoyStick.o (.text._Z13Joystick_Initv)
                  0000161c    000000a8     Map.o (.text._Z13placePowerupsPA16_h)
                  000016c4    000000a2     ST7735.o (.text._ZL11commandListPKh)
                  00001766    00000002     libclang_rt.builtins.a : aeabi_div0.c.obj (.text.__aeabi_idiv0)
                  00001768    000000a0     libsysbm.a : open.c.obj (.text.open)
                  00001808    0000009c     ST7735.o (.text._Z17ST7735_InitPrintfv)
                  000018a4    00000098     ST7735.o (.text._Z12ST7735_InitR10initRFlags)
                  0000193c    0000008c     Map.o (.text._Z14DrawScoreBoardv)
                  000019c8    00000088     ST7735.o (.text._ZL13setAddrWindowhhhh)
                  00001a50    00000088     libc.a : strcmp-armv6m.S.obj (.text:strcmp)
                  00001ad8    00000084     ST7735.o (.text._Z14ST7735_OutUDecj)
                  00001b5c    00000084     ST7735.o (.text._Z17ST7735_DrawStringttPcs)
                  00001be0    0000007c     LaunchPad.o (.text._Z14LaunchPad_Initv)
                  00001c5c    0000007c     libc.a : fclose.c.obj (.text.__TI_closefile)
                  00001cd8    0000007c            : copy_decompress_lzss.c.obj (.text:decompress:lzss)
                  00001d54    00000074     Player.o (.text._ZN6Player10usePowerupEv)
                  00001dc8    00000070     ST7735.o (.text._Z16ST7735_DrawPixelsst)
                  00001e38    00000070     Map.o (.text._Z16placeRandomCoinsPA16_hi)
                  00001ea8    0000006c     libsysbm.a : hostlseek.c.obj (.text.HOSTlseek)
                  00001f14    0000006c                : hostrename.c.obj (.text.HOSTrename)
                  00001f80    0000006c     Sound.o (.text._Z10Sound_Initv)
                  00001fec    0000006c     JoyStick.o (.text._Z28GetDiscreteJoystickDirectionjj)
                  00002058    0000006c     libc.a : getdevice.c.obj (.text.getdevice)
                  000020c4    00000064            : memory.c.obj (.text.split)
                  00002128    00000060     libsysbm.a : hostopen.c.obj (.text.HOSTopen)
                  00002188    00000058                : hostread.c.obj (.text.HOSTread)
                  000021e0    00000058                : hosttime.c.obj (.text.HOSTtime64)
                  00002238    00000058                : hostwrite.c.obj (.text.HOSTwrite)
                  00002290    00000058     Player.o (.text._ZNK6Player4drawEv)
                  000022e8    00000056     libclang_rt.builtins.a : aeabi_idivmod.S.obj (.text.__aeabi_idivmod)
                  0000233e    00000002     libc.a : _lock.c.obj (.text._nop)
                  00002340    00000054     ST7735.o (.text._Z11fillmessagej)
                  00002394    00000054     libc.a : autoinit.c.obj (.text:__TI_auto_init_nobinit)
                  000023e8    00000052            : fflush.c.obj (.text.__TI_doflush)
                  0000243a    00000002     --HOLE-- [fill = 0]
                  0000243c    00000050     libsysbm.a : close.c.obj (.text.close)
                  0000248c    00000048                : hostclose.c.obj (.text.HOSTclose)
                  000024d4    00000048                : hostunlink.c.obj (.text.HOSTunlink)
                  0000251c    00000048     Sound.o (.text._Z11Sound_StartPKhj)
                  00002564    00000048     SPI.o (.text._Z14SPI_OutCommandc)
                  000025ac    00000048     Game_ADC.o (.text._Z9MyADC1_Inh)
                  000025f4    00000044     Sound.o (.text._Z14SysTick_IntArmjj)
                  00002638    00000040     TExaS.o (.text.TIMG7_IRQHandler)
                  00002678    00000040     SPI.o (.text._Z9SPI_Resetv)
                  000026b8    00000040     Player.o (.text._ZN6PlayerC2Ehhbh)
                  000026f8    00000040     libclang_rt.builtins.a : aeabi_uidivmod.S.obj (.text.__aeabi_uidivmod)
                  00002738    00000040     libc.a : fopen.c.obj (.text._search_fp)
                  00002778    0000003c     Map.o (.text._Z10UpdateCoinii)
                  000027b4    00000038     Sound.o (.text.SysTick_Handler)
                  000027ec    00000038     SPI.o (.text._Z11SPI_OutDatac)
                  00002824    00000038     LaunchPad.o (.text._Z15ActivatePortA_Bv)
                  0000285c    00000038     libc.a : rand.c.obj (.text.rand)
                  00002894    00000034     ST7735.o (.text._Z12ST7735_writeiPKcj)
                  000028c8    00000034     Clock.o (.text._Z14Clock_Delay1msj)
                  000028fc    00000034     ST7735.o (.text._Z16ST7735_SetCursorjj)
                  00002930    00000034     libc.a : fopen.c.obj (.text.__TI_cleanup)
                  00002964    00000034     libsysbm.a : trgmsg.c.obj (.text.__TI_readmsg)
                  00002998    00000034                : trgmsg.c.obj (.text.__TI_writemsg)
                  000029cc    00000034     libc.a : exit.c.obj (.text.exit)
                  00002a00    00000034            : getdevice.c.obj (.text.finddevice)
                  00002a34    00000034            : fopen.c.obj (.text.freopen)
                  00002a68    00000030     ST7735.o (.text._ZL10commonInitPKh)
                  00002a98    00000030     libc.a : fopen.c.obj (.text.fopen)
                  00002ac8    0000002c     ST7735.o (.text._Z17ST7735_FillScreent)
                  00002af4    0000002c     libsysbm.a : unlink.c.obj (.text.unlink)
                  00002b20    00000028     Lab9HMain.o (.text.TIMG12_IRQHandler)
                  00002b48    00000028     Switch.o (.text._Z11Switch_Initv)
                  00002b70    00000028     libc.a : memory.c.obj (.text.free_list_insert)
                  00002b98    00000028     libsysbm.a : write.c.obj (.text.write)
                  00002bc0    00000028     libc.a : boot_cortex_m.c.obj (.text:_c_int00_noargs)
                  00002be8    00000026     ST7735.o (.text._Z16ST7735_OutStringPc)
                  00002c0e    00000024     Player.o (.text._ZN6Player10setPowerupE11PowerupType)
                  00002c32    00000002     --HOLE-- [fill = 0]
                  00002c34    00000024     libc.a : rand.c.obj (.text.srand)
                  00002c58    0000001e     ST7735.o (.text._ZL9pushColort)
                  00002c76    00000002     --HOLE-- [fill = 0]
                  00002c78    0000001c     startup_mspm0g3507_ticlang.o (.text.Default_Handler)
                  00002c94    0000001c     startup_mspm0g3507_ticlang.o (.text.HardFault_Handler)
                  00002cb0    0000001c     Switch.o (.text._Z11Switch_P2B1v)
                  00002ccc    0000001c     DAC5.o (.text._Z8DAC5_Outj)
                  00002ce8    0000001c     Switch.o (.text._Z9Switch_Inv)
                  00002d04    0000001c     Lab9HMain.o (.text.__cxx_global_var_init.1)
                  00002d20    0000001c     Lab9HMain.o (.text.__cxx_global_var_init.2)
                  00002d3c    0000001c     libc.a : memory.c.obj (.text.free_list_remove)
                  00002d58    0000001a     SlidePot.o (.text._ZN8SlidePotC2Ejj)
                  00002d72    00000018     Switch.o (.text._Z11Switch_P1B2v)
                  00002d8a    00000018     Switch.o (.text._Z11Switch_P2B2v)
                  00002da2    00000002     --HOLE-- [fill = 0]
                  00002da4    00000018     Lab9HMain.o (.text.__cxx_global_var_init)
                  00002dbc    00000016     ST7735.o (.text._Z11ST7735_openPKcji)
                  00002dd2    00000016     ST7735.o (.text._Z11ST7735_readiPcj)
                  00002de8    00000016     libc.a : copy_zero_init.c.obj (.text:decompress:ZI:__TI_zero_init_nomemset)
                  00002dfe    00000014     Switch.o (.text._Z11Switch_P1B1v)
                  00002e12    00000012     libc.a : memcpy16.S.obj (.text:TI_memcpy_small)
                  00002e24    00000012            : copy_decompress_none.c.obj (.text:decompress:none)
                  00002e36    00000010     Lab9HMain.o (.text._GLOBAL__sub_I_Lab9HMain.cpp)
                  00002e46    00000010     Clock.o (.text._Z11Clock_Delayj)
                  00002e56    00000002     --HOLE-- [fill = 0]
                  00002e58    00000010     Sound.o (.text._Z13Sound_Collectv)
                  00002e68    00000010     Map.o (.text._ZL4timePx)
                  00002e78    00000010     libsysbm.a : time64.c.obj (.text.__time64)
                  00002e88    0000000e     libc.a : memory.c.obj (.text.OUTLINED_FUNCTION_0)
                  00002e96    0000000e     ST7735.o (.text._Z12ST7735_lseekili)
                  00002ea4    0000000e     libsysbm.a : hostrename.c.obj (.text.strcpy)
                  00002eb2    0000000e                : hostrename.c.obj (.text.strlen)
                  00002ec0    0000000e     libc.a : memset16.S.obj (.text:TI_memset_small)
                  00002ece    00000002     --HOLE-- [fill = 0]
                  00002ed0    0000000c     Clock.o (.text._Z10Clock_Freqv)
                  00002edc    0000000c     Sound.o (.text._Z10Sound_Stopv)
                  00002ee8    0000000c     ST7735.o (.text._Z13ST7735_renamePKcS0_)
                  00002ef4    0000000c     JoyStick.o (.text._Z15Joystick1_ReadXv)
                  00002f00    0000000c     JoyStick.o (.text._Z15Joystick1_ReadYv)
                  00002f0c    0000000c     JoyStick.o (.text._Z15Joystick2_ReadXv)
                  00002f18    0000000c     JoyStick.o (.text._Z15Joystick2_ReadYv)
                  00002f24    0000000c     Player.o (.text._ZNK6Player10getPowerupEv)
                  00002f30    0000000c     libclang_rt.builtins.a : aeabi_memset.S.obj (.text.__aeabi_memclr)
                  00002f3c    0000000c     libc.a : memory.c.obj (.text.malloc)
                  00002f48    0000000a     ST7735.o (.text._Z12ST7735_closei)
                  00002f52    0000000a     ST7735.o (.text._Z13ST7735_unlinkPKc)
                  00002f5c    0000000a     Lab9HMain.o (.text._Z8PLL_Initv)
                  00002f66    00000002     --HOLE-- [fill = 0]
                  00002f68    00000008     libclang_rt.builtins.a : aeabi_memcpy.S.obj (.text.__aeabi_memcpy)
                  00002f70    00000008     libsysbm.a : remove.c.obj (.text.remove)
                  00002f78    00000004     startup_mspm0g3507_ticlang.o (.text.Reset_Handler)
                  00002f7c    00000004     libc.a : pre_init.c.obj (.text._system_pre_init)
                  00002f80    00000004            : exit.c.obj (.text:abort)
                  00002f84    0000000c     --HOLE-- [fill = 0]

.cinit     0    00003d78    000000e8     
                  00003d78    000000c2     (.cinit..data.load) [load image, compression = lzss]
                  00003e3a    00000002     --HOLE-- [fill = 0]
                  00003e3c    0000000c     (__TI_handler_table)
                  00003e48    00000008     (.cinit..bss.load) [load image, compression = zero_init]
                  00003e50    00000010     (__TI_cinit_table)

.rodata    0    00002f90    00000de0     
                  00002f90    000004fb     ST7735.o (.rodata._ZL4Font)
                  0000348b    00000001     --HOLE-- [fill = 0]
                  0000348c    00000080     Map.o (.rodata._ZL10CoinSprite)
                  0000350c    00000080     Player.o (.rodata._ZL10CoinSprite)
                  0000358c    00000080     Map.o (.rodata._ZL10MineSprite)
                  0000360c    00000080     Player.o (.rodata._ZL10MineSprite)
                  0000368c    00000080     Map.o (.rodata._ZL10WallSprite)
                  0000370c    00000080     Player.o (.rodata._ZL10WallSprite)
                  0000378c    00000080     Map.o (.rodata._ZL11GhostSprite)
                  0000380c    00000080     Player.o (.rodata._ZL11GhostSprite)
                  0000388c    00000080     Map.o (.rodata._ZL11SpeedSprite)
                  0000390c    00000080     Player.o (.rodata._ZL11SpeedSprite)
                  0000398c    00000080     Map.o (.rodata._ZL12BorderSprite)
                  00003a0c    00000080     Player.o (.rodata._ZL12BorderSprite)
                  00003a8c    00000080     Player.o (.rodata._ZL12ChaserSprite)
                  00003b0c    00000080     Player.o (.rodata._ZL12RunnerSprite)
                  00003b8c    00000080     Map.o (.rodata._ZL5Black)
                  00003c0c    00000080     Player.o (.rodata._ZL5Black)
                  00003c8c    0000003b     ST7735.o (.rodata._ZL5Rcmd1)
                  00003cc7    0000002b     ST7735.o (.rodata._ZL5Rcmd3)
                  00003cf2    00000002     ST7735.o (.rodata.str1.12956530834739612181)
                  00003cf4    00000018     Map.o (.rodata..L__const._Z13placePowerupsPA16_h.powerups)
                  00003d0c    00000016     ST7735.o (.rodata.str1.10454047957466484921)
                  00003d22    00000010     Sound.o (.rodata.collect)
                  00003d32    0000000d     ST7735.o (.rodata._ZL10Rcmd2green)
                  00003d3f    0000000d     ST7735.o (.rodata._ZL8Rcmd2red)
                  00003d4c    00000008     ST7735.o (.rodata.str1.47795681660940027721)
                  00003d54    00000007     ST7735.o (.rodata.str1.144587199919105078391)
                  00003d5b    00000007     ST7735.o (.rodata.str1.65889865058515175131)
                  00003d62    00000004     Map.o (.rodata.str1.29466752115243444881)
                  00003d66    00000004     Map.o (.rodata.str1.37039636534899337951)
                  00003d6a    00000006     --HOLE-- [fill = 0]

.init_array 
*          0    00003d70    00000008     
                  00003d70    00000004     Lab9HMain.o (.init_array)
                  00003d74    00000004     --HOLE-- [fill = 0]

.data      0    20200000    00000359     UNINITIALIZED
                  20200000    00000140     Map.o (.data.map)
                  20200140    000000f0     libc.a : defs.c.obj (.data._ftable)
                  20200230    00000078     libsysbm.a : host_device.c.obj (.data._device)
                  202002a8    00000050                : host_device.c.obj (.data._stream)
                  202002f8    00000014     Lab9HMain.o (.data.Sensor)
                  2020030c    0000000c     Lab9HMain.o (.data.player1)
                  20200318    0000000c     Lab9HMain.o (.data.player2)
                  20200324    00000008     libc.a : exit.c.obj (.data..L_MergedGlobals)
                  2020032c    00000004     Clock.o (.data.BusFreq)
                  20200330    00000004     ST7735.o (.data.StX)
                  20200334    00000004     ST7735.o (.data.StY)
                  20200338    00000004     libc.a : defs.c.obj (.data.__TI_ft_end)
                  2020033c    00000004            : _lock.c.obj (.data._lock)
                  20200340    00000004            : _lock.c.obj (.data._unlock)
                  20200344    00000004            : rand.c.obj (.data.next)
                  20200348    00000002     ST7735.o (.data.StTextColor)
                  2020034a    00000002     ST7735.o (.data._ZL6_width)
                  2020034c    00000002     ST7735.o (.data._ZL7_height)
                  2020034e    00000002     --HOLE--
                  20200350    00000001     libsysbm.a : add_device.c.obj (.data.add_device.device_init)
                  20200351    00000003     --HOLE--
                  20200354    00000001     libc.a : memory.c.obj (.data.memory_is_initialized)
                  20200355    00000003     --HOLE--
                  20200358    00000001     libsysbm.a : open.c.obj (.data.open.stream_init)

.sysmem    0    20200360    00000200     UNINITIALIZED
                  20200360    00000010     libc.a : memory.c.obj (.sysmem)
                  20200370    000001f0     --HOLE--

.bss       0    20200560    000001f3     UNINITIALIZED
                  20200560    00000120     libsysbm.a : trgmsg.c.obj (.bss:_CIOBUF_)
                  20200680    000000a0     libc.a : defs.c.obj (.bss.__TI_tmpnams)
                  20200720    0000000c     ST7735.o (.bss.Message)
                  2020072c    00000008     libsysbm.a : hostopen.c.obj (.bss.parmbuf)
                  20200734    00000004     ST7735.o (.bss.Messageindex)
                  20200738    00000004     TExaS.o (.bss.TExaSLogic)
                  2020073c    00000004     TExaS.o (.bss.TExaSadc)
                  20200740    00000004     Sound.o (.bss._ZL10SoundIndex)
                  20200744    00000004     Sound.o (.bss._ZL11SoundLength)
                  20200748    00000004     Sound.o (.bss._ZL9SoundData)
                  2020074c    00000004     libc.a : memory.c.obj (.bss.sys_free)
                  20200750    00000001     ST7735.o (.bss._ZL8ColStart)
                  20200751    00000001     ST7735.o (.bss._ZL8RowStart)
                  20200752    00000001     ST7735.o (.bss._ZL8TabColor)

.stack     0    20207e00    00000200     UNINITIALIZED
                  20207e00    00000004     libc.a : boot_cortex_m.c.obj (.stack)
                  20207e04    000001fc     --HOLE--

__llvm_prf_cnts 
*          0    20200000    00000000     UNINITIALIZED

__llvm_prf_bits 
*          0    20200000    00000000     UNINITIALIZED

MODULE SUMMARY

       Module                         code    ro data   rw data
       ------                         ----    -------   -------
    ./
       ST7735.o                       2852    1449      33     
       Player.o                       1124    1152      0      
       Map.o                          988     928       320    
       Clock.o                        516     0         4      
       Lab9HMain.o                    454     4         44     
       SPI.o                          440     0         0      
       Sound.o                        332     16        12     
       JoyStick.o                     340     0         0      
       Game_ADC.o                     324     0         0      
       LaunchPad.o                    180     0         0      
       Switch.o                       164     0         0      
       TExaS.o                        64      0         8      
       DAC5.o                         28      0         0      
       SlidePot.o                     26      0         0      
    +--+------------------------------+-------+---------+---------+
       Total:                         7832    3549      421    
                                                               
    ./ticlang/
       startup_mspm0g3507_ticlang.o   60      192       0      
    +--+------------------------------+-------+---------+---------+
       Total:                         60      192       0      
                                                               
    /Applications/ti/ccs2000/ccs/tools/compiler/ti-cgt-armllvm_4.0.1.LTS/lib/armv6m-ti-none-eabi/c/libc.a
       memory.c.obj                   702     0         5      
       fopen.c.obj                    556     0         0      
       defs.c.obj                     0       0         404    
       setvbuf.c.obj                  224     0         0      
       getdevice.c.obj                160     0         0      
       strcmp-armv6m.S.obj            136     0         0      
       copy_decompress_lzss.c.obj     124     0         0      
       fclose.c.obj                   124     0         0      
       rand.c.obj                     92      0         4      
       autoinit.c.obj                 84      0         0      
       fflush.c.obj                   82      0         0      
       exit.c.obj                     56      0         8      
       boot_cortex_m.c.obj            40      0         0      
       copy_zero_init.c.obj           22      0         0      
       copy_decompress_none.c.obj     18      0         0      
       memcpy16.S.obj                 18      0         0      
       memset16.S.obj                 14      0         0      
       _lock.c.obj                    2       0         8      
       pre_init.c.obj                 4       0         0      
    +--+------------------------------+-------+---------+---------+
       Total:                         2458    0         429    
                                                               
    /Applications/ti/ccs2000/ccs/tools/compiler/ti-cgt-armllvm_4.0.1.LTS/lib/armv6m-ti-none-eabi/c/libsysbm.a
       trgmsg.c.obj                   104     0         288    
       add_device.c.obj               236     0         1      
       host_device.c.obj              0       0         200    
       open.c.obj                     160     0         1      
       hostrename.c.obj               136     0         0      
       hostlseek.c.obj                108     0         0      
       hostopen.c.obj                 96      0         8      
       hostread.c.obj                 88      0         0      
       hosttime.c.obj                 88      0         0      
       hostwrite.c.obj                88      0         0      
       close.c.obj                    80      0         0      
       hostclose.c.obj                72      0         0      
       hostunlink.c.obj               72      0         0      
       unlink.c.obj                   44      0         0      
       write.c.obj                    40      0         0      
       time64.c.obj                   16      0         0      
       remove.c.obj                   8       0         0      
    +--+------------------------------+-------+---------+---------+
       Total:                         1436    0         498    
                                                               
    /Applications/ti/ccs2000/ccs/tools/compiler/ti-cgt-armllvm_4.0.1.LTS/lib/armv6m-ti-none-eabi/libclang_rt.builtins.a
       aeabi_idivmod.S.obj            86      0         0      
       aeabi_uidivmod.S.obj           64      0         0      
       aeabi_memset.S.obj             12      0         0      
       aeabi_memcpy.S.obj             8       0         0      
       aeabi_div0.c.obj               2       0         0      
    +--+------------------------------+-------+---------+---------+
       Total:                         172     0         0      
                                                               
       Heap:                          0       0         512    
       Stack:                         0       0         512    
       Linker Generated:              0       230       0      
    +--+------------------------------+-------+---------+---------+
       Grand Total:                   11958   3971      2372   


LINKER GENERATED COPY TABLES

__TI_cinit_table @ 00003e50 records: 2, size/record: 8, table size: 16
	.data: load addr=00003d78, load size=000000c2 bytes, run addr=20200000, run size=00000359 bytes, compression=lzss
	.bss: load addr=00003e48, load size=00000008 bytes, run addr=20200560, run size=000001f3 bytes, compression=zero_init


LINKER GENERATED HANDLER TABLE

__TI_handler_table @ 00003e3c records: 3, size/record: 4, table size: 12
	index: 0, handler: __TI_decompress_lzss
	index: 1, handler: __TI_decompress_none
	index: 2, handler: __TI_zero_init


GLOBAL SYMBOLS: SORTED ALPHABETICALLY BY Name 

address   name                                
-------   ----                                
00002c79  ADC0_IRQHandler                     
00002c79  ADC1_IRQHandler                     
00002c79  AES_IRQHandler                      
2020032c  BusFreq                             
00002f80  C$$EXIT                             
000029c5  C$$IO$$                             
00002c79  CANFD0_IRQHandler                   
00002c79  DAC0_IRQHandler                     
00002c79  DMA_IRQHandler                      
00002c79  Default_Handler                     
00002c79  GROUP0_IRQHandler                   
00002c79  GROUP1_IRQHandler                   
0000248d  HOSTclose                           
00001ea9  HOSTlseek                           
00002129  HOSTopen                            
00002189  HOSTread                            
00001f15  HOSTrename                          
000021e1  HOSTtime64                          
000024d5  HOSTunlink                          
00002239  HOSTwrite                           
00002c95  HardFault_Handler                   
00002c79  I2C0_IRQHandler                     
00002c79  I2C1_IRQHandler                     
20200720  Message                             
20200734  Messageindex                        
00002c79  NMI_Handler                         
00002c79  PendSV_Handler                      
00002c79  RTC_IRQHandler                      
00002f79  Reset_Handler                       
00003d70  SHT$$INIT_ARRAY$$Base               
00003d74  SHT$$INIT_ARRAY$$Limit              
00002c79  SPI0_IRQHandler                     
00002c79  SPI1_IRQHandler                     
00002c79  SVC_Handler                         
202002f8  Sensor                              
20200348  StTextColor                         
20200330  StX                                 
20200334  StY                                 
000027b5  SysTick_Handler                     
20200738  TExaSLogic                          
2020073c  TExaSadc                            
00002c79  TIMA0_IRQHandler                    
00002c79  TIMA1_IRQHandler                    
00002c79  TIMG0_IRQHandler                    
00002b21  TIMG12_IRQHandler                   
00002c79  TIMG6_IRQHandler                    
00002639  TIMG7_IRQHandler                    
00002c79  TIMG8_IRQHandler                    
00002e13  TI_memcpy_small                     
00002ec1  TI_memset_small                     
00002c79  UART0_IRQHandler                    
00002c79  UART1_IRQHandler                    
00002c79  UART2_IRQHandler                    
00002c79  UART3_IRQHandler                    
20200560  _CIOBUF_                            
00002ed1  _Z10Clock_Freqv                     
00001f81  _Z10Sound_Initv                     
00002edd  _Z10Sound_Stopv                     
00002779  _Z10UpdateCoinii                    
00002e47  _Z11Clock_Delayj                    
000014ad  _Z11DrawPowerUp11PowerupTypeb       
00000e39  _Z11MyADC1_Initjj                   
000027ed  _Z11SPI_OutDatac                    
00002dbd  _Z11ST7735_openPKcji                
00002dd3  _Z11ST7735_readiPcj                 
0000251d  _Z11Sound_StartPKhj                 
00002b49  _Z11Switch_Initv                    
00002dff  _Z11Switch_P1B1v                    
00002d73  _Z11Switch_P1B2v                    
00002cb1  _Z11Switch_P2B1v                    
00002d8b  _Z11Switch_P2B2v                    
00002341  _Z11fillmessagej                    
000018a5  _Z12ST7735_InitR10initRFlags        
00002f49  _Z12ST7735_closei                   
00002e97  _Z12ST7735_lseekili                 
00002895  _Z12ST7735_writeiPKcj               
00001565  _Z13Joystick_Initv                  
00002ee9  _Z13ST7735_renamePKcS0_             
00002f53  _Z13ST7735_unlinkPKc                
00002e59  _Z13Sound_Collectv                  
0000161d  _Z13placePowerupsPA16_h             
000028c9  _Z14Clock_Delay1msj                 
0000193d  _Z14DrawScoreBoardv                 
00001be1  _Z14LaunchPad_Initv                 
00002565  _Z14SPI_OutCommandc                 
000013dd  _Z14ST7735_OutCharc                 
00001ad9  _Z14ST7735_OutUDecj                 
000025f5  _Z14SysTick_IntArmjj                
00002825  _Z15ActivatePortA_Bv                
000002d1  _Z15Clock_Init80MHzi                
00002ef5  _Z15Joystick1_ReadXv                
00002f01  _Z15Joystick1_ReadYv                
00002f0d  _Z15Joystick2_ReadXv                
00002f19  _Z15Joystick2_ReadYv                
00000b01  _Z15ST7735_FillRectsssst            
00000485  _Z16ST7735_DrawCharSsscssh          
00001dc9  _Z16ST7735_DrawPixelsst             
00002be9  _Z16ST7735_OutStringPc              
000028fd  _Z16ST7735_SetCursorjj              
00001e39  _Z16placeRandomCoinsPA16_hi         
000000c1  _Z17ST7735_DrawBitmapssPKtss        
00001b5d  _Z17ST7735_DrawStringttPcs          
00002ac9  _Z17ST7735_FillScreent              
00001809  _Z17ST7735_InitPrintfv              
00001fed  _Z28GetDiscreteJoystickDirectionjj  
00000779  _Z7DrawMapv                         
00002ccd  _Z8DAC5_Outj                        
00002f5d  _Z8PLL_Initv                        
00001031  _Z8SPI_Initv                        
000025ad  _Z9MyADC1_Inh                       
00002679  _Z9SPI_Resetv                       
00002ce9  _Z9Switch_Inv                       
00002c0f  _ZN6Player10setPowerupE11PowerupType
00001d55  _ZN6Player10usePowerupEv            
00000f35  _ZN6Player11collectItemEv           
000009e1  _ZN6Player4moveEaa                  
000026b9  _ZN6PlayerC1Ehhbh                   
000026b9  _ZN6PlayerC2Ehhbh                   
00002d59  _ZN8SlidePotC1Ejj                   
00002d59  _ZN8SlidePotC2Ejj                   
00002f25  _ZNK6Player10getPowerupEv           
00002291  _ZNK6Player4drawEv                  
00000d2d  _ZNK6Player5eraseEv                 
20200560  __CIOBUF_                           
20208000  __STACK_END                         
00000200  __STACK_SIZE                        
00000200  __SYSMEM_SIZE                       
00000000  __TI_ATRegion0_region_sz            
00000000  __TI_ATRegion0_src_addr             
00000000  __TI_ATRegion0_trg_addr             
00000000  __TI_ATRegion1_region_sz            
00000000  __TI_ATRegion1_src_addr             
00000000  __TI_ATRegion1_trg_addr             
00000000  __TI_ATRegion2_region_sz            
00000000  __TI_ATRegion2_src_addr             
00000000  __TI_ATRegion2_trg_addr             
00003e50  __TI_CINIT_Base                     
00003e60  __TI_CINIT_Limit                    
00003e60  __TI_CINIT_Warm                     
00003e3c  __TI_Handler_Table_Base             
00003e48  __TI_Handler_Table_Limit            
00002395  __TI_auto_init_nobinit              
00002931  __TI_cleanup                        
20200324  __TI_cleanup_ptr                    
00001c5d  __TI_closefile                      
00001cd9  __TI_decompress_lzss                
00002e25  __TI_decompress_none                
000023e9  __TI_doflush                        
20200328  __TI_dtors_ptr                      
20200338  __TI_ft_end                         
ffffffff  __TI_pprof_out_hndl                 
ffffffff  __TI_prof_data_size                 
ffffffff  __TI_prof_data_start                
00002965  __TI_readmsg                        
00000000  __TI_static_base__                  
20200680  __TI_tmpnams                        
00002999  __TI_writemsg                       
00002de9  __TI_zero_init_nomemset             
000022e9  __aeabi_idiv                        
00001767  __aeabi_idiv0                       
000022e9  __aeabi_idivmod                     
00002f31  __aeabi_memclr                      
00002f31  __aeabi_memclr4                     
00002f31  __aeabi_memclr8                     
00002f69  __aeabi_memcpy                      
00002f69  __aeabi_memcpy4                     
00002f69  __aeabi_memcpy8                     
000026f9  __aeabi_uidiv                       
000026f9  __aeabi_uidivmod                    
ffffffff  __binit__                           
UNDEFED   __mpu_init                          
20207e00  __stack                             
20200000  __start___llvm_prf_bits             
20200000  __start___llvm_prf_cnts             
20200000  __stop___llvm_prf_bits              
20200000  __stop___llvm_prf_cnts              
00002e79  __time64                            
00002bc1  _c_int00_noargs                     
20200230  _device                             
20200140  _ftable                             
2020033c  _lock                               
0000233f  _nop                                
202002a8  _stream                             
20200360  _sys_memory                         
UNDEFED   _system_post_cinit                  
00002f7d  _system_pre_init                    
20200340  _unlock                             
00002f81  abort                               
00001129  add_device                          
00000c19  aligned_alloc                       
ffffffff  binit                               
0000243d  close                               
00003d22  collect                             
000029cd  exit                                
00002a01  finddevice                          
00002a99  fopen                               
00001215  free                                
00002a35  freopen                             
00002059  getdevice                           
00000000  interruptVectors                    
000008ad  main                                
00002f3d  malloc                              
20200000  map                                 
00000c19  memalign                            
00001769  open                                
2020072c  parmbuf                             
2020030c  player1                             
20200318  player2                             
0000285d  rand                                
00002f71  remove                              
000012fd  setvbuf                             
00002c35  srand                               
00001a51  strcmp                              
00002af5  unlink                              
00002b99  write                               


GLOBAL SYMBOLS: SORTED BY Symbol Address 

address   name                                
-------   ----                                
00000000  __TI_ATRegion0_region_sz            
00000000  __TI_ATRegion0_src_addr             
00000000  __TI_ATRegion0_trg_addr             
00000000  __TI_ATRegion1_region_sz            
00000000  __TI_ATRegion1_src_addr             
00000000  __TI_ATRegion1_trg_addr             
00000000  __TI_ATRegion2_region_sz            
00000000  __TI_ATRegion2_src_addr             
00000000  __TI_ATRegion2_trg_addr             
00000000  __TI_static_base__                  
00000000  interruptVectors                    
000000c1  _Z17ST7735_DrawBitmapssPKtss        
00000200  __STACK_SIZE                        
00000200  __SYSMEM_SIZE                       
000002d1  _Z15Clock_Init80MHzi                
00000485  _Z16ST7735_DrawCharSsscssh          
00000779  _Z7DrawMapv                         
000008ad  main                                
000009e1  _ZN6Player4moveEaa                  
00000b01  _Z15ST7735_FillRectsssst            
00000c19  aligned_alloc                       
00000c19  memalign                            
00000d2d  _ZNK6Player5eraseEv                 
00000e39  _Z11MyADC1_Initjj                   
00000f35  _ZN6Player11collectItemEv           
00001031  _Z8SPI_Initv                        
00001129  add_device                          
00001215  free                                
000012fd  setvbuf                             
000013dd  _Z14ST7735_OutCharc                 
000014ad  _Z11DrawPowerUp11PowerupTypeb       
00001565  _Z13Joystick_Initv                  
0000161d  _Z13placePowerupsPA16_h             
00001767  __aeabi_idiv0                       
00001769  open                                
00001809  _Z17ST7735_InitPrintfv              
000018a5  _Z12ST7735_InitR10initRFlags        
0000193d  _Z14DrawScoreBoardv                 
00001a51  strcmp                              
00001ad9  _Z14ST7735_OutUDecj                 
00001b5d  _Z17ST7735_DrawStringttPcs          
00001be1  _Z14LaunchPad_Initv                 
00001c5d  __TI_closefile                      
00001cd9  __TI_decompress_lzss                
00001d55  _ZN6Player10usePowerupEv            
00001dc9  _Z16ST7735_DrawPixelsst             
00001e39  _Z16placeRandomCoinsPA16_hi         
00001ea9  HOSTlseek                           
00001f15  HOSTrename                          
00001f81  _Z10Sound_Initv                     
00001fed  _Z28GetDiscreteJoystickDirectionjj  
00002059  getdevice                           
00002129  HOSTopen                            
00002189  HOSTread                            
000021e1  HOSTtime64                          
00002239  HOSTwrite                           
00002291  _ZNK6Player4drawEv                  
000022e9  __aeabi_idiv                        
000022e9  __aeabi_idivmod                     
0000233f  _nop                                
00002341  _Z11fillmessagej                    
00002395  __TI_auto_init_nobinit              
000023e9  __TI_doflush                        
0000243d  close                               
0000248d  HOSTclose                           
000024d5  HOSTunlink                          
0000251d  _Z11Sound_StartPKhj                 
00002565  _Z14SPI_OutCommandc                 
000025ad  _Z9MyADC1_Inh                       
000025f5  _Z14SysTick_IntArmjj                
00002639  TIMG7_IRQHandler                    
00002679  _Z9SPI_Resetv                       
000026b9  _ZN6PlayerC1Ehhbh                   
000026b9  _ZN6PlayerC2Ehhbh                   
000026f9  __aeabi_uidiv                       
000026f9  __aeabi_uidivmod                    
00002779  _Z10UpdateCoinii                    
000027b5  SysTick_Handler                     
000027ed  _Z11SPI_OutDatac                    
00002825  _Z15ActivatePortA_Bv                
0000285d  rand                                
00002895  _Z12ST7735_writeiPKcj               
000028c9  _Z14Clock_Delay1msj                 
000028fd  _Z16ST7735_SetCursorjj              
00002931  __TI_cleanup                        
00002965  __TI_readmsg                        
00002999  __TI_writemsg                       
000029c5  C$$IO$$                             
000029cd  exit                                
00002a01  finddevice                          
00002a35  freopen                             
00002a99  fopen                               
00002ac9  _Z17ST7735_FillScreent              
00002af5  unlink                              
00002b21  TIMG12_IRQHandler                   
00002b49  _Z11Switch_Initv                    
00002b99  write                               
00002bc1  _c_int00_noargs                     
00002be9  _Z16ST7735_OutStringPc              
00002c0f  _ZN6Player10setPowerupE11PowerupType
00002c35  srand                               
00002c79  ADC0_IRQHandler                     
00002c79  ADC1_IRQHandler                     
00002c79  AES_IRQHandler                      
00002c79  CANFD0_IRQHandler                   
00002c79  DAC0_IRQHandler                     
00002c79  DMA_IRQHandler                      
00002c79  Default_Handler                     
00002c79  GROUP0_IRQHandler                   
00002c79  GROUP1_IRQHandler                   
00002c79  I2C0_IRQHandler                     
00002c79  I2C1_IRQHandler                     
00002c79  NMI_Handler                         
00002c79  PendSV_Handler                      
00002c79  RTC_IRQHandler                      
00002c79  SPI0_IRQHandler                     
00002c79  SPI1_IRQHandler                     
00002c79  SVC_Handler                         
00002c79  TIMA0_IRQHandler                    
00002c79  TIMA1_IRQHandler                    
00002c79  TIMG0_IRQHandler                    
00002c79  TIMG6_IRQHandler                    
00002c79  TIMG8_IRQHandler                    
00002c79  UART0_IRQHandler                    
00002c79  UART1_IRQHandler                    
00002c79  UART2_IRQHandler                    
00002c79  UART3_IRQHandler                    
00002c95  HardFault_Handler                   
00002cb1  _Z11Switch_P2B1v                    
00002ccd  _Z8DAC5_Outj                        
00002ce9  _Z9Switch_Inv                       
00002d59  _ZN8SlidePotC1Ejj                   
00002d59  _ZN8SlidePotC2Ejj                   
00002d73  _Z11Switch_P1B2v                    
00002d8b  _Z11Switch_P2B2v                    
00002dbd  _Z11ST7735_openPKcji                
00002dd3  _Z11ST7735_readiPcj                 
00002de9  __TI_zero_init_nomemset             
00002dff  _Z11Switch_P1B1v                    
00002e13  TI_memcpy_small                     
00002e25  __TI_decompress_none                
00002e47  _Z11Clock_Delayj                    
00002e59  _Z13Sound_Collectv                  
00002e79  __time64                            
00002e97  _Z12ST7735_lseekili                 
00002ec1  TI_memset_small                     
00002ed1  _Z10Clock_Freqv                     
00002edd  _Z10Sound_Stopv                     
00002ee9  _Z13ST7735_renamePKcS0_             
00002ef5  _Z15Joystick1_ReadXv                
00002f01  _Z15Joystick1_ReadYv                
00002f0d  _Z15Joystick2_ReadXv                
00002f19  _Z15Joystick2_ReadYv                
00002f25  _ZNK6Player10getPowerupEv           
00002f31  __aeabi_memclr                      
00002f31  __aeabi_memclr4                     
00002f31  __aeabi_memclr8                     
00002f3d  malloc                              
00002f49  _Z12ST7735_closei                   
00002f53  _Z13ST7735_unlinkPKc                
00002f5d  _Z8PLL_Initv                        
00002f69  __aeabi_memcpy                      
00002f69  __aeabi_memcpy4                     
00002f69  __aeabi_memcpy8                     
00002f71  remove                              
00002f79  Reset_Handler                       
00002f7d  _system_pre_init                    
00002f80  C$$EXIT                             
00002f81  abort                               
00003d22  collect                             
00003d70  SHT$$INIT_ARRAY$$Base               
00003d74  SHT$$INIT_ARRAY$$Limit              
00003e3c  __TI_Handler_Table_Base             
00003e48  __TI_Handler_Table_Limit            
00003e50  __TI_CINIT_Base                     
00003e60  __TI_CINIT_Limit                    
00003e60  __TI_CINIT_Warm                     
20200000  __start___llvm_prf_bits             
20200000  __start___llvm_prf_cnts             
20200000  __stop___llvm_prf_bits              
20200000  __stop___llvm_prf_cnts              
20200000  map                                 
20200140  _ftable                             
20200230  _device                             
202002a8  _stream                             
202002f8  Sensor                              
2020030c  player1                             
20200318  player2                             
20200324  __TI_cleanup_ptr                    
20200328  __TI_dtors_ptr                      
2020032c  BusFreq                             
20200330  StX                                 
20200334  StY                                 
20200338  __TI_ft_end                         
2020033c  _lock                               
20200340  _unlock                             
20200348  StTextColor                         
20200360  _sys_memory                         
20200560  _CIOBUF_                            
20200560  __CIOBUF_                           
20200680  __TI_tmpnams                        
20200720  Message                             
2020072c  parmbuf                             
20200734  Messageindex                        
20200738  TExaSLogic                          
2020073c  TExaSadc                            
20207e00  __stack                             
20208000  __STACK_END                         
ffffffff  __TI_pprof_out_hndl                 
ffffffff  __TI_prof_data_size                 
ffffffff  __TI_prof_data_start                
ffffffff  __binit__                           
ffffffff  binit                               
UNDEFED   __mpu_init                          
UNDEFED   _system_post_cinit                  

[215 symbols]
