******************************************************************************
            TI ARM Clang Linker Unix v4.0.1                    
******************************************************************************
>> Linked Tue Apr 22 16:13:31 2025

OUTPUT FILE NAME:   <ECE319K_Lab9H.out>
ENTRY POINT SYMBOL: "_c_int00_noargs"  address: 0000fe9d


MEMORY CONFIGURATION

         name            origin    length      used     unused   attr    fill
----------------------  --------  ---------  --------  --------  ----  --------
  FLASH                 00000000   00020000  00010470  0000fb90  R  X
  SRAM                  20200000   00008000  00000b20  000074e0  RW X
  BCR_CONFIG            41c00000   00000080  00000000  00000080  R   
  BSL_CONFIG            41c00100   00000080  00000000  00000080  R   


SEGMENT ALLOCATION MAP

run origin  load origin   length   init length attrs members
----------  ----------- ---------- ----------- ----- -------
00000000    00000000    00010470   00010470    r-x
  00000000    00000000    000000c0   000000c0    r-- .intvecs
  000000c0    000000c0    0000c8b0   0000c8b0    r-- .rodata
  0000c970    0000c970    000039c0   000039c0    r-x .text
  00010330    00010330    00000008   00000008    r-- .init_array
  00010338    00010338    00000138   00000138    r-- .cinit
20200000    20200000    00000923   00000000    rw-
  20200000    20200000    0000052d   00000000    rw- .data
  20200530    20200530    00000200   00000000    rw- .sysmem
  20200730    20200730    000001f3   00000000    rw- .bss
20207e00    20207e00    00000200   00000000    rw-
  20207e00    20207e00    00000200   00000000    rw- .stack


SECTION ALLOCATION MAP

 output                                  attributes/
section   page    origin      length       input sections
--------  ----  ----------  ----------   ----------------
.intvecs   0    00000000    000000c0     
                  00000000    000000c0     startup_mspm0g3507_ticlang.o (.intvecs)

.binit     0    00000000    00000000     

.text      0    0000c970    000039c0     
                  0000c970    00000298     Lab9HMain.o (.text.main)
                  0000cc08    00000210     ST7735.o (.text._Z17ST7735_DrawBitmapssPKtss)
                  0000ce18    000001bc     Map.o (.text._Z8EndRoundv)
                  0000cfd4    000001b4     Clock.o (.text._Z15Clock_Init80MHzi)
                  0000d188    000001a0     ST7735.o (.text._Z16ST7735_DrawCharSsscssh)
                  0000d328    00000170     Player.o (.text._ZN6Player4moveEaa)
                  0000d498    00000154     libc.a : fopen.c.obj (.text._openfile)
                  0000d5ec    00000144     Lab9HMain.o (.text._Z8mainmenuv)
                  0000d730    00000138     Map.o (.text._Z7DrawMapv)
                  0000d868    00000118     ST7735.o (.text._Z15ST7735_FillRectsssst)
                  0000d980    00000114     Player.o (.text._ZN6Player11collectItemEv)
                  0000da94    00000114     libc.a : memory.c.obj (.text.aligned_alloc)
                  0000dba8    0000010c     Player.o (.text._ZNK6Player5eraseEv)
                  0000dcb4    000000fc     Game_ADC.o (.text._Z11MyADC1_Initjj)
                  0000ddb0    000000f8     SPI.o (.text._Z8SPI_Initv)
                  0000dea8    000000ec     libsysbm.a : add_device.c.obj (.text.add_device)
                  0000df94    000000e8     libc.a : memory.c.obj (.text.free)
                  0000e07c    000000e0            : setvbuf.c.obj (.text.setvbuf)
                  0000e15c    000000dc     Map.o (.text._Z8DrawMenuv)
                  0000e238    000000d0     ST7735.o (.text._Z14ST7735_OutCharc)
                  0000e308    000000cc     Map.o (.text._Z7EndGameh)
                  0000e3d4    000000b8     Map.o (.text._Z11DrawPowerUp11PowerupTypeb)
                  0000e48c    000000b8     JoyStick.o (.text._Z13Joystick_Initv)
                  0000e544    000000a8     Map.o (.text._Z13placePowerupsPA16_h)
                  0000e5ec    000000a2     ST7735.o (.text._ZL11commandListPKh)
                  0000e68e    00000002     libclang_rt.builtins.a : aeabi_div0.c.obj (.text.__aeabi_idiv0)
                  0000e690    000000a0     libsysbm.a : open.c.obj (.text.open)
                  0000e730    0000009c     ST7735.o (.text._Z17ST7735_InitPrintfv)
                  0000e7cc    00000098     ST7735.o (.text._Z12ST7735_InitR10initRFlags)
                  0000e864    00000094     Timer.o (.text._Z15TimerG12_IntArmjj)
                  0000e8f8    0000008c     Map.o (.text._Z14DrawScoreBoardv)
                  0000e984    0000008c     Player.o (.text._ZN6Player10usePowerupEv)
                  0000ea10    00000088     ST7735.o (.text._ZL13setAddrWindowhhhh)
                  0000ea98    00000008     libclang_rt.builtins.a : aeabi_memcpy.S.obj (.text.__aeabi_memcpy)
                  0000eaa0    00000088     libc.a : strcmp-armv6m.S.obj (.text:strcmp)
                  0000eb28    00000084     ST7735.o (.text._Z14ST7735_OutUDecj)
                  0000ebac    00000084     ST7735.o (.text._Z17ST7735_DrawStringttPcs)
                  0000ec30    0000007e     Player.o (.text._ZN6Player12tickPowerupsEv)
                  0000ecae    00000002     libc.a : _lock.c.obj (.text._nop)
                  0000ecb0    0000007c     LaunchPad.o (.text._Z14LaunchPad_Initv)
                  0000ed2c    0000007c     libc.a : fclose.c.obj (.text.__TI_closefile)
                  0000eda8    0000007c            : copy_decompress_lzss.c.obj (.text:decompress:lzss)
                  0000ee24    00000074     Map.o (.text._Z9DrawRulesv)
                  0000ee98    00000070     ST7735.o (.text._Z16ST7735_DrawPixelsst)
                  0000ef08    00000070     Map.o (.text._Z16placeRandomCoinsPA16_hi)
                  0000ef78    0000006c     libsysbm.a : hostlseek.c.obj (.text.HOSTlseek)
                  0000efe4    0000006c                : hostrename.c.obj (.text.HOSTrename)
                  0000f050    0000006c     Lab9HMain.o (.text.TIMG12_IRQHandler)
                  0000f0bc    0000006c     Sound.o (.text._Z10Sound_Initv)
                  0000f128    0000006c     JoyStick.o (.text._Z28GetDiscreteJoystickDirectionjj)
                  0000f194    0000006c     libc.a : getdevice.c.obj (.text.getdevice)
                  0000f200    00000064            : memory.c.obj (.text.split)
                  0000f264    00000060     libsysbm.a : hostopen.c.obj (.text.HOSTopen)
                  0000f2c4    00000060     Timer.o (.text._Z13TimerG12_Initv)
                  0000f324    00000058     libsysbm.a : hostread.c.obj (.text.HOSTread)
                  0000f37c    00000058                : hosttime.c.obj (.text.HOSTtime64)
                  0000f3d4    00000058                : hostwrite.c.obj (.text.HOSTwrite)
                  0000f42c    00000058     Player.o (.text._ZNK6Player4drawEv)
                  0000f484    00000056     libclang_rt.builtins.a : aeabi_idivmod.S.obj (.text.__aeabi_idivmod)
                  0000f4da    00000002     --HOLE-- [fill = 0]
                  0000f4dc    00000054     ST7735.o (.text._Z11fillmessagej)
                  0000f530    00000054     Map.o (.text._Z12NavigateMenui)
                  0000f584    00000054     libc.a : autoinit.c.obj (.text:__TI_auto_init_nobinit)
                  0000f5d8    00000052            : fflush.c.obj (.text.__TI_doflush)
                  0000f62a    00000002     --HOLE-- [fill = 0]
                  0000f62c    00000050     Map.o (.text._Z8ResetMapv)
                  0000f67c    00000050     libsysbm.a : close.c.obj (.text.close)
                  0000f6cc    0000004c     Map.o (.text._Z14SelectMenuItemv)
                  0000f718    00000048     libsysbm.a : hostclose.c.obj (.text.HOSTclose)
                  0000f760    00000048                : hostunlink.c.obj (.text.HOSTunlink)
                  0000f7a8    00000048     Sound.o (.text._Z11Sound_StartPKhj)
                  0000f7f0    00000048     SPI.o (.text._Z14SPI_OutCommandc)
                  0000f838    00000048     Game_ADC.o (.text._Z9MyADC1_Inh)
                  0000f880    00000046     Player.o (.text._ZN6Player5resetEv)
                  0000f8c6    00000046     Player.o (.text._ZN6PlayerC2Ehhbh)
                  0000f90c    00000044     Sound.o (.text._Z14SysTick_IntArmjj)
                  0000f950    00000040     TExaS.o (.text.TIMG7_IRQHandler)
                  0000f990    00000040     SPI.o (.text._Z9SPI_Resetv)
                  0000f9d0    00000040     libclang_rt.builtins.a : aeabi_uidivmod.S.obj (.text.__aeabi_uidivmod)
                  0000fa10    00000040     libc.a : fopen.c.obj (.text._search_fp)
                  0000fa50    0000003c     Map.o (.text._Z10UpdateCoinii)
                  0000fa8c    00000038     Sound.o (.text.SysTick_Handler)
                  0000fac4    00000038     SPI.o (.text._Z11SPI_OutDatac)
                  0000fafc    00000038     LaunchPad.o (.text._Z15ActivatePortA_Bv)
                  0000fb34    00000038     libc.a : rand.c.obj (.text.rand)
                  0000fb6c    00000034     ST7735.o (.text._Z12ST7735_writeiPKcj)
                  0000fba0    00000034     Clock.o (.text._Z14Clock_Delay1msj)
                  0000fbd4    00000034     ST7735.o (.text._Z16ST7735_SetCursorjj)
                  0000fc08    00000034     libc.a : fopen.c.obj (.text.__TI_cleanup)
                  0000fc3c    00000034     libsysbm.a : trgmsg.c.obj (.text.__TI_readmsg)
                  0000fc70    00000034                : trgmsg.c.obj (.text.__TI_writemsg)
                  0000fca4    00000034     libc.a : exit.c.obj (.text.exit)
                  0000fcd8    00000034            : getdevice.c.obj (.text.finddevice)
                  0000fd0c    00000034            : fopen.c.obj (.text.freopen)
                  0000fd40    00000030     ST7735.o (.text._ZL10commonInitPKh)
                  0000fd70    00000030     libc.a : fopen.c.obj (.text.fopen)
                  0000fda0    0000002c     Map.o (.text._Z13NextRulesPagev)
                  0000fdcc    0000002c     ST7735.o (.text._Z17ST7735_FillScreent)
                  0000fdf8    0000002c     libsysbm.a : unlink.c.obj (.text.unlink)
                  0000fe24    00000028     Switch.o (.text._Z11Switch_Initv)
                  0000fe4c    00000028     libc.a : memory.c.obj (.text.free_list_insert)
                  0000fe74    00000028     libsysbm.a : write.c.obj (.text.write)
                  0000fe9c    00000028     libc.a : boot_cortex_m.c.obj (.text:_c_int00_noargs)
                  0000fec4    00000026     ST7735.o (.text._Z16ST7735_OutStringPc)
                  0000feea    00000024     Player.o (.text._ZN6Player10setPowerupE11PowerupType)
                  0000ff0e    00000002     --HOLE-- [fill = 0]
                  0000ff10    00000024     libc.a : rand.c.obj (.text.srand)
                  0000ff34    0000001e     ST7735.o (.text._ZL9pushColort)
                  0000ff52    0000001e     Player.o (.text._ZNK6Player8isFrozenEv)
                  0000ff70    0000001c     startup_mspm0g3507_ticlang.o (.text.Default_Handler)
                  0000ff8c    0000001c     startup_mspm0g3507_ticlang.o (.text.HardFault_Handler)
                  0000ffa8    0000001c     Switch.o (.text._Z11Switch_P2B1v)
                  0000ffc4    0000001c     DAC5.o (.text._Z8DAC5_Outj)
                  0000ffe0    0000001c     Switch.o (.text._Z9Switch_Inv)
                  0000fffc    0000001c     Lab9HMain.o (.text.__cxx_global_var_init.1)
                  00010018    0000001c     Lab9HMain.o (.text.__cxx_global_var_init.2)
                  00010034    0000001c     libc.a : memory.c.obj (.text.free_list_remove)
                  00010050    0000001a     Player.o (.text._ZN6Player11setPositionEhh)
                  0001006a    0000001a     SlidePot.o (.text._ZN8SlidePotC2Ejj)
                  00010084    00000018     Switch.o (.text._Z11Switch_P1B2v)
                  0001009c    00000018     Switch.o (.text._Z11Switch_P2B2v)
                  000100b4    00000018     Lab9HMain.o (.text.__cxx_global_var_init)
                  000100cc    00000016     ST7735.o (.text._Z11ST7735_openPKcji)
                  000100e2    00000016     ST7735.o (.text._Z11ST7735_readiPcj)
                  000100f8    00000016     Player.o (.text._ZN6Player8addScoreEh)
                  0001010e    00000016     libc.a : copy_zero_init.c.obj (.text:decompress:ZI:__TI_zero_init_nomemset)
                  00010124    00000014     Switch.o (.text._Z11Switch_P1B1v)
                  00010138    00000014     Sound.o (.text._Z13Sound_Collectv)
                  0001014c    00000014     Sound.o (.text._Z15Sound_Explosionv)
                  00010160    00000014     ST7735.o (.text._Z19ST7735_SetTextColort)
                  00010174    00000012     Player.o (.text._ZN6Player6freezeEh)
                  00010186    00000012     libc.a : memcpy16.S.obj (.text:TI_memcpy_small)
                  00010198    00000012            : copy_decompress_none.c.obj (.text:decompress:none)
                  000101aa    00000010     Lab9HMain.o (.text._GLOBAL__sub_I_Lab9HMain.cpp)
                  000101ba    00000010     Clock.o (.text._Z11Clock_Delayj)
                  000101ca    00000010     Map.o (.text._ZL4timePx)
                  000101da    00000010     Player.o (.text._ZNK6Player8isChaserEv)
                  000101ea    00000010     libsysbm.a : time64.c.obj (.text.__time64)
                  000101fa    0000000e     libc.a : memory.c.obj (.text.OUTLINED_FUNCTION_0)
                  00010208    0000000e     ST7735.o (.text._Z12ST7735_lseekili)
                  00010216    0000000e     libsysbm.a : hostrename.c.obj (.text.strcpy)
                  00010224    0000000e                : hostrename.c.obj (.text.strlen)
                  00010232    0000000e     libc.a : memset16.S.obj (.text:TI_memset_small)
                  00010240    0000000c     Clock.o (.text._Z10Clock_Freqv)
                  0001024c    0000000c     Sound.o (.text._Z10Sound_Stopv)
                  00010258    0000000c     ST7735.o (.text._Z13ST7735_renamePKcS0_)
                  00010264    0000000c     JoyStick.o (.text._Z15Joystick1_ReadXv)
                  00010270    0000000c     JoyStick.o (.text._Z15Joystick1_ReadYv)
                  0001027c    0000000c     JoyStick.o (.text._Z15Joystick2_ReadXv)
                  00010288    0000000c     JoyStick.o (.text._Z15Joystick2_ReadYv)
                  00010294    0000000c     Player.o (.text._ZNK6Player10getPowerupEv)
                  000102a0    0000000c     Player.o (.text._ZNK6Player4getXEv)
                  000102ac    0000000c     Player.o (.text._ZNK6Player4getYEv)
                  000102b8    0000000c     Player.o (.text._ZNK6Player5getIDEv)
                  000102c4    0000000c     Player.o (.text._ZNK6Player8getCoinsEv)
                  000102d0    0000000c     Player.o (.text._ZNK6Player8getScoreEv)
                  000102dc    0000000c     libclang_rt.builtins.a : aeabi_memset.S.obj (.text.__aeabi_memclr)
                  000102e8    0000000c     libc.a : memory.c.obj (.text.malloc)
                  000102f4    0000000a     ST7735.o (.text._Z12ST7735_closei)
                  000102fe    0000000a     ST7735.o (.text._Z13ST7735_unlinkPKc)
                  00010308    0000000a     Lab9HMain.o (.text._Z8PLL_Initv)
                  00010312    00000008     libsysbm.a : remove.c.obj (.text.remove)
                  0001031a    00000004     startup_mspm0g3507_ticlang.o (.text.Reset_Handler)
                  0001031e    00000004     libc.a : pre_init.c.obj (.text._system_pre_init)
                  00010322    00000004            : exit.c.obj (.text:abort)
                  00010326    0000000a     --HOLE-- [fill = 0]

.cinit     0    00010338    00000138     
                  00010338    00000111     (.cinit..data.load) [load image, compression = lzss]
                  00010449    00000003     --HOLE-- [fill = 0]
                  0001044c    0000000c     (__TI_handler_table)
                  00010458    00000008     (.cinit..bss.load) [load image, compression = zero_init]
                  00010460    00000010     (__TI_cinit_table)

.rodata    0    000000c0    0000c8b0     
                  000000c0    0000a000     Map.o (.rodata._ZL10mainScreen)
                  0000a0c0    00000ff0     Sound.o (.rodata._ZL5shoot)
                  0000b0b0    000007d0     Sound.o (.rodata._ZL9explosion)
                  0000b880    000004fb     ST7735.o (.rodata._ZL4Font)
                  0000bd7b    00000001     Map.o (.rodata.str1.104596856956816455781)
                  0000bd7c    00000080     Map.o (.rodata._ZL10CoinSprite)
                  0000bdfc    00000080     Player.o (.rodata._ZL10CoinSprite)
                  0000be7c    00000080     Map.o (.rodata._ZL10MineSprite)
                  0000befc    00000080     Player.o (.rodata._ZL10MineSprite)
                  0000bf7c    00000080     Map.o (.rodata._ZL10WallSprite)
                  0000bffc    00000080     Player.o (.rodata._ZL10WallSprite)
                  0000c07c    00000080     Map.o (.rodata._ZL11GhostSprite)
                  0000c0fc    00000080     Player.o (.rodata._ZL11GhostSprite)
                  0000c17c    00000080     Map.o (.rodata._ZL11SpeedSprite)
                  0000c1fc    00000080     Player.o (.rodata._ZL11SpeedSprite)
                  0000c27c    00000080     Map.o (.rodata._ZL12BorderSprite)
                  0000c2fc    00000080     Player.o (.rodata._ZL12BorderSprite)
                  0000c37c    00000080     Map.o (.rodata._ZL5Black)
                  0000c3fc    00000080     Player.o (.rodata._ZL5Black)
                  0000c47c    00000080     Map.o (.rodata._ZL8P1Sprite)
                  0000c4fc    00000080     Player.o (.rodata._ZL8P1Sprite)
                  0000c57c    00000080     Map.o (.rodata._ZL8P2Sprite)
                  0000c5fc    00000080     Player.o (.rodata._ZL8P2Sprite)
                  0000c67c    0000003b     ST7735.o (.rodata._ZL5Rcmd1)
                  0000c6b7    0000002b     ST7735.o (.rodata._ZL5Rcmd3)
                  0000c6e2    00000002     ST7735.o (.rodata.str1.12956530834739612181)
                  0000c6e4    00000018     Map.o (.rodata..L__const._Z13placePowerupsPA16_h.powerups)
                  0000c6fc    00000016     ST7735.o (.rodata.str1.10454047957466484921)
                  0000c712    00000015     Map.o (.rodata.str1.11892335321669509361)
                  0000c727    00000015     Map.o (.rodata.str1.73765608726033296121)
                  0000c73c    00000014     Map.o (.rodata.str1.105329869645890702911)
                  0000c750    00000014     Map.o (.rodata.str1.142248726879783284881)
                  0000c764    00000014     Map.o (.rodata.str1.67017573524192918981)
                  0000c778    00000013     Map.o (.rodata.str1.163232643015627163171)
                  0000c78b    00000013     Map.o (.rodata.str1.56202311474261802091)
                  0000c79e    00000013     Map.o (.rodata.str1.79115834064565914151)
                  0000c7b1    00000012     Map.o (.rodata.str1.107916156524046124021)
                  0000c7c3    00000012     Map.o (.rodata.str1.145483379714485341501)
                  0000c7d5    00000012     Map.o (.rodata.str1.160268990308799969531)
                  0000c7e7    00000012     Map.o (.rodata.str1.89521551402850255481)
                  0000c7f9    00000011     Map.o (.rodata.str1.73275120121451037061)
                  0000c80a    00000011     Map.o (.rodata.str1.89352664702768437881)
                  0000c81b    00000011     Map.o (.rodata.str1.94772824188764248821)
                  0000c82c    00000010     Map.o (.rodata.str1.122246070243964392101)
                  0000c83c    00000010     Map.o (.rodata.str1.141450585037438433001)
                  0000c84c    0000000f     Map.o (.rodata.str1.102952497523622115461)
                  0000c85b    0000000f     Map.o (.rodata.str1.122145636423382675341)
                  0000c86a    0000000f     Map.o (.rodata.str1.84046251035583987611)
                  0000c879    0000000e     Map.o (.rodata.str1.50855458835255299231)
                  0000c887    0000000d     ST7735.o (.rodata._ZL10Rcmd2green)
                  0000c894    0000000d     ST7735.o (.rodata._ZL8Rcmd2red)
                  0000c8a1    0000000d     Map.o (.rodata.str1.112519537372094380871)
                  0000c8ae    0000000d     Map.o (.rodata.str1.148345599293076453791)
                  0000c8bb    0000000b     Map.o (.rodata.str1.182096384341691390621)
                  0000c8c6    0000000b     Map.o (.rodata.str1.25527839812914399251)
                  0000c8d1    0000000a     Map.o (.rodata.str1.116554702338864380131)
                  0000c8db    0000000a     Map.o (.rodata.str1.174713602682270873741)
                  0000c8e5    0000000a     Map.o (.rodata.str1.69355853717354042871)
                  0000c8ef    00000009     Map.o (.rodata.str1.175428026395986957171)
                  0000c8f8    00000009     Map.o (.rodata.str1.62162332382089114691)
                  0000c901    00000009     Map.o (.rodata.str1.88020652275042292911)
                  0000c90a    00000008     Map.o (.rodata.str1.148507566663670628311)
                  0000c912    00000008     Map.o (.rodata.str1.179609936499601495561)
                  0000c91a    00000008     Map.o (.rodata.str1.29074602043393431931)
                  0000c922    00000008     ST7735.o (.rodata.str1.47795681660940027721)
                  0000c92a    00000008     Map.o (.rodata.str1.70551619931739254801)
                  0000c932    00000008     Map.o (.rodata.str1.93950474351652273581)
                  0000c93a    00000007     Map.o (.rodata.str1.112394934285709906361)
                  0000c941    00000007     ST7735.o (.rodata.str1.144587199919105078391)
                  0000c948    00000007     Map.o (.rodata.str1.146512124620236989091)
                  0000c94f    00000007     Map.o (.rodata.str1.152947731988548161181)
                  0000c956    00000007     ST7735.o (.rodata.str1.65889865058515175131)
                  0000c95d    00000004     Map.o (.rodata.str1.29466752115243444881)
                  0000c961    00000004     Map.o (.rodata.str1.37039636534899337951)
                  0000c965    00000003     Map.o (.rodata.str1.147687814722853052851)
                  0000c968    00000003     Map.o (.rodata.str1.45046861352749159411)
                  0000c96b    00000005     --HOLE-- [fill = 0]

.init_array 
*          0    00010330    00000008     
                  00010330    00000004     Lab9HMain.o (.init_array)
                  00010334    00000004     --HOLE-- [fill = 0]

.data      0    20200000    0000052d     UNINITIALIZED
                  20200000    00000140     Map.o (.data.basemap)
                  20200140    00000140     Map.o (.data.map)
                  20200280    000000f0     libc.a : defs.c.obj (.data._ftable)
                  20200370    00000078     libsysbm.a : host_device.c.obj (.data._device)
                  202003e8    00000078     Map.o (.data.rulesText)
                  20200460    00000050     libsysbm.a : host_device.c.obj (.data._stream)
                  202004b0    00000018     Lab9HMain.o (.data.player1)
                  202004c8    00000018     Lab9HMain.o (.data.player2)
                  202004e0    00000014     Lab9HMain.o (.data.Sensor)
                  202004f4    00000008     libc.a : exit.c.obj (.data..L_MergedGlobals)
                  202004fc    00000004     Clock.o (.data.BusFreq)
                  20200500    00000004     ST7735.o (.data.StX)
                  20200504    00000004     ST7735.o (.data.StY)
                  20200508    00000004     libc.a : defs.c.obj (.data.__TI_ft_end)
                  2020050c    00000004            : _lock.c.obj (.data._lock)
                  20200510    00000004            : _lock.c.obj (.data._unlock)
                  20200514    00000004     Map.o (.data.gameTicks)
                  20200518    00000004     libc.a : rand.c.obj (.data.next)
                  2020051c    00000002     ST7735.o (.data.StTextColor)
                  2020051e    00000002     ST7735.o (.data._ZL6_width)
                  20200520    00000002     ST7735.o (.data._ZL7_height)
                  20200522    00000001     Map.o (.data.currentRulesPage)
                  20200523    00000001     Map.o (.data.currentSelection)
                  20200524    00000001     libsysbm.a : add_device.c.obj (.data.add_device.device_init)
                  20200525    00000001     Map.o (.data.language)
                  20200526    00000001     Map.o (.data.returnToMenu)
                  20200527    00000001     Map.o (.data.roundOver)
                  20200528    00000001     libc.a : memory.c.obj (.data.memory_is_initialized)
                  20200529    00000003     --HOLE--
                  2020052c    00000001     libsysbm.a : open.c.obj (.data.open.stream_init)

.sysmem    0    20200530    00000200     UNINITIALIZED
                  20200530    00000010     libc.a : memory.c.obj (.sysmem)
                  20200540    000001f0     --HOLE--

.bss       0    20200730    000001f3     UNINITIALIZED
                  20200730    00000120     libsysbm.a : trgmsg.c.obj (.bss:_CIOBUF_)
                  20200850    000000a0     libc.a : defs.c.obj (.bss.__TI_tmpnams)
                  202008f0    0000000c     ST7735.o (.bss.Message)
                  202008fc    00000008     libsysbm.a : hostopen.c.obj (.bss.parmbuf)
                  20200904    00000004     ST7735.o (.bss.Messageindex)
                  20200908    00000004     TExaS.o (.bss.TExaSLogic)
                  2020090c    00000004     TExaS.o (.bss.TExaSadc)
                  20200910    00000004     Sound.o (.bss._ZL10SoundIndex)
                  20200914    00000004     Sound.o (.bss._ZL11SoundLength)
                  20200918    00000004     Sound.o (.bss._ZL9SoundData)
                  2020091c    00000004     libc.a : memory.c.obj (.bss.sys_free)
                  20200920    00000001     ST7735.o (.bss._ZL8ColStart)
                  20200921    00000001     ST7735.o (.bss._ZL8RowStart)
                  20200922    00000001     ST7735.o (.bss._ZL8TabColor)

.stack     0    20207e00    00000200     UNINITIALIZED
                  20207e00    00000004     libc.a : boot_cortex_m.c.obj (.stack)
                  20207e04    000001fc     --HOLE--

__llvm_prf_cnts 
*          0    20200000    00000000     UNINITIALIZED

__llvm_prf_bits 
*          0    20200000    00000000     UNINITIALIZED

MODULE SUMMARY

       Module                         code    ro data   rw data
       ------                         ----    -------   -------
    ./
       Map.o                          2260    42690     769    
       Sound.o                        356     6080      12     
       ST7735.o                       2872    1449      33     
       Player.o                       1626    1152      0      
       Lab9HMain.o                    1202    4         68     
       Clock.o                        516     0         4      
       SPI.o                          440     0         0      
       JoyStick.o                     340     0         0      
       Game_ADC.o                     324     0         0      
       Timer.o                        244     0         0      
       LaunchPad.o                    180     0         0      
       Switch.o                       164     0         0      
       TExaS.o                        64      0         8      
       DAC5.o                         28      0         0      
       SlidePot.o                     26      0         0      
    +--+------------------------------+-------+---------+---------+
       Total:                         10642   51375     894    
                                                               
    ./ticlang/
       startup_mspm0g3507_ticlang.o   60      192       0      
    +--+------------------------------+-------+---------+---------+
       Total:                         60      192       0      
                                                               
    /Applications/ti/ccs2000/ccs/tools/compiler/ti-cgt-armllvm_4.0.1.LTS/lib/armv6m-ti-none-eabi/c/libc.a
       memory.c.obj                   702     0         5      
       fopen.c.obj                    556     0         0      
       defs.c.obj                     0       0         404    
       setvbuf.c.obj                  224     0         0      
       getdevice.c.obj                160     0         0      
       strcmp-armv6m.S.obj            136     0         0      
       copy_decompress_lzss.c.obj     124     0         0      
       fclose.c.obj                   124     0         0      
       rand.c.obj                     92      0         4      
       autoinit.c.obj                 84      0         0      
       fflush.c.obj                   82      0         0      
       exit.c.obj                     56      0         8      
       boot_cortex_m.c.obj            40      0         0      
       copy_zero_init.c.obj           22      0         0      
       copy_decompress_none.c.obj     18      0         0      
       memcpy16.S.obj                 18      0         0      
       memset16.S.obj                 14      0         0      
       _lock.c.obj                    2       0         8      
       pre_init.c.obj                 4       0         0      
    +--+------------------------------+-------+---------+---------+
       Total:                         2458    0         429    
                                                               
    /Applications/ti/ccs2000/ccs/tools/compiler/ti-cgt-armllvm_4.0.1.LTS/lib/armv6m-ti-none-eabi/c/libsysbm.a
       trgmsg.c.obj                   104     0         288    
       add_device.c.obj               236     0         1      
       host_device.c.obj              0       0         200    
       open.c.obj                     160     0         1      
       hostrename.c.obj               136     0         0      
       hostlseek.c.obj                108     0         0      
       hostopen.c.obj                 96      0         8      
       hostread.c.obj                 88      0         0      
       hosttime.c.obj                 88      0         0      
       hostwrite.c.obj                88      0         0      
       close.c.obj                    80      0         0      
       hostclose.c.obj                72      0         0      
       hostunlink.c.obj               72      0         0      
       unlink.c.obj                   44      0         0      
       write.c.obj                    40      0         0      
       time64.c.obj                   16      0         0      
       remove.c.obj                   8       0         0      
    +--+------------------------------+-------+---------+---------+
       Total:                         1436    0         498    
                                                               
    /Applications/ti/ccs2000/ccs/tools/compiler/ti-cgt-armllvm_4.0.1.LTS/lib/armv6m-ti-none-eabi/libclang_rt.builtins.a
       aeabi_idivmod.S.obj            86      0         0      
       aeabi_uidivmod.S.obj           64      0         0      
       aeabi_memset.S.obj             12      0         0      
       aeabi_memcpy.S.obj             8       0         0      
       aeabi_div0.c.obj               2       0         0      
    +--+------------------------------+-------+---------+---------+
       Total:                         172     0         0      
                                                               
       Heap:                          0       0         512    
       Stack:                         0       0         512    
       Linker Generated:              0       309       0      
    +--+------------------------------+-------+---------+---------+
       Grand Total:                   14768   51876     2845   


LINKER GENERATED COPY TABLES

__TI_cinit_table @ 00010460 records: 2, size/record: 8, table size: 16
	.data: load addr=00010338, load size=00000111 bytes, run addr=20200000, run size=0000052d bytes, compression=lzss
	.bss: load addr=00010458, load size=00000008 bytes, run addr=20200730, run size=000001f3 bytes, compression=zero_init


LINKER GENERATED HANDLER TABLE

__TI_handler_table @ 0001044c records: 3, size/record: 4, table size: 12
	index: 0, handler: __TI_decompress_lzss
	index: 1, handler: __TI_decompress_none
	index: 2, handler: __TI_zero_init


GLOBAL SYMBOLS: SORTED ALPHABETICALLY BY Name 

address   name                                
-------   ----                                
0000ff71  ADC0_IRQHandler                     
0000ff71  ADC1_IRQHandler                     
0000ff71  AES_IRQHandler                      
202004fc  BusFreq                             
00010322  C$$EXIT                             
0000fc9d  C$$IO$$                             
0000ff71  CANFD0_IRQHandler                   
0000ff71  DAC0_IRQHandler                     
0000ff71  DMA_IRQHandler                      
0000ff71  Default_Handler                     
0000ff71  GROUP0_IRQHandler                   
0000ff71  GROUP1_IRQHandler                   
0000f719  HOSTclose                           
0000ef79  HOSTlseek                           
0000f265  HOSTopen                            
0000f325  HOSTread                            
0000efe5  HOSTrename                          
0000f37d  HOSTtime64                          
0000f761  HOSTunlink                          
0000f3d5  HOSTwrite                           
0000ff8d  HardFault_Handler                   
0000ff71  I2C0_IRQHandler                     
0000ff71  I2C1_IRQHandler                     
202008f0  Message                             
20200904  Messageindex                        
0000ff71  NMI_Handler                         
0000ff71  PendSV_Handler                      
0000ff71  RTC_IRQHandler                      
0001031b  Reset_Handler                       
00010330  SHT$$INIT_ARRAY$$Base               
00010334  SHT$$INIT_ARRAY$$Limit              
0000ff71  SPI0_IRQHandler                     
0000ff71  SPI1_IRQHandler                     
0000ff71  SVC_Handler                         
202004e0  Sensor                              
2020051c  StTextColor                         
20200500  StX                                 
20200504  StY                                 
0000fa8d  SysTick_Handler                     
20200908  TExaSLogic                          
2020090c  TExaSadc                            
0000ff71  TIMA0_IRQHandler                    
0000ff71  TIMA1_IRQHandler                    
0000ff71  TIMG0_IRQHandler                    
0000f051  TIMG12_IRQHandler                   
0000ff71  TIMG6_IRQHandler                    
0000f951  TIMG7_IRQHandler                    
0000ff71  TIMG8_IRQHandler                    
00010187  TI_memcpy_small                     
00010233  TI_memset_small                     
0000ff71  UART0_IRQHandler                    
0000ff71  UART1_IRQHandler                    
0000ff71  UART2_IRQHandler                    
0000ff71  UART3_IRQHandler                    
20200730  _CIOBUF_                            
00010241  _Z10Clock_Freqv                     
0000f0bd  _Z10Sound_Initv                     
0001024d  _Z10Sound_Stopv                     
0000fa51  _Z10UpdateCoinii                    
000101bb  _Z11Clock_Delayj                    
0000e3d5  _Z11DrawPowerUp11PowerupTypeb       
0000dcb5  _Z11MyADC1_Initjj                   
0000fac5  _Z11SPI_OutDatac                    
000100cd  _Z11ST7735_openPKcji                
000100e3  _Z11ST7735_readiPcj                 
0000f7a9  _Z11Sound_StartPKhj                 
0000fe25  _Z11Switch_Initv                    
00010125  _Z11Switch_P1B1v                    
00010085  _Z11Switch_P1B2v                    
0000ffa9  _Z11Switch_P2B1v                    
0001009d  _Z11Switch_P2B2v                    
0000f4dd  _Z11fillmessagej                    
0000f531  _Z12NavigateMenui                   
0000e7cd  _Z12ST7735_InitR10initRFlags        
000102f5  _Z12ST7735_closei                   
00010209  _Z12ST7735_lseekili                 
0000fb6d  _Z12ST7735_writeiPKcj               
0000e48d  _Z13Joystick_Initv                  
0000fda1  _Z13NextRulesPagev                  
00010259  _Z13ST7735_renamePKcS0_             
000102ff  _Z13ST7735_unlinkPKc                
00010139  _Z13Sound_Collectv                  
0000f2c5  _Z13TimerG12_Initv                  
0000e545  _Z13placePowerupsPA16_h             
0000fba1  _Z14Clock_Delay1msj                 
0000e8f9  _Z14DrawScoreBoardv                 
0000ecb1  _Z14LaunchPad_Initv                 
0000f7f1  _Z14SPI_OutCommandc                 
0000e239  _Z14ST7735_OutCharc                 
0000eb29  _Z14ST7735_OutUDecj                 
0000f6cd  _Z14SelectMenuItemv                 
0000f90d  _Z14SysTick_IntArmjj                
0000fafd  _Z15ActivatePortA_Bv                
0000cfd5  _Z15Clock_Init80MHzi                
00010265  _Z15Joystick1_ReadXv                
00010271  _Z15Joystick1_ReadYv                
0001027d  _Z15Joystick2_ReadXv                
00010289  _Z15Joystick2_ReadYv                
0000d869  _Z15ST7735_FillRectsssst            
0001014d  _Z15Sound_Explosionv                
0000e865  _Z15TimerG12_IntArmjj               
0000d189  _Z16ST7735_DrawCharSsscssh          
0000ee99  _Z16ST7735_DrawPixelsst             
0000fec5  _Z16ST7735_OutStringPc              
0000fbd5  _Z16ST7735_SetCursorjj              
0000ef09  _Z16placeRandomCoinsPA16_hi         
0000cc09  _Z17ST7735_DrawBitmapssPKtss        
0000ebad  _Z17ST7735_DrawStringttPcs          
0000fdcd  _Z17ST7735_FillScreent              
0000e731  _Z17ST7735_InitPrintfv              
00010161  _Z19ST7735_SetTextColort            
0000f129  _Z28GetDiscreteJoystickDirectionjj  
0000d731  _Z7DrawMapv                         
0000e309  _Z7EndGameh                         
0000ffc5  _Z8DAC5_Outj                        
0000e15d  _Z8DrawMenuv                        
0000ce19  _Z8EndRoundv                        
00010309  _Z8PLL_Initv                        
0000f62d  _Z8ResetMapv                        
0000ddb1  _Z8SPI_Initv                        
0000d5ed  _Z8mainmenuv                        
0000ee25  _Z9DrawRulesv                       
0000f839  _Z9MyADC1_Inh                       
0000f991  _Z9SPI_Resetv                       
0000ffe1  _Z9Switch_Inv                       
0000feeb  _ZN6Player10setPowerupE11PowerupType
0000e985  _ZN6Player10usePowerupEv            
0000d981  _ZN6Player11collectItemEv           
00010051  _ZN6Player11setPositionEhh          
0000ec31  _ZN6Player12tickPowerupsEv          
0000d329  _ZN6Player4moveEaa                  
0000f881  _ZN6Player5resetEv                  
00010175  _ZN6Player6freezeEh                 
000100f9  _ZN6Player8addScoreEh               
0000f8c7  _ZN6PlayerC1Ehhbh                   
0000f8c7  _ZN6PlayerC2Ehhbh                   
0001006b  _ZN8SlidePotC1Ejj                   
0001006b  _ZN8SlidePotC2Ejj                   
00010295  _ZNK6Player10getPowerupEv           
0000f42d  _ZNK6Player4drawEv                  
000102a1  _ZNK6Player4getXEv                  
000102ad  _ZNK6Player4getYEv                  
0000dba9  _ZNK6Player5eraseEv                 
000102b9  _ZNK6Player5getIDEv                 
000102c5  _ZNK6Player8getCoinsEv              
000102d1  _ZNK6Player8getScoreEv              
000101db  _ZNK6Player8isChaserEv              
0000ff53  _ZNK6Player8isFrozenEv              
20200730  __CIOBUF_                           
20208000  __STACK_END                         
00000200  __STACK_SIZE                        
00000200  __SYSMEM_SIZE                       
00000000  __TI_ATRegion0_region_sz            
00000000  __TI_ATRegion0_src_addr             
00000000  __TI_ATRegion0_trg_addr             
00000000  __TI_ATRegion1_region_sz            
00000000  __TI_ATRegion1_src_addr             
00000000  __TI_ATRegion1_trg_addr             
00000000  __TI_ATRegion2_region_sz            
00000000  __TI_ATRegion2_src_addr             
00000000  __TI_ATRegion2_trg_addr             
00010460  __TI_CINIT_Base                     
00010470  __TI_CINIT_Limit                    
00010470  __TI_CINIT_Warm                     
0001044c  __TI_Handler_Table_Base             
00010458  __TI_Handler_Table_Limit            
0000f585  __TI_auto_init_nobinit              
0000fc09  __TI_cleanup                        
202004f4  __TI_cleanup_ptr                    
0000ed2d  __TI_closefile                      
0000eda9  __TI_decompress_lzss                
00010199  __TI_decompress_none                
0000f5d9  __TI_doflush                        
202004f8  __TI_dtors_ptr                      
20200508  __TI_ft_end                         
ffffffff  __TI_pprof_out_hndl                 
ffffffff  __TI_prof_data_size                 
ffffffff  __TI_prof_data_start                
0000fc3d  __TI_readmsg                        
00000000  __TI_static_base__                  
20200850  __TI_tmpnams                        
0000fc71  __TI_writemsg                       
0001010f  __TI_zero_init_nomemset             
0000f485  __aeabi_idiv                        
0000e68f  __aeabi_idiv0                       
0000f485  __aeabi_idivmod                     
000102dd  __aeabi_memclr                      
000102dd  __aeabi_memclr4                     
000102dd  __aeabi_memclr8                     
0000ea99  __aeabi_memcpy                      
0000ea99  __aeabi_memcpy4                     
0000ea99  __aeabi_memcpy8                     
0000f9d1  __aeabi_uidiv                       
0000f9d1  __aeabi_uidivmod                    
ffffffff  __binit__                           
UNDEFED   __mpu_init                          
20207e00  __stack                             
20200000  __start___llvm_prf_bits             
20200000  __start___llvm_prf_cnts             
20200000  __stop___llvm_prf_bits              
20200000  __stop___llvm_prf_cnts              
000101eb  __time64                            
0000fe9d  _c_int00_noargs                     
20200370  _device                             
20200280  _ftable                             
2020050c  _lock                               
0000ecaf  _nop                                
20200460  _stream                             
20200530  _sys_memory                         
UNDEFED   _system_post_cinit                  
0001031f  _system_pre_init                    
20200510  _unlock                             
00010323  abort                               
0000dea9  add_device                          
0000da95  aligned_alloc                       
20200000  basemap                             
ffffffff  binit                               
0000f67d  close                               
20200522  currentRulesPage                    
20200523  currentSelection                    
0000fca5  exit                                
0000fcd9  finddevice                          
0000fd71  fopen                               
0000df95  free                                
0000fd0d  freopen                             
20200514  gameTicks                           
0000f195  getdevice                           
00000000  interruptVectors                    
20200525  language                            
0000c971  main                                
000102e9  malloc                              
20200140  map                                 
0000da95  memalign                            
0000e691  open                                
202008fc  parmbuf                             
202004b0  player1                             
202004c8  player2                             
0000fb35  rand                                
00010313  remove                              
20200526  returnToMenu                        
20200527  roundOver                           
202003e8  rulesText                           
0000e07d  setvbuf                             
0000ff11  srand                               
0000eaa1  strcmp                              
0000fdf9  unlink                              
0000fe75  write                               


GLOBAL SYMBOLS: SORTED BY Symbol Address 

address   name                                
-------   ----                                
00000000  __TI_ATRegion0_region_sz            
00000000  __TI_ATRegion0_src_addr             
00000000  __TI_ATRegion0_trg_addr             
00000000  __TI_ATRegion1_region_sz            
00000000  __TI_ATRegion1_src_addr             
00000000  __TI_ATRegion1_trg_addr             
00000000  __TI_ATRegion2_region_sz            
00000000  __TI_ATRegion2_src_addr             
00000000  __TI_ATRegion2_trg_addr             
00000000  __TI_static_base__                  
00000000  interruptVectors                    
00000200  __STACK_SIZE                        
00000200  __SYSMEM_SIZE                       
0000c971  main                                
0000cc09  _Z17ST7735_DrawBitmapssPKtss        
0000ce19  _Z8EndRoundv                        
0000cfd5  _Z15Clock_Init80MHzi                
0000d189  _Z16ST7735_DrawCharSsscssh          
0000d329  _ZN6Player4moveEaa                  
0000d5ed  _Z8mainmenuv                        
0000d731  _Z7DrawMapv                         
0000d869  _Z15ST7735_FillRectsssst            
0000d981  _ZN6Player11collectItemEv           
0000da95  aligned_alloc                       
0000da95  memalign                            
0000dba9  _ZNK6Player5eraseEv                 
0000dcb5  _Z11MyADC1_Initjj                   
0000ddb1  _Z8SPI_Initv                        
0000dea9  add_device                          
0000df95  free                                
0000e07d  setvbuf                             
0000e15d  _Z8DrawMenuv                        
0000e239  _Z14ST7735_OutCharc                 
0000e309  _Z7EndGameh                         
0000e3d5  _Z11DrawPowerUp11PowerupTypeb       
0000e48d  _Z13Joystick_Initv                  
0000e545  _Z13placePowerupsPA16_h             
0000e68f  __aeabi_idiv0                       
0000e691  open                                
0000e731  _Z17ST7735_InitPrintfv              
0000e7cd  _Z12ST7735_InitR10initRFlags        
0000e865  _Z15TimerG12_IntArmjj               
0000e8f9  _Z14DrawScoreBoardv                 
0000e985  _ZN6Player10usePowerupEv            
0000ea99  __aeabi_memcpy                      
0000ea99  __aeabi_memcpy4                     
0000ea99  __aeabi_memcpy8                     
0000eaa1  strcmp                              
0000eb29  _Z14ST7735_OutUDecj                 
0000ebad  _Z17ST7735_DrawStringttPcs          
0000ec31  _ZN6Player12tickPowerupsEv          
0000ecaf  _nop                                
0000ecb1  _Z14LaunchPad_Initv                 
0000ed2d  __TI_closefile                      
0000eda9  __TI_decompress_lzss                
0000ee25  _Z9DrawRulesv                       
0000ee99  _Z16ST7735_DrawPixelsst             
0000ef09  _Z16placeRandomCoinsPA16_hi         
0000ef79  HOSTlseek                           
0000efe5  HOSTrename                          
0000f051  TIMG12_IRQHandler                   
0000f0bd  _Z10Sound_Initv                     
0000f129  _Z28GetDiscreteJoystickDirectionjj  
0000f195  getdevice                           
0000f265  HOSTopen                            
0000f2c5  _Z13TimerG12_Initv                  
0000f325  HOSTread                            
0000f37d  HOSTtime64                          
0000f3d5  HOSTwrite                           
0000f42d  _ZNK6Player4drawEv                  
0000f485  __aeabi_idiv                        
0000f485  __aeabi_idivmod                     
0000f4dd  _Z11fillmessagej                    
0000f531  _Z12NavigateMenui                   
0000f585  __TI_auto_init_nobinit              
0000f5d9  __TI_doflush                        
0000f62d  _Z8ResetMapv                        
0000f67d  close                               
0000f6cd  _Z14SelectMenuItemv                 
0000f719  HOSTclose                           
0000f761  HOSTunlink                          
0000f7a9  _Z11Sound_StartPKhj                 
0000f7f1  _Z14SPI_OutCommandc                 
0000f839  _Z9MyADC1_Inh                       
0000f881  _ZN6Player5resetEv                  
0000f8c7  _ZN6PlayerC1Ehhbh                   
0000f8c7  _ZN6PlayerC2Ehhbh                   
0000f90d  _Z14SysTick_IntArmjj                
0000f951  TIMG7_IRQHandler                    
0000f991  _Z9SPI_Resetv                       
0000f9d1  __aeabi_uidiv                       
0000f9d1  __aeabi_uidivmod                    
0000fa51  _Z10UpdateCoinii                    
0000fa8d  SysTick_Handler                     
0000fac5  _Z11SPI_OutDatac                    
0000fafd  _Z15ActivatePortA_Bv                
0000fb35  rand                                
0000fb6d  _Z12ST7735_writeiPKcj               
0000fba1  _Z14Clock_Delay1msj                 
0000fbd5  _Z16ST7735_SetCursorjj              
0000fc09  __TI_cleanup                        
0000fc3d  __TI_readmsg                        
0000fc71  __TI_writemsg                       
0000fc9d  C$$IO$$                             
0000fca5  exit                                
0000fcd9  finddevice                          
0000fd0d  freopen                             
0000fd71  fopen                               
0000fda1  _Z13NextRulesPagev                  
0000fdcd  _Z17ST7735_FillScreent              
0000fdf9  unlink                              
0000fe25  _Z11Switch_Initv                    
0000fe75  write                               
0000fe9d  _c_int00_noargs                     
0000fec5  _Z16ST7735_OutStringPc              
0000feeb  _ZN6Player10setPowerupE11PowerupType
0000ff11  srand                               
0000ff53  _ZNK6Player8isFrozenEv              
0000ff71  ADC0_IRQHandler                     
0000ff71  ADC1_IRQHandler                     
0000ff71  AES_IRQHandler                      
0000ff71  CANFD0_IRQHandler                   
0000ff71  DAC0_IRQHandler                     
0000ff71  DMA_IRQHandler                      
0000ff71  Default_Handler                     
0000ff71  GROUP0_IRQHandler                   
0000ff71  GROUP1_IRQHandler                   
0000ff71  I2C0_IRQHandler                     
0000ff71  I2C1_IRQHandler                     
0000ff71  NMI_Handler                         
0000ff71  PendSV_Handler                      
0000ff71  RTC_IRQHandler                      
0000ff71  SPI0_IRQHandler                     
0000ff71  SPI1_IRQHandler                     
0000ff71  SVC_Handler                         
0000ff71  TIMA0_IRQHandler                    
0000ff71  TIMA1_IRQHandler                    
0000ff71  TIMG0_IRQHandler                    
0000ff71  TIMG6_IRQHandler                    
0000ff71  TIMG8_IRQHandler                    
0000ff71  UART0_IRQHandler                    
0000ff71  UART1_IRQHandler                    
0000ff71  UART2_IRQHandler                    
0000ff71  UART3_IRQHandler                    
0000ff8d  HardFault_Handler                   
0000ffa9  _Z11Switch_P2B1v                    
0000ffc5  _Z8DAC5_Outj                        
0000ffe1  _Z9Switch_Inv                       
00010051  _ZN6Player11setPositionEhh          
0001006b  _ZN8SlidePotC1Ejj                   
0001006b  _ZN8SlidePotC2Ejj                   
00010085  _Z11Switch_P1B2v                    
0001009d  _Z11Switch_P2B2v                    
000100cd  _Z11ST7735_openPKcji                
000100e3  _Z11ST7735_readiPcj                 
000100f9  _ZN6Player8addScoreEh               
0001010f  __TI_zero_init_nomemset             
00010125  _Z11Switch_P1B1v                    
00010139  _Z13Sound_Collectv                  
0001014d  _Z15Sound_Explosionv                
00010161  _Z19ST7735_SetTextColort            
00010175  _ZN6Player6freezeEh                 
00010187  TI_memcpy_small                     
00010199  __TI_decompress_none                
000101bb  _Z11Clock_Delayj                    
000101db  _ZNK6Player8isChaserEv              
000101eb  __time64                            
00010209  _Z12ST7735_lseekili                 
00010233  TI_memset_small                     
00010241  _Z10Clock_Freqv                     
0001024d  _Z10Sound_Stopv                     
00010259  _Z13ST7735_renamePKcS0_             
00010265  _Z15Joystick1_ReadXv                
00010271  _Z15Joystick1_ReadYv                
0001027d  _Z15Joystick2_ReadXv                
00010289  _Z15Joystick2_ReadYv                
00010295  _ZNK6Player10getPowerupEv           
000102a1  _ZNK6Player4getXEv                  
000102ad  _ZNK6Player4getYEv                  
000102b9  _ZNK6Player5getIDEv                 
000102c5  _ZNK6Player8getCoinsEv              
000102d1  _ZNK6Player8getScoreEv              
000102dd  __aeabi_memclr                      
000102dd  __aeabi_memclr4                     
000102dd  __aeabi_memclr8                     
000102e9  malloc                              
000102f5  _Z12ST7735_closei                   
000102ff  _Z13ST7735_unlinkPKc                
00010309  _Z8PLL_Initv                        
00010313  remove                              
0001031b  Reset_Handler                       
0001031f  _system_pre_init                    
00010322  C$$EXIT                             
00010323  abort                               
00010330  SHT$$INIT_ARRAY$$Base               
00010334  SHT$$INIT_ARRAY$$Limit              
0001044c  __TI_Handler_Table_Base             
00010458  __TI_Handler_Table_Limit            
00010460  __TI_CINIT_Base                     
00010470  __TI_CINIT_Limit                    
00010470  __TI_CINIT_Warm                     
20200000  __start___llvm_prf_bits             
20200000  __start___llvm_prf_cnts             
20200000  __stop___llvm_prf_bits              
20200000  __stop___llvm_prf_cnts              
20200000  basemap                             
20200140  map                                 
20200280  _ftable                             
20200370  _device                             
202003e8  rulesText                           
20200460  _stream                             
202004b0  player1                             
202004c8  player2                             
202004e0  Sensor                              
202004f4  __TI_cleanup_ptr                    
202004f8  __TI_dtors_ptr                      
202004fc  BusFreq                             
20200500  StX                                 
20200504  StY                                 
20200508  __TI_ft_end                         
2020050c  _lock                               
20200510  _unlock                             
20200514  gameTicks                           
2020051c  StTextColor                         
20200522  currentRulesPage                    
20200523  currentSelection                    
20200525  language                            
20200526  returnToMenu                        
20200527  roundOver                           
20200530  _sys_memory                         
20200730  _CIOBUF_                            
20200730  __CIOBUF_                           
20200850  __TI_tmpnams                        
202008f0  Message                             
202008fc  parmbuf                             
20200904  Messageindex                        
20200908  TExaSLogic                          
2020090c  TExaSadc                            
20207e00  __stack                             
20208000  __STACK_END                         
ffffffff  __TI_pprof_out_hndl                 
ffffffff  __TI_prof_data_size                 
ffffffff  __TI_prof_data_start                
ffffffff  __binit__                           
ffffffff  binit                               
UNDEFED   __mpu_init                          
UNDEFED   _system_post_cinit                  

[247 symbols]
