******************************************************************************
            TI ARM Clang Linker Unix v4.0.1                    
******************************************************************************
>> Linked Sat Apr 12 15:44:54 2025

OUTPUT FILE NAME:   <ECE319K_Lab9H.out>
ENTRY POINT SYMBOL: "_c_int00_noargs"  address: 00001f3d


MEMORY CONFIGURATION

         name            origin    length      used     unused   attr    fill
----------------------  --------  ---------  --------  --------  ----  --------
  FLASH                 00000000   00020000  00002d18  0001d2e8  R  X
  SRAM                  20200000   00008000  00000928  000076d8  RW X
  BCR_CONFIG            41c00000   00000080  00000000  00000080  R   
  BSL_CONFIG            41c00100   00000080  00000000  00000080  R   


SEGMENT ALLOCATION MAP

run origin  load origin   length   init length attrs members
----------  ----------- ---------- ----------- ----- -------
00000000    00000000    00002d18   00002d18    r-x
  00000000    00000000    000000c0   000000c0    r-- .intvecs
  000000c0    000000c0    000020e0   000020e0    r-x .text
  000021a0    000021a0    00000a80   00000a80    r-- .rodata
  00002c20    00002c20    00000008   00000008    r-- .init_array
  00002c28    00002c28    000000f0   000000f0    r-- .cinit
20200000    20200000    0000072f   00000000    rw-
  20200000    20200000    00000351   00000000    rw- .data
  20200358    20200358    00000200   00000000    rw- .sysmem
  20200558    20200558    000001d7   00000000    rw- .bss
20207e00    20207e00    00000200   00000000    rw-
  20207e00    20207e00    00000200   00000000    rw- .stack


SECTION ALLOCATION MAP

 output                                  attributes/
section   page    origin      length       input sections
--------  ----  ----------  ----------   ----------------
.intvecs   0    00000000    000000c0     
                  00000000    000000c0     startup_mspm0g3507_ticlang.o (.intvecs)

.binit     0    00000000    00000000     

.text      0    000000c0    000020e0     
                  000000c0    00000210     ST7735.o (.text._Z17ST7735_DrawBitmapssPKtss)
                  000002d0    000001b4     Clock.o (.text._Z15Clock_Init80MHzi)
                  00000484    000001a0     ST7735.o (.text._Z16ST7735_DrawCharSsscssh)
                  00000624    00000154     libc.a : fopen.c.obj (.text._openfile)
                  00000778    00000118     ST7735.o (.text._Z15ST7735_FillRectsssst)
                  00000890    00000114     libc.a : memory.c.obj (.text.aligned_alloc)
                  000009a4    000000f8     SPI.o (.text._Z8SPI_Initv)
                  00000a9c    000000ec     libsysbm.a : add_device.c.obj (.text.add_device)
                  00000b88    000000e8     libc.a : memory.c.obj (.text.free)
                  00000c70    000000e0     Map.o (.text._Z7DrawMapv)
                  00000d50    000000e0     libc.a : setvbuf.c.obj (.text.setvbuf)
                  00000e30    000000d0     ST7735.o (.text._Z14ST7735_OutCharc)
                  00000f00    000000d0     Map.o (.text._Z8DrawMenuv)
                  00000fd0    000000a2     ST7735.o (.text._ZL11commandListPKh)
                  00001072    00000002     Sound.o (.text.SysTick_Handler)
                  00001074    000000a0     libsysbm.a : open.c.obj (.text.open)
                  00001114    0000009c     ST7735.o (.text._Z17ST7735_InitPrintfv)
                  000011b0    00000098     ST7735.o (.text._Z12ST7735_InitR10initRFlags)
                  00001248    00000088     ST7735.o (.text._ZL13setAddrWindowhhhh)
                  000012d0    00000088     libc.a : strcmp-armv6m.S.obj (.text:strcmp)
                  00001358    00000084     ST7735.o (.text._Z17ST7735_DrawStringttPcs)
                  000013dc    00000080     Map.o (.text._Z8DrawLogoii)
                  0000145c    0000007c     LaunchPad.o (.text._Z14LaunchPad_Initv)
                  000014d8    0000007c     libc.a : fclose.c.obj (.text.__TI_closefile)
                  00001554    0000007c            : copy_decompress_lzss.c.obj (.text:decompress:lzss)
                  000015d0    00000070     ST7735.o (.text._Z16ST7735_DrawPixelsst)
                  00001640    0000006c     libsysbm.a : hostlseek.c.obj (.text.HOSTlseek)
                  000016ac    0000006c                : hostrename.c.obj (.text.HOSTrename)
                  00001718    0000006c     libc.a : getdevice.c.obj (.text.getdevice)
                  00001784    00000064            : memory.c.obj (.text.split)
                  000017e8    00000060     libsysbm.a : hostopen.c.obj (.text.HOSTopen)
                  00001848    00000058                : hostread.c.obj (.text.HOSTread)
                  000018a0    00000058                : hostwrite.c.obj (.text.HOSTwrite)
                  000018f8    00000054     libc.a : autoinit.c.obj (.text:__TI_auto_init_nobinit)
                  0000194c    00000052            : fflush.c.obj (.text.__TI_doflush)
                  0000199e    00000002     libclang_rt.builtins.a : aeabi_div0.c.obj (.text.__aeabi_idiv0)
                  000019a0    00000050     libsysbm.a : close.c.obj (.text.close)
                  000019f0    00000048                : hostclose.c.obj (.text.HOSTclose)
                  00001a38    00000048                : hostunlink.c.obj (.text.HOSTunlink)
                  00001a80    00000048     SPI.o (.text._Z14SPI_OutCommandc)
                  00001ac8    00000040     TExaS.o (.text.TIMG7_IRQHandler)
                  00001b08    00000040     SPI.o (.text._Z9SPI_Resetv)
                  00001b48    00000040     libclang_rt.builtins.a : aeabi_uidivmod.S.obj (.text.__aeabi_uidivmod)
                  00001b88    00000040     libc.a : fopen.c.obj (.text._search_fp)
                  00001bc8    00000038     SPI.o (.text._Z11SPI_OutDatac)
                  00001c00    00000038     LaunchPad.o (.text._Z15ActivatePortA_Bv)
                  00001c38    00000034     ST7735.o (.text._Z12ST7735_writeiPKcj)
                  00001c6c    00000034     Clock.o (.text._Z14Clock_Delay1msj)
                  00001ca0    00000034     ST7735.o (.text._Z16ST7735_SetCursorjj)
                  00001cd4    00000034     libc.a : fopen.c.obj (.text.__TI_cleanup)
                  00001d08    00000034     libsysbm.a : trgmsg.c.obj (.text.__TI_readmsg)
                  00001d3c    00000034                : trgmsg.c.obj (.text.__TI_writemsg)
                  00001d70    00000034     libc.a : exit.c.obj (.text.exit)
                  00001da4    00000034            : getdevice.c.obj (.text.finddevice)
                  00001dd8    00000034            : fopen.c.obj (.text.freopen)
                  00001e0c    00000030     ST7735.o (.text._ZL10commonInitPKh)
                  00001e3c    00000030     libc.a : fopen.c.obj (.text.fopen)
                  00001e6c    0000002c     ST7735.o (.text._Z17ST7735_FillScreent)
                  00001e98    0000002c     libsysbm.a : unlink.c.obj (.text.unlink)
                  00001ec4    00000028     Lab9HMain.o (.text.TIMG12_IRQHandler)
                  00001eec    00000028     libc.a : memory.c.obj (.text.free_list_insert)
                  00001f14    00000028     libsysbm.a : write.c.obj (.text.write)
                  00001f3c    00000028     libc.a : boot_cortex_m.c.obj (.text:_c_int00_noargs)
                  00001f64    00000026     ST7735.o (.text._Z16ST7735_OutStringPc)
                  00001f8a    00000022     Lab9HMain.o (.text.main)
                  00001fac    0000001e     ST7735.o (.text._ZL9pushColort)
                  00001fca    00000002     libc.a : _lock.c.obj (.text._nop)
                  00001fcc    0000001c     startup_mspm0g3507_ticlang.o (.text.Default_Handler)
                  00001fe8    0000001c     startup_mspm0g3507_ticlang.o (.text.HardFault_Handler)
                  00002004    0000001c     libc.a : memory.c.obj (.text.free_list_remove)
                  00002020    0000001a     SlidePot.o (.text._ZN8SlidePotC2Ejj)
                  0000203a    00000002     --HOLE-- [fill = 0]
                  0000203c    00000018     Lab9HMain.o (.text.__cxx_global_var_init)
                  00002054    00000016     ST7735.o (.text._Z11ST7735_openPKcji)
                  0000206a    00000016     ST7735.o (.text._Z11ST7735_readiPcj)
                  00002080    00000016     libc.a : copy_zero_init.c.obj (.text:decompress:ZI:__TI_zero_init_nomemset)
                  00002096    00000002     --HOLE-- [fill = 0]
                  00002098    00000014     ST7735.o (.text._Z19ST7735_SetTextColort)
                  000020ac    00000012     libc.a : memcpy16.S.obj (.text:TI_memcpy_small)
                  000020be    00000012            : copy_decompress_none.c.obj (.text:decompress:none)
                  000020d0    00000010     Clock.o (.text._Z11Clock_Delayj)
                  000020e0    0000000e     libc.a : memory.c.obj (.text.OUTLINED_FUNCTION_0)
                  000020ee    0000000e     ST7735.o (.text._Z12ST7735_lseekili)
                  000020fc    0000000e     libsysbm.a : hostrename.c.obj (.text.strcpy)
                  0000210a    0000000e                : hostrename.c.obj (.text.strlen)
                  00002118    0000000e     libc.a : memset16.S.obj (.text:TI_memset_small)
                  00002126    00000002     --HOLE-- [fill = 0]
                  00002128    0000000c     Clock.o (.text._Z10Clock_Freqv)
                  00002134    0000000c     ST7735.o (.text._Z13ST7735_renamePKcS0_)
                  00002140    0000000c     libclang_rt.builtins.a : aeabi_memset.S.obj (.text.__aeabi_memclr)
                  0000214c    0000000c     libc.a : memory.c.obj (.text.malloc)
                  00002158    0000000a     ST7735.o (.text._Z12ST7735_closei)
                  00002162    0000000a     ST7735.o (.text._Z13ST7735_unlinkPKc)
                  0000216c    0000000a     Lab9HMain.o (.text._Z8PLL_Initv)
                  00002176    00000008     Lab9HMain.o (.text._GLOBAL__sub_I_Lab9HMain.cpp)
                  0000217e    00000002     --HOLE-- [fill = 0]
                  00002180    00000008     libclang_rt.builtins.a : aeabi_memcpy.S.obj (.text.__aeabi_memcpy)
                  00002188    00000008     libsysbm.a : remove.c.obj (.text.remove)
                  00002190    00000004     startup_mspm0g3507_ticlang.o (.text.Reset_Handler)
                  00002194    00000004     libc.a : pre_init.c.obj (.text._system_pre_init)
                  00002198    00000004            : exit.c.obj (.text:abort)
                  0000219c    00000004     --HOLE-- [fill = 0]

.cinit     0    00002c28    000000f0     
                  00002c28    000000cc     (.cinit..data.load) [load image, compression = lzss]
                  00002cf4    0000000c     (__TI_handler_table)
                  00002d00    00000008     (.cinit..bss.load) [load image, compression = zero_init]
                  00002d08    00000010     (__TI_cinit_table)

.rodata    0    000021a0    00000a80     
                  000021a0    000004fb     ST7735.o (.rodata._ZL4Font)
                  0000269b    00000001     --HOLE-- [fill = 0]
                  0000269c    00000080     Map.o (.rodata.BorderSprite)
                  0000271c    00000080     Map.o (.rodata.CoinSprite)
                  0000279c    00000080     Map.o (.rodata.SpeedSprite)
                  0000281c    00000080     Map.o (.rodata.WallSprite)
                  0000289c    00000080     Map.o (.rodata._ZL12TAG_Tile_Top)
                  0000291c    00000080     Map.o (.rodata._ZL13TAG_Tile_ATop)
                  0000299c    00000080     Map.o (.rodata._ZL14TAG_Tile_Empty)
                  00002a1c    00000080     Map.o (.rodata._ZL14TAG_Tile_TStem)
                  00002a9c    00000080     Map.o (.rodata._ZL16TAG_Tile_GBottom)
                  00002b1c    0000003b     ST7735.o (.rodata._ZL5Rcmd1)
                  00002b57    0000002b     ST7735.o (.rodata._ZL5Rcmd3)
                  00002b82    00000016     ST7735.o (.rodata.str1.10454047957466484921)
                  00002b98    0000000d     ST7735.o (.rodata._ZL10Rcmd2green)
                  00002ba5    0000000d     ST7735.o (.rodata._ZL8Rcmd2red)
                  00002bb2    0000000d     Map.o (.rodata.str1.112519537372094380871)
                  00002bbf    0000000d     Map.o (.rodata.str1.148345599293076453791)
                  00002bcc    0000000c     Map.o (.rodata._ZL10TAGLogoMap)
                  00002bd8    00000009     Map.o (.rodata.str1.93950474351652273581)
                  00002be1    00000008     Map.o (.rodata.str1.179609936499601495561)
                  00002be9    00000008     Map.o (.rodata.str1.29074602043393431931)
                  00002bf1    00000008     ST7735.o (.rodata.str1.47795681660940027721)
                  00002bf9    00000008     Map.o (.rodata.str1.70551619931739254801)
                  00002c01    00000007     Map.o (.rodata.str1.112394934285709906361)
                  00002c08    00000007     ST7735.o (.rodata.str1.144587199919105078391)
                  00002c0f    00000007     Map.o (.rodata.str1.146512124620236989091)
                  00002c16    00000007     ST7735.o (.rodata.str1.65889865058515175131)
                  00002c1d    00000002     ST7735.o (.rodata.str1.12956530834739612181)
                  00002c1f    00000001     --HOLE-- [fill = 0]

.init_array 
*          0    00002c20    00000008     
                  00002c20    00000004     Lab9HMain.o (.init_array)
                  00002c24    00000004     --HOLE-- [fill = 0]

.data      0    20200000    00000351     UNINITIALIZED
                  20200000    00000140     Map.o (.data.map)
                  20200140    000000f0     libc.a : defs.c.obj (.data._ftable)
                  20200230    00000078     libsysbm.a : host_device.c.obj (.data._device)
                  202002a8    00000050                : host_device.c.obj (.data._stream)
                  202002f8    00000014     Lab9HMain.o (.data.Sensor)
                  2020030c    00000014     Map.o (.data.TAG_Tiles)
                  20200320    00000008     libc.a : exit.c.obj (.data..L_MergedGlobals)
                  20200328    00000004     Clock.o (.data.BusFreq)
                  2020032c    00000004     ST7735.o (.data.StX)
                  20200330    00000004     ST7735.o (.data.StY)
                  20200334    00000004     libc.a : defs.c.obj (.data.__TI_ft_end)
                  20200338    00000004            : _lock.c.obj (.data._lock)
                  2020033c    00000004            : _lock.c.obj (.data._unlock)
                  20200340    00000002     ST7735.o (.data.StTextColor)
                  20200342    00000002     ST7735.o (.data._ZL6_width)
                  20200344    00000002     ST7735.o (.data._ZL7_height)
                  20200346    00000001     Map.o (.data.currentSelection)
                  20200347    00000001     Map.o (.data.language)
                  20200348    00000001     libsysbm.a : add_device.c.obj (.data.add_device.device_init)
                  20200349    00000003     --HOLE--
                  2020034c    00000001     libc.a : memory.c.obj (.data.memory_is_initialized)
                  2020034d    00000003     --HOLE--
                  20200350    00000001     libsysbm.a : open.c.obj (.data.open.stream_init)

.sysmem    0    20200358    00000200     UNINITIALIZED
                  20200358    00000010     libc.a : memory.c.obj (.sysmem)
                  20200368    000001f0     --HOLE--

.bss       0    20200558    000001d7     UNINITIALIZED
                  20200558    00000120     libsysbm.a : trgmsg.c.obj (.bss:_CIOBUF_)
                  20200678    000000a0     libc.a : defs.c.obj (.bss.__TI_tmpnams)
                  20200718    00000008     libsysbm.a : hostopen.c.obj (.bss.parmbuf)
                  20200720    00000004     TExaS.o (.bss.TExaSLogic)
                  20200724    00000004     TExaS.o (.bss.TExaSadc)
                  20200728    00000004     libc.a : memory.c.obj (.bss.sys_free)
                  2020072c    00000001     ST7735.o (.bss._ZL8ColStart)
                  2020072d    00000001     ST7735.o (.bss._ZL8RowStart)
                  2020072e    00000001     ST7735.o (.bss._ZL8TabColor)

.stack     0    20207e00    00000200     UNINITIALIZED
                  20207e00    00000004     libc.a : boot_cortex_m.c.obj (.stack)
                  20207e04    000001fc     --HOLE--

__llvm_prf_cnts 
*          0    20200000    00000000     UNINITIALIZED

__llvm_prf_bits 
*          0    20200000    00000000     UNINITIALIZED

MODULE SUMMARY

       Module                         code   ro data   rw data
       ------                         ----   -------   -------
    ./
       ST7735.o                       2656   1449      17     
       Map.o                          560    1237      342    
       Clock.o                        516    0         4      
       SPI.o                          440    0         0      
       LaunchPad.o                    180    0         0      
       Lab9HMain.o                    116    4         20     
       TExaS.o                        64     0         8      
       SlidePot.o                     26     0         0      
       Sound.o                        2      0         0      
    +--+------------------------------+------+---------+---------+
       Total:                         4560   2690      391    
                                                              
    ./ticlang/
       startup_mspm0g3507_ticlang.o   60     192       0      
    +--+------------------------------+------+---------+---------+
       Total:                         60     192       0      
                                                              
    /Applications/ti/ccs2000/ccs/tools/compiler/ti-cgt-armllvm_4.0.1.LTS/lib/armv6m-ti-none-eabi/c/libc.a
       memory.c.obj                   702    0         5      
       fopen.c.obj                    556    0         0      
       defs.c.obj                     0      0         404    
       setvbuf.c.obj                  224    0         0      
       getdevice.c.obj                160    0         0      
       strcmp-armv6m.S.obj            136    0         0      
       copy_decompress_lzss.c.obj     124    0         0      
       fclose.c.obj                   124    0         0      
       autoinit.c.obj                 84     0         0      
       fflush.c.obj                   82     0         0      
       exit.c.obj                     56     0         8      
       boot_cortex_m.c.obj            40     0         0      
       copy_zero_init.c.obj           22     0         0      
       copy_decompress_none.c.obj     18     0         0      
       memcpy16.S.obj                 18     0         0      
       memset16.S.obj                 14     0         0      
       _lock.c.obj                    2      0         8      
       pre_init.c.obj                 4      0         0      
    +--+------------------------------+------+---------+---------+
       Total:                         2366   0         425    
                                                              
    /Applications/ti/ccs2000/ccs/tools/compiler/ti-cgt-armllvm_4.0.1.LTS/lib/armv6m-ti-none-eabi/c/libsysbm.a
       trgmsg.c.obj                   104    0         288    
       add_device.c.obj               236    0         1      
       host_device.c.obj              0      0         200    
       open.c.obj                     160    0         1      
       hostrename.c.obj               136    0         0      
       hostlseek.c.obj                108    0         0      
       hostopen.c.obj                 96     0         8      
       hostread.c.obj                 88     0         0      
       hostwrite.c.obj                88     0         0      
       close.c.obj                    80     0         0      
       hostclose.c.obj                72     0         0      
       hostunlink.c.obj               72     0         0      
       unlink.c.obj                   44     0         0      
       write.c.obj                    40     0         0      
       remove.c.obj                   8      0         0      
    +--+------------------------------+------+---------+---------+
       Total:                         1332   0         498    
                                                              
    /Applications/ti/ccs2000/ccs/tools/compiler/ti-cgt-armllvm_4.0.1.LTS/lib/armv6m-ti-none-eabi/libclang_rt.builtins.a
       aeabi_uidivmod.S.obj           64     0         0      
       aeabi_memset.S.obj             12     0         0      
       aeabi_memcpy.S.obj             8      0         0      
       aeabi_div0.c.obj               2      0         0      
    +--+------------------------------+------+---------+---------+
       Total:                         86     0         0      
                                                              
       Heap:                          0      0         512    
       Stack:                         0      0         512    
       Linker Generated:              0      240       0      
    +--+------------------------------+------+---------+---------+
       Grand Total:                   8404   3122      2338   


LINKER GENERATED COPY TABLES

__TI_cinit_table @ 00002d08 records: 2, size/record: 8, table size: 16
	.data: load addr=00002c28, load size=000000cc bytes, run addr=20200000, run size=00000351 bytes, compression=lzss
	.bss: load addr=00002d00, load size=00000008 bytes, run addr=20200558, run size=000001d7 bytes, compression=zero_init


LINKER GENERATED HANDLER TABLE

__TI_handler_table @ 00002cf4 records: 3, size/record: 4, table size: 12
	index: 0, handler: __TI_decompress_lzss
	index: 1, handler: __TI_decompress_none
	index: 2, handler: __TI_zero_init


GLOBAL SYMBOLS: SORTED ALPHABETICALLY BY Name 

address   name                        
-------   ----                        
00001fcd  ADC0_IRQHandler             
00001fcd  ADC1_IRQHandler             
00001fcd  AES_IRQHandler              
0000269c  BorderSprite                
20200328  BusFreq                     
00002198  C$$EXIT                     
00001d69  C$$IO$$                     
00001fcd  CANFD0_IRQHandler           
0000271c  CoinSprite                  
00001fcd  DAC0_IRQHandler             
00001fcd  DMA_IRQHandler              
00001fcd  Default_Handler             
00001fcd  GROUP0_IRQHandler           
00001fcd  GROUP1_IRQHandler           
000019f1  HOSTclose                   
00001641  HOSTlseek                   
000017e9  HOSTopen                    
00001849  HOSTread                    
000016ad  HOSTrename                  
00001a39  HOSTunlink                  
000018a1  HOSTwrite                   
00001fe9  HardFault_Handler           
00001fcd  I2C0_IRQHandler             
00001fcd  I2C1_IRQHandler             
00001fcd  NMI_Handler                 
00001fcd  PendSV_Handler              
00001fcd  RTC_IRQHandler              
00002191  Reset_Handler               
00002c20  SHT$$INIT_ARRAY$$Base       
00002c24  SHT$$INIT_ARRAY$$Limit      
00001fcd  SPI0_IRQHandler             
00001fcd  SPI1_IRQHandler             
00001fcd  SVC_Handler                 
202002f8  Sensor                      
0000279c  SpeedSprite                 
20200340  StTextColor                 
2020032c  StX                         
20200330  StY                         
00001073  SysTick_Handler             
2020030c  TAG_Tiles                   
20200720  TExaSLogic                  
20200724  TExaSadc                    
00001fcd  TIMA0_IRQHandler            
00001fcd  TIMA1_IRQHandler            
00001fcd  TIMG0_IRQHandler            
00001ec5  TIMG12_IRQHandler           
00001fcd  TIMG6_IRQHandler            
00001ac9  TIMG7_IRQHandler            
00001fcd  TIMG8_IRQHandler            
000020ad  TI_memcpy_small             
00002119  TI_memset_small             
00001fcd  UART0_IRQHandler            
00001fcd  UART1_IRQHandler            
00001fcd  UART2_IRQHandler            
00001fcd  UART3_IRQHandler            
0000281c  WallSprite                  
20200558  _CIOBUF_                    
00002129  _Z10Clock_Freqv             
000020d1  _Z11Clock_Delayj            
00001bc9  _Z11SPI_OutDatac            
00002055  _Z11ST7735_openPKcji        
0000206b  _Z11ST7735_readiPcj         
000011b1  _Z12ST7735_InitR10initRFlags
00002159  _Z12ST7735_closei           
000020ef  _Z12ST7735_lseekili         
00001c39  _Z12ST7735_writeiPKcj       
00002135  _Z13ST7735_renamePKcS0_     
00002163  _Z13ST7735_unlinkPKc        
00001c6d  _Z14Clock_Delay1msj         
0000145d  _Z14LaunchPad_Initv         
00001a81  _Z14SPI_OutCommandc         
00000e31  _Z14ST7735_OutCharc         
00001c01  _Z15ActivatePortA_Bv        
000002d1  _Z15Clock_Init80MHzi        
00000779  _Z15ST7735_FillRectsssst    
00000485  _Z16ST7735_DrawCharSsscssh  
000015d1  _Z16ST7735_DrawPixelsst     
00001f65  _Z16ST7735_OutStringPc      
00001ca1  _Z16ST7735_SetCursorjj      
000000c1  _Z17ST7735_DrawBitmapssPKtss
00001359  _Z17ST7735_DrawStringttPcs  
00001e6d  _Z17ST7735_FillScreent      
00001115  _Z17ST7735_InitPrintfv      
00002099  _Z19ST7735_SetTextColort    
00000c71  _Z7DrawMapv                 
000013dd  _Z8DrawLogoii               
00000f01  _Z8DrawMenuv                
0000216d  _Z8PLL_Initv                
000009a5  _Z8SPI_Initv                
00001b09  _Z9SPI_Resetv               
00002021  _ZN8SlidePotC1Ejj           
00002021  _ZN8SlidePotC2Ejj           
20200558  __CIOBUF_                   
20208000  __STACK_END                 
00000200  __STACK_SIZE                
00000200  __SYSMEM_SIZE               
00000000  __TI_ATRegion0_region_sz    
00000000  __TI_ATRegion0_src_addr     
00000000  __TI_ATRegion0_trg_addr     
00000000  __TI_ATRegion1_region_sz    
00000000  __TI_ATRegion1_src_addr     
00000000  __TI_ATRegion1_trg_addr     
00000000  __TI_ATRegion2_region_sz    
00000000  __TI_ATRegion2_src_addr     
00000000  __TI_ATRegion2_trg_addr     
00002d08  __TI_CINIT_Base             
00002d18  __TI_CINIT_Limit            
00002d18  __TI_CINIT_Warm             
00002cf4  __TI_Handler_Table_Base     
00002d00  __TI_Handler_Table_Limit    
000018f9  __TI_auto_init_nobinit      
00001cd5  __TI_cleanup                
20200320  __TI_cleanup_ptr            
000014d9  __TI_closefile              
00001555  __TI_decompress_lzss        
000020bf  __TI_decompress_none        
0000194d  __TI_doflush                
20200324  __TI_dtors_ptr              
20200334  __TI_ft_end                 
ffffffff  __TI_pprof_out_hndl         
ffffffff  __TI_prof_data_size         
ffffffff  __TI_prof_data_start        
00001d09  __TI_readmsg                
00000000  __TI_static_base__          
20200678  __TI_tmpnams                
00001d3d  __TI_writemsg               
00002081  __TI_zero_init_nomemset     
0000199f  __aeabi_idiv0               
00002141  __aeabi_memclr              
00002141  __aeabi_memclr4             
00002141  __aeabi_memclr8             
00002181  __aeabi_memcpy              
00002181  __aeabi_memcpy4             
00002181  __aeabi_memcpy8             
00001b49  __aeabi_uidiv               
00001b49  __aeabi_uidivmod            
ffffffff  __binit__                   
UNDEFED   __mpu_init                  
20207e00  __stack                     
20200000  __start___llvm_prf_bits     
20200000  __start___llvm_prf_cnts     
20200000  __stop___llvm_prf_bits      
20200000  __stop___llvm_prf_cnts      
00001f3d  _c_int00_noargs             
20200230  _device                     
20200140  _ftable                     
20200338  _lock                       
00001fcb  _nop                        
202002a8  _stream                     
20200358  _sys_memory                 
UNDEFED   _system_post_cinit          
00002195  _system_pre_init            
2020033c  _unlock                     
00002199  abort                       
00000a9d  add_device                  
00000891  aligned_alloc               
ffffffff  binit                       
000019a1  close                       
20200346  currentSelection            
00001d71  exit                        
00001da5  finddevice                  
00001e3d  fopen                       
00000b89  free                        
00001dd9  freopen                     
00001719  getdevice                   
00000000  interruptVectors            
20200347  language                    
00001f8b  main                        
0000214d  malloc                      
20200000  map                         
00000891  memalign                    
00001075  open                        
20200718  parmbuf                     
00002189  remove                      
00000d51  setvbuf                     
000012d1  strcmp                      
00001e99  unlink                      
00001f15  write                       


GLOBAL SYMBOLS: SORTED BY Symbol Address 

address   name                        
-------   ----                        
00000000  __TI_ATRegion0_region_sz    
00000000  __TI_ATRegion0_src_addr     
00000000  __TI_ATRegion0_trg_addr     
00000000  __TI_ATRegion1_region_sz    
00000000  __TI_ATRegion1_src_addr     
00000000  __TI_ATRegion1_trg_addr     
00000000  __TI_ATRegion2_region_sz    
00000000  __TI_ATRegion2_src_addr     
00000000  __TI_ATRegion2_trg_addr     
00000000  __TI_static_base__          
00000000  interruptVectors            
000000c1  _Z17ST7735_DrawBitmapssPKtss
00000200  __STACK_SIZE                
00000200  __SYSMEM_SIZE               
000002d1  _Z15Clock_Init80MHzi        
00000485  _Z16ST7735_DrawCharSsscssh  
00000779  _Z15ST7735_FillRectsssst    
00000891  aligned_alloc               
00000891  memalign                    
000009a5  _Z8SPI_Initv                
00000a9d  add_device                  
00000b89  free                        
00000c71  _Z7DrawMapv                 
00000d51  setvbuf                     
00000e31  _Z14ST7735_OutCharc         
00000f01  _Z8DrawMenuv                
00001073  SysTick_Handler             
00001075  open                        
00001115  _Z17ST7735_InitPrintfv      
000011b1  _Z12ST7735_InitR10initRFlags
000012d1  strcmp                      
00001359  _Z17ST7735_DrawStringttPcs  
000013dd  _Z8DrawLogoii               
0000145d  _Z14LaunchPad_Initv         
000014d9  __TI_closefile              
00001555  __TI_decompress_lzss        
000015d1  _Z16ST7735_DrawPixelsst     
00001641  HOSTlseek                   
000016ad  HOSTrename                  
00001719  getdevice                   
000017e9  HOSTopen                    
00001849  HOSTread                    
000018a1  HOSTwrite                   
000018f9  __TI_auto_init_nobinit      
0000194d  __TI_doflush                
0000199f  __aeabi_idiv0               
000019a1  close                       
000019f1  HOSTclose                   
00001a39  HOSTunlink                  
00001a81  _Z14SPI_OutCommandc         
00001ac9  TIMG7_IRQHandler            
00001b09  _Z9SPI_Resetv               
00001b49  __aeabi_uidiv               
00001b49  __aeabi_uidivmod            
00001bc9  _Z11SPI_OutDatac            
00001c01  _Z15ActivatePortA_Bv        
00001c39  _Z12ST7735_writeiPKcj       
00001c6d  _Z14Clock_Delay1msj         
00001ca1  _Z16ST7735_SetCursorjj      
00001cd5  __TI_cleanup                
00001d09  __TI_readmsg                
00001d3d  __TI_writemsg               
00001d69  C$$IO$$                     
00001d71  exit                        
00001da5  finddevice                  
00001dd9  freopen                     
00001e3d  fopen                       
00001e6d  _Z17ST7735_FillScreent      
00001e99  unlink                      
00001ec5  TIMG12_IRQHandler           
00001f15  write                       
00001f3d  _c_int00_noargs             
00001f65  _Z16ST7735_OutStringPc      
00001f8b  main                        
00001fcb  _nop                        
00001fcd  ADC0_IRQHandler             
00001fcd  ADC1_IRQHandler             
00001fcd  AES_IRQHandler              
00001fcd  CANFD0_IRQHandler           
00001fcd  DAC0_IRQHandler             
00001fcd  DMA_IRQHandler              
00001fcd  Default_Handler             
00001fcd  GROUP0_IRQHandler           
00001fcd  GROUP1_IRQHandler           
00001fcd  I2C0_IRQHandler             
00001fcd  I2C1_IRQHandler             
00001fcd  NMI_Handler                 
00001fcd  PendSV_Handler              
00001fcd  RTC_IRQHandler              
00001fcd  SPI0_IRQHandler             
00001fcd  SPI1_IRQHandler             
00001fcd  SVC_Handler                 
00001fcd  TIMA0_IRQHandler            
00001fcd  TIMA1_IRQHandler            
00001fcd  TIMG0_IRQHandler            
00001fcd  TIMG6_IRQHandler            
00001fcd  TIMG8_IRQHandler            
00001fcd  UART0_IRQHandler            
00001fcd  UART1_IRQHandler            
00001fcd  UART2_IRQHandler            
00001fcd  UART3_IRQHandler            
00001fe9  HardFault_Handler           
00002021  _ZN8SlidePotC1Ejj           
00002021  _ZN8SlidePotC2Ejj           
00002055  _Z11ST7735_openPKcji        
0000206b  _Z11ST7735_readiPcj         
00002081  __TI_zero_init_nomemset     
00002099  _Z19ST7735_SetTextColort    
000020ad  TI_memcpy_small             
000020bf  __TI_decompress_none        
000020d1  _Z11Clock_Delayj            
000020ef  _Z12ST7735_lseekili         
00002119  TI_memset_small             
00002129  _Z10Clock_Freqv             
00002135  _Z13ST7735_renamePKcS0_     
00002141  __aeabi_memclr              
00002141  __aeabi_memclr4             
00002141  __aeabi_memclr8             
0000214d  malloc                      
00002159  _Z12ST7735_closei           
00002163  _Z13ST7735_unlinkPKc        
0000216d  _Z8PLL_Initv                
00002181  __aeabi_memcpy              
00002181  __aeabi_memcpy4             
00002181  __aeabi_memcpy8             
00002189  remove                      
00002191  Reset_Handler               
00002195  _system_pre_init            
00002198  C$$EXIT                     
00002199  abort                       
0000269c  BorderSprite                
0000271c  CoinSprite                  
0000279c  SpeedSprite                 
0000281c  WallSprite                  
00002c20  SHT$$INIT_ARRAY$$Base       
00002c24  SHT$$INIT_ARRAY$$Limit      
00002cf4  __TI_Handler_Table_Base     
00002d00  __TI_Handler_Table_Limit    
00002d08  __TI_CINIT_Base             
00002d18  __TI_CINIT_Limit            
00002d18  __TI_CINIT_Warm             
20200000  __start___llvm_prf_bits     
20200000  __start___llvm_prf_cnts     
20200000  __stop___llvm_prf_bits      
20200000  __stop___llvm_prf_cnts      
20200000  map                         
20200140  _ftable                     
20200230  _device                     
202002a8  _stream                     
202002f8  Sensor                      
2020030c  TAG_Tiles                   
20200320  __TI_cleanup_ptr            
20200324  __TI_dtors_ptr              
20200328  BusFreq                     
2020032c  StX                         
20200330  StY                         
20200334  __TI_ft_end                 
20200338  _lock                       
2020033c  _unlock                     
20200340  StTextColor                 
20200346  currentSelection            
20200347  language                    
20200358  _sys_memory                 
20200558  _CIOBUF_                    
20200558  __CIOBUF_                   
20200678  __TI_tmpnams                
20200718  parmbuf                     
20200720  TExaSLogic                  
20200724  TExaSadc                    
20207e00  __stack                     
20208000  __STACK_END                 
ffffffff  __TI_pprof_out_hndl         
ffffffff  __TI_prof_data_size         
ffffffff  __TI_prof_data_start        
ffffffff  __binit__                   
ffffffff  binit                       
UNDEFED   __mpu_init                  
UNDEFED   _system_post_cinit          

[178 symbols]
