******************************************************************************
            TI ARM Clang Linker Unix v4.0.1                    
******************************************************************************
>> Linked Sat Apr 19 16:10:00 2025

OUTPUT FILE NAME:   <ECE319K_Lab9H.out>
ENTRY POINT SYMBOL: "_c_int00_noargs"  address: 0000203d


MEMORY CONFIGURATION

         name            origin    length      used     unused   attr    fill
----------------------  --------  ---------  --------  --------  ----  --------
  FLASH                 00000000   00020000  00002ff8  0001d008  R  X
  SRAM                  20200000   00008000  0000092c  000076d4  RW X
  BCR_CONFIG            41c00000   00000080  00000000  00000080  R   
  BSL_CONFIG            41c00100   00000080  00000000  00000080  R   


SEGMENT ALLOCATION MAP

run origin  load origin   length   init length attrs members
----------  ----------- ---------- ----------- ----- -------
00000000    00000000    00002ff8   00002ff8    r-x
  00000000    00000000    000000c0   000000c0    r-- .intvecs
  000000c0    000000c0    00002220   00002220    r-x .text
  000022e0    000022e0    00000c30   00000c30    r-- .rodata
  00002f10    00002f10    00000008   00000008    r-- .init_array
  00002f18    00002f18    000000e0   000000e0    r-- .cinit
20200000    20200000    0000072f   00000000    rw-
  20200000    20200000    00000355   00000000    rw- .data
  20200358    20200358    00000200   00000000    rw- .sysmem
  20200558    20200558    000001d7   00000000    rw- .bss
20207e00    20207e00    00000200   00000000    rw-
  20207e00    20207e00    00000200   00000000    rw- .stack


SECTION ALLOCATION MAP

 output                                  attributes/
section   page    origin      length       input sections
--------  ----  ----------  ----------   ----------------
.intvecs   0    00000000    000000c0     
                  00000000    000000c0     startup_mspm0g3507_ticlang.o (.intvecs)

.binit     0    00000000    00000000     

.text      0    000000c0    00002220     
                  000000c0    00000210     ST7735.o (.text._Z17ST7735_DrawBitmapssPKtss)
                  000002d0    000001b4     Clock.o (.text._Z15Clock_Init80MHzi)
                  00000484    000001a0     ST7735.o (.text._Z16ST7735_DrawCharSsscssh)
                  00000624    00000154     libc.a : fopen.c.obj (.text._openfile)
                  00000778    00000124     Map.o (.text._Z7DrawMapv)
                  0000089c    00000118     ST7735.o (.text._Z15ST7735_FillRectsssst)
                  000009b4    00000114     libc.a : memory.c.obj (.text.aligned_alloc)
                  00000ac8    000000f8     SPI.o (.text._Z8SPI_Initv)
                  00000bc0    000000ec     libsysbm.a : add_device.c.obj (.text.add_device)
                  00000cac    000000e8     libc.a : memory.c.obj (.text.free)
                  00000d94    000000e0            : setvbuf.c.obj (.text.setvbuf)
                  00000e74    000000d0     ST7735.o (.text._Z14ST7735_OutCharc)
                  00000f44    000000d0     Player.o (.text._ZNK6Player5eraseEv)
                  00001014    000000a2     ST7735.o (.text._ZL11commandListPKh)
                  000010b6    00000002     Sound.o (.text.SysTick_Handler)
                  000010b8    000000a0     libsysbm.a : open.c.obj (.text.open)
                  00001158    0000009c     ST7735.o (.text._Z17ST7735_InitPrintfv)
                  000011f4    00000098     ST7735.o (.text._Z12ST7735_InitR10initRFlags)
                  0000128c    0000008c     Lab9HMain.o (.text.main)
                  00001318    00000088     ST7735.o (.text._ZL13setAddrWindowhhhh)
                  000013a0    00000088     libc.a : strcmp-armv6m.S.obj (.text:strcmp)
                  00001428    00000084     ST7735.o (.text._Z17ST7735_DrawStringttPcs)
                  000014ac    0000007c     LaunchPad.o (.text._Z14LaunchPad_Initv)
                  00001528    0000007c     libc.a : fclose.c.obj (.text.__TI_closefile)
                  000015a4    0000007c            : copy_decompress_lzss.c.obj (.text:decompress:lzss)
                  00001620    00000070     ST7735.o (.text._Z16ST7735_DrawPixelsst)
                  00001690    0000006c     libsysbm.a : hostlseek.c.obj (.text.HOSTlseek)
                  000016fc    0000006c                : hostrename.c.obj (.text.HOSTrename)
                  00001768    0000006c     libc.a : getdevice.c.obj (.text.getdevice)
                  000017d4    00000064            : memory.c.obj (.text.split)
                  00001838    00000060     libsysbm.a : hostopen.c.obj (.text.HOSTopen)
                  00001898    00000058                : hostread.c.obj (.text.HOSTread)
                  000018f0    00000058                : hostwrite.c.obj (.text.HOSTwrite)
                  00001948    00000058     Player.o (.text._ZNK6Player4drawEv)
                  000019a0    00000054     libc.a : autoinit.c.obj (.text:__TI_auto_init_nobinit)
                  000019f4    00000052            : fflush.c.obj (.text.__TI_doflush)
                  00001a46    00000002     libclang_rt.builtins.a : aeabi_div0.c.obj (.text.__aeabi_idiv0)
                  00001a48    00000050     libsysbm.a : close.c.obj (.text.close)
                  00001a98    00000048                : hostclose.c.obj (.text.HOSTclose)
                  00001ae0    00000048                : hostunlink.c.obj (.text.HOSTunlink)
                  00001b28    00000048     SPI.o (.text._Z14SPI_OutCommandc)
                  00001b70    00000040     TExaS.o (.text.TIMG7_IRQHandler)
                  00001bb0    00000040     SPI.o (.text._Z9SPI_Resetv)
                  00001bf0    00000040     libclang_rt.builtins.a : aeabi_uidivmod.S.obj (.text.__aeabi_uidivmod)
                  00001c30    00000040     libc.a : fopen.c.obj (.text._search_fp)
                  00001c70    00000038     SPI.o (.text._Z11SPI_OutDatac)
                  00001ca8    00000038     LaunchPad.o (.text._Z15ActivatePortA_Bv)
                  00001ce0    00000034     ST7735.o (.text._Z12ST7735_writeiPKcj)
                  00001d14    00000034     Clock.o (.text._Z14Clock_Delay1msj)
                  00001d48    00000034     ST7735.o (.text._Z16ST7735_SetCursorjj)
                  00001d7c    00000034     libc.a : fopen.c.obj (.text.__TI_cleanup)
                  00001db0    00000034     libsysbm.a : trgmsg.c.obj (.text.__TI_readmsg)
                  00001de4    00000034                : trgmsg.c.obj (.text.__TI_writemsg)
                  00001e18    00000034     libc.a : exit.c.obj (.text.exit)
                  00001e4c    00000034            : getdevice.c.obj (.text.finddevice)
                  00001e80    00000034            : fopen.c.obj (.text.freopen)
                  00001eb4    00000030     ST7735.o (.text._ZL10commonInitPKh)
                  00001ee4    00000030     libc.a : fopen.c.obj (.text.fopen)
                  00001f14    0000002e     Player.o (.text._ZN6PlayerC2Ehhb)
                  00001f42    00000002     libc.a : _lock.c.obj (.text._nop)
                  00001f44    0000002c     ST7735.o (.text._Z17ST7735_FillScreent)
                  00001f70    0000002c     libsysbm.a : unlink.c.obj (.text.unlink)
                  00001f9c    00000028     Lab9HMain.o (.text.TIMG12_IRQHandler)
                  00001fc4    00000028     Switch.o (.text._Z11Switch_Initv)
                  00001fec    00000028     libc.a : memory.c.obj (.text.free_list_insert)
                  00002014    00000028     libsysbm.a : write.c.obj (.text.write)
                  0000203c    00000028     libc.a : boot_cortex_m.c.obj (.text:_c_int00_noargs)
                  00002064    00000022     Player.o (.text._ZN6Player4moveEaa)
                  00002086    0000001e     ST7735.o (.text._ZL9pushColort)
                  000020a4    0000001c     startup_mspm0g3507_ticlang.o (.text.Default_Handler)
                  000020c0    0000001c     startup_mspm0g3507_ticlang.o (.text.HardFault_Handler)
                  000020dc    0000001c     Switch.o (.text._Z22Switch_MenuDownPressedv)
                  000020f8    0000001c     Switch.o (.text._Z9Switch_Inv)
                  00002114    0000001c     libc.a : memory.c.obj (.text.free_list_remove)
                  00002130    0000001a     SlidePot.o (.text._ZN8SlidePotC2Ejj)
                  0000214a    00000018     Switch.o (.text._Z24Switch_MenuSelectPressedv)
                  00002162    00000002     --HOLE-- [fill = 0]
                  00002164    00000018     Lab9HMain.o (.text.__cxx_global_var_init)
                  0000217c    00000016     ST7735.o (.text._Z11ST7735_openPKcji)
                  00002192    00000016     ST7735.o (.text._Z11ST7735_readiPcj)
                  000021a8    00000016     libc.a : copy_zero_init.c.obj (.text:decompress:ZI:__TI_zero_init_nomemset)
                  000021be    00000002     --HOLE-- [fill = 0]
                  000021c0    00000014     Lab9HMain.o (.text.__cxx_global_var_init.1)
                  000021d4    00000014     Lab9HMain.o (.text.__cxx_global_var_init.2)
                  000021e8    00000012     libc.a : memcpy16.S.obj (.text:TI_memcpy_small)
                  000021fa    00000012            : copy_decompress_none.c.obj (.text:decompress:none)
                  0000220c    00000010     Lab9HMain.o (.text._GLOBAL__sub_I_Lab9HMain.cpp)
                  0000221c    00000010     Clock.o (.text._Z11Clock_Delayj)
                  0000222c    0000000e     libc.a : memory.c.obj (.text.OUTLINED_FUNCTION_0)
                  0000223a    0000000e     ST7735.o (.text._Z12ST7735_lseekili)
                  00002248    0000000e     libsysbm.a : hostrename.c.obj (.text.strcpy)
                  00002256    0000000e                : hostrename.c.obj (.text.strlen)
                  00002264    0000000e     libc.a : memset16.S.obj (.text:TI_memset_small)
                  00002272    00000002     --HOLE-- [fill = 0]
                  00002274    0000000c     Clock.o (.text._Z10Clock_Freqv)
                  00002280    0000000c     ST7735.o (.text._Z13ST7735_renamePKcS0_)
                  0000228c    0000000c     libclang_rt.builtins.a : aeabi_memset.S.obj (.text.__aeabi_memclr)
                  00002298    0000000c     libc.a : memory.c.obj (.text.malloc)
                  000022a4    0000000a     ST7735.o (.text._Z12ST7735_closei)
                  000022ae    0000000a     ST7735.o (.text._Z13ST7735_unlinkPKc)
                  000022b8    0000000a     Lab9HMain.o (.text._Z8PLL_Initv)
                  000022c2    00000002     --HOLE-- [fill = 0]
                  000022c4    00000008     libclang_rt.builtins.a : aeabi_memcpy.S.obj (.text.__aeabi_memcpy)
                  000022cc    00000008     libsysbm.a : remove.c.obj (.text.remove)
                  000022d4    00000004     startup_mspm0g3507_ticlang.o (.text.Reset_Handler)
                  000022d8    00000004     libc.a : pre_init.c.obj (.text._system_pre_init)
                  000022dc    00000004            : exit.c.obj (.text:abort)

.cinit     0    00002f18    000000e0     
                  00002f18    000000b6     (.cinit..data.load) [load image, compression = lzss]
                  00002fce    00000002     --HOLE-- [fill = 0]
                  00002fd0    0000000c     (__TI_handler_table)
                  00002fdc    00000008     (.cinit..bss.load) [load image, compression = zero_init]
                  00002fe4    00000010     (__TI_cinit_table)
                  00002ff4    00000004     --HOLE-- [fill = 0]

.rodata    0    000022e0    00000c30     
                  000022e0    000004fb     ST7735.o (.rodata._ZL4Font)
                  000027db    00000001     --HOLE-- [fill = 0]
                  000027dc    00000080     Map.o (.rodata._ZL10CoinSprite)
                  0000285c    00000080     Player.o (.rodata._ZL10CoinSprite)
                  000028dc    00000080     Map.o (.rodata._ZL10WallSprite)
                  0000295c    00000080     Player.o (.rodata._ZL10WallSprite)
                  000029dc    00000080     Map.o (.rodata._ZL11SpeedSprite)
                  00002a5c    00000080     Player.o (.rodata._ZL11SpeedSprite)
                  00002adc    00000080     Map.o (.rodata._ZL12BorderSprite)
                  00002b5c    00000080     Player.o (.rodata._ZL12BorderSprite)
                  00002bdc    00000080     Map.o (.rodata._ZL12ChaserSprite)
                  00002c5c    00000080     Player.o (.rodata._ZL12ChaserSprite)
                  00002cdc    00000080     Map.o (.rodata._ZL12RunnerSprite)
                  00002d5c    00000080     Player.o (.rodata._ZL12RunnerSprite)
                  00002ddc    00000080     Player.o (.rodata._ZL5Black)
                  00002e5c    0000003b     ST7735.o (.rodata._ZL5Rcmd1)
                  00002e97    0000002b     ST7735.o (.rodata._ZL5Rcmd3)
                  00002ec2    00000016     ST7735.o (.rodata.str1.10454047957466484921)
                  00002ed8    0000000d     ST7735.o (.rodata._ZL10Rcmd2green)
                  00002ee5    0000000d     ST7735.o (.rodata._ZL8Rcmd2red)
                  00002ef2    00000008     ST7735.o (.rodata.str1.47795681660940027721)
                  00002efa    00000007     ST7735.o (.rodata.str1.144587199919105078391)
                  00002f01    00000007     ST7735.o (.rodata.str1.65889865058515175131)
                  00002f08    00000002     ST7735.o (.rodata.str1.12956530834739612181)
                  00002f0a    00000006     --HOLE-- [fill = 0]

.init_array 
*          0    00002f10    00000008     
                  00002f10    00000004     Lab9HMain.o (.init_array)
                  00002f14    00000004     --HOLE-- [fill = 0]

.data      0    20200000    00000355     UNINITIALIZED
                  20200000    00000140     Map.o (.data.map)
                  20200140    000000f0     libc.a : defs.c.obj (.data._ftable)
                  20200230    00000078     libsysbm.a : host_device.c.obj (.data._device)
                  202002a8    00000050                : host_device.c.obj (.data._stream)
                  202002f8    00000014     Lab9HMain.o (.data.Sensor)
                  2020030c    0000000c     Lab9HMain.o (.data.player1)
                  20200318    0000000c     Lab9HMain.o (.data.player2)
                  20200324    00000008     libc.a : exit.c.obj (.data..L_MergedGlobals)
                  2020032c    00000004     Clock.o (.data.BusFreq)
                  20200330    00000004     ST7735.o (.data.StX)
                  20200334    00000004     ST7735.o (.data.StY)
                  20200338    00000004     libc.a : defs.c.obj (.data.__TI_ft_end)
                  2020033c    00000004            : _lock.c.obj (.data._lock)
                  20200340    00000004            : _lock.c.obj (.data._unlock)
                  20200344    00000002     ST7735.o (.data.StTextColor)
                  20200346    00000002     ST7735.o (.data._ZL6_width)
                  20200348    00000002     ST7735.o (.data._ZL7_height)
                  2020034a    00000002     --HOLE--
                  2020034c    00000001     libsysbm.a : add_device.c.obj (.data.add_device.device_init)
                  2020034d    00000003     --HOLE--
                  20200350    00000001     libc.a : memory.c.obj (.data.memory_is_initialized)
                  20200351    00000003     --HOLE--
                  20200354    00000001     libsysbm.a : open.c.obj (.data.open.stream_init)

.sysmem    0    20200358    00000200     UNINITIALIZED
                  20200358    00000010     libc.a : memory.c.obj (.sysmem)
                  20200368    000001f0     --HOLE--

.bss       0    20200558    000001d7     UNINITIALIZED
                  20200558    00000120     libsysbm.a : trgmsg.c.obj (.bss:_CIOBUF_)
                  20200678    000000a0     libc.a : defs.c.obj (.bss.__TI_tmpnams)
                  20200718    00000008     libsysbm.a : hostopen.c.obj (.bss.parmbuf)
                  20200720    00000004     TExaS.o (.bss.TExaSLogic)
                  20200724    00000004     TExaS.o (.bss.TExaSadc)
                  20200728    00000004     libc.a : memory.c.obj (.bss.sys_free)
                  2020072c    00000001     ST7735.o (.bss._ZL8ColStart)
                  2020072d    00000001     ST7735.o (.bss._ZL8RowStart)
                  2020072e    00000001     ST7735.o (.bss._ZL8TabColor)

.stack     0    20207e00    00000200     UNINITIALIZED
                  20207e00    00000004     libc.a : boot_cortex_m.c.obj (.stack)
                  20207e04    000001fc     --HOLE--

__llvm_prf_cnts 
*          0    20200000    00000000     UNINITIALIZED

__llvm_prf_bits 
*          0    20200000    00000000     UNINITIALIZED

MODULE SUMMARY

       Module                         code   ro data   rw data
       ------                         ----   -------   -------
    ./
       ST7735.o                       2598   1449      17     
       Map.o                          292    768       320    
       Player.o                       376    896       0      
       Clock.o                        516    0         4      
       SPI.o                          440    0         0      
       Lab9HMain.o                    270    4         44     
       LaunchPad.o                    180    0         0      
       Switch.o                       120    0         0      
       TExaS.o                        64     0         8      
       SlidePot.o                     26     0         0      
       Sound.o                        2      0         0      
    +--+------------------------------+------+---------+---------+
       Total:                         4884   3117      393    
                                                              
    ./ticlang/
       startup_mspm0g3507_ticlang.o   60     192       0      
    +--+------------------------------+------+---------+---------+
       Total:                         60     192       0      
                                                              
    /Applications/ti/ccs2000/ccs/tools/compiler/ti-cgt-armllvm_4.0.1.LTS/lib/armv6m-ti-none-eabi/c/libc.a
       memory.c.obj                   702    0         5      
       fopen.c.obj                    556    0         0      
       defs.c.obj                     0      0         404    
       setvbuf.c.obj                  224    0         0      
       getdevice.c.obj                160    0         0      
       strcmp-armv6m.S.obj            136    0         0      
       copy_decompress_lzss.c.obj     124    0         0      
       fclose.c.obj                   124    0         0      
       autoinit.c.obj                 84     0         0      
       fflush.c.obj                   82     0         0      
       exit.c.obj                     56     0         8      
       boot_cortex_m.c.obj            40     0         0      
       copy_zero_init.c.obj           22     0         0      
       copy_decompress_none.c.obj     18     0         0      
       memcpy16.S.obj                 18     0         0      
       memset16.S.obj                 14     0         0      
       _lock.c.obj                    2      0         8      
       pre_init.c.obj                 4      0         0      
    +--+------------------------------+------+---------+---------+
       Total:                         2366   0         425    
                                                              
    /Applications/ti/ccs2000/ccs/tools/compiler/ti-cgt-armllvm_4.0.1.LTS/lib/armv6m-ti-none-eabi/c/libsysbm.a
       trgmsg.c.obj                   104    0         288    
       add_device.c.obj               236    0         1      
       host_device.c.obj              0      0         200    
       open.c.obj                     160    0         1      
       hostrename.c.obj               136    0         0      
       hostlseek.c.obj                108    0         0      
       hostopen.c.obj                 96     0         8      
       hostread.c.obj                 88     0         0      
       hostwrite.c.obj                88     0         0      
       close.c.obj                    80     0         0      
       hostclose.c.obj                72     0         0      
       hostunlink.c.obj               72     0         0      
       unlink.c.obj                   44     0         0      
       write.c.obj                    40     0         0      
       remove.c.obj                   8      0         0      
    +--+------------------------------+------+---------+---------+
       Total:                         1332   0         498    
                                                              
    /Applications/ti/ccs2000/ccs/tools/compiler/ti-cgt-armllvm_4.0.1.LTS/lib/armv6m-ti-none-eabi/libclang_rt.builtins.a
       aeabi_uidivmod.S.obj           64     0         0      
       aeabi_memset.S.obj             12     0         0      
       aeabi_memcpy.S.obj             8      0         0      
       aeabi_div0.c.obj               2      0         0      
    +--+------------------------------+------+---------+---------+
       Total:                         86     0         0      
                                                              
       Heap:                          0      0         512    
       Stack:                         0      0         512    
       Linker Generated:              0      218       0      
    +--+------------------------------+------+---------+---------+
       Grand Total:                   8728   3527      2340   


LINKER GENERATED COPY TABLES

__TI_cinit_table @ 00002fe4 records: 2, size/record: 8, table size: 16
	.data: load addr=00002f18, load size=000000b6 bytes, run addr=20200000, run size=00000355 bytes, compression=lzss
	.bss: load addr=00002fdc, load size=00000008 bytes, run addr=20200558, run size=000001d7 bytes, compression=zero_init


LINKER GENERATED HANDLER TABLE

__TI_handler_table @ 00002fd0 records: 3, size/record: 4, table size: 12
	index: 0, handler: __TI_decompress_lzss
	index: 1, handler: __TI_decompress_none
	index: 2, handler: __TI_zero_init


GLOBAL SYMBOLS: SORTED ALPHABETICALLY BY Name 

address   name                         
-------   ----                         
000020a5  ADC0_IRQHandler              
000020a5  ADC1_IRQHandler              
000020a5  AES_IRQHandler               
2020032c  BusFreq                      
000022dc  C$$EXIT                      
00001e11  C$$IO$$                      
000020a5  CANFD0_IRQHandler            
000020a5  DAC0_IRQHandler              
000020a5  DMA_IRQHandler               
000020a5  Default_Handler              
000020a5  GROUP0_IRQHandler            
000020a5  GROUP1_IRQHandler            
00001a99  HOSTclose                    
00001691  HOSTlseek                    
00001839  HOSTopen                     
00001899  HOSTread                     
000016fd  HOSTrename                   
00001ae1  HOSTunlink                   
000018f1  HOSTwrite                    
000020c1  HardFault_Handler            
000020a5  I2C0_IRQHandler              
000020a5  I2C1_IRQHandler              
000020a5  NMI_Handler                  
000020a5  PendSV_Handler               
000020a5  RTC_IRQHandler               
000022d5  Reset_Handler                
00002f10  SHT$$INIT_ARRAY$$Base        
00002f14  SHT$$INIT_ARRAY$$Limit       
000020a5  SPI0_IRQHandler              
000020a5  SPI1_IRQHandler              
000020a5  SVC_Handler                  
202002f8  Sensor                       
20200344  StTextColor                  
20200330  StX                          
20200334  StY                          
000010b7  SysTick_Handler              
20200720  TExaSLogic                   
20200724  TExaSadc                     
000020a5  TIMA0_IRQHandler             
000020a5  TIMA1_IRQHandler             
000020a5  TIMG0_IRQHandler             
00001f9d  TIMG12_IRQHandler            
000020a5  TIMG6_IRQHandler             
00001b71  TIMG7_IRQHandler             
000020a5  TIMG8_IRQHandler             
000021e9  TI_memcpy_small              
00002265  TI_memset_small              
000020a5  UART0_IRQHandler             
000020a5  UART1_IRQHandler             
000020a5  UART2_IRQHandler             
000020a5  UART3_IRQHandler             
20200558  _CIOBUF_                     
00002275  _Z10Clock_Freqv              
0000221d  _Z11Clock_Delayj             
00001c71  _Z11SPI_OutDatac             
0000217d  _Z11ST7735_openPKcji         
00002193  _Z11ST7735_readiPcj          
00001fc5  _Z11Switch_Initv             
000011f5  _Z12ST7735_InitR10initRFlags 
000022a5  _Z12ST7735_closei            
0000223b  _Z12ST7735_lseekili          
00001ce1  _Z12ST7735_writeiPKcj        
00002281  _Z13ST7735_renamePKcS0_      
000022af  _Z13ST7735_unlinkPKc         
00001d15  _Z14Clock_Delay1msj          
000014ad  _Z14LaunchPad_Initv          
00001b29  _Z14SPI_OutCommandc          
00000e75  _Z14ST7735_OutCharc          
00001ca9  _Z15ActivatePortA_Bv         
000002d1  _Z15Clock_Init80MHzi         
0000089d  _Z15ST7735_FillRectsssst     
00000485  _Z16ST7735_DrawCharSsscssh   
00001621  _Z16ST7735_DrawPixelsst      
00001d49  _Z16ST7735_SetCursorjj       
000000c1  _Z17ST7735_DrawBitmapssPKtss 
00001429  _Z17ST7735_DrawStringttPcs   
00001f45  _Z17ST7735_FillScreent       
00001159  _Z17ST7735_InitPrintfv       
000020dd  _Z22Switch_MenuDownPressedv  
0000214b  _Z24Switch_MenuSelectPressedv
00000779  _Z7DrawMapv                  
000022b9  _Z8PLL_Initv                 
00000ac9  _Z8SPI_Initv                 
00001bb1  _Z9SPI_Resetv                
000020f9  _Z9Switch_Inv                
00002065  _ZN6Player4moveEaa           
00001f15  _ZN6PlayerC1Ehhb             
00001f15  _ZN6PlayerC2Ehhb             
00002131  _ZN8SlidePotC1Ejj            
00002131  _ZN8SlidePotC2Ejj            
00001949  _ZNK6Player4drawEv           
00000f45  _ZNK6Player5eraseEv          
20200558  __CIOBUF_                    
20208000  __STACK_END                  
00000200  __STACK_SIZE                 
00000200  __SYSMEM_SIZE                
00000000  __TI_ATRegion0_region_sz     
00000000  __TI_ATRegion0_src_addr      
00000000  __TI_ATRegion0_trg_addr      
00000000  __TI_ATRegion1_region_sz     
00000000  __TI_ATRegion1_src_addr      
00000000  __TI_ATRegion1_trg_addr      
00000000  __TI_ATRegion2_region_sz     
00000000  __TI_ATRegion2_src_addr      
00000000  __TI_ATRegion2_trg_addr      
00002fe4  __TI_CINIT_Base              
00002ff4  __TI_CINIT_Limit             
00002ff4  __TI_CINIT_Warm              
00002fd0  __TI_Handler_Table_Base      
00002fdc  __TI_Handler_Table_Limit     
000019a1  __TI_auto_init_nobinit       
00001d7d  __TI_cleanup                 
20200324  __TI_cleanup_ptr             
00001529  __TI_closefile               
000015a5  __TI_decompress_lzss         
000021fb  __TI_decompress_none         
000019f5  __TI_doflush                 
20200328  __TI_dtors_ptr               
20200338  __TI_ft_end                  
ffffffff  __TI_pprof_out_hndl          
ffffffff  __TI_prof_data_size          
ffffffff  __TI_prof_data_start         
00001db1  __TI_readmsg                 
00000000  __TI_static_base__           
20200678  __TI_tmpnams                 
00001de5  __TI_writemsg                
000021a9  __TI_zero_init_nomemset      
00001a47  __aeabi_idiv0                
0000228d  __aeabi_memclr               
0000228d  __aeabi_memclr4              
0000228d  __aeabi_memclr8              
000022c5  __aeabi_memcpy               
000022c5  __aeabi_memcpy4              
000022c5  __aeabi_memcpy8              
00001bf1  __aeabi_uidiv                
00001bf1  __aeabi_uidivmod             
ffffffff  __binit__                    
UNDEFED   __mpu_init                   
20207e00  __stack                      
20200000  __start___llvm_prf_bits      
20200000  __start___llvm_prf_cnts      
20200000  __stop___llvm_prf_bits       
20200000  __stop___llvm_prf_cnts       
0000203d  _c_int00_noargs              
20200230  _device                      
20200140  _ftable                      
2020033c  _lock                        
00001f43  _nop                         
202002a8  _stream                      
20200358  _sys_memory                  
UNDEFED   _system_post_cinit           
000022d9  _system_pre_init             
20200340  _unlock                      
000022dd  abort                        
00000bc1  add_device                   
000009b5  aligned_alloc                
ffffffff  binit                        
00001a49  close                        
00001e19  exit                         
00001e4d  finddevice                   
00001ee5  fopen                        
00000cad  free                         
00001e81  freopen                      
00001769  getdevice                    
00000000  interruptVectors             
0000128d  main                         
00002299  malloc                       
20200000  map                          
000009b5  memalign                     
000010b9  open                         
20200718  parmbuf                      
2020030c  player1                      
20200318  player2                      
000022cd  remove                       
00000d95  setvbuf                      
000013a1  strcmp                       
00001f71  unlink                       
00002015  write                        


GLOBAL SYMBOLS: SORTED BY Symbol Address 

address   name                         
-------   ----                         
00000000  __TI_ATRegion0_region_sz     
00000000  __TI_ATRegion0_src_addr      
00000000  __TI_ATRegion0_trg_addr      
00000000  __TI_ATRegion1_region_sz     
00000000  __TI_ATRegion1_src_addr      
00000000  __TI_ATRegion1_trg_addr      
00000000  __TI_ATRegion2_region_sz     
00000000  __TI_ATRegion2_src_addr      
00000000  __TI_ATRegion2_trg_addr      
00000000  __TI_static_base__           
00000000  interruptVectors             
000000c1  _Z17ST7735_DrawBitmapssPKtss 
00000200  __STACK_SIZE                 
00000200  __SYSMEM_SIZE                
000002d1  _Z15Clock_Init80MHzi         
00000485  _Z16ST7735_DrawCharSsscssh   
00000779  _Z7DrawMapv                  
0000089d  _Z15ST7735_FillRectsssst     
000009b5  aligned_alloc                
000009b5  memalign                     
00000ac9  _Z8SPI_Initv                 
00000bc1  add_device                   
00000cad  free                         
00000d95  setvbuf                      
00000e75  _Z14ST7735_OutCharc          
00000f45  _ZNK6Player5eraseEv          
000010b7  SysTick_Handler              
000010b9  open                         
00001159  _Z17ST7735_InitPrintfv       
000011f5  _Z12ST7735_InitR10initRFlags 
0000128d  main                         
000013a1  strcmp                       
00001429  _Z17ST7735_DrawStringttPcs   
000014ad  _Z14LaunchPad_Initv          
00001529  __TI_closefile               
000015a5  __TI_decompress_lzss         
00001621  _Z16ST7735_DrawPixelsst      
00001691  HOSTlseek                    
000016fd  HOSTrename                   
00001769  getdevice                    
00001839  HOSTopen                     
00001899  HOSTread                     
000018f1  HOSTwrite                    
00001949  _ZNK6Player4drawEv           
000019a1  __TI_auto_init_nobinit       
000019f5  __TI_doflush                 
00001a47  __aeabi_idiv0                
00001a49  close                        
00001a99  HOSTclose                    
00001ae1  HOSTunlink                   
00001b29  _Z14SPI_OutCommandc          
00001b71  TIMG7_IRQHandler             
00001bb1  _Z9SPI_Resetv                
00001bf1  __aeabi_uidiv                
00001bf1  __aeabi_uidivmod             
00001c71  _Z11SPI_OutDatac             
00001ca9  _Z15ActivatePortA_Bv         
00001ce1  _Z12ST7735_writeiPKcj        
00001d15  _Z14Clock_Delay1msj          
00001d49  _Z16ST7735_SetCursorjj       
00001d7d  __TI_cleanup                 
00001db1  __TI_readmsg                 
00001de5  __TI_writemsg                
00001e11  C$$IO$$                      
00001e19  exit                         
00001e4d  finddevice                   
00001e81  freopen                      
00001ee5  fopen                        
00001f15  _ZN6PlayerC1Ehhb             
00001f15  _ZN6PlayerC2Ehhb             
00001f43  _nop                         
00001f45  _Z17ST7735_FillScreent       
00001f71  unlink                       
00001f9d  TIMG12_IRQHandler            
00001fc5  _Z11Switch_Initv             
00002015  write                        
0000203d  _c_int00_noargs              
00002065  _ZN6Player4moveEaa           
000020a5  ADC0_IRQHandler              
000020a5  ADC1_IRQHandler              
000020a5  AES_IRQHandler               
000020a5  CANFD0_IRQHandler            
000020a5  DAC0_IRQHandler              
000020a5  DMA_IRQHandler               
000020a5  Default_Handler              
000020a5  GROUP0_IRQHandler            
000020a5  GROUP1_IRQHandler            
000020a5  I2C0_IRQHandler              
000020a5  I2C1_IRQHandler              
000020a5  NMI_Handler                  
000020a5  PendSV_Handler               
000020a5  RTC_IRQHandler               
000020a5  SPI0_IRQHandler              
000020a5  SPI1_IRQHandler              
000020a5  SVC_Handler                  
000020a5  TIMA0_IRQHandler             
000020a5  TIMA1_IRQHandler             
000020a5  TIMG0_IRQHandler             
000020a5  TIMG6_IRQHandler             
000020a5  TIMG8_IRQHandler             
000020a5  UART0_IRQHandler             
000020a5  UART1_IRQHandler             
000020a5  UART2_IRQHandler             
000020a5  UART3_IRQHandler             
000020c1  HardFault_Handler            
000020dd  _Z22Switch_MenuDownPressedv  
000020f9  _Z9Switch_Inv                
00002131  _ZN8SlidePotC1Ejj            
00002131  _ZN8SlidePotC2Ejj            
0000214b  _Z24Switch_MenuSelectPressedv
0000217d  _Z11ST7735_openPKcji         
00002193  _Z11ST7735_readiPcj          
000021a9  __TI_zero_init_nomemset      
000021e9  TI_memcpy_small              
000021fb  __TI_decompress_none         
0000221d  _Z11Clock_Delayj             
0000223b  _Z12ST7735_lseekili          
00002265  TI_memset_small              
00002275  _Z10Clock_Freqv              
00002281  _Z13ST7735_renamePKcS0_      
0000228d  __aeabi_memclr               
0000228d  __aeabi_memclr4              
0000228d  __aeabi_memclr8              
00002299  malloc                       
000022a5  _Z12ST7735_closei            
000022af  _Z13ST7735_unlinkPKc         
000022b9  _Z8PLL_Initv                 
000022c5  __aeabi_memcpy               
000022c5  __aeabi_memcpy4              
000022c5  __aeabi_memcpy8              
000022cd  remove                       
000022d5  Reset_Handler                
000022d9  _system_pre_init             
000022dc  C$$EXIT                      
000022dd  abort                        
00002f10  SHT$$INIT_ARRAY$$Base        
00002f14  SHT$$INIT_ARRAY$$Limit       
00002fd0  __TI_Handler_Table_Base      
00002fdc  __TI_Handler_Table_Limit     
00002fe4  __TI_CINIT_Base              
00002ff4  __TI_CINIT_Limit             
00002ff4  __TI_CINIT_Warm              
20200000  __start___llvm_prf_bits      
20200000  __start___llvm_prf_cnts      
20200000  __stop___llvm_prf_bits       
20200000  __stop___llvm_prf_cnts       
20200000  map                          
20200140  _ftable                      
20200230  _device                      
202002a8  _stream                      
202002f8  Sensor                       
2020030c  player1                      
20200318  player2                      
20200324  __TI_cleanup_ptr             
20200328  __TI_dtors_ptr               
2020032c  BusFreq                      
20200330  StX                          
20200334  StY                          
20200338  __TI_ft_end                  
2020033c  _lock                        
20200340  _unlock                      
20200344  StTextColor                  
20200358  _sys_memory                  
20200558  _CIOBUF_                     
20200558  __CIOBUF_                    
20200678  __TI_tmpnams                 
20200718  parmbuf                      
20200720  TExaSLogic                   
20200724  TExaSadc                     
20207e00  __stack                      
20208000  __STACK_END                  
ffffffff  __TI_pprof_out_hndl          
ffffffff  __TI_prof_data_size          
ffffffff  __TI_prof_data_start         
ffffffff  __binit__                    
ffffffff  binit                        
UNDEFED   __mpu_init                   
UNDEFED   _system_post_cinit           

[178 symbols]
