******************************************************************************
            TI ARM Clang Linker Unix v4.0.1                    
******************************************************************************
>> Linked Fri Apr 11 20:44:14 2025

OUTPUT FILE NAME:   <ECE319K_Lab9H.out>
ENTRY POINT SYMBOL: "_c_int00_noargs"  address: 00001ded


MEMORY CONFIGURATION

         name            origin    length      used     unused   attr    fill
----------------------  --------  ---------  --------  --------  ----  --------
  FLASH                 00000000   00020000  000028a8  0001d758  R  X
  SRAM                  20200000   00008000  00000914  000076ec  RW X
  BCR_CONFIG            41c00000   00000080  00000000  00000080  R   
  BSL_CONFIG            41c00100   00000080  00000000  00000080  R   


SEGMENT ALLOCATION MAP

run origin  load origin   length   init length attrs members
----------  ----------- ---------- ----------- ----- -------
00000000    00000000    000028a8   000028a8    r-x
  00000000    00000000    000000c0   000000c0    r-- .intvecs
  000000c0    000000c0    00001f50   00001f50    r-x .text
  00002010    00002010    000007b0   000007b0    r-- .rodata
  000027c0    000027c0    00000008   00000008    r-- .init_array
  000027c8    000027c8    000000e0   000000e0    r-- .cinit
20200000    20200000    00000717   00000000    rw-
  20200000    20200000    0000033d   00000000    rw- .data
  20200340    20200340    00000200   00000000    rw- .sysmem
  20200540    20200540    000001d7   00000000    rw- .bss
20207e00    20207e00    00000200   00000000    rw-
  20207e00    20207e00    00000200   00000000    rw- .stack


SECTION ALLOCATION MAP

 output                                  attributes/
section   page    origin      length       input sections
--------  ----  ----------  ----------   ----------------
.intvecs   0    00000000    000000c0     
                  00000000    000000c0     startup_mspm0g3507_ticlang.o (.intvecs)

.binit     0    00000000    00000000     

.text      0    000000c0    00001f50     
                  000000c0    00000210     ST7735.o (.text._Z17ST7735_DrawBitmapssPKtss)
                  000002d0    000001b4     Clock.o (.text._Z15Clock_Init80MHzi)
                  00000484    000001a0     ST7735.o (.text._Z16ST7735_DrawCharSsscssh)
                  00000624    00000154     libc.a : fopen.c.obj (.text._openfile)
                  00000778    00000118     ST7735.o (.text._Z15ST7735_FillRectsssst)
                  00000890    00000114     libc.a : memory.c.obj (.text.aligned_alloc)
                  000009a4    000000f8     SPI.o (.text._Z8SPI_Initv)
                  00000a9c    000000ec     libsysbm.a : add_device.c.obj (.text.add_device)
                  00000b88    000000e8     libc.a : memory.c.obj (.text.free)
                  00000c70    000000e0     Map.o (.text._Z7DrawMapv)
                  00000d50    000000e0     libc.a : setvbuf.c.obj (.text.setvbuf)
                  00000e30    000000d0     ST7735.o (.text._Z14ST7735_OutCharc)
                  00000f00    000000a2     ST7735.o (.text._ZL11commandListPKh)
                  00000fa2    00000002     Sound.o (.text.SysTick_Handler)
                  00000fa4    000000a0     libsysbm.a : open.c.obj (.text.open)
                  00001044    0000009c     ST7735.o (.text._Z17ST7735_InitPrintfv)
                  000010e0    00000098     ST7735.o (.text._Z12ST7735_InitR10initRFlags)
                  00001178    00000088     ST7735.o (.text._ZL13setAddrWindowhhhh)
                  00001200    00000088     libc.a : strcmp-armv6m.S.obj (.text:strcmp)
                  00001288    00000084     ST7735.o (.text._Z17ST7735_DrawStringttPcs)
                  0000130c    0000007c     LaunchPad.o (.text._Z14LaunchPad_Initv)
                  00001388    0000007c     libc.a : fclose.c.obj (.text.__TI_closefile)
                  00001404    0000007c            : copy_decompress_lzss.c.obj (.text:decompress:lzss)
                  00001480    00000070     ST7735.o (.text._Z16ST7735_DrawPixelsst)
                  000014f0    0000006c     libsysbm.a : hostlseek.c.obj (.text.HOSTlseek)
                  0000155c    0000006c                : hostrename.c.obj (.text.HOSTrename)
                  000015c8    0000006c     libc.a : getdevice.c.obj (.text.getdevice)
                  00001634    00000064            : memory.c.obj (.text.split)
                  00001698    00000060     libsysbm.a : hostopen.c.obj (.text.HOSTopen)
                  000016f8    00000058                : hostread.c.obj (.text.HOSTread)
                  00001750    00000058                : hostwrite.c.obj (.text.HOSTwrite)
                  000017a8    00000054     libc.a : autoinit.c.obj (.text:__TI_auto_init_nobinit)
                  000017fc    00000052            : fflush.c.obj (.text.__TI_doflush)
                  0000184e    00000002     libclang_rt.builtins.a : aeabi_div0.c.obj (.text.__aeabi_idiv0)
                  00001850    00000050     libsysbm.a : close.c.obj (.text.close)
                  000018a0    00000048                : hostclose.c.obj (.text.HOSTclose)
                  000018e8    00000048                : hostunlink.c.obj (.text.HOSTunlink)
                  00001930    00000048     SPI.o (.text._Z14SPI_OutCommandc)
                  00001978    00000040     TExaS.o (.text.TIMG7_IRQHandler)
                  000019b8    00000040     SPI.o (.text._Z9SPI_Resetv)
                  000019f8    00000040     libclang_rt.builtins.a : aeabi_uidivmod.S.obj (.text.__aeabi_uidivmod)
                  00001a38    00000040     libc.a : fopen.c.obj (.text._search_fp)
                  00001a78    00000038     SPI.o (.text._Z11SPI_OutDatac)
                  00001ab0    00000038     LaunchPad.o (.text._Z15ActivatePortA_Bv)
                  00001ae8    00000034     ST7735.o (.text._Z12ST7735_writeiPKcj)
                  00001b1c    00000034     Clock.o (.text._Z14Clock_Delay1msj)
                  00001b50    00000034     ST7735.o (.text._Z16ST7735_SetCursorjj)
                  00001b84    00000034     libc.a : fopen.c.obj (.text.__TI_cleanup)
                  00001bb8    00000034     libsysbm.a : trgmsg.c.obj (.text.__TI_readmsg)
                  00001bec    00000034                : trgmsg.c.obj (.text.__TI_writemsg)
                  00001c20    00000034     libc.a : exit.c.obj (.text.exit)
                  00001c54    00000034            : getdevice.c.obj (.text.finddevice)
                  00001c88    00000034            : fopen.c.obj (.text.freopen)
                  00001cbc    00000030     ST7735.o (.text._ZL10commonInitPKh)
                  00001cec    00000030     libc.a : fopen.c.obj (.text.fopen)
                  00001d1c    0000002c     ST7735.o (.text._Z17ST7735_FillScreent)
                  00001d48    0000002c     libsysbm.a : unlink.c.obj (.text.unlink)
                  00001d74    00000028     Lab9HMain.o (.text.TIMG12_IRQHandler)
                  00001d9c    00000028     libc.a : memory.c.obj (.text.free_list_insert)
                  00001dc4    00000028     libsysbm.a : write.c.obj (.text.write)
                  00001dec    00000028     libc.a : boot_cortex_m.c.obj (.text:_c_int00_noargs)
                  00001e14    0000001e     ST7735.o (.text._ZL9pushColort)
                  00001e32    0000001e     Lab9HMain.o (.text.main)
                  00001e50    0000001c     startup_mspm0g3507_ticlang.o (.text.Default_Handler)
                  00001e6c    0000001c     startup_mspm0g3507_ticlang.o (.text.HardFault_Handler)
                  00001e88    0000001c     libc.a : memory.c.obj (.text.free_list_remove)
                  00001ea4    0000001a     SlidePot.o (.text._ZN8SlidePotC2Ejj)
                  00001ebe    00000002     libc.a : _lock.c.obj (.text._nop)
                  00001ec0    00000018     Lab9HMain.o (.text.__cxx_global_var_init)
                  00001ed8    00000016     ST7735.o (.text._Z11ST7735_openPKcji)
                  00001eee    00000016     ST7735.o (.text._Z11ST7735_readiPcj)
                  00001f04    00000016     libc.a : copy_zero_init.c.obj (.text:decompress:ZI:__TI_zero_init_nomemset)
                  00001f1a    00000012            : memcpy16.S.obj (.text:TI_memcpy_small)
                  00001f2c    00000012            : copy_decompress_none.c.obj (.text:decompress:none)
                  00001f3e    00000010     Clock.o (.text._Z11Clock_Delayj)
                  00001f4e    0000000e     libc.a : memory.c.obj (.text.OUTLINED_FUNCTION_0)
                  00001f5c    0000000e     ST7735.o (.text._Z12ST7735_lseekili)
                  00001f6a    0000000e     libsysbm.a : hostrename.c.obj (.text.strcpy)
                  00001f78    0000000e                : hostrename.c.obj (.text.strlen)
                  00001f86    0000000e     libc.a : memset16.S.obj (.text:TI_memset_small)
                  00001f94    0000000c     Clock.o (.text._Z10Clock_Freqv)
                  00001fa0    0000000c     ST7735.o (.text._Z13ST7735_renamePKcS0_)
                  00001fac    0000000c     libclang_rt.builtins.a : aeabi_memset.S.obj (.text.__aeabi_memclr)
                  00001fb8    0000000c     libc.a : memory.c.obj (.text.malloc)
                  00001fc4    0000000a     ST7735.o (.text._Z12ST7735_closei)
                  00001fce    0000000a     ST7735.o (.text._Z13ST7735_unlinkPKc)
                  00001fd8    0000000a     Lab9HMain.o (.text._Z8PLL_Initv)
                  00001fe2    00000008     Lab9HMain.o (.text._GLOBAL__sub_I_Lab9HMain.cpp)
                  00001fea    00000002     --HOLE-- [fill = 0]
                  00001fec    00000008     libclang_rt.builtins.a : aeabi_memcpy.S.obj (.text.__aeabi_memcpy)
                  00001ff4    00000008     libsysbm.a : remove.c.obj (.text.remove)
                  00001ffc    00000004     startup_mspm0g3507_ticlang.o (.text.Reset_Handler)
                  00002000    00000004     libc.a : pre_init.c.obj (.text._system_pre_init)
                  00002004    00000004            : exit.c.obj (.text:abort)
                  00002008    00000008     --HOLE-- [fill = 0]

.cinit     0    000027c8    000000e0     
                  000027c8    000000ba     (.cinit..data.load) [load image, compression = lzss]
                  00002882    00000002     --HOLE-- [fill = 0]
                  00002884    0000000c     (__TI_handler_table)
                  00002890    00000008     (.cinit..bss.load) [load image, compression = zero_init]
                  00002898    00000010     (__TI_cinit_table)

.rodata    0    00002010    000007b0     
                  00002010    000004fb     ST7735.o (.rodata._ZL4Font)
                  0000250b    00000001     --HOLE-- [fill = 0]
                  0000250c    00000080     Map.o (.rodata.BorderSprite)
                  0000258c    00000080     Map.o (.rodata.CoinSprite)
                  0000260c    00000080     Map.o (.rodata.SpeedSprite)
                  0000268c    00000080     Map.o (.rodata.WallSprite)
                  0000270c    0000003b     ST7735.o (.rodata._ZL5Rcmd1)
                  00002747    0000002b     ST7735.o (.rodata._ZL5Rcmd3)
                  00002772    00000016     ST7735.o (.rodata.str1.10454047957466484921)
                  00002788    0000000d     ST7735.o (.rodata._ZL10Rcmd2green)
                  00002795    0000000d     ST7735.o (.rodata._ZL8Rcmd2red)
                  000027a2    00000008     ST7735.o (.rodata.str1.47795681660940027721)
                  000027aa    00000007     ST7735.o (.rodata.str1.144587199919105078391)
                  000027b1    00000007     ST7735.o (.rodata.str1.65889865058515175131)
                  000027b8    00000002     ST7735.o (.rodata.str1.12956530834739612181)
                  000027ba    00000006     --HOLE-- [fill = 0]

.init_array 
*          0    000027c0    00000008     
                  000027c0    00000004     Lab9HMain.o (.init_array)
                  000027c4    00000004     --HOLE-- [fill = 0]

.data      0    20200000    0000033d     UNINITIALIZED
                  20200000    00000140     Map.o (.data.map)
                  20200140    000000f0     libc.a : defs.c.obj (.data._ftable)
                  20200230    00000078     libsysbm.a : host_device.c.obj (.data._device)
                  202002a8    00000050                : host_device.c.obj (.data._stream)
                  202002f8    00000014     Lab9HMain.o (.data.Sensor)
                  2020030c    00000008     libc.a : exit.c.obj (.data..L_MergedGlobals)
                  20200314    00000004     Clock.o (.data.BusFreq)
                  20200318    00000004     ST7735.o (.data.StX)
                  2020031c    00000004     ST7735.o (.data.StY)
                  20200320    00000004     libc.a : defs.c.obj (.data.__TI_ft_end)
                  20200324    00000004            : _lock.c.obj (.data._lock)
                  20200328    00000004            : _lock.c.obj (.data._unlock)
                  2020032c    00000002     ST7735.o (.data.StTextColor)
                  2020032e    00000002     ST7735.o (.data._ZL6_width)
                  20200330    00000002     ST7735.o (.data._ZL7_height)
                  20200332    00000002     --HOLE--
                  20200334    00000001     libsysbm.a : add_device.c.obj (.data.add_device.device_init)
                  20200335    00000003     --HOLE--
                  20200338    00000001     libc.a : memory.c.obj (.data.memory_is_initialized)
                  20200339    00000003     --HOLE--
                  2020033c    00000001     libsysbm.a : open.c.obj (.data.open.stream_init)

.sysmem    0    20200340    00000200     UNINITIALIZED
                  20200340    00000010     libc.a : memory.c.obj (.sysmem)
                  20200350    000001f0     --HOLE--

.bss       0    20200540    000001d7     UNINITIALIZED
                  20200540    00000120     libsysbm.a : trgmsg.c.obj (.bss:_CIOBUF_)
                  20200660    000000a0     libc.a : defs.c.obj (.bss.__TI_tmpnams)
                  20200700    00000008     libsysbm.a : hostopen.c.obj (.bss.parmbuf)
                  20200708    00000004     TExaS.o (.bss.TExaSLogic)
                  2020070c    00000004     TExaS.o (.bss.TExaSadc)
                  20200710    00000004     libc.a : memory.c.obj (.bss.sys_free)
                  20200714    00000001     ST7735.o (.bss._ZL8ColStart)
                  20200715    00000001     ST7735.o (.bss._ZL8RowStart)
                  20200716    00000001     ST7735.o (.bss._ZL8TabColor)

.stack     0    20207e00    00000200     UNINITIALIZED
                  20207e00    00000004     libc.a : boot_cortex_m.c.obj (.stack)
                  20207e04    000001fc     --HOLE--

__llvm_prf_cnts 
*          0    20200000    00000000     UNINITIALIZED

__llvm_prf_bits 
*          0    20200000    00000000     UNINITIALIZED

MODULE SUMMARY

       Module                         code   ro data   rw data
       ------                         ----   -------   -------
    ./
       ST7735.o                       2598   1449      17     
       Map.o                          224    512       320    
       Clock.o                        516    0         4      
       SPI.o                          440    0         0      
       LaunchPad.o                    180    0         0      
       Lab9HMain.o                    112    4         20     
       TExaS.o                        64     0         8      
       SlidePot.o                     26     0         0      
       Sound.o                        2      0         0      
    +--+------------------------------+------+---------+---------+
       Total:                         4162   1965      369    
                                                              
    ./ticlang/
       startup_mspm0g3507_ticlang.o   60     192       0      
    +--+------------------------------+------+---------+---------+
       Total:                         60     192       0      
                                                              
    /Applications/ti/ccs2000/ccs/tools/compiler/ti-cgt-armllvm_4.0.1.LTS/lib/armv6m-ti-none-eabi/c/libc.a
       memory.c.obj                   702    0         5      
       fopen.c.obj                    556    0         0      
       defs.c.obj                     0      0         404    
       setvbuf.c.obj                  224    0         0      
       getdevice.c.obj                160    0         0      
       strcmp-armv6m.S.obj            136    0         0      
       copy_decompress_lzss.c.obj     124    0         0      
       fclose.c.obj                   124    0         0      
       autoinit.c.obj                 84     0         0      
       fflush.c.obj                   82     0         0      
       exit.c.obj                     56     0         8      
       boot_cortex_m.c.obj            40     0         0      
       copy_zero_init.c.obj           22     0         0      
       copy_decompress_none.c.obj     18     0         0      
       memcpy16.S.obj                 18     0         0      
       memset16.S.obj                 14     0         0      
       _lock.c.obj                    2      0         8      
       pre_init.c.obj                 4      0         0      
    +--+------------------------------+------+---------+---------+
       Total:                         2366   0         425    
                                                              
    /Applications/ti/ccs2000/ccs/tools/compiler/ti-cgt-armllvm_4.0.1.LTS/lib/armv6m-ti-none-eabi/c/libsysbm.a
       trgmsg.c.obj                   104    0         288    
       add_device.c.obj               236    0         1      
       host_device.c.obj              0      0         200    
       open.c.obj                     160    0         1      
       hostrename.c.obj               136    0         0      
       hostlseek.c.obj                108    0         0      
       hostopen.c.obj                 96     0         8      
       hostread.c.obj                 88     0         0      
       hostwrite.c.obj                88     0         0      
       close.c.obj                    80     0         0      
       hostclose.c.obj                72     0         0      
       hostunlink.c.obj               72     0         0      
       unlink.c.obj                   44     0         0      
       write.c.obj                    40     0         0      
       remove.c.obj                   8      0         0      
    +--+------------------------------+------+---------+---------+
       Total:                         1332   0         498    
                                                              
    /Applications/ti/ccs2000/ccs/tools/compiler/ti-cgt-armllvm_4.0.1.LTS/lib/armv6m-ti-none-eabi/libclang_rt.builtins.a
       aeabi_uidivmod.S.obj           64     0         0      
       aeabi_memset.S.obj             12     0         0      
       aeabi_memcpy.S.obj             8      0         0      
       aeabi_div0.c.obj               2      0         0      
    +--+------------------------------+------+---------+---------+
       Total:                         86     0         0      
                                                              
       Heap:                          0      0         512    
       Stack:                         0      0         512    
       Linker Generated:              0      222       0      
    +--+------------------------------+------+---------+---------+
       Grand Total:                   8006   2379      2316   


LINKER GENERATED COPY TABLES

__TI_cinit_table @ 00002898 records: 2, size/record: 8, table size: 16
	.data: load addr=000027c8, load size=000000ba bytes, run addr=20200000, run size=0000033d bytes, compression=lzss
	.bss: load addr=00002890, load size=00000008 bytes, run addr=20200540, run size=000001d7 bytes, compression=zero_init


LINKER GENERATED HANDLER TABLE

__TI_handler_table @ 00002884 records: 3, size/record: 4, table size: 12
	index: 0, handler: __TI_decompress_lzss
	index: 1, handler: __TI_decompress_none
	index: 2, handler: __TI_zero_init


GLOBAL SYMBOLS: SORTED ALPHABETICALLY BY Name 

address   name                        
-------   ----                        
00001e51  ADC0_IRQHandler             
00001e51  ADC1_IRQHandler             
00001e51  AES_IRQHandler              
0000250c  BorderSprite                
20200314  BusFreq                     
00002004  C$$EXIT                     
00001c19  C$$IO$$                     
00001e51  CANFD0_IRQHandler           
0000258c  CoinSprite                  
00001e51  DAC0_IRQHandler             
00001e51  DMA_IRQHandler              
00001e51  Default_Handler             
00001e51  GROUP0_IRQHandler           
00001e51  GROUP1_IRQHandler           
000018a1  HOSTclose                   
000014f1  HOSTlseek                   
00001699  HOSTopen                    
000016f9  HOSTread                    
0000155d  HOSTrename                  
000018e9  HOSTunlink                  
00001751  HOSTwrite                   
00001e6d  HardFault_Handler           
00001e51  I2C0_IRQHandler             
00001e51  I2C1_IRQHandler             
00001e51  NMI_Handler                 
00001e51  PendSV_Handler              
00001e51  RTC_IRQHandler              
00001ffd  Reset_Handler               
000027c0  SHT$$INIT_ARRAY$$Base       
000027c4  SHT$$INIT_ARRAY$$Limit      
00001e51  SPI0_IRQHandler             
00001e51  SPI1_IRQHandler             
00001e51  SVC_Handler                 
202002f8  Sensor                      
0000260c  SpeedSprite                 
2020032c  StTextColor                 
20200318  StX                         
2020031c  StY                         
00000fa3  SysTick_Handler             
20200708  TExaSLogic                  
2020070c  TExaSadc                    
00001e51  TIMA0_IRQHandler            
00001e51  TIMA1_IRQHandler            
00001e51  TIMG0_IRQHandler            
00001d75  TIMG12_IRQHandler           
00001e51  TIMG6_IRQHandler            
00001979  TIMG7_IRQHandler            
00001e51  TIMG8_IRQHandler            
00001f1b  TI_memcpy_small             
00001f87  TI_memset_small             
00001e51  UART0_IRQHandler            
00001e51  UART1_IRQHandler            
00001e51  UART2_IRQHandler            
00001e51  UART3_IRQHandler            
0000268c  WallSprite                  
20200540  _CIOBUF_                    
00001f95  _Z10Clock_Freqv             
00001f3f  _Z11Clock_Delayj            
00001a79  _Z11SPI_OutDatac            
00001ed9  _Z11ST7735_openPKcji        
00001eef  _Z11ST7735_readiPcj         
000010e1  _Z12ST7735_InitR10initRFlags
00001fc5  _Z12ST7735_closei           
00001f5d  _Z12ST7735_lseekili         
00001ae9  _Z12ST7735_writeiPKcj       
00001fa1  _Z13ST7735_renamePKcS0_     
00001fcf  _Z13ST7735_unlinkPKc        
00001b1d  _Z14Clock_Delay1msj         
0000130d  _Z14LaunchPad_Initv         
00001931  _Z14SPI_OutCommandc         
00000e31  _Z14ST7735_OutCharc         
00001ab1  _Z15ActivatePortA_Bv        
000002d1  _Z15Clock_Init80MHzi        
00000779  _Z15ST7735_FillRectsssst    
00000485  _Z16ST7735_DrawCharSsscssh  
00001481  _Z16ST7735_DrawPixelsst     
00001b51  _Z16ST7735_SetCursorjj      
000000c1  _Z17ST7735_DrawBitmapssPKtss
00001289  _Z17ST7735_DrawStringttPcs  
00001d1d  _Z17ST7735_FillScreent      
00001045  _Z17ST7735_InitPrintfv      
00000c71  _Z7DrawMapv                 
00001fd9  _Z8PLL_Initv                
000009a5  _Z8SPI_Initv                
000019b9  _Z9SPI_Resetv               
00001ea5  _ZN8SlidePotC1Ejj           
00001ea5  _ZN8SlidePotC2Ejj           
20200540  __CIOBUF_                   
20208000  __STACK_END                 
00000200  __STACK_SIZE                
00000200  __SYSMEM_SIZE               
00000000  __TI_ATRegion0_region_sz    
00000000  __TI_ATRegion0_src_addr     
00000000  __TI_ATRegion0_trg_addr     
00000000  __TI_ATRegion1_region_sz    
00000000  __TI_ATRegion1_src_addr     
00000000  __TI_ATRegion1_trg_addr     
00000000  __TI_ATRegion2_region_sz    
00000000  __TI_ATRegion2_src_addr     
00000000  __TI_ATRegion2_trg_addr     
00002898  __TI_CINIT_Base             
000028a8  __TI_CINIT_Limit            
000028a8  __TI_CINIT_Warm             
00002884  __TI_Handler_Table_Base     
00002890  __TI_Handler_Table_Limit    
000017a9  __TI_auto_init_nobinit      
00001b85  __TI_cleanup                
2020030c  __TI_cleanup_ptr            
00001389  __TI_closefile              
00001405  __TI_decompress_lzss        
00001f2d  __TI_decompress_none        
000017fd  __TI_doflush                
20200310  __TI_dtors_ptr              
20200320  __TI_ft_end                 
ffffffff  __TI_pprof_out_hndl         
ffffffff  __TI_prof_data_size         
ffffffff  __TI_prof_data_start        
00001bb9  __TI_readmsg                
00000000  __TI_static_base__          
20200660  __TI_tmpnams                
00001bed  __TI_writemsg               
00001f05  __TI_zero_init_nomemset     
0000184f  __aeabi_idiv0               
00001fad  __aeabi_memclr              
00001fad  __aeabi_memclr4             
00001fad  __aeabi_memclr8             
00001fed  __aeabi_memcpy              
00001fed  __aeabi_memcpy4             
00001fed  __aeabi_memcpy8             
000019f9  __aeabi_uidiv               
000019f9  __aeabi_uidivmod            
ffffffff  __binit__                   
UNDEFED   __mpu_init                  
20207e00  __stack                     
20200000  __start___llvm_prf_bits     
20200000  __start___llvm_prf_cnts     
20200000  __stop___llvm_prf_bits      
20200000  __stop___llvm_prf_cnts      
00001ded  _c_int00_noargs             
20200230  _device                     
20200140  _ftable                     
20200324  _lock                       
00001ebf  _nop                        
202002a8  _stream                     
20200340  _sys_memory                 
UNDEFED   _system_post_cinit          
00002001  _system_pre_init            
20200328  _unlock                     
00002005  abort                       
00000a9d  add_device                  
00000891  aligned_alloc               
ffffffff  binit                       
00001851  close                       
00001c21  exit                        
00001c55  finddevice                  
00001ced  fopen                       
00000b89  free                        
00001c89  freopen                     
000015c9  getdevice                   
00000000  interruptVectors            
00001e33  main                        
00001fb9  malloc                      
20200000  map                         
00000891  memalign                    
00000fa5  open                        
20200700  parmbuf                     
00001ff5  remove                      
00000d51  setvbuf                     
00001201  strcmp                      
00001d49  unlink                      
00001dc5  write                       


GLOBAL SYMBOLS: SORTED BY Symbol Address 

address   name                        
-------   ----                        
00000000  __TI_ATRegion0_region_sz    
00000000  __TI_ATRegion0_src_addr     
00000000  __TI_ATRegion0_trg_addr     
00000000  __TI_ATRegion1_region_sz    
00000000  __TI_ATRegion1_src_addr     
00000000  __TI_ATRegion1_trg_addr     
00000000  __TI_ATRegion2_region_sz    
00000000  __TI_ATRegion2_src_addr     
00000000  __TI_ATRegion2_trg_addr     
00000000  __TI_static_base__          
00000000  interruptVectors            
000000c1  _Z17ST7735_DrawBitmapssPKtss
00000200  __STACK_SIZE                
00000200  __SYSMEM_SIZE               
000002d1  _Z15Clock_Init80MHzi        
00000485  _Z16ST7735_DrawCharSsscssh  
00000779  _Z15ST7735_FillRectsssst    
00000891  aligned_alloc               
00000891  memalign                    
000009a5  _Z8SPI_Initv                
00000a9d  add_device                  
00000b89  free                        
00000c71  _Z7DrawMapv                 
00000d51  setvbuf                     
00000e31  _Z14ST7735_OutCharc         
00000fa3  SysTick_Handler             
00000fa5  open                        
00001045  _Z17ST7735_InitPrintfv      
000010e1  _Z12ST7735_InitR10initRFlags
00001201  strcmp                      
00001289  _Z17ST7735_DrawStringttPcs  
0000130d  _Z14LaunchPad_Initv         
00001389  __TI_closefile              
00001405  __TI_decompress_lzss        
00001481  _Z16ST7735_DrawPixelsst     
000014f1  HOSTlseek                   
0000155d  HOSTrename                  
000015c9  getdevice                   
00001699  HOSTopen                    
000016f9  HOSTread                    
00001751  HOSTwrite                   
000017a9  __TI_auto_init_nobinit      
000017fd  __TI_doflush                
0000184f  __aeabi_idiv0               
00001851  close                       
000018a1  HOSTclose                   
000018e9  HOSTunlink                  
00001931  _Z14SPI_OutCommandc         
00001979  TIMG7_IRQHandler            
000019b9  _Z9SPI_Resetv               
000019f9  __aeabi_uidiv               
000019f9  __aeabi_uidivmod            
00001a79  _Z11SPI_OutDatac            
00001ab1  _Z15ActivatePortA_Bv        
00001ae9  _Z12ST7735_writeiPKcj       
00001b1d  _Z14Clock_Delay1msj         
00001b51  _Z16ST7735_SetCursorjj      
00001b85  __TI_cleanup                
00001bb9  __TI_readmsg                
00001bed  __TI_writemsg               
00001c19  C$$IO$$                     
00001c21  exit                        
00001c55  finddevice                  
00001c89  freopen                     
00001ced  fopen                       
00001d1d  _Z17ST7735_FillScreent      
00001d49  unlink                      
00001d75  TIMG12_IRQHandler           
00001dc5  write                       
00001ded  _c_int00_noargs             
00001e33  main                        
00001e51  ADC0_IRQHandler             
00001e51  ADC1_IRQHandler             
00001e51  AES_IRQHandler              
00001e51  CANFD0_IRQHandler           
00001e51  DAC0_IRQHandler             
00001e51  DMA_IRQHandler              
00001e51  Default_Handler             
00001e51  GROUP0_IRQHandler           
00001e51  GROUP1_IRQHandler           
00001e51  I2C0_IRQHandler             
00001e51  I2C1_IRQHandler             
00001e51  NMI_Handler                 
00001e51  PendSV_Handler              
00001e51  RTC_IRQHandler              
00001e51  SPI0_IRQHandler             
00001e51  SPI1_IRQHandler             
00001e51  SVC_Handler                 
00001e51  TIMA0_IRQHandler            
00001e51  TIMA1_IRQHandler            
00001e51  TIMG0_IRQHandler            
00001e51  TIMG6_IRQHandler            
00001e51  TIMG8_IRQHandler            
00001e51  UART0_IRQHandler            
00001e51  UART1_IRQHandler            
00001e51  UART2_IRQHandler            
00001e51  UART3_IRQHandler            
00001e6d  HardFault_Handler           
00001ea5  _ZN8SlidePotC1Ejj           
00001ea5  _ZN8SlidePotC2Ejj           
00001ebf  _nop                        
00001ed9  _Z11ST7735_openPKcji        
00001eef  _Z11ST7735_readiPcj         
00001f05  __TI_zero_init_nomemset     
00001f1b  TI_memcpy_small             
00001f2d  __TI_decompress_none        
00001f3f  _Z11Clock_Delayj            
00001f5d  _Z12ST7735_lseekili         
00001f87  TI_memset_small             
00001f95  _Z10Clock_Freqv             
00001fa1  _Z13ST7735_renamePKcS0_     
00001fad  __aeabi_memclr              
00001fad  __aeabi_memclr4             
00001fad  __aeabi_memclr8             
00001fb9  malloc                      
00001fc5  _Z12ST7735_closei           
00001fcf  _Z13ST7735_unlinkPKc        
00001fd9  _Z8PLL_Initv                
00001fed  __aeabi_memcpy              
00001fed  __aeabi_memcpy4             
00001fed  __aeabi_memcpy8             
00001ff5  remove                      
00001ffd  Reset_Handler               
00002001  _system_pre_init            
00002004  C$$EXIT                     
00002005  abort                       
0000250c  BorderSprite                
0000258c  CoinSprite                  
0000260c  SpeedSprite                 
0000268c  WallSprite                  
000027c0  SHT$$INIT_ARRAY$$Base       
000027c4  SHT$$INIT_ARRAY$$Limit      
00002884  __TI_Handler_Table_Base     
00002890  __TI_Handler_Table_Limit    
00002898  __TI_CINIT_Base             
000028a8  __TI_CINIT_Limit            
000028a8  __TI_CINIT_Warm             
20200000  __start___llvm_prf_bits     
20200000  __start___llvm_prf_cnts     
20200000  __stop___llvm_prf_bits      
20200000  __stop___llvm_prf_cnts      
20200000  map                         
20200140  _ftable                     
20200230  _device                     
202002a8  _stream                     
202002f8  Sensor                      
2020030c  __TI_cleanup_ptr            
20200310  __TI_dtors_ptr              
20200314  BusFreq                     
20200318  StX                         
2020031c  StY                         
20200320  __TI_ft_end                 
20200324  _lock                       
20200328  _unlock                     
2020032c  StTextColor                 
20200340  _sys_memory                 
20200540  _CIOBUF_                    
20200540  __CIOBUF_                   
20200660  __TI_tmpnams                
20200700  parmbuf                     
20200708  TExaSLogic                  
2020070c  TExaSadc                    
20207e00  __stack                     
20208000  __STACK_END                 
ffffffff  __TI_pprof_out_hndl         
ffffffff  __TI_prof_data_size         
ffffffff  __TI_prof_data_start        
ffffffff  __binit__                   
ffffffff  binit                       
UNDEFED   __mpu_init                  
UNDEFED   _system_post_cinit          

[171 symbols]
