******************************************************************************
            TI ARM Clang Linker Unix v4.0.1                    
******************************************************************************
>> Linked Thu Apr 17 23:59:21 2025

OUTPUT FILE NAME:   <ECE319K_Lab9H.out>
ENTRY POINT SYMBOL: "_c_int00_noargs"  address: 00002151


MEMORY CONFIGURATION

         name            origin    length      used     unused   attr    fill
----------------------  --------  ---------  --------  --------  ----  --------
  FLASH                 00000000   00020000  00002f58  0001d0a8  R  X
  SRAM                  20200000   00008000  00000974  0000768c  RW X
  BCR_CONFIG            41c00000   00000080  00000000  00000080  R   
  BSL_CONFIG            41c00100   00000080  00000000  00000080  R   


SEGMENT ALLOCATION MAP

run origin  load origin   length   init length attrs members
----------  ----------- ---------- ----------- ----- -------
00000000    00000000    00002f58   00002f58    r-x
  00000000    00000000    000000c0   000000c0    r-- .intvecs
  000000c0    000000c0    00002350   00002350    r-x .text
  00002410    00002410    00000a18   00000a18    r-- .rodata
  00002e28    00002e28    00000008   00000008    r-- .init_array
  00002e30    00002e30    00000128   00000128    r-- .cinit
20200000    20200000    00000777   00000000    rw-
  20200000    20200000    0000039d   00000000    rw- .data
  202003a0    202003a0    00000200   00000000    rw- .sysmem
  202005a0    202005a0    000001d7   00000000    rw- .bss
20207e00    20207e00    00000200   00000000    rw-
  20207e00    20207e00    00000200   00000000    rw- .stack


SECTION ALLOCATION MAP

 output                                  attributes/
section   page    origin      length       input sections
--------  ----  ----------  ----------   ----------------
.intvecs   0    00000000    000000c0     
                  00000000    000000c0     startup_mspm0g3507_ticlang.o (.intvecs)

.binit     0    00000000    00000000     

.text      0    000000c0    00002350     
                  000000c0    00000210     ST7735.o (.text._Z17ST7735_DrawBitmapssPKtss)
                  000002d0    000001b4     Clock.o (.text._Z15Clock_Init80MHzi)
                  00000484    000001a0     ST7735.o (.text._Z16ST7735_DrawCharSsscssh)
                  00000624    00000154     libc.a : fopen.c.obj (.text._openfile)
                  00000778    00000124     Map.o (.text._Z7DrawMapv)
                  0000089c    00000118     ST7735.o (.text._Z15ST7735_FillRectsssst)
                  000009b4    00000114     libc.a : memory.c.obj (.text.aligned_alloc)
                  00000ac8    000000f8     SPI.o (.text._Z8SPI_Initv)
                  00000bc0    000000ec     libsysbm.a : add_device.c.obj (.text.add_device)
                  00000cac    000000e8     libc.a : memory.c.obj (.text.free)
                  00000d94    000000e0            : setvbuf.c.obj (.text.setvbuf)
                  00000e74    000000d0     ST7735.o (.text._Z14ST7735_OutCharc)
                  00000f44    000000c8     Map.o (.text._Z8DrawMenuv)
                  0000100c    000000bc     Lab9HMain.o (.text.main)
                  000010c8    000000a2     ST7735.o (.text._ZL11commandListPKh)
                  0000116a    00000002     Sound.o (.text.SysTick_Handler)
                  0000116c    000000a0     libsysbm.a : open.c.obj (.text.open)
                  0000120c    0000009c     ST7735.o (.text._Z17ST7735_InitPrintfv)
                  000012a8    00000098     ST7735.o (.text._Z12ST7735_InitR10initRFlags)
                  00001340    00000088     ST7735.o (.text._ZL13setAddrWindowhhhh)
                  000013c8    00000008     libclang_rt.builtins.a : aeabi_memcpy.S.obj (.text.__aeabi_memcpy)
                  000013d0    00000088     libc.a : strcmp-armv6m.S.obj (.text:strcmp)
                  00001458    00000084     ST7735.o (.text._Z17ST7735_DrawStringttPcs)
                  000014dc    0000007c     LaunchPad.o (.text._Z14LaunchPad_Initv)
                  00001558    0000007c     libc.a : fclose.c.obj (.text.__TI_closefile)
                  000015d4    0000007c            : copy_decompress_lzss.c.obj (.text:decompress:lzss)
                  00001650    00000074     Map.o (.text._Z9DrawRulesv)
                  000016c4    00000070     ST7735.o (.text._Z16ST7735_DrawPixelsst)
                  00001734    0000006c     libsysbm.a : hostlseek.c.obj (.text.HOSTlseek)
                  000017a0    0000006c                : hostrename.c.obj (.text.HOSTrename)
                  0000180c    0000006c     libc.a : getdevice.c.obj (.text.getdevice)
                  00001878    00000064            : memory.c.obj (.text.split)
                  000018dc    00000060     libsysbm.a : hostopen.c.obj (.text.HOSTopen)
                  0000193c    00000058                : hostread.c.obj (.text.HOSTread)
                  00001994    00000058                : hostwrite.c.obj (.text.HOSTwrite)
                  000019ec    00000054     libc.a : autoinit.c.obj (.text:__TI_auto_init_nobinit)
                  00001a40    00000052            : fflush.c.obj (.text.__TI_doflush)
                  00001a92    00000002     libclang_rt.builtins.a : aeabi_div0.c.obj (.text.__aeabi_idiv0)
                  00001a94    00000050     Map.o (.text._Z12NavigateMenui)
                  00001ae4    00000050     libsysbm.a : close.c.obj (.text.close)
                  00001b34    0000004c     Map.o (.text._Z14SelectMenuItemv)
                  00001b80    00000048     libsysbm.a : hostclose.c.obj (.text.HOSTclose)
                  00001bc8    00000048                : hostunlink.c.obj (.text.HOSTunlink)
                  00001c10    00000048     SPI.o (.text._Z14SPI_OutCommandc)
                  00001c58    00000040     TExaS.o (.text.TIMG7_IRQHandler)
                  00001c98    00000040     SPI.o (.text._Z9SPI_Resetv)
                  00001cd8    00000040     libclang_rt.builtins.a : aeabi_uidivmod.S.obj (.text.__aeabi_uidivmod)
                  00001d18    00000040     libc.a : fopen.c.obj (.text._search_fp)
                  00001d58    00000038     SPI.o (.text._Z11SPI_OutDatac)
                  00001d90    00000038     LaunchPad.o (.text._Z15ActivatePortA_Bv)
                  00001dc8    00000034     ST7735.o (.text._Z12ST7735_writeiPKcj)
                  00001dfc    00000034     Clock.o (.text._Z14Clock_Delay1msj)
                  00001e30    00000034     ST7735.o (.text._Z16ST7735_SetCursorjj)
                  00001e64    00000034     libc.a : fopen.c.obj (.text.__TI_cleanup)
                  00001e98    00000034     libsysbm.a : trgmsg.c.obj (.text.__TI_readmsg)
                  00001ecc    00000034                : trgmsg.c.obj (.text.__TI_writemsg)
                  00001f00    00000034     libc.a : exit.c.obj (.text.exit)
                  00001f34    00000034            : getdevice.c.obj (.text.finddevice)
                  00001f68    00000034            : fopen.c.obj (.text.freopen)
                  00001f9c    00000030     ST7735.o (.text._ZL10commonInitPKh)
                  00001fcc    00000030     libc.a : fopen.c.obj (.text.fopen)
                  00001ffc    0000002e     Player.o (.text._ZN6PlayerC2Ehhb)
                  0000202a    00000002     libc.a : _lock.c.obj (.text._nop)
                  0000202c    0000002c     Map.o (.text._Z13NextRulesPagev)
                  00002058    0000002c     ST7735.o (.text._Z17ST7735_FillScreent)
                  00002084    0000002c     libsysbm.a : unlink.c.obj (.text.unlink)
                  000020b0    00000028     Lab9HMain.o (.text.TIMG12_IRQHandler)
                  000020d8    00000028     Switch.o (.text._Z11Switch_Initv)
                  00002100    00000028     libc.a : memory.c.obj (.text.free_list_insert)
                  00002128    00000028     libsysbm.a : write.c.obj (.text.write)
                  00002150    00000028     libc.a : boot_cortex_m.c.obj (.text:_c_int00_noargs)
                  00002178    00000026     ST7735.o (.text._Z16ST7735_OutStringPc)
                  0000219e    0000001e     ST7735.o (.text._ZL9pushColort)
                  000021bc    0000001c     startup_mspm0g3507_ticlang.o (.text.Default_Handler)
                  000021d8    0000001c     startup_mspm0g3507_ticlang.o (.text.HardFault_Handler)
                  000021f4    0000001c     Switch.o (.text._Z22Switch_MenuDownPressedv)
                  00002210    0000001c     Switch.o (.text._Z9Switch_Inv)
                  0000222c    0000001c     libc.a : memory.c.obj (.text.free_list_remove)
                  00002248    0000001a     SlidePot.o (.text._ZN8SlidePotC2Ejj)
                  00002262    00000018     Switch.o (.text._Z24Switch_MenuSelectPressedv)
                  0000227a    00000002     --HOLE-- [fill = 0]
                  0000227c    00000018     Lab9HMain.o (.text.__cxx_global_var_init)
                  00002294    00000016     ST7735.o (.text._Z11ST7735_openPKcji)
                  000022aa    00000016     ST7735.o (.text._Z11ST7735_readiPcj)
                  000022c0    00000016     libc.a : copy_zero_init.c.obj (.text:decompress:ZI:__TI_zero_init_nomemset)
                  000022d6    00000002     --HOLE-- [fill = 0]
                  000022d8    00000014     ST7735.o (.text._Z19ST7735_SetTextColort)
                  000022ec    00000014     Lab9HMain.o (.text.__cxx_global_var_init.1)
                  00002300    00000014     Lab9HMain.o (.text.__cxx_global_var_init.2)
                  00002314    00000012     libc.a : memcpy16.S.obj (.text:TI_memcpy_small)
                  00002326    00000012            : copy_decompress_none.c.obj (.text:decompress:none)
                  00002338    00000010     Lab9HMain.o (.text._GLOBAL__sub_I_Lab9HMain.cpp)
                  00002348    00000010     Clock.o (.text._Z11Clock_Delayj)
                  00002358    0000000e     libc.a : memory.c.obj (.text.OUTLINED_FUNCTION_0)
                  00002366    0000000e     ST7735.o (.text._Z12ST7735_lseekili)
                  00002374    0000000e     libsysbm.a : hostrename.c.obj (.text.strcpy)
                  00002382    0000000e                : hostrename.c.obj (.text.strlen)
                  00002390    0000000e     libc.a : memset16.S.obj (.text:TI_memset_small)
                  0000239e    00000002     --HOLE-- [fill = 0]
                  000023a0    0000000c     Clock.o (.text._Z10Clock_Freqv)
                  000023ac    0000000c     ST7735.o (.text._Z13ST7735_renamePKcS0_)
                  000023b8    0000000c     libclang_rt.builtins.a : aeabi_memset.S.obj (.text.__aeabi_memclr)
                  000023c4    0000000c     libc.a : memory.c.obj (.text.malloc)
                  000023d0    0000000a     ST7735.o (.text._Z12ST7735_closei)
                  000023da    0000000a     ST7735.o (.text._Z13ST7735_unlinkPKc)
                  000023e4    0000000a     Lab9HMain.o (.text._Z8PLL_Initv)
                  000023ee    00000008     libsysbm.a : remove.c.obj (.text.remove)
                  000023f6    00000004     startup_mspm0g3507_ticlang.o (.text.Reset_Handler)
                  000023fa    00000004     libc.a : pre_init.c.obj (.text._system_pre_init)
                  000023fe    00000004            : exit.c.obj (.text:abort)
                  00002402    0000000e     --HOLE-- [fill = 0]

.cinit     0    00002e30    00000128     
                  00002e30    000000fd     (.cinit..data.load) [load image, compression = lzss]
                  00002f2d    00000003     --HOLE-- [fill = 0]
                  00002f30    0000000c     (__TI_handler_table)
                  00002f3c    00000008     (.cinit..bss.load) [load image, compression = zero_init]
                  00002f44    00000010     (__TI_cinit_table)
                  00002f54    00000004     --HOLE-- [fill = 0]

.rodata    0    00002410    00000a18     
                  00002410    000004fb     ST7735.o (.rodata._ZL4Font)
                  0000290b    00000001     Map.o (.rodata.str1.104596856956816455781)
                  0000290c    00000080     Map.o (.rodata.BorderSprite)
                  0000298c    00000080     Map.o (.rodata.ChaserSprite)
                  00002a0c    00000080     Map.o (.rodata.CoinSprite)
                  00002a8c    00000080     Map.o (.rodata.RunnerSprite)
                  00002b0c    00000080     Map.o (.rodata.SpeedSprite)
                  00002b8c    00000080     Map.o (.rodata.WallSprite)
                  00002c0c    0000003b     ST7735.o (.rodata._ZL5Rcmd1)
                  00002c47    0000002b     ST7735.o (.rodata._ZL5Rcmd3)
                  00002c72    00000018     Map.o (.rodata.str1.88020652275042292911)
                  00002c8a    00000016     ST7735.o (.rodata.str1.10454047957466484921)
                  00002ca0    00000016     Map.o (.rodata.str1.73765608726033296121)
                  00002cb6    00000015     Map.o (.rodata.str1.84046251035583987611)
                  00002ccb    00000014     Map.o (.rodata.str1.105329869645890702911)
                  00002cdf    00000014     Map.o (.rodata.str1.11892335321669509361)
                  00002cf3    00000014     Map.o (.rodata.str1.142248726879783284881)
                  00002d07    00000014     Map.o (.rodata.str1.56202311474261802091)
                  00002d1b    00000013     Map.o (.rodata.str1.141450585037438433001)
                  00002d2e    00000013     Map.o (.rodata.str1.174713602682270873741)
                  00002d41    00000012     Map.o (.rodata.str1.107916156524046124021)
                  00002d53    00000012     Map.o (.rodata.str1.50855458835255299231)
                  00002d65    00000011     Map.o (.rodata.str1.89352664702768437881)
                  00002d76    0000000e     Map.o (.rodata.str1.116554702338864380131)
                  00002d84    0000000e     Map.o (.rodata.str1.148507566663670628311)
                  00002d92    0000000d     ST7735.o (.rodata._ZL10Rcmd2green)
                  00002d9f    0000000d     ST7735.o (.rodata._ZL8Rcmd2red)
                  00002dac    0000000d     Map.o (.rodata.str1.112519537372094380871)
                  00002db9    0000000d     Map.o (.rodata.str1.148345599293076453791)
                  00002dc6    0000000a     Map.o (.rodata.str1.69355853717354042871)
                  00002dd0    00000009     Map.o (.rodata.str1.122246070243964392101)
                  00002dd9    00000009     Map.o (.rodata.str1.93950474351652273581)
                  00002de2    00000008     Map.o (.rodata.str1.179609936499601495561)
                  00002dea    00000008     Map.o (.rodata.str1.29074602043393431931)
                  00002df2    00000008     ST7735.o (.rodata.str1.47795681660940027721)
                  00002dfa    00000008     Map.o (.rodata.str1.70551619931739254801)
                  00002e02    00000007     Map.o (.rodata.str1.112394934285709906361)
                  00002e09    00000007     ST7735.o (.rodata.str1.144587199919105078391)
                  00002e10    00000007     Map.o (.rodata.str1.146512124620236989091)
                  00002e17    00000007     Map.o (.rodata.str1.152947731988548161181)
                  00002e1e    00000007     ST7735.o (.rodata.str1.65889865058515175131)
                  00002e25    00000002     ST7735.o (.rodata.str1.12956530834739612181)
                  00002e27    00000001     --HOLE-- [fill = 0]

.init_array 
*          0    00002e28    00000008     
                  00002e28    00000004     Lab9HMain.o (.init_array)
                  00002e2c    00000004     --HOLE-- [fill = 0]

.data      0    20200000    0000039d     UNINITIALIZED
                  20200000    00000140     Map.o (.data.map)
                  20200140    000000f0     libc.a : defs.c.obj (.data._ftable)
                  20200230    00000078     libsysbm.a : host_device.c.obj (.data._device)
                  202002a8    00000050                : host_device.c.obj (.data._stream)
                  202002f8    00000048     Map.o (.data.rulesText)
                  20200340    00000014     Lab9HMain.o (.data.Sensor)
                  20200354    0000000c     Lab9HMain.o (.data.player1)
                  20200360    0000000c     Lab9HMain.o (.data.player2)
                  2020036c    00000008     libc.a : exit.c.obj (.data..L_MergedGlobals)
                  20200374    00000004     Clock.o (.data.BusFreq)
                  20200378    00000004     ST7735.o (.data.StX)
                  2020037c    00000004     ST7735.o (.data.StY)
                  20200380    00000004     libc.a : defs.c.obj (.data.__TI_ft_end)
                  20200384    00000004            : _lock.c.obj (.data._lock)
                  20200388    00000004            : _lock.c.obj (.data._unlock)
                  2020038c    00000002     ST7735.o (.data.StTextColor)
                  2020038e    00000002     ST7735.o (.data._ZL6_width)
                  20200390    00000002     ST7735.o (.data._ZL7_height)
                  20200392    00000001     Map.o (.data.currentRulesPage)
                  20200393    00000001     Map.o (.data.currentSelection)
                  20200394    00000001     libsysbm.a : add_device.c.obj (.data.add_device.device_init)
                  20200395    00000001     Map.o (.data.language)
                  20200396    00000002     --HOLE--
                  20200398    00000001     libc.a : memory.c.obj (.data.memory_is_initialized)
                  20200399    00000003     --HOLE--
                  2020039c    00000001     libsysbm.a : open.c.obj (.data.open.stream_init)

.sysmem    0    202003a0    00000200     UNINITIALIZED
                  202003a0    00000010     libc.a : memory.c.obj (.sysmem)
                  202003b0    000001f0     --HOLE--

.bss       0    202005a0    000001d7     UNINITIALIZED
                  202005a0    00000120     libsysbm.a : trgmsg.c.obj (.bss:_CIOBUF_)
                  202006c0    000000a0     libc.a : defs.c.obj (.bss.__TI_tmpnams)
                  20200760    00000008     libsysbm.a : hostopen.c.obj (.bss.parmbuf)
                  20200768    00000004     TExaS.o (.bss.TExaSLogic)
                  2020076c    00000004     TExaS.o (.bss.TExaSadc)
                  20200770    00000004     libc.a : memory.c.obj (.bss.sys_free)
                  20200774    00000001     ST7735.o (.bss._ZL8ColStart)
                  20200775    00000001     ST7735.o (.bss._ZL8RowStart)
                  20200776    00000001     ST7735.o (.bss._ZL8TabColor)

.stack     0    20207e00    00000200     UNINITIALIZED
                  20207e00    00000004     libc.a : boot_cortex_m.c.obj (.stack)
                  20207e04    000001fc     --HOLE--

__llvm_prf_cnts 
*          0    20200000    00000000     UNINITIALIZED

__llvm_prf_bits 
*          0    20200000    00000000     UNINITIALIZED

MODULE SUMMARY

       Module                         code   ro data   rw data
       ------                         ----   -------   -------
    ./
       ST7735.o                       2656   1449      17     
       Map.o                          808    1134      395    
       Clock.o                        516    0         4      
       SPI.o                          440    0         0      
       Lab9HMain.o                    318    4         44     
       LaunchPad.o                    180    0         0      
       Switch.o                       120    0         0      
       TExaS.o                        64     0         8      
       Player.o                       46     0         0      
       SlidePot.o                     26     0         0      
       Sound.o                        2      0         0      
    +--+------------------------------+------+---------+---------+
       Total:                         5176   2587      468    
                                                              
    ./ticlang/
       startup_mspm0g3507_ticlang.o   60     192       0      
    +--+------------------------------+------+---------+---------+
       Total:                         60     192       0      
                                                              
    /Applications/ti/ccs2000/ccs/tools/compiler/ti-cgt-armllvm_4.0.1.LTS/lib/armv6m-ti-none-eabi/c/libc.a
       memory.c.obj                   702    0         5      
       fopen.c.obj                    556    0         0      
       defs.c.obj                     0      0         404    
       setvbuf.c.obj                  224    0         0      
       getdevice.c.obj                160    0         0      
       strcmp-armv6m.S.obj            136    0         0      
       copy_decompress_lzss.c.obj     124    0         0      
       fclose.c.obj                   124    0         0      
       autoinit.c.obj                 84     0         0      
       fflush.c.obj                   82     0         0      
       exit.c.obj                     56     0         8      
       boot_cortex_m.c.obj            40     0         0      
       copy_zero_init.c.obj           22     0         0      
       copy_decompress_none.c.obj     18     0         0      
       memcpy16.S.obj                 18     0         0      
       memset16.S.obj                 14     0         0      
       _lock.c.obj                    2      0         8      
       pre_init.c.obj                 4      0         0      
    +--+------------------------------+------+---------+---------+
       Total:                         2366   0         425    
                                                              
    /Applications/ti/ccs2000/ccs/tools/compiler/ti-cgt-armllvm_4.0.1.LTS/lib/armv6m-ti-none-eabi/c/libsysbm.a
       trgmsg.c.obj                   104    0         288    
       add_device.c.obj               236    0         1      
       host_device.c.obj              0      0         200    
       open.c.obj                     160    0         1      
       hostrename.c.obj               136    0         0      
       hostlseek.c.obj                108    0         0      
       hostopen.c.obj                 96     0         8      
       hostread.c.obj                 88     0         0      
       hostwrite.c.obj                88     0         0      
       close.c.obj                    80     0         0      
       hostclose.c.obj                72     0         0      
       hostunlink.c.obj               72     0         0      
       unlink.c.obj                   44     0         0      
       write.c.obj                    40     0         0      
       remove.c.obj                   8      0         0      
    +--+------------------------------+------+---------+---------+
       Total:                         1332   0         498    
                                                              
    /Applications/ti/ccs2000/ccs/tools/compiler/ti-cgt-armllvm_4.0.1.LTS/lib/armv6m-ti-none-eabi/libclang_rt.builtins.a
       aeabi_uidivmod.S.obj           64     0         0      
       aeabi_memset.S.obj             12     0         0      
       aeabi_memcpy.S.obj             8      0         0      
       aeabi_div0.c.obj               2      0         0      
    +--+------------------------------+------+---------+---------+
       Total:                         86     0         0      
                                                              
       Heap:                          0      0         512    
       Stack:                         0      0         512    
       Linker Generated:              0      289       0      
    +--+------------------------------+------+---------+---------+
       Grand Total:                   9020   3068      2415   


LINKER GENERATED COPY TABLES

__TI_cinit_table @ 00002f44 records: 2, size/record: 8, table size: 16
	.data: load addr=00002e30, load size=000000fd bytes, run addr=20200000, run size=0000039d bytes, compression=lzss
	.bss: load addr=00002f3c, load size=00000008 bytes, run addr=202005a0, run size=000001d7 bytes, compression=zero_init


LINKER GENERATED HANDLER TABLE

__TI_handler_table @ 00002f30 records: 3, size/record: 4, table size: 12
	index: 0, handler: __TI_decompress_lzss
	index: 1, handler: __TI_decompress_none
	index: 2, handler: __TI_zero_init


GLOBAL SYMBOLS: SORTED ALPHABETICALLY BY Name 

address   name                         
-------   ----                         
000021bd  ADC0_IRQHandler              
000021bd  ADC1_IRQHandler              
000021bd  AES_IRQHandler               
0000290c  BorderSprite                 
20200374  BusFreq                      
000023fe  C$$EXIT                      
00001ef9  C$$IO$$                      
000021bd  CANFD0_IRQHandler            
0000298c  ChaserSprite                 
00002a0c  CoinSprite                   
000021bd  DAC0_IRQHandler              
000021bd  DMA_IRQHandler               
000021bd  Default_Handler              
000021bd  GROUP0_IRQHandler            
000021bd  GROUP1_IRQHandler            
00001b81  HOSTclose                    
00001735  HOSTlseek                    
000018dd  HOSTopen                     
0000193d  HOSTread                     
000017a1  HOSTrename                   
00001bc9  HOSTunlink                   
00001995  HOSTwrite                    
000021d9  HardFault_Handler            
000021bd  I2C0_IRQHandler              
000021bd  I2C1_IRQHandler              
000021bd  NMI_Handler                  
000021bd  PendSV_Handler               
000021bd  RTC_IRQHandler               
000023f7  Reset_Handler                
00002a8c  RunnerSprite                 
00002e28  SHT$$INIT_ARRAY$$Base        
00002e2c  SHT$$INIT_ARRAY$$Limit       
000021bd  SPI0_IRQHandler              
000021bd  SPI1_IRQHandler              
000021bd  SVC_Handler                  
20200340  Sensor                       
00002b0c  SpeedSprite                  
2020038c  StTextColor                  
20200378  StX                          
2020037c  StY                          
0000116b  SysTick_Handler              
20200768  TExaSLogic                   
2020076c  TExaSadc                     
000021bd  TIMA0_IRQHandler             
000021bd  TIMA1_IRQHandler             
000021bd  TIMG0_IRQHandler             
000020b1  TIMG12_IRQHandler            
000021bd  TIMG6_IRQHandler             
00001c59  TIMG7_IRQHandler             
000021bd  TIMG8_IRQHandler             
00002315  TI_memcpy_small              
00002391  TI_memset_small              
000021bd  UART0_IRQHandler             
000021bd  UART1_IRQHandler             
000021bd  UART2_IRQHandler             
000021bd  UART3_IRQHandler             
00002b8c  WallSprite                   
202005a0  _CIOBUF_                     
000023a1  _Z10Clock_Freqv              
00002349  _Z11Clock_Delayj             
00001d59  _Z11SPI_OutDatac             
00002295  _Z11ST7735_openPKcji         
000022ab  _Z11ST7735_readiPcj          
000020d9  _Z11Switch_Initv             
00001a95  _Z12NavigateMenui            
000012a9  _Z12ST7735_InitR10initRFlags 
000023d1  _Z12ST7735_closei            
00002367  _Z12ST7735_lseekili          
00001dc9  _Z12ST7735_writeiPKcj        
0000202d  _Z13NextRulesPagev           
000023ad  _Z13ST7735_renamePKcS0_      
000023db  _Z13ST7735_unlinkPKc         
00001dfd  _Z14Clock_Delay1msj          
000014dd  _Z14LaunchPad_Initv          
00001c11  _Z14SPI_OutCommandc          
00000e75  _Z14ST7735_OutCharc          
00001b35  _Z14SelectMenuItemv          
00001d91  _Z15ActivatePortA_Bv         
000002d1  _Z15Clock_Init80MHzi         
0000089d  _Z15ST7735_FillRectsssst     
00000485  _Z16ST7735_DrawCharSsscssh   
000016c5  _Z16ST7735_DrawPixelsst      
00002179  _Z16ST7735_OutStringPc       
00001e31  _Z16ST7735_SetCursorjj       
000000c1  _Z17ST7735_DrawBitmapssPKtss 
00001459  _Z17ST7735_DrawStringttPcs   
00002059  _Z17ST7735_FillScreent       
0000120d  _Z17ST7735_InitPrintfv       
000022d9  _Z19ST7735_SetTextColort     
000021f5  _Z22Switch_MenuDownPressedv  
00002263  _Z24Switch_MenuSelectPressedv
00000779  _Z7DrawMapv                  
00000f45  _Z8DrawMenuv                 
000023e5  _Z8PLL_Initv                 
00000ac9  _Z8SPI_Initv                 
00001651  _Z9DrawRulesv                
00001c99  _Z9SPI_Resetv                
00002211  _Z9Switch_Inv                
00001ffd  _ZN6PlayerC1Ehhb             
00001ffd  _ZN6PlayerC2Ehhb             
00002249  _ZN8SlidePotC1Ejj            
00002249  _ZN8SlidePotC2Ejj            
202005a0  __CIOBUF_                    
20208000  __STACK_END                  
00000200  __STACK_SIZE                 
00000200  __SYSMEM_SIZE                
00000000  __TI_ATRegion0_region_sz     
00000000  __TI_ATRegion0_src_addr      
00000000  __TI_ATRegion0_trg_addr      
00000000  __TI_ATRegion1_region_sz     
00000000  __TI_ATRegion1_src_addr      
00000000  __TI_ATRegion1_trg_addr      
00000000  __TI_ATRegion2_region_sz     
00000000  __TI_ATRegion2_src_addr      
00000000  __TI_ATRegion2_trg_addr      
00002f44  __TI_CINIT_Base              
00002f54  __TI_CINIT_Limit             
00002f54  __TI_CINIT_Warm              
00002f30  __TI_Handler_Table_Base      
00002f3c  __TI_Handler_Table_Limit     
000019ed  __TI_auto_init_nobinit       
00001e65  __TI_cleanup                 
2020036c  __TI_cleanup_ptr             
00001559  __TI_closefile               
000015d5  __TI_decompress_lzss         
00002327  __TI_decompress_none         
00001a41  __TI_doflush                 
20200370  __TI_dtors_ptr               
20200380  __TI_ft_end                  
ffffffff  __TI_pprof_out_hndl          
ffffffff  __TI_prof_data_size          
ffffffff  __TI_prof_data_start         
00001e99  __TI_readmsg                 
00000000  __TI_static_base__           
202006c0  __TI_tmpnams                 
00001ecd  __TI_writemsg                
000022c1  __TI_zero_init_nomemset      
00001a93  __aeabi_idiv0                
000023b9  __aeabi_memclr               
000023b9  __aeabi_memclr4              
000023b9  __aeabi_memclr8              
000013c9  __aeabi_memcpy               
000013c9  __aeabi_memcpy4              
000013c9  __aeabi_memcpy8              
00001cd9  __aeabi_uidiv                
00001cd9  __aeabi_uidivmod             
ffffffff  __binit__                    
UNDEFED   __mpu_init                   
20207e00  __stack                      
20200000  __start___llvm_prf_bits      
20200000  __start___llvm_prf_cnts      
20200000  __stop___llvm_prf_bits       
20200000  __stop___llvm_prf_cnts       
00002151  _c_int00_noargs              
20200230  _device                      
20200140  _ftable                      
20200384  _lock                        
0000202b  _nop                         
202002a8  _stream                      
202003a0  _sys_memory                  
UNDEFED   _system_post_cinit           
000023fb  _system_pre_init             
20200388  _unlock                      
000023ff  abort                        
00000bc1  add_device                   
000009b5  aligned_alloc                
ffffffff  binit                        
00001ae5  close                        
20200392  currentRulesPage             
20200393  currentSelection             
00001f01  exit                         
00001f35  finddevice                   
00001fcd  fopen                        
00000cad  free                         
00001f69  freopen                      
0000180d  getdevice                    
00000000  interruptVectors             
20200395  language                     
0000100d  main                         
000023c5  malloc                       
20200000  map                          
000009b5  memalign                     
0000116d  open                         
20200760  parmbuf                      
20200354  player1                      
20200360  player2                      
000023ef  remove                       
202002f8  rulesText                    
00000d95  setvbuf                      
000013d1  strcmp                       
00002085  unlink                       
00002129  write                        


GLOBAL SYMBOLS: SORTED BY Symbol Address 

address   name                         
-------   ----                         
00000000  __TI_ATRegion0_region_sz     
00000000  __TI_ATRegion0_src_addr      
00000000  __TI_ATRegion0_trg_addr      
00000000  __TI_ATRegion1_region_sz     
00000000  __TI_ATRegion1_src_addr      
00000000  __TI_ATRegion1_trg_addr      
00000000  __TI_ATRegion2_region_sz     
00000000  __TI_ATRegion2_src_addr      
00000000  __TI_ATRegion2_trg_addr      
00000000  __TI_static_base__           
00000000  interruptVectors             
000000c1  _Z17ST7735_DrawBitmapssPKtss 
00000200  __STACK_SIZE                 
00000200  __SYSMEM_SIZE                
000002d1  _Z15Clock_Init80MHzi         
00000485  _Z16ST7735_DrawCharSsscssh   
00000779  _Z7DrawMapv                  
0000089d  _Z15ST7735_FillRectsssst     
000009b5  aligned_alloc                
000009b5  memalign                     
00000ac9  _Z8SPI_Initv                 
00000bc1  add_device                   
00000cad  free                         
00000d95  setvbuf                      
00000e75  _Z14ST7735_OutCharc          
00000f45  _Z8DrawMenuv                 
0000100d  main                         
0000116b  SysTick_Handler              
0000116d  open                         
0000120d  _Z17ST7735_InitPrintfv       
000012a9  _Z12ST7735_InitR10initRFlags 
000013c9  __aeabi_memcpy               
000013c9  __aeabi_memcpy4              
000013c9  __aeabi_memcpy8              
000013d1  strcmp                       
00001459  _Z17ST7735_DrawStringttPcs   
000014dd  _Z14LaunchPad_Initv          
00001559  __TI_closefile               
000015d5  __TI_decompress_lzss         
00001651  _Z9DrawRulesv                
000016c5  _Z16ST7735_DrawPixelsst      
00001735  HOSTlseek                    
000017a1  HOSTrename                   
0000180d  getdevice                    
000018dd  HOSTopen                     
0000193d  HOSTread                     
00001995  HOSTwrite                    
000019ed  __TI_auto_init_nobinit       
00001a41  __TI_doflush                 
00001a93  __aeabi_idiv0                
00001a95  _Z12NavigateMenui            
00001ae5  close                        
00001b35  _Z14SelectMenuItemv          
00001b81  HOSTclose                    
00001bc9  HOSTunlink                   
00001c11  _Z14SPI_OutCommandc          
00001c59  TIMG7_IRQHandler             
00001c99  _Z9SPI_Resetv                
00001cd9  __aeabi_uidiv                
00001cd9  __aeabi_uidivmod             
00001d59  _Z11SPI_OutDatac             
00001d91  _Z15ActivatePortA_Bv         
00001dc9  _Z12ST7735_writeiPKcj        
00001dfd  _Z14Clock_Delay1msj          
00001e31  _Z16ST7735_SetCursorjj       
00001e65  __TI_cleanup                 
00001e99  __TI_readmsg                 
00001ecd  __TI_writemsg                
00001ef9  C$$IO$$                      
00001f01  exit                         
00001f35  finddevice                   
00001f69  freopen                      
00001fcd  fopen                        
00001ffd  _ZN6PlayerC1Ehhb             
00001ffd  _ZN6PlayerC2Ehhb             
0000202b  _nop                         
0000202d  _Z13NextRulesPagev           
00002059  _Z17ST7735_FillScreent       
00002085  unlink                       
000020b1  TIMG12_IRQHandler            
000020d9  _Z11Switch_Initv             
00002129  write                        
00002151  _c_int00_noargs              
00002179  _Z16ST7735_OutStringPc       
000021bd  ADC0_IRQHandler              
000021bd  ADC1_IRQHandler              
000021bd  AES_IRQHandler               
000021bd  CANFD0_IRQHandler            
000021bd  DAC0_IRQHandler              
000021bd  DMA_IRQHandler               
000021bd  Default_Handler              
000021bd  GROUP0_IRQHandler            
000021bd  GROUP1_IRQHandler            
000021bd  I2C0_IRQHandler              
000021bd  I2C1_IRQHandler              
000021bd  NMI_Handler                  
000021bd  PendSV_Handler               
000021bd  RTC_IRQHandler               
000021bd  SPI0_IRQHandler              
000021bd  SPI1_IRQHandler              
000021bd  SVC_Handler                  
000021bd  TIMA0_IRQHandler             
000021bd  TIMA1_IRQHandler             
000021bd  TIMG0_IRQHandler             
000021bd  TIMG6_IRQHandler             
000021bd  TIMG8_IRQHandler             
000021bd  UART0_IRQHandler             
000021bd  UART1_IRQHandler             
000021bd  UART2_IRQHandler             
000021bd  UART3_IRQHandler             
000021d9  HardFault_Handler            
000021f5  _Z22Switch_MenuDownPressedv  
00002211  _Z9Switch_Inv                
00002249  _ZN8SlidePotC1Ejj            
00002249  _ZN8SlidePotC2Ejj            
00002263  _Z24Switch_MenuSelectPressedv
00002295  _Z11ST7735_openPKcji         
000022ab  _Z11ST7735_readiPcj          
000022c1  __TI_zero_init_nomemset      
000022d9  _Z19ST7735_SetTextColort     
00002315  TI_memcpy_small              
00002327  __TI_decompress_none         
00002349  _Z11Clock_Delayj             
00002367  _Z12ST7735_lseekili          
00002391  TI_memset_small              
000023a1  _Z10Clock_Freqv              
000023ad  _Z13ST7735_renamePKcS0_      
000023b9  __aeabi_memclr               
000023b9  __aeabi_memclr4              
000023b9  __aeabi_memclr8              
000023c5  malloc                       
000023d1  _Z12ST7735_closei            
000023db  _Z13ST7735_unlinkPKc         
000023e5  _Z8PLL_Initv                 
000023ef  remove                       
000023f7  Reset_Handler                
000023fb  _system_pre_init             
000023fe  C$$EXIT                      
000023ff  abort                        
0000290c  BorderSprite                 
0000298c  ChaserSprite                 
00002a0c  CoinSprite                   
00002a8c  RunnerSprite                 
00002b0c  SpeedSprite                  
00002b8c  WallSprite                   
00002e28  SHT$$INIT_ARRAY$$Base        
00002e2c  SHT$$INIT_ARRAY$$Limit       
00002f30  __TI_Handler_Table_Base      
00002f3c  __TI_Handler_Table_Limit     
00002f44  __TI_CINIT_Base              
00002f54  __TI_CINIT_Limit             
00002f54  __TI_CINIT_Warm              
20200000  __start___llvm_prf_bits      
20200000  __start___llvm_prf_cnts      
20200000  __stop___llvm_prf_bits       
20200000  __stop___llvm_prf_cnts       
20200000  map                          
20200140  _ftable                      
20200230  _device                      
202002a8  _stream                      
202002f8  rulesText                    
20200340  Sensor                       
20200354  player1                      
20200360  player2                      
2020036c  __TI_cleanup_ptr             
20200370  __TI_dtors_ptr               
20200374  BusFreq                      
20200378  StX                          
2020037c  StY                          
20200380  __TI_ft_end                  
20200384  _lock                        
20200388  _unlock                      
2020038c  StTextColor                  
20200392  currentRulesPage             
20200393  currentSelection             
20200395  language                     
202003a0  _sys_memory                  
202005a0  _CIOBUF_                     
202005a0  __CIOBUF_                    
202006c0  __TI_tmpnams                 
20200760  parmbuf                      
20200768  TExaSLogic                   
2020076c  TExaSadc                     
20207e00  __stack                      
20208000  __STACK_END                  
ffffffff  __TI_pprof_out_hndl          
ffffffff  __TI_prof_data_size          
ffffffff  __TI_prof_data_start         
ffffffff  __binit__                    
ffffffff  binit                        
UNDEFED   __mpu_init                   
UNDEFED   _system_post_cinit           

[192 symbols]
